Jul 27 2015 04:20:34 UTC: ERROR(12532) [connect.cc:69] [Connect] - Connecting to Cluster Failed
Jul 27 2015 04:20:34 UTC: ERROR(12532) [put.cc:191] [execute] - Not connected to cluster to put record
Jul 27 2015 04:20:34 UTC: ERROR(12532) [put.cc:191] [execute] - Not connected to cluster to put record
Jul 27 2015 04:20:34 UTC: ERROR(12532) [put.cc:191] [execute] - Not connected to cluster to put record
Jul 27 2015 04:20:34 UTC: ERROR(12532) [put.cc:191] [execute] - Not connected to cluster to put record
Jul 27 2015 04:20:34 UTC: ERROR(12532) [put.cc:191] [execute] - Not connected to cluster to put record
Jul 27 2015 04:20:34 UTC: ERROR(12532) [put.cc:191] [execute] - Not connected to cluster to put record
Jul 27 2015 04:20:34 UTC: ERROR(12532) [put.cc:191] [execute] - Not connected to cluster to put record
Jul 27 2015 04:20:34 UTC: ERROR(12532) [put.cc:191] [execute] - Not connected to cluster to put record
Jul 27 2015 04:20:34 UTC: ERROR(12532) [put.cc:191] [execute] - Not connected to cluster to put record
Jul 27 2015 04:20:34 UTC: ERROR(12532) [put.cc:191] [execute] - Not connected to cluster to put record
Jul 27 2015 04:20:34 UTC: ERROR(12532) [put.cc:191] [execute] - Not connected to cluster to put record
Jul 27 2015 04:20:34 UTC: ERROR(12532) [put.cc:191] [execute] - Not connected to cluster to put record
Jul 27 2015 04:20:34 UTC: ERROR(12532) [put.cc:191] [execute] - Not connected to cluster to put record
Jul 27 2015 04:20:34 UTC: ERROR(12532) [put.cc:191] [execute] - Not connected to cluster to put record
Jul 27 2015 04:20:34 UTC: ERROR(12532) [put.cc:191] [execute] - Not connected to cluster to put record
Jul 27 2015 04:20:34 UTC: ERROR(12532) [put.cc:191] [execute] - Not connected to cluster to put record
Jul 27 2015 04:20:34 UTC: ERROR(12532) [put.cc:191] [execute] - Not connected to cluster to put record
Jul 27 2015 04:20:34 UTC: ERROR(12532) [put.cc:191] [execute] - Not connected to cluster to put record
Jul 27 2015 04:20:34 UTC: ERROR(12532) [put.cc:191] [execute] - Not connected to cluster to put record
Jul 27 2015 04:20:34 UTC: ERROR(12532) [put.cc:191] [execute] - Not connected to cluster to put record
Jul 27 2015 04:20:34 UTC: ERROR(12532) [put.cc:191] [execute] - Not connected to cluster to put record
Jul 27 2015 04:20:34 UTC: ERROR(12532) [put.cc:191] [execute] - Not connected to cluster to put record
Jul 27 2015 04:20:34 UTC: ERROR(12532) [put.cc:191] [execute] - Not connected to cluster to put record
Jul 27 2015 04:20:34 UTC: ERROR(12532) [put.cc:191] [execute] - Not connected to cluster to put record
Jul 27 2015 04:20:34 UTC: ERROR(12532) [put.cc:191] [execute] - Not connected to cluster to put record
Jul 27 2015 04:20:34 UTC: ERROR(12532) [put.cc:191] [execute] - Not connected to cluster to put record
Jul 27 2015 04:20:34 UTC: ERROR(12532) [put.cc:191] [execute] - Not connected to cluster to put record
Jul 27 2015 04:20:34 UTC: ERROR(12532) [put.cc:191] [execute] - Not connected to cluster to put record
Jul 27 2015 04:20:34 UTC: ERROR(12532) [put.cc:191] [execute] - Not connected to cluster to put record
Jul 27 2015 04:20:34 UTC: ERROR(12532) [put.cc:191] [execute] - Not connected to cluster to put record
Jul 27 2015 04:20:34 UTC: ERROR(12532) [put.cc:191] [execute] - Not connected to cluster to put record
Jul 27 2015 04:20:34 UTC: ERROR(12532) [put.cc:191] [execute] - Not connected to cluster to put record
Jul 27 2015 04:20:34 UTC: ERROR(12532) [put.cc:191] [execute] - Not connected to cluster to put record
Jul 27 2015 04:20:34 UTC: ERROR(12532) [put.cc:191] [execute] - Not connected to cluster to put record
Jul 27 2015 04:20:34 UTC: ERROR(12532) [put.cc:191] [execute] - Not connected to cluster to put record
Jul 27 2015 04:20:34 UTC: ERROR(12532) [put.cc:191] [execute] - Not connected to cluster to put record
Jul 27 2015 04:20:34 UTC: ERROR(12532) [put.cc:191] [execute] - Not connected to cluster to put record
Jul 27 2015 04:20:34 UTC: ERROR(12532) [put.cc:191] [execute] - Not connected to cluster to put record
Jul 27 2015 04:20:34 UTC: ERROR(12532) [put.cc:191] [execute] - Not connected to cluster to put record
Jul 27 2015 04:20:34 UTC: ERROR(12532) [put.cc:191] [execute] - Not connected to cluster to put record
Jul 27 2015 04:20:34 UTC: ERROR(12532) [put.cc:191] [execute] - Not connected to cluster to put record
Jul 27 2015 04:20:34 UTC: ERROR(12532) [put.cc:191] [execute] - Not connected to cluster to put record
Jul 27 2015 04:20:34 UTC: ERROR(12532) [put.cc:191] [execute] - Not connected to cluster to put record
Jul 27 2015 04:20:34 UTC: ERROR(12532) [put.cc:191] [execute] - Not connected to cluster to put record
Jul 27 2015 04:20:34 UTC: ERROR(12532) [put.cc:191] [execute] - Not connected to cluster to put record
Jul 27 2015 04:20:34 UTC: ERROR(12532) [put.cc:191] [execute] - Not connected to cluster to put record
Jul 27 2015 04:20:34 UTC: ERROR(12532) [put.cc:191] [execute] - Not connected to cluster to put record
Jul 27 2015 04:20:34 UTC: ERROR(12532) [put.cc:191] [execute] - Not connected to cluster to put record
Jul 27 2015 04:20:34 UTC: ERROR(12532) [put.cc:191] [execute] - Not connected to cluster to put record
Jul 27 2015 04:20:34 UTC: ERROR(12532) [put.cc:191] [execute] - Not connected to cluster to put record
Jul 27 2015 04:20:34 UTC: ERROR(12532) [put.cc:191] [execute] - Not connected to cluster to put record
Jul 27 2015 04:20:34 UTC: ERROR(12532) [put.cc:191] [execute] - Not connected to cluster to put record
Jul 27 2015 04:20:34 UTC: ERROR(12532) [put.cc:191] [execute] - Not connected to cluster to put record
Jul 27 2015 04:20:34 UTC: ERROR(12532) [put.cc:191] [execute] - Not connected to cluster to put record
Jul 27 2015 04:20:34 UTC: ERROR(12532) [put.cc:191] [execute] - Not connected to cluster to put record
Jul 27 2015 04:20:34 UTC: ERROR(12532) [put.cc:191] [execute] - Not connected to cluster to put record
Jul 27 2015 04:20:34 UTC: ERROR(12532) [put.cc:191] [execute] - Not connected to cluster to put record
Jul 27 2015 04:20:34 UTC: ERROR(12532) [put.cc:191] [execute] - Not connected to cluster to put record
Jul 27 2015 04:20:34 UTC: ERROR(12532) [put.cc:191] [execute] - Not connected to cluster to put record
Jul 27 2015 04:20:34 UTC: ERROR(12532) [put.cc:191] [execute] - Not connected to cluster to put record
Jul 27 2015 04:20:34 UTC: ERROR(12532) [put.cc:191] [execute] - Not connected to cluster to put record
Jul 27 2015 04:20:34 UTC: ERROR(12532) [put.cc:191] [execute] - Not connected to cluster to put record
Jul 27 2015 04:20:34 UTC: ERROR(12532) [put.cc:191] [execute] - Not connected to cluster to put record
Jul 27 2015 04:20:34 UTC: ERROR(12532) [put.cc:191] [execute] - Not connected to cluster to put record
Jul 27 2015 04:20:34 UTC: ERROR(12532) [put.cc:191] [execute] - Not connected to cluster to put record
Jul 27 2015 04:20:34 UTC: ERROR(12532) [put.cc:191] [execute] - Not connected to cluster to put record
Jul 27 2015 04:20:34 UTC: ERROR(12532) [put.cc:191] [execute] - Not connected to cluster to put record
Jul 27 2015 04:20:34 UTC: ERROR(12532) [put.cc:191] [execute] - Not connected to cluster to put record
Jul 27 2015 04:20:34 UTC: ERROR(12532) [put.cc:191] [execute] - Not connected to cluster to put record
Jul 27 2015 04:20:34 UTC: ERROR(12532) [put.cc:191] [execute] - Not connected to cluster to put record
Jul 27 2015 04:20:34 UTC: ERROR(12532) [put.cc:191] [execute] - Not connected to cluster to put record
Jul 27 2015 04:20:34 UTC: ERROR(12532) [put.cc:191] [execute] - Not connected to cluster to put record
Jul 27 2015 04:20:34 UTC: ERROR(12532) [put.cc:191] [execute] - Not connected to cluster to put record
Jul 27 2015 04:20:34 UTC: ERROR(12532) [put.cc:191] [execute] - Not connected to cluster to put record
Jul 27 2015 04:20:34 UTC: ERROR(12532) [put.cc:191] [execute] - Not connected to cluster to put record
Jul 27 2015 04:20:34 UTC: ERROR(12532) [put.cc:191] [execute] - Not connected to cluster to put record
Jul 27 2015 04:20:34 UTC: ERROR(12532) [put.cc:191] [execute] - Not connected to cluster to put record
Jul 27 2015 04:20:34 UTC: ERROR(12532) [put.cc:191] [execute] - Not connected to cluster to put record
Jul 27 2015 04:20:34 UTC: ERROR(12532) [put.cc:191] [execute] - Not connected to cluster to put record
Jul 27 2015 04:20:34 UTC: ERROR(12532) [put.cc:191] [execute] - Not connected to cluster to put record
Jul 27 2015 04:20:34 UTC: ERROR(12532) [put.cc:191] [execute] - Not connected to cluster to put record
Jul 27 2015 04:20:34 UTC: ERROR(12532) [put.cc:191] [execute] - Not connected to cluster to put record
Jul 27 2015 04:20:34 UTC: ERROR(12532) [put.cc:191] [execute] - Not connected to cluster to put record
Jul 27 2015 04:20:34 UTC: ERROR(12532) [put.cc:191] [execute] - Not connected to cluster to put record
Jul 27 2015 04:20:34 UTC: ERROR(12532) [put.cc:191] [execute] - Not connected to cluster to put record
Jul 27 2015 04:20:34 UTC: ERROR(12532) [put.cc:191] [execute] - Not connected to cluster to put record
Jul 27 2015 04:20:34 UTC: ERROR(12532) [put.cc:191] [execute] - Not connected to cluster to put record
Jul 27 2015 04:20:34 UTC: ERROR(12532) [put.cc:191] [execute] - Not connected to cluster to put record
Jul 27 2015 04:20:34 UTC: ERROR(12532) [put.cc:191] [execute] - Not connected to cluster to put record
Jul 27 2015 04:20:34 UTC: ERROR(12532) [put.cc:191] [execute] - Not connected to cluster to put record
Jul 27 2015 04:20:34 UTC: ERROR(12532) [put.cc:191] [execute] - Not connected to cluster to put record
Jul 27 2015 04:20:34 UTC: ERROR(12532) [put.cc:191] [execute] - Not connected to cluster to put record
Jul 27 2015 04:20:34 UTC: ERROR(12532) [put.cc:191] [execute] - Not connected to cluster to put record
Jul 27 2015 04:20:34 UTC: ERROR(12532) [put.cc:191] [execute] - Not connected to cluster to put record
Jul 27 2015 04:20:34 UTC: ERROR(12532) [put.cc:191] [execute] - Not connected to cluster to put record
Jul 27 2015 04:20:34 UTC: ERROR(12532) [put.cc:191] [execute] - Not connected to cluster to put record
Jul 27 2015 04:20:34 UTC: ERROR(12532) [put.cc:191] [execute] - Not connected to cluster to put record
Jul 27 2015 04:20:34 UTC: ERROR(12532) [put.cc:191] [execute] - Not connected to cluster to put record
Jul 27 2015 04:20:34 UTC: ERROR(12532) [put.cc:191] [execute] - Not connected to cluster to put record
Jul 27 2015 04:20:34 UTC: ERROR(12532) [put.cc:191] [execute] - Not connected to cluster to put record
Jul 27 2015 04:20:34 UTC: ERROR(12532) [put.cc:191] [execute] - Not connected to cluster to put record
Jul 27 2015 04:20:34 UTC: ERROR(12532) [put.cc:191] [execute] - Not connected to cluster to put record
Jul 27 2015 04:20:34 UTC: ERROR(12532) [put.cc:191] [execute] - Not connected to cluster to put record
Jul 27 2015 04:20:34 UTC: ERROR(12532) [put.cc:191] [execute] - Not connected to cluster to put record
Jul 27 2015 04:20:34 UTC: ERROR(12532) [put.cc:191] [execute] - Not connected to cluster to put record
Jul 27 2015 04:20:34 UTC: ERROR(12532) [put.cc:191] [execute] - Not connected to cluster to put record
Jul 27 2015 04:20:34 UTC: ERROR(12532) [put.cc:191] [execute] - Not connected to cluster to put record
Jul 27 2015 04:20:34 UTC: ERROR(12532) [put.cc:191] [execute] - Not connected to cluster to put record
Jul 27 2015 04:20:34 UTC: ERROR(12532) [put.cc:191] [execute] - Not connected to cluster to put record
Jul 27 2015 04:20:34 UTC: ERROR(12532) [put.cc:191] [execute] - Not connected to cluster to put record
Jul 27 2015 04:20:34 UTC: ERROR(12532) [put.cc:191] [execute] - Not connected to cluster to put record
Jul 27 2015 04:20:34 UTC: ERROR(12532) [put.cc:191] [execute] - Not connected to cluster to put record
Jul 27 2015 04:20:34 UTC: ERROR(12532) [put.cc:191] [execute] - Not connected to cluster to put record
Jul 27 2015 04:20:34 UTC: ERROR(12532) [put.cc:191] [execute] - Not connected to cluster to put record
Jul 27 2015 04:20:34 UTC: ERROR(12532) [put.cc:191] [execute] - Not connected to cluster to put record
Jul 27 2015 04:20:34 UTC: ERROR(12532) [put.cc:191] [execute] - Not connected to cluster to put record
Jul 27 2015 04:20:34 UTC: ERROR(12532) [put.cc:191] [execute] - Not connected to cluster to put record
Jul 27 2015 04:20:34 UTC: ERROR(12532) [put.cc:191] [execute] - Not connected to cluster to put record
Jul 27 2015 04:20:34 UTC: ERROR(12532) [put.cc:191] [execute] - Not connected to cluster to put record
Jul 27 2015 04:20:34 UTC: ERROR(12532) [put.cc:191] [execute] - Not connected to cluster to put record
Jul 27 2015 04:20:34 UTC: ERROR(12532) [put.cc:191] [execute] - Not connected to cluster to put record
Jul 27 2015 04:20:34 UTC: ERROR(12532) [put.cc:191] [execute] - Not connected to cluster to put record
Jul 27 2015 04:20:34 UTC: ERROR(12532) [put.cc:191] [execute] - Not connected to cluster to put record
Jul 27 2015 04:20:34 UTC: ERROR(12532) [put.cc:191] [execute] - Not connected to cluster to put record
Jul 27 2015 04:20:34 UTC: ERROR(12532) [put.cc:191] [execute] - Not connected to cluster to put record
Jul 27 2015 04:20:34 UTC: ERROR(12532) [put.cc:191] [execute] - Not connected to cluster to put record
Jul 27 2015 04:20:34 UTC: ERROR(12532) [put.cc:191] [execute] - Not connected to cluster to put record
Jul 27 2015 04:20:34 UTC: ERROR(12532) [put.cc:191] [execute] - Not connected to cluster to put record
Jul 27 2015 04:20:34 UTC: ERROR(12532) [put.cc:191] [execute] - Not connected to cluster to put record
Jul 27 2015 04:20:34 UTC: ERROR(12532) [put.cc:191] [execute] - Not connected to cluster to put record
Jul 27 2015 04:20:34 UTC: ERROR(12532) [put.cc:191] [execute] - Not connected to cluster to put record
Jul 27 2015 04:20:34 UTC: ERROR(12532) [put.cc:191] [execute] - Not connected to cluster to put record
Jul 27 2015 04:20:34 UTC: ERROR(12532) [put.cc:191] [execute] - Not connected to cluster to put record
Jul 27 2015 04:20:34 UTC: ERROR(12532) [put.cc:191] [execute] - Not connected to cluster to put record
Jul 27 2015 04:20:34 UTC: ERROR(12532) [put.cc:191] [execute] - Not connected to cluster to put record
Jul 27 2015 04:20:34 UTC: ERROR(12532) [put.cc:191] [execute] - Not connected to cluster to put record
Jul 27 2015 04:20:34 UTC: ERROR(12532) [put.cc:191] [execute] - Not connected to cluster to put record
Jul 27 2015 04:20:34 UTC: ERROR(12532) [put.cc:191] [execute] - Not connected to cluster to put record
Jul 27 2015 04:20:34 UTC: ERROR(12532) [put.cc:191] [execute] - Not connected to cluster to put record
Jul 27 2015 04:20:34 UTC: ERROR(12532) [put.cc:191] [execute] - Not connected to cluster to put record
Jul 27 2015 04:20:34 UTC: ERROR(12532) [put.cc:191] [execute] - Not connected to cluster to put record
Jul 27 2015 04:20:34 UTC: ERROR(12532) [put.cc:191] [execute] - Not connected to cluster to put record
Jul 27 2015 04:20:34 UTC: ERROR(12532) [put.cc:191] [execute] - Not connected to cluster to put record
Jul 27 2015 04:20:34 UTC: ERROR(12532) [put.cc:191] [execute] - Not connected to cluster to put record
Jul 27 2015 04:20:34 UTC: ERROR(12532) [put.cc:191] [execute] - Not connected to cluster to put record
Jul 27 2015 04:20:34 UTC: ERROR(12532) [put.cc:191] [execute] - Not connected to cluster to put record
Jul 27 2015 04:20:34 UTC: ERROR(12532) [put.cc:191] [execute] - Not connected to cluster to put record
Jul 27 2015 04:20:34 UTC: ERROR(12532) [put.cc:191] [execute] - Not connected to cluster to put record
Jul 27 2015 04:20:34 UTC: ERROR(12532) [put.cc:191] [execute] - Not connected to cluster to put record
Jul 27 2015 04:20:34 UTC: ERROR(12532) [put.cc:191] [execute] - Not connected to cluster to put record
Jul 27 2015 04:20:34 UTC: ERROR(12532) [put.cc:191] [execute] - Not connected to cluster to put record
Jul 27 2015 04:20:34 UTC: ERROR(12532) [put.cc:191] [execute] - Not connected to cluster to put record
Jul 27 2015 04:20:34 UTC: ERROR(12532) [put.cc:191] [execute] - Not connected to cluster to put record
Jul 27 2015 04:20:34 UTC: ERROR(12532) [put.cc:191] [execute] - Not connected to cluster to put record
Jul 27 2015 04:20:34 UTC: ERROR(12532) [put.cc:191] [execute] - Not connected to cluster to put record
Jul 27 2015 04:20:34 UTC: ERROR(12532) [put.cc:191] [execute] - Not connected to cluster to put record
Jul 27 2015 04:20:34 UTC: ERROR(12532) [put.cc:191] [execute] - Not connected to cluster to put record
Jul 27 2015 04:20:34 UTC: ERROR(12532) [put.cc:191] [execute] - Not connected to cluster to put record
Jul 27 2015 04:20:34 UTC: ERROR(12532) [put.cc:191] [execute] - Not connected to cluster to put record
Jul 27 2015 04:20:34 UTC: ERROR(12532) [put.cc:191] [execute] - Not connected to cluster to put record
Jul 27 2015 04:20:34 UTC: ERROR(12532) [put.cc:191] [execute] - Not connected to cluster to put record
Jul 27 2015 04:20:34 UTC: ERROR(12532) [put.cc:191] [execute] - Not connected to cluster to put record
Jul 27 2015 04:20:34 UTC: ERROR(12532) [put.cc:191] [execute] - Not connected to cluster to put record
Jul 27 2015 04:20:34 UTC: ERROR(12532) [put.cc:191] [execute] - Not connected to cluster to put record
Jul 27 2015 04:20:34 UTC: ERROR(12532) [put.cc:191] [execute] - Not connected to cluster to put record
Jul 27 2015 04:20:34 UTC: ERROR(12532) [put.cc:191] [execute] - Not connected to cluster to put record
Jul 27 2015 04:20:34 UTC: ERROR(12532) [put.cc:191] [execute] - Not connected to cluster to put record
Jul 27 2015 04:20:34 UTC: ERROR(12532) [put.cc:191] [execute] - Not connected to cluster to put record
Jul 27 2015 04:20:34 UTC: ERROR(12532) [put.cc:191] [execute] - Not connected to cluster to put record
Jul 27 2015 04:20:34 UTC: ERROR(12532) [put.cc:191] [execute] - Not connected to cluster to put record
Jul 27 2015 04:20:34 UTC: ERROR(12532) [put.cc:191] [execute] - Not connected to cluster to put record
Jul 27 2015 04:20:34 UTC: ERROR(12532) [put.cc:191] [execute] - Not connected to cluster to put record
Jul 27 2015 04:20:34 UTC: ERROR(12532) [put.cc:191] [execute] - Not connected to cluster to put record
Jul 27 2015 04:20:34 UTC: ERROR(12532) [put.cc:191] [execute] - Not connected to cluster to put record
Jul 27 2015 04:20:34 UTC: ERROR(12532) [put.cc:191] [execute] - Not connected to cluster to put record
Jul 27 2015 04:20:34 UTC: ERROR(12532) [put.cc:191] [execute] - Not connected to cluster to put record
Jul 27 2015 04:20:34 UTC: ERROR(12532) [put.cc:191] [execute] - Not connected to cluster to put record
Jul 27 2015 04:20:34 UTC: ERROR(12532) [put.cc:191] [execute] - Not connected to cluster to put record
Jul 27 2015 04:20:34 UTC: ERROR(12532) [put.cc:191] [execute] - Not connected to cluster to put record
Jul 27 2015 04:20:34 UTC: ERROR(12532) [put.cc:191] [execute] - Not connected to cluster to put record
Jul 27 2015 04:20:34 UTC: ERROR(12532) [put.cc:191] [execute] - Not connected to cluster to put record
Jul 27 2015 04:20:34 UTC: ERROR(12532) [put.cc:191] [execute] - Not connected to cluster to put record
Jul 27 2015 04:20:34 UTC: ERROR(12532) [put.cc:191] [execute] - Not connected to cluster to put record
Jul 27 2015 04:20:34 UTC: ERROR(12532) [put.cc:191] [execute] - Not connected to cluster to put record
Jul 27 2015 04:20:34 UTC: ERROR(12532) [put.cc:191] [execute] - Not connected to cluster to put record
Jul 27 2015 04:20:34 UTC: ERROR(12532) [put.cc:191] [execute] - Not connected to cluster to put record
Jul 27 2015 04:20:34 UTC: ERROR(12532) [put.cc:191] [execute] - Not connected to cluster to put record
Jul 27 2015 04:20:34 UTC: ERROR(12532) [put.cc:191] [execute] - Not connected to cluster to put record
Jul 27 2015 04:20:34 UTC: ERROR(12532) [put.cc:191] [execute] - Not connected to cluster to put record
Jul 27 2015 04:20:34 UTC: ERROR(12532) [put.cc:191] [execute] - Not connected to cluster to put record
Jul 27 2015 04:20:34 UTC: ERROR(12532) [put.cc:191] [execute] - Not connected to cluster to put record
Jul 27 2015 04:20:34 UTC: ERROR(12532) [put.cc:191] [execute] - Not connected to cluster to put record
Jul 27 2015 04:20:34 UTC: ERROR(12532) [put.cc:191] [execute] - Not connected to cluster to put record
Jul 27 2015 04:20:34 UTC: ERROR(12532) [put.cc:191] [execute] - Not connected to cluster to put record
Jul 27 2015 04:20:34 UTC: ERROR(12532) [put.cc:191] [execute] - Not connected to cluster to put record
Jul 27 2015 04:20:34 UTC: ERROR(12532) [put.cc:191] [execute] - Not connected to cluster to put record
Jul 27 2015 04:20:34 UTC: ERROR(12532) [put.cc:191] [execute] - Not connected to cluster to put record
Jul 27 2015 04:20:34 UTC: ERROR(12532) [put.cc:191] [execute] - Not connected to cluster to put record
Jul 27 2015 04:20:34 UTC: ERROR(12532) [put.cc:191] [execute] - Not connected to cluster to put record
Jul 27 2015 04:20:34 UTC: ERROR(12532) [put.cc:191] [execute] - Not connected to cluster to put record
Jul 27 2015 04:20:34 UTC: ERROR(12532) [put.cc:191] [execute] - Not connected to cluster to put record
Jul 27 2015 04:20:34 UTC: ERROR(12532) [put.cc:191] [execute] - Not connected to cluster to put record
Jul 27 2015 04:20:34 UTC: ERROR(12532) [put.cc:191] [execute] - Not connected to cluster to put record
Jul 27 2015 04:20:34 UTC: ERROR(12532) [put.cc:191] [execute] - Not connected to cluster to put record
Jul 27 2015 04:20:34 UTC: ERROR(12532) [put.cc:191] [execute] - Not connected to cluster to put record
Jul 27 2015 04:20:34 UTC: ERROR(12532) [put.cc:191] [execute] - Not connected to cluster to put record
Jul 27 2015 04:20:34 UTC: ERROR(12532) [put.cc:191] [execute] - Not connected to cluster to put record
Jul 27 2015 04:20:34 UTC: ERROR(12532) [put.cc:191] [execute] - Not connected to cluster to put record
Jul 27 2015 04:20:34 UTC: ERROR(12532) [put.cc:191] [execute] - Not connected to cluster to put record
Jul 27 2015 04:20:34 UTC: ERROR(12532) [put.cc:191] [execute] - Not connected to cluster to put record
Jul 27 2015 04:20:34 UTC: ERROR(12532) [put.cc:191] [execute] - Not connected to cluster to put record
Jul 27 2015 04:20:34 UTC: ERROR(12532) [put.cc:191] [execute] - Not connected to cluster to put record
Jul 27 2015 04:20:34 UTC: ERROR(12532) [put.cc:191] [execute] - Not connected to cluster to put record
Jul 27 2015 04:20:34 UTC: ERROR(12532) [put.cc:191] [execute] - Not connected to cluster to put record
Jul 27 2015 04:20:34 UTC: ERROR(12532) [put.cc:191] [execute] - Not connected to cluster to put record
Jul 27 2015 04:20:34 UTC: ERROR(12532) [put.cc:191] [execute] - Not connected to cluster to put record
Jul 27 2015 04:20:34 UTC: ERROR(12532) [put.cc:191] [execute] - Not connected to cluster to put record
Jul 27 2015 04:20:34 UTC: ERROR(12532) [put.cc:191] [execute] - Not connected to cluster to put record
Jul 27 2015 04:20:34 UTC: ERROR(12532) [put.cc:191] [execute] - Not connected to cluster to put record
Jul 27 2015 04:20:34 UTC: ERROR(12532) [put.cc:191] [execute] - Not connected to cluster to put record
Jul 27 2015 04:20:34 UTC: ERROR(12532) [put.cc:191] [execute] - Not connected to cluster to put record
Jul 27 2015 04:20:34 UTC: ERROR(12532) [put.cc:191] [execute] - Not connected to cluster to put record
Jul 27 2015 04:20:34 UTC: ERROR(12532) [put.cc:191] [execute] - Not connected to cluster to put record
Jul 27 2015 04:20:34 UTC: ERROR(12532) [put.cc:191] [execute] - Not connected to cluster to put record
Jul 27 2015 04:20:34 UTC: ERROR(12532) [put.cc:191] [execute] - Not connected to cluster to put record
Jul 27 2015 04:20:34 UTC: ERROR(12532) [put.cc:191] [execute] - Not connected to cluster to put record
Jul 27 2015 04:20:34 UTC: ERROR(12532) [put.cc:191] [execute] - Not connected to cluster to put record
Jul 27 2015 04:20:34 UTC: ERROR(12532) [put.cc:191] [execute] - Not connected to cluster to put record
Jul 27 2015 04:20:34 UTC: ERROR(12532) [put.cc:191] [execute] - Not connected to cluster to put record
Jul 27 2015 04:20:34 UTC: ERROR(12532) [put.cc:191] [execute] - Not connected to cluster to put record
Jul 27 2015 04:20:34 UTC: ERROR(12532) [put.cc:191] [execute] - Not connected to cluster to put record
Jul 27 2015 04:20:34 UTC: ERROR(12532) [put.cc:191] [execute] - Not connected to cluster to put record
Jul 27 2015 04:20:34 UTC: ERROR(12532) [put.cc:191] [execute] - Not connected to cluster to put record
Jul 27 2015 04:20:34 UTC: ERROR(12532) [put.cc:191] [execute] - Not connected to cluster to put record
Jul 27 2015 04:20:34 UTC: ERROR(12532) [put.cc:191] [execute] - Not connected to cluster to put record
Jul 27 2015 04:20:34 UTC: ERROR(12532) [put.cc:191] [execute] - Not connected to cluster to put record
Jul 27 2015 04:20:34 UTC: ERROR(12532) [put.cc:191] [execute] - Not connected to cluster to put record
Jul 27 2015 04:20:34 UTC: ERROR(12532) [put.cc:191] [execute] - Not connected to cluster to put record
Jul 27 2015 04:20:34 UTC: ERROR(12532) [put.cc:191] [execute] - Not connected to cluster to put record
Jul 27 2015 04:20:34 UTC: ERROR(12532) [put.cc:191] [execute] - Not connected to cluster to put record
Jul 27 2015 04:20:34 UTC: ERROR(12532) [put.cc:191] [execute] - Not connected to cluster to put record
Jul 27 2015 04:20:34 UTC: ERROR(12532) [put.cc:191] [execute] - Not connected to cluster to put record
Jul 27 2015 04:20:34 UTC: ERROR(12532) [put.cc:191] [execute] - Not connected to cluster to put record
Jul 27 2015 04:20:34 UTC: ERROR(12532) [put.cc:191] [execute] - Not connected to cluster to put record
Jul 27 2015 04:20:34 UTC: ERROR(12532) [put.cc:191] [execute] - Not connected to cluster to put record
Jul 27 2015 04:20:34 UTC: ERROR(12532) [put.cc:191] [execute] - Not connected to cluster to put record
Jul 27 2015 04:20:34 UTC: ERROR(12532) [put.cc:191] [execute] - Not connected to cluster to put record
Jul 27 2015 04:20:34 UTC: ERROR(12532) [put.cc:191] [execute] - Not connected to cluster to put record
Jul 27 2015 04:20:34 UTC: ERROR(12532) [put.cc:191] [execute] - Not connected to cluster to put record
Jul 27 2015 04:20:34 UTC: ERROR(12532) [put.cc:191] [execute] - Not connected to cluster to put record
Jul 27 2015 04:20:34 UTC: ERROR(12532) [put.cc:191] [execute] - Not connected to cluster to put record
Jul 27 2015 04:20:34 UTC: ERROR(12532) [put.cc:191] [execute] - Not connected to cluster to put record
Jul 27 2015 04:20:34 UTC: ERROR(12532) [put.cc:191] [execute] - Not connected to cluster to put record
Jul 27 2015 04:20:34 UTC: ERROR(12532) [put.cc:191] [execute] - Not connected to cluster to put record
Jul 27 2015 04:20:34 UTC: ERROR(12532) [put.cc:191] [execute] - Not connected to cluster to put record
Jul 27 2015 04:20:34 UTC: ERROR(12532) [put.cc:191] [execute] - Not connected to cluster to put record
Jul 27 2015 04:20:34 UTC: ERROR(12532) [put.cc:191] [execute] - Not connected to cluster to put record
Jul 27 2015 04:20:34 UTC: ERROR(12532) [put.cc:191] [execute] - Not connected to cluster to put record
Jul 27 2015 04:20:34 UTC: ERROR(12532) [put.cc:191] [execute] - Not connected to cluster to put record
Jul 27 2015 04:20:34 UTC: ERROR(12532) [put.cc:191] [execute] - Not connected to cluster to put record
Jul 27 2015 04:20:34 UTC: ERROR(12532) [put.cc:191] [execute] - Not connected to cluster to put record
Jul 27 2015 04:20:34 UTC: ERROR(12532) [put.cc:191] [execute] - Not connected to cluster to put record
Jul 27 2015 04:20:34 UTC: ERROR(12532) [put.cc:191] [execute] - Not connected to cluster to put record
Jul 27 2015 04:20:34 UTC: ERROR(12532) [put.cc:191] [execute] - Not connected to cluster to put record
Jul 27 2015 04:20:34 UTC: ERROR(12532) [put.cc:191] [execute] - Not connected to cluster to put record
Jul 27 2015 04:20:34 UTC: ERROR(12532) [put.cc:191] [execute] - Not connected to cluster to put record
Jul 27 2015 04:20:34 UTC: ERROR(12532) [put.cc:191] [execute] - Not connected to cluster to put record
Jul 27 2015 04:20:34 UTC: ERROR(12532) [put.cc:191] [execute] - Not connected to cluster to put record
Jul 27 2015 04:20:34 UTC: ERROR(12532) [put.cc:191] [execute] - Not connected to cluster to put record
Jul 27 2015 04:20:34 UTC: ERROR(12532) [put.cc:191] [execute] - Not connected to cluster to put record
Jul 27 2015 04:20:34 UTC: ERROR(12532) [put.cc:191] [execute] - Not connected to cluster to put record
Jul 27 2015 04:20:34 UTC: ERROR(12532) [put.cc:191] [execute] - Not connected to cluster to put record
Jul 27 2015 04:20:34 UTC: ERROR(12532) [put.cc:191] [execute] - Not connected to cluster to put record
Jul 27 2015 04:20:34 UTC: ERROR(12532) [put.cc:191] [execute] - Not connected to cluster to put record
Jul 27 2015 04:20:34 UTC: ERROR(12532) [put.cc:191] [execute] - Not connected to cluster to put record
Jul 27 2015 04:20:34 UTC: ERROR(12532) [put.cc:191] [execute] - Not connected to cluster to put record
Jul 27 2015 04:20:34 UTC: ERROR(12532) [put.cc:191] [execute] - Not connected to cluster to put record
Jul 27 2015 04:20:34 UTC: ERROR(12532) [put.cc:191] [execute] - Not connected to cluster to put record
Jul 27 2015 04:20:34 UTC: ERROR(12532) [put.cc:191] [execute] - Not connected to cluster to put record
Jul 27 2015 04:20:34 UTC: ERROR(12532) [put.cc:191] [execute] - Not connected to cluster to put record
Jul 27 2015 04:20:34 UTC: ERROR(12532) [put.cc:191] [execute] - Not connected to cluster to put record
Jul 27 2015 04:20:34 UTC: ERROR(12532) [put.cc:191] [execute] - Not connected to cluster to put record
Jul 27 2015 04:20:34 UTC: ERROR(12532) [put.cc:191] [execute] - Not connected to cluster to put record
Jul 27 2015 04:20:34 UTC: ERROR(12532) [put.cc:191] [execute] - Not connected to cluster to put record
Jul 27 2015 04:20:34 UTC: ERROR(12532) [put.cc:191] [execute] - Not connected to cluster to put record
Jul 27 2015 04:20:34 UTC: ERROR(12532) [put.cc:191] [execute] - Not connected to cluster to put record
Jul 27 2015 04:20:34 UTC: ERROR(12532) [put.cc:191] [execute] - Not connected to cluster to put record
Jul 27 2015 04:20:34 UTC: ERROR(12532) [put.cc:191] [execute] - Not connected to cluster to put record
Jul 27 2015 04:20:34 UTC: ERROR(12532) [put.cc:191] [execute] - Not connected to cluster to put record
Jul 27 2015 04:20:34 UTC: ERROR(12532) [put.cc:191] [execute] - Not connected to cluster to put record
Jul 27 2015 04:20:34 UTC: ERROR(12532) [put.cc:191] [execute] - Not connected to cluster to put record
Jul 27 2015 04:20:34 UTC: ERROR(12532) [put.cc:191] [execute] - Not connected to cluster to put record
Jul 27 2015 04:20:34 UTC: ERROR(12532) [put.cc:191] [execute] - Not connected to cluster to put record
Jul 27 2015 04:20:34 UTC: ERROR(12532) [put.cc:191] [execute] - Not connected to cluster to put record
Jul 27 2015 04:20:34 UTC: ERROR(12532) [put.cc:191] [execute] - Not connected to cluster to put record
Jul 27 2015 04:20:34 UTC: ERROR(12532) [put.cc:191] [execute] - Not connected to cluster to put record
Jul 27 2015 04:20:34 UTC: ERROR(12532) [put.cc:191] [execute] - Not connected to cluster to put record
Jul 27 2015 04:20:34 UTC: ERROR(12532) [put.cc:191] [execute] - Not connected to cluster to put record
Jul 27 2015 04:20:34 UTC: ERROR(12532) [put.cc:191] [execute] - Not connected to cluster to put record
Jul 27 2015 04:20:34 UTC: ERROR(12532) [put.cc:191] [execute] - Not connected to cluster to put record
Jul 27 2015 04:20:34 UTC: ERROR(12532) [put.cc:191] [execute] - Not connected to cluster to put record
Jul 27 2015 04:20:34 UTC: ERROR(12532) [put.cc:191] [execute] - Not connected to cluster to put record
Jul 27 2015 04:20:34 UTC: ERROR(12532) [put.cc:191] [execute] - Not connected to cluster to put record
Jul 27 2015 04:20:34 UTC: ERROR(12532) [put.cc:191] [execute] - Not connected to cluster to put record
Jul 27 2015 04:20:34 UTC: ERROR(12532) [put.cc:191] [execute] - Not connected to cluster to put record
Jul 27 2015 04:20:34 UTC: ERROR(12532) [put.cc:191] [execute] - Not connected to cluster to put record
Jul 27 2015 04:20:34 UTC: ERROR(12532) [put.cc:191] [execute] - Not connected to cluster to put record
Jul 27 2015 04:20:34 UTC: ERROR(12532) [put.cc:191] [execute] - Not connected to cluster to put record
Jul 27 2015 04:20:34 UTC: ERROR(12532) [put.cc:191] [execute] - Not connected to cluster to put record
Jul 27 2015 04:20:34 UTC: ERROR(12532) [put.cc:191] [execute] - Not connected to cluster to put record
Jul 27 2015 04:20:34 UTC: ERROR(12532) [put.cc:191] [execute] - Not connected to cluster to put record
Jul 27 2015 04:20:34 UTC: ERROR(12532) [put.cc:191] [execute] - Not connected to cluster to put record
Jul 27 2015 04:20:34 UTC: ERROR(12532) [put.cc:191] [execute] - Not connected to cluster to put record
Jul 27 2015 04:20:34 UTC: ERROR(12532) [put.cc:191] [execute] - Not connected to cluster to put record
Jul 27 2015 04:20:34 UTC: ERROR(12532) [put.cc:191] [execute] - Not connected to cluster to put record
Jul 27 2015 04:20:34 UTC: ERROR(12532) [put.cc:191] [execute] - Not connected to cluster to put record
Jul 27 2015 04:20:34 UTC: ERROR(12532) [put.cc:191] [execute] - Not connected to cluster to put record
Jul 27 2015 04:20:34 UTC: ERROR(12532) [put.cc:191] [execute] - Not connected to cluster to put record
Jul 27 2015 04:20:34 UTC: ERROR(12532) [put.cc:191] [execute] - Not connected to cluster to put record
Jul 27 2015 04:20:34 UTC: ERROR(12532) [put.cc:191] [execute] - Not connected to cluster to put record
Jul 27 2015 04:20:34 UTC: ERROR(12532) [put.cc:191] [execute] - Not connected to cluster to put record
Jul 27 2015 04:20:34 UTC: ERROR(12532) [put.cc:191] [execute] - Not connected to cluster to put record
Jul 27 2015 04:20:34 UTC: ERROR(12532) [put.cc:191] [execute] - Not connected to cluster to put record
Jul 27 2015 04:20:34 UTC: ERROR(12532) [put.cc:191] [execute] - Not connected to cluster to put record
Jul 27 2015 04:20:34 UTC: ERROR(12532) [put.cc:191] [execute] - Not connected to cluster to put record
Jul 27 2015 04:20:34 UTC: ERROR(12532) [put.cc:191] [execute] - Not connected to cluster to put record
Jul 27 2015 04:20:34 UTC: ERROR(12532) [put.cc:191] [execute] - Not connected to cluster to put record
Jul 27 2015 04:20:34 UTC: ERROR(12532) [put.cc:191] [execute] - Not connected to cluster to put record
Jul 27 2015 04:20:34 UTC: ERROR(12532) [put.cc:191] [execute] - Not connected to cluster to put record
Jul 27 2015 04:20:34 UTC: ERROR(12532) [put.cc:191] [execute] - Not connected to cluster to put record
Jul 27 2015 04:20:34 UTC: ERROR(12532) [put.cc:191] [execute] - Not connected to cluster to put record
Jul 27 2015 04:20:34 UTC: ERROR(12532) [put.cc:191] [execute] - Not connected to cluster to put record
Jul 27 2015 04:20:34 UTC: ERROR(12532) [put.cc:191] [execute] - Not connected to cluster to put record
Jul 27 2015 04:20:34 UTC: ERROR(12532) [put.cc:191] [execute] - Not connected to cluster to put record
Jul 27 2015 04:20:34 UTC: ERROR(12532) [put.cc:191] [execute] - Not connected to cluster to put record
Jul 27 2015 04:20:34 UTC: ERROR(12532) [put.cc:191] [execute] - Not connected to cluster to put record
Jul 27 2015 04:20:34 UTC: ERROR(12532) [put.cc:191] [execute] - Not connected to cluster to put record
Jul 27 2015 04:20:34 UTC: ERROR(12532) [put.cc:191] [execute] - Not connected to cluster to put record
Jul 27 2015 04:20:34 UTC: ERROR(12532) [put.cc:191] [execute] - Not connected to cluster to put record
Jul 27 2015 04:20:34 UTC: ERROR(12532) [put.cc:191] [execute] - Not connected to cluster to put record
Jul 27 2015 04:20:34 UTC: ERROR(12532) [put.cc:191] [execute] - Not connected to cluster to put record
Jul 27 2015 04:20:34 UTC: ERROR(12532) [put.cc:191] [execute] - Not connected to cluster to put record
Jul 27 2015 04:20:34 UTC: ERROR(12532) [put.cc:191] [execute] - Not connected to cluster to put record
Jul 27 2015 04:20:34 UTC: ERROR(12532) [put.cc:191] [execute] - Not connected to cluster to put record
Jul 27 2015 04:20:34 UTC: ERROR(12532) [put.cc:191] [execute] - Not connected to cluster to put record
Jul 27 2015 04:20:34 UTC: ERROR(12532) [put.cc:191] [execute] - Not connected to cluster to put record
Jul 27 2015 04:20:34 UTC: ERROR(12532) [put.cc:191] [execute] - Not connected to cluster to put record
Jul 27 2015 04:20:34 UTC: ERROR(12532) [put.cc:191] [execute] - Not connected to cluster to put record
Jul 27 2015 04:20:34 UTC: ERROR(12532) [put.cc:191] [execute] - Not connected to cluster to put record
Jul 27 2015 04:20:34 UTC: ERROR(12532) [put.cc:191] [execute] - Not connected to cluster to put record
Jul 27 2015 04:20:34 UTC: ERROR(12532) [put.cc:191] [execute] - Not connected to cluster to put record
Jul 27 2015 04:20:34 UTC: ERROR(12532) [put.cc:191] [execute] - Not connected to cluster to put record
Jul 27 2015 04:20:34 UTC: ERROR(12532) [put.cc:191] [execute] - Not connected to cluster to put record
Jul 27 2015 04:20:34 UTC: ERROR(12532) [put.cc:191] [execute] - Not connected to cluster to put record
Jul 27 2015 04:20:34 UTC: ERROR(12532) [put.cc:191] [execute] - Not connected to cluster to put record
Jul 27 2015 04:20:34 UTC: ERROR(12532) [put.cc:191] [execute] - Not connected to cluster to put record
Jul 27 2015 04:20:34 UTC: ERROR(12532) [put.cc:191] [execute] - Not connected to cluster to put record
Jul 27 2015 04:20:34 UTC: ERROR(12532) [put.cc:191] [execute] - Not connected to cluster to put record
Jul 27 2015 04:20:34 UTC: ERROR(12532) [put.cc:191] [execute] - Not connected to cluster to put record
Jul 27 2015 04:20:34 UTC: ERROR(12532) [put.cc:191] [execute] - Not connected to cluster to put record
Jul 27 2015 04:20:34 UTC: ERROR(12532) [put.cc:191] [execute] - Not connected to cluster to put record
Jul 27 2015 04:20:34 UTC: ERROR(12532) [put.cc:191] [execute] - Not connected to cluster to put record
Jul 27 2015 04:20:34 UTC: ERROR(12532) [put.cc:191] [execute] - Not connected to cluster to put record
Jul 27 2015 04:20:34 UTC: ERROR(12532) [put.cc:191] [execute] - Not connected to cluster to put record
Jul 27 2015 04:20:34 UTC: ERROR(12532) [put.cc:191] [execute] - Not connected to cluster to put record
Jul 27 2015 04:20:34 UTC: ERROR(12532) [put.cc:191] [execute] - Not connected to cluster to put record
Jul 27 2015 04:20:34 UTC: ERROR(12532) [put.cc:191] [execute] - Not connected to cluster to put record
Jul 27 2015 04:20:34 UTC: ERROR(12532) [put.cc:191] [execute] - Not connected to cluster to put record
Jul 27 2015 04:20:34 UTC: ERROR(12532) [put.cc:191] [execute] - Not connected to cluster to put record
Jul 27 2015 04:20:34 UTC: ERROR(12532) [put.cc:191] [execute] - Not connected to cluster to put record
Jul 27 2015 04:20:34 UTC: ERROR(12532) [put.cc:191] [execute] - Not connected to cluster to put record
Jul 27 2015 04:20:34 UTC: ERROR(12532) [put.cc:191] [execute] - Not connected to cluster to put record
Jul 27 2015 04:20:34 UTC: ERROR(12532) [put.cc:191] [execute] - Not connected to cluster to put record
Jul 27 2015 04:20:34 UTC: ERROR(12532) [put.cc:191] [execute] - Not connected to cluster to put record
Jul 27 2015 04:20:34 UTC: ERROR(12532) [put.cc:191] [execute] - Not connected to cluster to put record
Jul 27 2015 04:20:34 UTC: ERROR(12532) [put.cc:191] [execute] - Not connected to cluster to put record
Jul 27 2015 04:20:34 UTC: ERROR(12532) [put.cc:191] [execute] - Not connected to cluster to put record
Jul 27 2015 04:20:34 UTC: ERROR(12532) [put.cc:191] [execute] - Not connected to cluster to put record
Jul 27 2015 04:20:34 UTC: ERROR(12532) [put.cc:191] [execute] - Not connected to cluster to put record
Jul 27 2015 04:20:34 UTC: ERROR(12532) [put.cc:191] [execute] - Not connected to cluster to put record
Jul 27 2015 04:20:34 UTC: ERROR(12532) [put.cc:191] [execute] - Not connected to cluster to put record
Jul 27 2015 04:20:34 UTC: ERROR(12532) [put.cc:191] [execute] - Not connected to cluster to put record
Jul 27 2015 04:20:34 UTC: ERROR(12532) [put.cc:191] [execute] - Not connected to cluster to put record
Jul 27 2015 04:20:34 UTC: ERROR(12532) [put.cc:191] [execute] - Not connected to cluster to put record
Jul 27 2015 04:20:34 UTC: ERROR(12532) [put.cc:191] [execute] - Not connected to cluster to put record
Jul 27 2015 04:20:34 UTC: ERROR(12532) [put.cc:191] [execute] - Not connected to cluster to put record
Jul 27 2015 04:20:34 UTC: ERROR(12532) [put.cc:191] [execute] - Not connected to cluster to put record
Jul 27 2015 04:20:34 UTC: ERROR(12532) [put.cc:191] [execute] - Not connected to cluster to put record
Jul 27 2015 04:20:34 UTC: ERROR(12532) [put.cc:191] [execute] - Not connected to cluster to put record
Jul 27 2015 04:20:34 UTC: ERROR(12532) [put.cc:191] [execute] - Not connected to cluster to put record
Jul 27 2015 04:20:34 UTC: ERROR(12532) [put.cc:191] [execute] - Not connected to cluster to put record
Jul 27 2015 04:20:34 UTC: ERROR(12532) [put.cc:191] [execute] - Not connected to cluster to put record
Jul 27 2015 04:20:34 UTC: ERROR(12532) [put.cc:191] [execute] - Not connected to cluster to put record
Jul 27 2015 04:20:34 UTC: ERROR(12532) [put.cc:191] [execute] - Not connected to cluster to put record
Jul 27 2015 04:20:34 UTC: ERROR(12532) [put.cc:191] [execute] - Not connected to cluster to put record
Jul 27 2015 04:20:34 UTC: ERROR(12532) [put.cc:191] [execute] - Not connected to cluster to put record
Jul 27 2015 04:20:34 UTC: ERROR(12532) [put.cc:191] [execute] - Not connected to cluster to put record
Jul 27 2015 04:20:34 UTC: ERROR(12532) [put.cc:191] [execute] - Not connected to cluster to put record
Jul 27 2015 04:20:34 UTC: ERROR(12532) [put.cc:191] [execute] - Not connected to cluster to put record
Jul 27 2015 04:20:34 UTC: ERROR(12532) [put.cc:191] [execute] - Not connected to cluster to put record
Jul 27 2015 04:20:34 UTC: ERROR(12532) [put.cc:191] [execute] - Not connected to cluster to put record
Jul 27 2015 04:20:34 UTC: ERROR(12532) [put.cc:191] [execute] - Not connected to cluster to put record
Jul 27 2015 04:20:34 UTC: ERROR(12532) [put.cc:191] [execute] - Not connected to cluster to put record
Jul 27 2015 04:20:34 UTC: ERROR(12532) [put.cc:191] [execute] - Not connected to cluster to put record
Jul 27 2015 04:20:34 UTC: ERROR(12532) [put.cc:191] [execute] - Not connected to cluster to put record
Jul 27 2015 04:20:34 UTC: ERROR(12532) [put.cc:191] [execute] - Not connected to cluster to put record
Jul 27 2015 04:20:34 UTC: ERROR(12532) [put.cc:191] [execute] - Not connected to cluster to put record
Jul 27 2015 04:20:34 UTC: ERROR(12532) [put.cc:191] [execute] - Not connected to cluster to put record
Jul 27 2015 04:20:34 UTC: ERROR(12532) [put.cc:191] [execute] - Not connected to cluster to put record
Jul 27 2015 04:20:34 UTC: ERROR(12532) [put.cc:191] [execute] - Not connected to cluster to put record
Jul 27 2015 04:20:34 UTC: ERROR(12532) [put.cc:191] [execute] - Not connected to cluster to put record
Jul 27 2015 04:20:34 UTC: ERROR(12532) [put.cc:191] [execute] - Not connected to cluster to put record
Jul 27 2015 04:20:34 UTC: ERROR(12532) [put.cc:191] [execute] - Not connected to cluster to put record
Jul 27 2015 04:20:34 UTC: ERROR(12532) [put.cc:191] [execute] - Not connected to cluster to put record
Jul 27 2015 04:20:34 UTC: ERROR(12532) [put.cc:191] [execute] - Not connected to cluster to put record
Jul 27 2015 04:20:34 UTC: ERROR(12532) [put.cc:191] [execute] - Not connected to cluster to put record
Jul 27 2015 04:20:34 UTC: ERROR(12532) [put.cc:191] [execute] - Not connected to cluster to put record
Jul 27 2015 04:20:34 UTC: ERROR(12532) [put.cc:191] [execute] - Not connected to cluster to put record
Jul 27 2015 04:20:34 UTC: ERROR(12532) [put.cc:191] [execute] - Not connected to cluster to put record
Jul 27 2015 04:20:34 UTC: ERROR(12532) [put.cc:191] [execute] - Not connected to cluster to put record
Jul 27 2015 04:20:34 UTC: ERROR(12532) [put.cc:191] [execute] - Not connected to cluster to put record
Jul 27 2015 04:20:34 UTC: ERROR(12532) [put.cc:191] [execute] - Not connected to cluster to put record
Jul 27 2015 04:20:34 UTC: ERROR(12532) [put.cc:191] [execute] - Not connected to cluster to put record
Jul 27 2015 04:20:34 UTC: ERROR(12532) [put.cc:191] [execute] - Not connected to cluster to put record
Jul 27 2015 04:20:34 UTC: ERROR(12532) [put.cc:191] [execute] - Not connected to cluster to put record
Jul 27 2015 04:20:34 UTC: ERROR(12532) [put.cc:191] [execute] - Not connected to cluster to put record
Jul 27 2015 04:20:34 UTC: ERROR(12532) [put.cc:191] [execute] - Not connected to cluster to put record
Jul 27 2015 04:20:34 UTC: ERROR(12532) [put.cc:191] [execute] - Not connected to cluster to put record
Jul 27 2015 04:20:34 UTC: ERROR(12532) [put.cc:191] [execute] - Not connected to cluster to put record
Jul 27 2015 04:20:34 UTC: ERROR(12532) [put.cc:191] [execute] - Not connected to cluster to put record
Jul 27 2015 04:20:34 UTC: ERROR(12532) [put.cc:191] [execute] - Not connected to cluster to put record
Jul 27 2015 04:20:34 UTC: ERROR(12532) [put.cc:191] [execute] - Not connected to cluster to put record
Jul 27 2015 04:20:34 UTC: ERROR(12532) [put.cc:191] [execute] - Not connected to cluster to put record
Jul 27 2015 04:20:34 UTC: ERROR(12532) [put.cc:191] [execute] - Not connected to cluster to put record
Jul 27 2015 04:20:34 UTC: ERROR(12532) [put.cc:191] [execute] - Not connected to cluster to put record
Jul 27 2015 04:20:34 UTC: ERROR(12532) [put.cc:191] [execute] - Not connected to cluster to put record
Jul 27 2015 04:20:34 UTC: ERROR(12532) [put.cc:191] [execute] - Not connected to cluster to put record
Jul 27 2015 04:20:34 UTC: ERROR(12532) [put.cc:191] [execute] - Not connected to cluster to put record
Jul 27 2015 04:20:34 UTC: ERROR(12532) [put.cc:191] [execute] - Not connected to cluster to put record
Jul 27 2015 04:20:34 UTC: ERROR(12532) [put.cc:191] [execute] - Not connected to cluster to put record
Jul 27 2015 04:20:34 UTC: ERROR(12532) [put.cc:191] [execute] - Not connected to cluster to put record
Jul 27 2015 04:20:34 UTC: ERROR(12532) [put.cc:191] [execute] - Not connected to cluster to put record
Jul 27 2015 04:20:34 UTC: ERROR(12532) [put.cc:191] [execute] - Not connected to cluster to put record
Jul 27 2015 04:20:34 UTC: ERROR(12532) [put.cc:191] [execute] - Not connected to cluster to put record
Jul 27 2015 04:20:34 UTC: ERROR(12532) [put.cc:191] [execute] - Not connected to cluster to put record
Jul 27 2015 04:20:34 UTC: ERROR(12532) [put.cc:191] [execute] - Not connected to cluster to put record
Jul 27 2015 04:20:34 UTC: ERROR(12532) [put.cc:191] [execute] - Not connected to cluster to put record
Jul 27 2015 04:20:34 UTC: ERROR(12532) [put.cc:191] [execute] - Not connected to cluster to put record
Jul 27 2015 04:20:34 UTC: ERROR(12532) [put.cc:191] [execute] - Not connected to cluster to put record
Jul 27 2015 04:20:34 UTC: ERROR(12532) [put.cc:191] [execute] - Not connected to cluster to put record
Jul 27 2015 04:20:34 UTC: ERROR(12532) [put.cc:191] [execute] - Not connected to cluster to put record
Jul 27 2015 04:20:34 UTC: ERROR(12532) [put.cc:191] [execute] - Not connected to cluster to put record
Jul 27 2015 04:20:34 UTC: ERROR(12532) [put.cc:191] [execute] - Not connected to cluster to put record
Jul 27 2015 04:20:34 UTC: ERROR(12532) [put.cc:191] [execute] - Not connected to cluster to put record
Jul 27 2015 04:20:34 UTC: ERROR(12532) [put.cc:191] [execute] - Not connected to cluster to put record
Jul 27 2015 04:20:34 UTC: ERROR(12532) [put.cc:191] [execute] - Not connected to cluster to put record
Jul 27 2015 04:20:34 UTC: ERROR(12532) [put.cc:191] [execute] - Not connected to cluster to put record
Jul 27 2015 04:20:34 UTC: ERROR(12532) [put.cc:191] [execute] - Not connected to cluster to put record
Jul 27 2015 04:20:34 UTC: ERROR(12532) [put.cc:191] [execute] - Not connected to cluster to put record
Jul 27 2015 04:20:34 UTC: ERROR(12532) [put.cc:191] [execute] - Not connected to cluster to put record
Jul 27 2015 04:20:34 UTC: ERROR(12532) [put.cc:191] [execute] - Not connected to cluster to put record
Jul 27 2015 04:20:34 UTC: ERROR(12532) [put.cc:191] [execute] - Not connected to cluster to put record
Jul 27 2015 04:20:34 UTC: ERROR(12532) [put.cc:191] [execute] - Not connected to cluster to put record
Jul 27 2015 04:20:34 UTC: ERROR(12532) [put.cc:191] [execute] - Not connected to cluster to put record
Jul 27 2015 04:20:34 UTC: ERROR(12532) [put.cc:191] [execute] - Not connected to cluster to put record
Jul 27 2015 04:20:34 UTC: ERROR(12532) [put.cc:191] [execute] - Not connected to cluster to put record
Jul 27 2015 04:20:34 UTC: ERROR(12532) [put.cc:191] [execute] - Not connected to cluster to put record
Jul 27 2015 04:20:34 UTC: ERROR(12532) [put.cc:191] [execute] - Not connected to cluster to put record
Jul 27 2015 04:20:34 UTC: ERROR(12532) [put.cc:191] [execute] - Not connected to cluster to put record
Jul 27 2015 04:20:34 UTC: ERROR(12532) [put.cc:191] [execute] - Not connected to cluster to put record
Jul 27 2015 04:20:34 UTC: ERROR(12532) [put.cc:191] [execute] - Not connected to cluster to put record
Jul 27 2015 04:20:34 UTC: ERROR(12532) [put.cc:191] [execute] - Not connected to cluster to put record
Jul 27 2015 04:20:34 UTC: ERROR(12532) [put.cc:191] [execute] - Not connected to cluster to put record
Jul 27 2015 04:20:34 UTC: ERROR(12532) [put.cc:191] [execute] - Not connected to cluster to put record
Jul 27 2015 04:20:34 UTC: ERROR(12532) [put.cc:191] [execute] - Not connected to cluster to put record
Jul 27 2015 04:20:34 UTC: ERROR(12532) [put.cc:191] [execute] - Not connected to cluster to put record
Jul 27 2015 04:20:34 UTC: ERROR(12532) [put.cc:191] [execute] - Not connected to cluster to put record
Jul 27 2015 04:20:34 UTC: ERROR(12532) [put.cc:191] [execute] - Not connected to cluster to put record
Jul 27 2015 04:20:34 UTC: ERROR(12532) [put.cc:191] [execute] - Not connected to cluster to put record
Jul 27 2015 04:20:34 UTC: ERROR(12532) [put.cc:191] [execute] - Not connected to cluster to put record
Jul 27 2015 04:20:34 UTC: ERROR(12532) [put.cc:191] [execute] - Not connected to cluster to put record
Jul 27 2015 04:20:34 UTC: ERROR(12532) [put.cc:191] [execute] - Not connected to cluster to put record
Jul 27 2015 04:20:34 UTC: ERROR(12532) [put.cc:191] [execute] - Not connected to cluster to put record
Jul 27 2015 04:20:34 UTC: ERROR(12532) [put.cc:191] [execute] - Not connected to cluster to put record
Jul 27 2015 04:20:34 UTC: ERROR(12532) [put.cc:191] [execute] - Not connected to cluster to put record
Jul 27 2015 04:20:34 UTC: ERROR(12532) [put.cc:191] [execute] - Not connected to cluster to put record
Jul 27 2015 04:20:34 UTC: ERROR(12532) [put.cc:191] [execute] - Not connected to cluster to put record
Jul 27 2015 04:20:34 UTC: ERROR(12532) [put.cc:191] [execute] - Not connected to cluster to put record
Jul 27 2015 04:20:34 UTC: ERROR(12532) [put.cc:191] [execute] - Not connected to cluster to put record
Jul 27 2015 04:20:34 UTC: ERROR(12532) [put.cc:191] [execute] - Not connected to cluster to put record
Jul 27 2015 04:20:34 UTC: ERROR(12532) [put.cc:191] [execute] - Not connected to cluster to put record
Jul 27 2015 04:20:34 UTC: ERROR(12532) [put.cc:191] [execute] - Not connected to cluster to put record
Jul 27 2015 04:20:34 UTC: ERROR(12532) [put.cc:191] [execute] - Not connected to cluster to put record
Jul 27 2015 04:20:34 UTC: ERROR(12532) [put.cc:191] [execute] - Not connected to cluster to put record
Jul 27 2015 04:20:34 UTC: ERROR(12532) [put.cc:191] [execute] - Not connected to cluster to put record
Jul 27 2015 04:20:34 UTC: ERROR(12532) [put.cc:191] [execute] - Not connected to cluster to put record
Jul 27 2015 04:20:34 UTC: ERROR(12532) [put.cc:191] [execute] - Not connected to cluster to put record
Jul 27 2015 04:20:34 UTC: ERROR(12532) [put.cc:191] [execute] - Not connected to cluster to put record
Jul 27 2015 04:20:34 UTC: ERROR(12532) [put.cc:191] [execute] - Not connected to cluster to put record
Jul 27 2015 04:20:34 UTC: ERROR(12532) [put.cc:191] [execute] - Not connected to cluster to put record
Jul 27 2015 04:20:34 UTC: ERROR(12532) [put.cc:191] [execute] - Not connected to cluster to put record
Jul 27 2015 04:20:34 UTC: ERROR(12532) [put.cc:191] [execute] - Not connected to cluster to put record
Jul 27 2015 04:20:34 UTC: ERROR(12532) [put.cc:191] [execute] - Not connected to cluster to put record
Jul 27 2015 04:20:34 UTC: ERROR(12532) [put.cc:191] [execute] - Not connected to cluster to put record
Jul 27 2015 04:20:34 UTC: ERROR(12532) [put.cc:191] [execute] - Not connected to cluster to put record
Jul 27 2015 04:20:34 UTC: ERROR(12532) [put.cc:191] [execute] - Not connected to cluster to put record
Jul 27 2015 04:20:34 UTC: ERROR(12532) [put.cc:191] [execute] - Not connected to cluster to put record
Jul 27 2015 04:20:34 UTC: ERROR(12532) [put.cc:191] [execute] - Not connected to cluster to put record
Jul 27 2015 04:20:34 UTC: ERROR(12532) [put.cc:191] [execute] - Not connected to cluster to put record
Jul 27 2015 04:20:34 UTC: ERROR(12532) [put.cc:191] [execute] - Not connected to cluster to put record
Jul 27 2015 04:20:34 UTC: ERROR(12532) [put.cc:191] [execute] - Not connected to cluster to put record
Jul 27 2015 04:20:34 UTC: ERROR(12532) [put.cc:191] [execute] - Not connected to cluster to put record
Jul 27 2015 04:20:34 UTC: ERROR(12532) [put.cc:191] [execute] - Not connected to cluster to put record
Jul 27 2015 04:20:34 UTC: ERROR(12532) [put.cc:191] [execute] - Not connected to cluster to put record
Jul 27 2015 04:20:34 UTC: ERROR(12532) [put.cc:191] [execute] - Not connected to cluster to put record
Jul 27 2015 04:20:34 UTC: ERROR(12532) [put.cc:191] [execute] - Not connected to cluster to put record
Jul 27 2015 04:20:34 UTC: ERROR(12532) [put.cc:191] [execute] - Not connected to cluster to put record
Jul 27 2015 04:20:34 UTC: ERROR(12532) [put.cc:191] [execute] - Not connected to cluster to put record
Jul 27 2015 04:20:34 UTC: ERROR(12532) [put.cc:191] [execute] - Not connected to cluster to put record
Jul 27 2015 04:20:34 UTC: ERROR(12532) [put.cc:191] [execute] - Not connected to cluster to put record
Jul 27 2015 04:20:34 UTC: ERROR(12532) [put.cc:191] [execute] - Not connected to cluster to put record
Jul 27 2015 04:20:34 UTC: ERROR(12532) [put.cc:191] [execute] - Not connected to cluster to put record
Jul 27 2015 04:20:34 UTC: ERROR(12532) [put.cc:191] [execute] - Not connected to cluster to put record
Jul 27 2015 04:20:34 UTC: ERROR(12532) [put.cc:191] [execute] - Not connected to cluster to put record
Jul 27 2015 04:20:34 UTC: ERROR(12532) [put.cc:191] [execute] - Not connected to cluster to put record
Jul 27 2015 04:20:34 UTC: ERROR(12532) [put.cc:191] [execute] - Not connected to cluster to put record
Jul 27 2015 04:20:34 UTC: ERROR(12532) [put.cc:191] [execute] - Not connected to cluster to put record
Jul 27 2015 04:20:34 UTC: ERROR(12532) [put.cc:191] [execute] - Not connected to cluster to put record
Jul 27 2015 04:20:34 UTC: ERROR(12532) [put.cc:191] [execute] - Not connected to cluster to put record
Jul 27 2015 04:20:34 UTC: ERROR(12532) [put.cc:191] [execute] - Not connected to cluster to put record
Jul 27 2015 04:20:34 UTC: ERROR(12532) [put.cc:191] [execute] - Not connected to cluster to put record
Jul 27 2015 04:20:34 UTC: ERROR(12532) [put.cc:191] [execute] - Not connected to cluster to put record
Jul 27 2015 04:20:34 UTC: ERROR(12532) [put.cc:191] [execute] - Not connected to cluster to put record
Jul 27 2015 04:20:34 UTC: ERROR(12532) [put.cc:191] [execute] - Not connected to cluster to put record
Jul 27 2015 04:20:34 UTC: ERROR(12532) [put.cc:191] [execute] - Not connected to cluster to put record
Jul 27 2015 04:20:34 UTC: ERROR(12532) [put.cc:191] [execute] - Not connected to cluster to put record
Jul 27 2015 04:20:34 UTC: ERROR(12532) [put.cc:191] [execute] - Not connected to cluster to put record
Jul 27 2015 04:20:34 UTC: ERROR(12532) [put.cc:191] [execute] - Not connected to cluster to put record
Jul 27 2015 04:20:34 UTC: ERROR(12532) [put.cc:191] [execute] - Not connected to cluster to put record
Jul 27 2015 04:20:34 UTC: ERROR(12532) [put.cc:191] [execute] - Not connected to cluster to put record
Jul 27 2015 04:20:34 UTC: ERROR(12532) [put.cc:191] [execute] - Not connected to cluster to put record
Jul 27 2015 04:20:34 UTC: ERROR(12532) [put.cc:191] [execute] - Not connected to cluster to put record
Jul 27 2015 04:20:34 UTC: ERROR(12532) [put.cc:191] [execute] - Not connected to cluster to put record
Jul 27 2015 04:20:34 UTC: ERROR(12532) [put.cc:191] [execute] - Not connected to cluster to put record
Jul 27 2015 04:20:34 UTC: ERROR(12532) [put.cc:191] [execute] - Not connected to cluster to put record
Jul 27 2015 04:20:34 UTC: ERROR(12532) [put.cc:191] [execute] - Not connected to cluster to put record
Jul 27 2015 04:20:34 UTC: ERROR(12532) [put.cc:191] [execute] - Not connected to cluster to put record
Jul 27 2015 04:20:34 UTC: ERROR(12532) [put.cc:191] [execute] - Not connected to cluster to put record
Jul 27 2015 04:20:34 UTC: ERROR(12532) [put.cc:191] [execute] - Not connected to cluster to put record
Jul 27 2015 04:20:34 UTC: ERROR(12532) [put.cc:191] [execute] - Not connected to cluster to put record
Jul 27 2015 04:20:34 UTC: ERROR(12532) [put.cc:191] [execute] - Not connected to cluster to put record
Jul 27 2015 04:20:34 UTC: ERROR(12532) [put.cc:191] [execute] - Not connected to cluster to put record
Jul 27 2015 04:20:34 UTC: ERROR(12532) [put.cc:191] [execute] - Not connected to cluster to put record
Jul 27 2015 04:20:34 UTC: ERROR(12532) [put.cc:191] [execute] - Not connected to cluster to put record
Jul 27 2015 04:20:34 UTC: ERROR(12532) [put.cc:191] [execute] - Not connected to cluster to put record
Jul 27 2015 04:20:34 UTC: ERROR(12532) [put.cc:191] [execute] - Not connected to cluster to put record
Jul 27 2015 04:20:34 UTC: ERROR(12532) [put.cc:191] [execute] - Not connected to cluster to put record
Jul 27 2015 04:20:34 UTC: ERROR(12532) [put.cc:191] [execute] - Not connected to cluster to put record
Jul 27 2015 04:20:34 UTC: ERROR(12532) [put.cc:191] [execute] - Not connected to cluster to put record
Jul 27 2015 04:20:34 UTC: ERROR(12532) [put.cc:191] [execute] - Not connected to cluster to put record
Jul 27 2015 04:20:34 UTC: ERROR(12532) [put.cc:191] [execute] - Not connected to cluster to put record
Jul 27 2015 04:20:34 UTC: ERROR(12532) [put.cc:191] [execute] - Not connected to cluster to put record
Jul 27 2015 04:20:34 UTC: ERROR(12532) [put.cc:191] [execute] - Not connected to cluster to put record
Jul 27 2015 04:20:34 UTC: ERROR(12532) [put.cc:191] [execute] - Not connected to cluster to put record
Jul 27 2015 04:20:34 UTC: ERROR(12532) [put.cc:191] [execute] - Not connected to cluster to put record
Jul 27 2015 04:20:34 UTC: ERROR(12532) [put.cc:191] [execute] - Not connected to cluster to put record
Jul 27 2015 04:20:34 UTC: ERROR(12532) [put.cc:191] [execute] - Not connected to cluster to put record
Jul 27 2015 04:20:34 UTC: ERROR(12532) [put.cc:191] [execute] - Not connected to cluster to put record
Jul 27 2015 04:20:34 UTC: ERROR(12532) [put.cc:191] [execute] - Not connected to cluster to put record
Jul 27 2015 04:20:34 UTC: ERROR(12532) [put.cc:191] [execute] - Not connected to cluster to put record
Jul 27 2015 04:20:34 UTC: ERROR(12532) [put.cc:191] [execute] - Not connected to cluster to put record
Jul 27 2015 04:20:34 UTC: ERROR(12532) [put.cc:191] [execute] - Not connected to cluster to put record
Jul 27 2015 04:20:34 UTC: ERROR(12532) [put.cc:191] [execute] - Not connected to cluster to put record
Jul 27 2015 04:20:34 UTC: ERROR(12532) [put.cc:191] [execute] - Not connected to cluster to put record
Jul 27 2015 04:20:34 UTC: ERROR(12532) [put.cc:191] [execute] - Not connected to cluster to put record
Jul 27 2015 04:20:34 UTC: ERROR(12532) [put.cc:191] [execute] - Not connected to cluster to put record
Jul 27 2015 04:20:34 UTC: ERROR(12532) [put.cc:191] [execute] - Not connected to cluster to put record
Jul 27 2015 04:20:34 UTC: ERROR(12532) [put.cc:191] [execute] - Not connected to cluster to put record
Jul 27 2015 04:20:34 UTC: ERROR(12532) [put.cc:191] [execute] - Not connected to cluster to put record
Jul 27 2015 04:20:34 UTC: ERROR(12532) [put.cc:191] [execute] - Not connected to cluster to put record
Jul 27 2015 04:20:34 UTC: ERROR(12532) [put.cc:191] [execute] - Not connected to cluster to put record
Jul 27 2015 04:20:34 UTC: ERROR(12532) [put.cc:191] [execute] - Not connected to cluster to put record
Jul 27 2015 04:20:34 UTC: ERROR(12532) [put.cc:191] [execute] - Not connected to cluster to put record
Jul 27 2015 04:20:34 UTC: ERROR(12532) [put.cc:191] [execute] - Not connected to cluster to put record
Jul 27 2015 04:20:34 UTC: ERROR(12532) [put.cc:191] [execute] - Not connected to cluster to put record
Jul 27 2015 04:20:34 UTC: ERROR(12532) [put.cc:191] [execute] - Not connected to cluster to put record
Jul 27 2015 04:20:34 UTC: ERROR(12532) [put.cc:191] [execute] - Not connected to cluster to put record
Jul 27 2015 04:20:34 UTC: ERROR(12532) [put.cc:191] [execute] - Not connected to cluster to put record
Jul 27 2015 04:20:34 UTC: ERROR(12532) [put.cc:191] [execute] - Not connected to cluster to put record
Jul 27 2015 04:20:34 UTC: ERROR(12532) [put.cc:191] [execute] - Not connected to cluster to put record
Jul 27 2015 04:20:34 UTC: ERROR(12532) [put.cc:191] [execute] - Not connected to cluster to put record
Jul 27 2015 04:20:34 UTC: ERROR(12532) [put.cc:191] [execute] - Not connected to cluster to put record
Jul 27 2015 04:20:34 UTC: ERROR(12532) [put.cc:191] [execute] - Not connected to cluster to put record
Jul 27 2015 04:20:34 UTC: ERROR(12532) [put.cc:191] [execute] - Not connected to cluster to put record
Jul 27 2015 04:20:34 UTC: ERROR(12532) [put.cc:191] [execute] - Not connected to cluster to put record
Jul 27 2015 04:20:34 UTC: ERROR(12532) [put.cc:191] [execute] - Not connected to cluster to put record
Jul 27 2015 04:20:34 UTC: ERROR(12532) [put.cc:191] [execute] - Not connected to cluster to put record
Jul 27 2015 04:20:34 UTC: ERROR(12532) [put.cc:191] [execute] - Not connected to cluster to put record
Jul 27 2015 04:20:34 UTC: ERROR(12532) [put.cc:191] [execute] - Not connected to cluster to put record
Jul 27 2015 04:20:34 UTC: ERROR(12532) [put.cc:191] [execute] - Not connected to cluster to put record
Jul 27 2015 04:20:34 UTC: ERROR(12532) [put.cc:191] [execute] - Not connected to cluster to put record
Jul 27 2015 04:20:34 UTC: ERROR(12532) [put.cc:191] [execute] - Not connected to cluster to put record
Jul 27 2015 04:20:34 UTC: ERROR(12532) [put.cc:191] [execute] - Not connected to cluster to put record
Jul 27 2015 04:20:34 UTC: ERROR(12532) [put.cc:191] [execute] - Not connected to cluster to put record
Jul 27 2015 04:20:34 UTC: ERROR(12532) [put.cc:191] [execute] - Not connected to cluster to put record
Jul 27 2015 04:20:34 UTC: ERROR(12532) [put.cc:191] [execute] - Not connected to cluster to put record
Jul 27 2015 04:20:34 UTC: ERROR(12532) [put.cc:191] [execute] - Not connected to cluster to put record
Jul 27 2015 04:20:34 UTC: ERROR(12532) [put.cc:191] [execute] - Not connected to cluster to put record
Jul 27 2015 04:20:34 UTC: ERROR(12532) [put.cc:191] [execute] - Not connected to cluster to put record
Jul 27 2015 04:20:34 UTC: ERROR(12532) [put.cc:191] [execute] - Not connected to cluster to put record
Jul 27 2015 04:20:34 UTC: ERROR(12532) [put.cc:191] [execute] - Not connected to cluster to put record
Jul 27 2015 04:20:34 UTC: ERROR(12532) [put.cc:191] [execute] - Not connected to cluster to put record
Jul 27 2015 04:20:34 UTC: ERROR(12532) [put.cc:191] [execute] - Not connected to cluster to put record
Jul 27 2015 04:20:34 UTC: ERROR(12532) [put.cc:191] [execute] - Not connected to cluster to put record
Jul 27 2015 04:20:34 UTC: ERROR(12532) [put.cc:191] [execute] - Not connected to cluster to put record
Jul 27 2015 04:20:34 UTC: ERROR(12532) [put.cc:191] [execute] - Not connected to cluster to put record
Jul 27 2015 04:20:34 UTC: ERROR(12532) [put.cc:191] [execute] - Not connected to cluster to put record
Jul 27 2015 04:20:34 UTC: ERROR(12532) [put.cc:191] [execute] - Not connected to cluster to put record
Jul 27 2015 04:20:34 UTC: ERROR(12532) [put.cc:191] [execute] - Not connected to cluster to put record
Jul 27 2015 04:20:34 UTC: ERROR(12532) [put.cc:191] [execute] - Not connected to cluster to put record
Jul 27 2015 04:20:34 UTC: ERROR(12532) [put.cc:191] [execute] - Not connected to cluster to put record
Jul 27 2015 04:20:34 UTC: ERROR(12532) [put.cc:191] [execute] - Not connected to cluster to put record
Jul 27 2015 04:20:34 UTC: ERROR(12532) [put.cc:191] [execute] - Not connected to cluster to put record
Jul 27 2015 04:20:34 UTC: ERROR(12532) [put.cc:191] [execute] - Not connected to cluster to put record
Jul 27 2015 04:20:34 UTC: ERROR(12532) [put.cc:191] [execute] - Not connected to cluster to put record
Jul 27 2015 04:20:34 UTC: ERROR(12532) [put.cc:191] [execute] - Not connected to cluster to put record
Jul 27 2015 04:20:34 UTC: ERROR(12532) [put.cc:191] [execute] - Not connected to cluster to put record
Jul 27 2015 04:20:34 UTC: ERROR(12532) [put.cc:191] [execute] - Not connected to cluster to put record
Jul 27 2015 04:20:34 UTC: ERROR(12532) [put.cc:191] [execute] - Not connected to cluster to put record
Jul 27 2015 04:20:34 UTC: ERROR(12532) [put.cc:191] [execute] - Not connected to cluster to put record
Jul 27 2015 04:20:34 UTC: ERROR(12532) [put.cc:191] [execute] - Not connected to cluster to put record
Jul 27 2015 04:20:34 UTC: ERROR(12532) [put.cc:191] [execute] - Not connected to cluster to put record
Jul 27 2015 04:20:34 UTC: ERROR(12532) [put.cc:191] [execute] - Not connected to cluster to put record
Jul 27 2015 04:20:34 UTC: ERROR(12532) [put.cc:191] [execute] - Not connected to cluster to put record
Jul 27 2015 04:20:34 UTC: ERROR(12532) [put.cc:191] [execute] - Not connected to cluster to put record
Jul 27 2015 04:20:34 UTC: ERROR(12532) [put.cc:191] [execute] - Not connected to cluster to put record
Jul 27 2015 04:20:34 UTC: ERROR(12532) [put.cc:191] [execute] - Not connected to cluster to put record
Jul 27 2015 04:20:34 UTC: ERROR(12532) [put.cc:191] [execute] - Not connected to cluster to put record
Jul 27 2015 04:20:34 UTC: ERROR(12532) [put.cc:191] [execute] - Not connected to cluster to put record
Jul 27 2015 04:20:34 UTC: ERROR(12532) [put.cc:191] [execute] - Not connected to cluster to put record
Jul 27 2015 04:20:34 UTC: ERROR(12532) [put.cc:191] [execute] - Not connected to cluster to put record
Jul 27 2015 04:20:34 UTC: ERROR(12532) [put.cc:191] [execute] - Not connected to cluster to put record
Jul 27 2015 04:20:34 UTC: ERROR(12532) [put.cc:191] [execute] - Not connected to cluster to put record
Jul 27 2015 04:20:34 UTC: ERROR(12532) [put.cc:191] [execute] - Not connected to cluster to put record
Jul 27 2015 04:20:34 UTC: ERROR(12532) [put.cc:191] [execute] - Not connected to cluster to put record
Jul 27 2015 04:20:34 UTC: ERROR(12532) [put.cc:191] [execute] - Not connected to cluster to put record
Jul 27 2015 04:20:34 UTC: ERROR(12532) [put.cc:191] [execute] - Not connected to cluster to put record
Jul 27 2015 04:20:34 UTC: ERROR(12532) [put.cc:191] [execute] - Not connected to cluster to put record
Jul 27 2015 04:20:34 UTC: ERROR(12532) [put.cc:191] [execute] - Not connected to cluster to put record
Jul 27 2015 04:20:34 UTC: ERROR(12532) [put.cc:191] [execute] - Not connected to cluster to put record
Jul 27 2015 04:20:34 UTC: ERROR(12532) [put.cc:191] [execute] - Not connected to cluster to put record
Jul 27 2015 04:20:34 UTC: ERROR(12532) [put.cc:191] [execute] - Not connected to cluster to put record
Jul 27 2015 04:20:34 UTC: ERROR(12532) [put.cc:191] [execute] - Not connected to cluster to put record
Jul 27 2015 04:20:34 UTC: ERROR(12532) [put.cc:191] [execute] - Not connected to cluster to put record
Jul 27 2015 04:20:34 UTC: ERROR(12532) [put.cc:191] [execute] - Not connected to cluster to put record
Jul 27 2015 04:20:34 UTC: ERROR(12532) [put.cc:191] [execute] - Not connected to cluster to put record
Jul 27 2015 04:20:34 UTC: ERROR(12532) [put.cc:191] [execute] - Not connected to cluster to put record
Jul 27 2015 04:20:34 UTC: ERROR(12532) [put.cc:191] [execute] - Not connected to cluster to put record
Jul 27 2015 04:20:34 UTC: ERROR(12532) [put.cc:191] [execute] - Not connected to cluster to put record
Jul 27 2015 04:20:34 UTC: ERROR(12532) [put.cc:191] [execute] - Not connected to cluster to put record
Jul 27 2015 04:20:34 UTC: ERROR(12532) [put.cc:191] [execute] - Not connected to cluster to put record
Jul 27 2015 04:20:34 UTC: ERROR(12532) [put.cc:191] [execute] - Not connected to cluster to put record
Jul 27 2015 04:20:34 UTC: ERROR(12532) [put.cc:191] [execute] - Not connected to cluster to put record
Jul 27 2015 04:20:34 UTC: ERROR(12532) [put.cc:191] [execute] - Not connected to cluster to put record
Jul 27 2015 04:20:34 UTC: ERROR(12532) [put.cc:191] [execute] - Not connected to cluster to put record
Jul 27 2015 04:20:34 UTC: ERROR(12532) [put.cc:191] [execute] - Not connected to cluster to put record
Jul 27 2015 04:20:34 UTC: ERROR(12532) [put.cc:191] [execute] - Not connected to cluster to put record
Jul 27 2015 04:20:34 UTC: ERROR(12532) [put.cc:191] [execute] - Not connected to cluster to put record
Jul 27 2015 04:20:34 UTC: ERROR(12532) [put.cc:191] [execute] - Not connected to cluster to put record
Jul 27 2015 04:20:34 UTC: ERROR(12532) [put.cc:191] [execute] - Not connected to cluster to put record
Jul 27 2015 04:20:34 UTC: ERROR(12532) [put.cc:191] [execute] - Not connected to cluster to put record
Jul 27 2015 04:20:34 UTC: ERROR(12532) [put.cc:191] [execute] - Not connected to cluster to put record
Jul 27 2015 04:20:34 UTC: ERROR(12532) [put.cc:191] [execute] - Not connected to cluster to put record
Jul 27 2015 04:20:34 UTC: ERROR(12532) [put.cc:191] [execute] - Not connected to cluster to put record
Jul 27 2015 04:20:34 UTC: ERROR(12532) [put.cc:191] [execute] - Not connected to cluster to put record
Jul 27 2015 04:20:34 UTC: ERROR(12532) [put.cc:191] [execute] - Not connected to cluster to put record
Jul 27 2015 04:20:34 UTC: ERROR(12532) [put.cc:191] [execute] - Not connected to cluster to put record
Jul 27 2015 04:20:34 UTC: ERROR(12532) [put.cc:191] [execute] - Not connected to cluster to put record
Jul 27 2015 04:20:34 UTC: ERROR(12532) [put.cc:191] [execute] - Not connected to cluster to put record
Jul 27 2015 04:20:34 UTC: ERROR(12532) [put.cc:191] [execute] - Not connected to cluster to put record
Jul 27 2015 04:20:34 UTC: ERROR(12532) [put.cc:191] [execute] - Not connected to cluster to put record
Jul 27 2015 04:20:34 UTC: ERROR(12532) [put.cc:191] [execute] - Not connected to cluster to put record
Jul 27 2015 04:20:34 UTC: ERROR(12532) [put.cc:191] [execute] - Not connected to cluster to put record
Jul 27 2015 04:20:34 UTC: ERROR(12532) [put.cc:191] [execute] - Not connected to cluster to put record
Jul 27 2015 04:20:34 UTC: ERROR(12532) [put.cc:191] [execute] - Not connected to cluster to put record
Jul 27 2015 04:20:34 UTC: ERROR(12532) [put.cc:191] [execute] - Not connected to cluster to put record
Jul 27 2015 04:20:34 UTC: ERROR(12532) [put.cc:191] [execute] - Not connected to cluster to put record
Jul 27 2015 04:20:34 UTC: ERROR(12532) [put.cc:191] [execute] - Not connected to cluster to put record
Jul 27 2015 04:20:34 UTC: ERROR(12532) [put.cc:191] [execute] - Not connected to cluster to put record
Jul 27 2015 04:20:34 UTC: ERROR(12532) [put.cc:191] [execute] - Not connected to cluster to put record
Jul 27 2015 04:20:34 UTC: ERROR(12532) [put.cc:191] [execute] - Not connected to cluster to put record
Jul 27 2015 04:20:34 UTC: ERROR(12532) [put.cc:191] [execute] - Not connected to cluster to put record
Jul 27 2015 04:20:34 UTC: ERROR(12532) [put.cc:191] [execute] - Not connected to cluster to put record
Jul 27 2015 04:20:34 UTC: ERROR(12532) [put.cc:191] [execute] - Not connected to cluster to put record
Jul 27 2015 04:20:34 UTC: ERROR(12532) [put.cc:191] [execute] - Not connected to cluster to put record
Jul 27 2015 04:20:34 UTC: ERROR(12532) [put.cc:191] [execute] - Not connected to cluster to put record
Jul 27 2015 04:20:34 UTC: ERROR(12532) [put.cc:191] [execute] - Not connected to cluster to put record
Jul 27 2015 04:20:34 UTC: ERROR(12532) [put.cc:191] [execute] - Not connected to cluster to put record
Jul 27 2015 04:20:34 UTC: ERROR(12532) [put.cc:191] [execute] - Not connected to cluster to put record
Jul 27 2015 04:20:34 UTC: ERROR(12532) [put.cc:191] [execute] - Not connected to cluster to put record
Jul 27 2015 04:20:34 UTC: ERROR(12532) [put.cc:191] [execute] - Not connected to cluster to put record
Jul 27 2015 04:20:34 UTC: ERROR(12532) [put.cc:191] [execute] - Not connected to cluster to put record
Jul 27 2015 04:20:34 UTC: ERROR(12532) [put.cc:191] [execute] - Not connected to cluster to put record
Jul 27 2015 04:20:34 UTC: ERROR(12532) [put.cc:191] [execute] - Not connected to cluster to put record
Jul 27 2015 04:20:34 UTC: ERROR(12532) [put.cc:191] [execute] - Not connected to cluster to put record
Jul 27 2015 04:20:34 UTC: ERROR(12532) [put.cc:191] [execute] - Not connected to cluster to put record
Jul 27 2015 04:20:34 UTC: ERROR(12532) [put.cc:191] [execute] - Not connected to cluster to put record
Jul 27 2015 04:20:34 UTC: ERROR(12532) [put.cc:191] [execute] - Not connected to cluster to put record
Jul 27 2015 04:20:34 UTC: ERROR(12532) [put.cc:191] [execute] - Not connected to cluster to put record
Jul 27 2015 04:20:34 UTC: ERROR(12532) [put.cc:191] [execute] - Not connected to cluster to put record
Jul 27 2015 04:20:34 UTC: ERROR(12532) [put.cc:191] [execute] - Not connected to cluster to put record
Jul 27 2015 04:20:34 UTC: ERROR(12532) [put.cc:191] [execute] - Not connected to cluster to put record
Jul 27 2015 04:20:34 UTC: ERROR(12532) [put.cc:191] [execute] - Not connected to cluster to put record
Jul 27 2015 04:20:34 UTC: ERROR(12532) [put.cc:191] [execute] - Not connected to cluster to put record
Jul 27 2015 04:20:34 UTC: ERROR(12532) [put.cc:191] [execute] - Not connected to cluster to put record
Jul 27 2015 04:20:34 UTC: ERROR(12532) [put.cc:191] [execute] - Not connected to cluster to put record
Jul 27 2015 04:20:34 UTC: ERROR(12532) [put.cc:191] [execute] - Not connected to cluster to put record
Jul 27 2015 04:20:34 UTC: ERROR(12532) [put.cc:191] [execute] - Not connected to cluster to put record
Jul 27 2015 04:20:34 UTC: ERROR(12532) [put.cc:191] [execute] - Not connected to cluster to put record
Jul 27 2015 04:20:34 UTC: ERROR(12532) [put.cc:191] [execute] - Not connected to cluster to put record
Jul 27 2015 04:20:34 UTC: ERROR(12532) [put.cc:191] [execute] - Not connected to cluster to put record
Jul 27 2015 04:20:34 UTC: ERROR(12532) [put.cc:191] [execute] - Not connected to cluster to put record
Jul 27 2015 04:20:34 UTC: ERROR(12532) [put.cc:191] [execute] - Not connected to cluster to put record
Jul 27 2015 04:20:34 UTC: ERROR(12532) [put.cc:191] [execute] - Not connected to cluster to put record
Jul 27 2015 04:20:34 UTC: ERROR(12532) [put.cc:191] [execute] - Not connected to cluster to put record
Jul 27 2015 04:20:34 UTC: ERROR(12532) [put.cc:191] [execute] - Not connected to cluster to put record
Jul 27 2015 04:20:34 UTC: ERROR(12532) [put.cc:191] [execute] - Not connected to cluster to put record
Jul 27 2015 04:20:34 UTC: ERROR(12532) [put.cc:191] [execute] - Not connected to cluster to put record
Jul 27 2015 04:20:34 UTC: ERROR(12532) [put.cc:191] [execute] - Not connected to cluster to put record
Jul 27 2015 04:20:34 UTC: ERROR(12532) [put.cc:191] [execute] - Not connected to cluster to put record
Jul 27 2015 04:20:34 UTC: ERROR(12532) [put.cc:191] [execute] - Not connected to cluster to put record
Jul 27 2015 04:20:34 UTC: ERROR(12532) [put.cc:191] [execute] - Not connected to cluster to put record
Jul 27 2015 04:20:34 UTC: ERROR(12532) [put.cc:191] [execute] - Not connected to cluster to put record
Jul 27 2015 04:20:34 UTC: ERROR(12532) [put.cc:191] [execute] - Not connected to cluster to put record
Jul 27 2015 04:20:34 UTC: ERROR(12532) [put.cc:191] [execute] - Not connected to cluster to put record
Jul 27 2015 04:20:34 UTC: ERROR(12532) [put.cc:191] [execute] - Not connected to cluster to put record
Jul 27 2015 04:20:34 UTC: ERROR(12532) [put.cc:191] [execute] - Not connected to cluster to put record
Jul 27 2015 04:20:34 UTC: ERROR(12532) [put.cc:191] [execute] - Not connected to cluster to put record
Jul 27 2015 04:20:34 UTC: ERROR(12532) [put.cc:191] [execute] - Not connected to cluster to put record
Jul 27 2015 04:20:34 UTC: ERROR(12532) [put.cc:191] [execute] - Not connected to cluster to put record
Jul 27 2015 04:20:34 UTC: ERROR(12532) [put.cc:191] [execute] - Not connected to cluster to put record
Jul 27 2015 04:20:34 UTC: ERROR(12532) [put.cc:191] [execute] - Not connected to cluster to put record
Jul 27 2015 04:20:34 UTC: ERROR(12532) [put.cc:191] [execute] - Not connected to cluster to put record
Jul 27 2015 04:20:34 UTC: ERROR(12532) [put.cc:191] [execute] - Not connected to cluster to put record
Jul 27 2015 04:20:34 UTC: ERROR(12532) [put.cc:191] [execute] - Not connected to cluster to put record
Jul 27 2015 04:20:34 UTC: ERROR(12532) [put.cc:191] [execute] - Not connected to cluster to put record
Jul 27 2015 04:20:34 UTC: ERROR(12532) [put.cc:191] [execute] - Not connected to cluster to put record
Jul 27 2015 04:20:34 UTC: ERROR(12532) [put.cc:191] [execute] - Not connected to cluster to put record
Jul 27 2015 04:20:34 UTC: ERROR(12532) [put.cc:191] [execute] - Not connected to cluster to put record
Jul 27 2015 04:20:34 UTC: ERROR(12532) [put.cc:191] [execute] - Not connected to cluster to put record
Jul 27 2015 04:20:34 UTC: ERROR(12532) [put.cc:191] [execute] - Not connected to cluster to put record
Jul 27 2015 04:20:34 UTC: ERROR(12532) [put.cc:191] [execute] - Not connected to cluster to put record
Jul 27 2015 04:20:34 UTC: ERROR(12532) [put.cc:191] [execute] - Not connected to cluster to put record
Jul 27 2015 04:20:34 UTC: ERROR(12532) [put.cc:191] [execute] - Not connected to cluster to put record
Jul 27 2015 04:20:34 UTC: ERROR(12532) [put.cc:191] [execute] - Not connected to cluster to put record
Jul 27 2015 04:20:34 UTC: ERROR(12532) [put.cc:191] [execute] - Not connected to cluster to put record
Jul 27 2015 04:20:34 UTC: ERROR(12532) [put.cc:191] [execute] - Not connected to cluster to put record
Jul 27 2015 04:20:34 UTC: ERROR(12532) [put.cc:191] [execute] - Not connected to cluster to put record
Jul 27 2015 04:20:34 UTC: ERROR(12532) [put.cc:191] [execute] - Not connected to cluster to put record
Jul 27 2015 04:20:34 UTC: ERROR(12532) [put.cc:191] [execute] - Not connected to cluster to put record
Jul 27 2015 04:20:34 UTC: ERROR(12532) [put.cc:191] [execute] - Not connected to cluster to put record
Jul 27 2015 04:20:34 UTC: ERROR(12532) [put.cc:191] [execute] - Not connected to cluster to put record
Jul 27 2015 04:20:34 UTC: ERROR(12532) [put.cc:191] [execute] - Not connected to cluster to put record
Jul 27 2015 04:20:34 UTC: ERROR(12532) [put.cc:191] [execute] - Not connected to cluster to put record
Jul 27 2015 04:20:34 UTC: ERROR(12532) [put.cc:191] [execute] - Not connected to cluster to put record
Jul 27 2015 04:20:34 UTC: ERROR(12532) [put.cc:191] [execute] - Not connected to cluster to put record
Jul 27 2015 04:20:34 UTC: ERROR(12532) [put.cc:191] [execute] - Not connected to cluster to put record
Jul 27 2015 04:20:34 UTC: ERROR(12532) [put.cc:191] [execute] - Not connected to cluster to put record
Jul 27 2015 04:20:34 UTC: ERROR(12532) [put.cc:191] [execute] - Not connected to cluster to put record
Jul 27 2015 04:20:34 UTC: ERROR(12532) [put.cc:191] [execute] - Not connected to cluster to put record
Jul 27 2015 04:20:34 UTC: ERROR(12532) [put.cc:191] [execute] - Not connected to cluster to put record
Jul 27 2015 04:20:34 UTC: ERROR(12532) [put.cc:191] [execute] - Not connected to cluster to put record
Jul 27 2015 04:20:34 UTC: ERROR(12532) [put.cc:191] [execute] - Not connected to cluster to put record
Jul 27 2015 04:20:34 UTC: ERROR(12532) [put.cc:191] [execute] - Not connected to cluster to put record
Jul 27 2015 04:20:34 UTC: ERROR(12532) [put.cc:191] [execute] - Not connected to cluster to put record
Jul 27 2015 04:20:34 UTC: ERROR(12532) [put.cc:191] [execute] - Not connected to cluster to put record
Jul 27 2015 04:20:34 UTC: ERROR(12532) [put.cc:191] [execute] - Not connected to cluster to put record
Jul 27 2015 04:20:34 UTC: ERROR(12532) [put.cc:191] [execute] - Not connected to cluster to put record
Jul 27 2015 04:20:34 UTC: ERROR(12532) [put.cc:191] [execute] - Not connected to cluster to put record
Jul 27 2015 04:20:34 UTC: ERROR(12532) [put.cc:191] [execute] - Not connected to cluster to put record
Jul 27 2015 04:20:34 UTC: ERROR(12532) [put.cc:191] [execute] - Not connected to cluster to put record
Jul 27 2015 04:20:34 UTC: ERROR(12532) [put.cc:191] [execute] - Not connected to cluster to put record
Jul 27 2015 04:20:34 UTC: ERROR(12532) [put.cc:191] [execute] - Not connected to cluster to put record
Jul 27 2015 04:20:34 UTC: ERROR(12532) [put.cc:191] [execute] - Not connected to cluster to put record
Jul 27 2015 04:20:34 UTC: ERROR(12532) [put.cc:191] [execute] - Not connected to cluster to put record
Jul 27 2015 04:20:34 UTC: ERROR(12532) [put.cc:191] [execute] - Not connected to cluster to put record
Jul 27 2015 04:20:34 UTC: ERROR(12532) [put.cc:191] [execute] - Not connected to cluster to put record
Jul 27 2015 04:20:34 UTC: ERROR(12532) [put.cc:191] [execute] - Not connected to cluster to put record
Jul 27 2015 04:20:34 UTC: ERROR(12532) [put.cc:191] [execute] - Not connected to cluster to put record
Jul 27 2015 04:20:34 UTC: ERROR(12532) [put.cc:191] [execute] - Not connected to cluster to put record
Jul 27 2015 04:20:34 UTC: ERROR(12532) [put.cc:191] [execute] - Not connected to cluster to put record
Jul 27 2015 04:20:34 UTC: ERROR(12532) [put.cc:191] [execute] - Not connected to cluster to put record
Jul 27 2015 04:20:34 UTC: ERROR(12532) [put.cc:191] [execute] - Not connected to cluster to put record
Jul 27 2015 04:20:34 UTC: ERROR(12532) [put.cc:191] [execute] - Not connected to cluster to put record
Jul 27 2015 04:20:34 UTC: ERROR(12532) [put.cc:191] [execute] - Not connected to cluster to put record
Jul 27 2015 04:20:34 UTC: ERROR(12532) [put.cc:191] [execute] - Not connected to cluster to put record
Jul 27 2015 04:20:34 UTC: ERROR(12532) [put.cc:191] [execute] - Not connected to cluster to put record
Jul 27 2015 04:20:34 UTC: ERROR(12532) [put.cc:191] [execute] - Not connected to cluster to put record
Jul 27 2015 04:20:34 UTC: ERROR(12532) [put.cc:191] [execute] - Not connected to cluster to put record
Jul 27 2015 04:20:34 UTC: ERROR(12532) [put.cc:191] [execute] - Not connected to cluster to put record
Jul 27 2015 04:20:34 UTC: ERROR(12532) [put.cc:191] [execute] - Not connected to cluster to put record
Jul 27 2015 04:20:34 UTC: ERROR(12532) [put.cc:191] [execute] - Not connected to cluster to put record
Jul 27 2015 04:20:34 UTC: ERROR(12532) [put.cc:191] [execute] - Not connected to cluster to put record
Jul 27 2015 04:20:34 UTC: ERROR(12532) [put.cc:191] [execute] - Not connected to cluster to put record
Jul 27 2015 04:20:34 UTC: ERROR(12532) [put.cc:191] [execute] - Not connected to cluster to put record
Jul 27 2015 04:20:34 UTC: ERROR(12532) [put.cc:191] [execute] - Not connected to cluster to put record
Jul 27 2015 04:20:34 UTC: ERROR(12532) [put.cc:191] [execute] - Not connected to cluster to put record
Jul 27 2015 04:20:34 UTC: ERROR(12532) [put.cc:191] [execute] - Not connected to cluster to put record
Jul 27 2015 04:20:34 UTC: ERROR(12532) [put.cc:191] [execute] - Not connected to cluster to put record
Jul 27 2015 04:20:34 UTC: ERROR(12532) [put.cc:191] [execute] - Not connected to cluster to put record
Jul 27 2015 04:20:34 UTC: ERROR(12532) [put.cc:191] [execute] - Not connected to cluster to put record
Jul 27 2015 04:20:34 UTC: ERROR(12532) [put.cc:191] [execute] - Not connected to cluster to put record
Jul 27 2015 04:20:34 UTC: ERROR(12532) [put.cc:191] [execute] - Not connected to cluster to put record
Jul 27 2015 04:20:34 UTC: ERROR(12532) [put.cc:191] [execute] - Not connected to cluster to put record
Jul 27 2015 04:20:34 UTC: ERROR(12532) [put.cc:191] [execute] - Not connected to cluster to put record
Jul 27 2015 04:20:34 UTC: ERROR(12532) [put.cc:191] [execute] - Not connected to cluster to put record
Jul 27 2015 04:20:34 UTC: ERROR(12532) [put.cc:191] [execute] - Not connected to cluster to put record
Jul 27 2015 04:20:34 UTC: ERROR(12532) [put.cc:191] [execute] - Not connected to cluster to put record
Jul 27 2015 04:20:34 UTC: ERROR(12532) [put.cc:191] [execute] - Not connected to cluster to put record
Jul 27 2015 04:20:34 UTC: ERROR(12532) [put.cc:191] [execute] - Not connected to cluster to put record
Jul 27 2015 04:20:34 UTC: ERROR(12532) [put.cc:191] [execute] - Not connected to cluster to put record
Jul 27 2015 04:20:34 UTC: ERROR(12532) [put.cc:191] [execute] - Not connected to cluster to put record
Jul 27 2015 04:20:34 UTC: ERROR(12532) [put.cc:191] [execute] - Not connected to cluster to put record
Jul 27 2015 04:20:34 UTC: ERROR(12532) [put.cc:191] [execute] - Not connected to cluster to put record
Jul 27 2015 04:20:34 UTC: ERROR(12532) [put.cc:191] [execute] - Not connected to cluster to put record
Jul 27 2015 04:20:34 UTC: ERROR(12532) [put.cc:191] [execute] - Not connected to cluster to put record
Jul 27 2015 04:20:34 UTC: ERROR(12532) [put.cc:191] [execute] - Not connected to cluster to put record
Jul 27 2015 04:20:34 UTC: ERROR(12532) [put.cc:191] [execute] - Not connected to cluster to put record
Jul 27 2015 04:20:34 UTC: ERROR(12532) [put.cc:191] [execute] - Not connected to cluster to put record
Jul 27 2015 04:20:34 UTC: ERROR(12532) [put.cc:191] [execute] - Not connected to cluster to put record
Jul 27 2015 04:20:34 UTC: ERROR(12532) [put.cc:191] [execute] - Not connected to cluster to put record
Jul 27 2015 04:20:34 UTC: ERROR(12532) [put.cc:191] [execute] - Not connected to cluster to put record
Jul 27 2015 04:20:34 UTC: ERROR(12532) [put.cc:191] [execute] - Not connected to cluster to put record
Jul 27 2015 04:20:34 UTC: ERROR(12532) [put.cc:191] [execute] - Not connected to cluster to put record
Jul 27 2015 04:20:34 UTC: ERROR(12532) [put.cc:191] [execute] - Not connected to cluster to put record
Jul 27 2015 04:20:34 UTC: ERROR(12532) [put.cc:191] [execute] - Not connected to cluster to put record
Jul 27 2015 04:20:34 UTC: ERROR(12532) [put.cc:191] [execute] - Not connected to cluster to put record
Jul 27 2015 04:20:34 UTC: ERROR(12532) [put.cc:191] [execute] - Not connected to cluster to put record
Jul 27 2015 04:20:34 UTC: ERROR(12532) [put.cc:191] [execute] - Not connected to cluster to put record
Jul 27 2015 04:20:34 UTC: ERROR(12532) [put.cc:191] [execute] - Not connected to cluster to put record
Jul 27 2015 04:20:34 UTC: ERROR(12532) [put.cc:191] [execute] - Not connected to cluster to put record
Jul 27 2015 04:20:34 UTC: ERROR(12532) [put.cc:191] [execute] - Not connected to cluster to put record
Jul 27 2015 04:20:34 UTC: ERROR(12532) [put.cc:191] [execute] - Not connected to cluster to put record
Jul 27 2015 04:20:34 UTC: ERROR(12532) [put.cc:191] [execute] - Not connected to cluster to put record
Jul 27 2015 04:20:34 UTC: ERROR(12532) [put.cc:191] [execute] - Not connected to cluster to put record
Jul 27 2015 04:20:34 UTC: ERROR(12532) [put.cc:191] [execute] - Not connected to cluster to put record
Jul 27 2015 04:20:34 UTC: ERROR(12532) [put.cc:191] [execute] - Not connected to cluster to put record
Jul 27 2015 04:20:34 UTC: ERROR(12532) [put.cc:191] [execute] - Not connected to cluster to put record
Jul 27 2015 04:20:34 UTC: ERROR(12532) [put.cc:191] [execute] - Not connected to cluster to put record
Jul 27 2015 04:20:34 UTC: ERROR(12532) [put.cc:191] [execute] - Not connected to cluster to put record
Jul 27 2015 04:20:34 UTC: ERROR(12532) [put.cc:191] [execute] - Not connected to cluster to put record
Jul 27 2015 04:20:34 UTC: ERROR(12532) [put.cc:191] [execute] - Not connected to cluster to put record
Jul 27 2015 04:20:34 UTC: ERROR(12532) [put.cc:191] [execute] - Not connected to cluster to put record
Jul 27 2015 04:20:34 UTC: ERROR(12532) [put.cc:191] [execute] - Not connected to cluster to put record
Jul 27 2015 04:20:34 UTC: ERROR(12532) [put.cc:191] [execute] - Not connected to cluster to put record
Jul 27 2015 04:20:34 UTC: ERROR(12532) [put.cc:191] [execute] - Not connected to cluster to put record
Jul 27 2015 04:20:34 UTC: ERROR(12532) [put.cc:191] [execute] - Not connected to cluster to put record
Jul 27 2015 04:20:34 UTC: ERROR(12532) [put.cc:191] [execute] - Not connected to cluster to put record
Jul 27 2015 04:20:34 UTC: ERROR(12532) [put.cc:191] [execute] - Not connected to cluster to put record
Jul 27 2015 04:20:34 UTC: ERROR(12532) [put.cc:191] [execute] - Not connected to cluster to put record
Jul 27 2015 04:20:34 UTC: ERROR(12532) [put.cc:191] [execute] - Not connected to cluster to put record
Jul 27 2015 04:20:34 UTC: ERROR(12532) [put.cc:191] [execute] - Not connected to cluster to put record
Jul 27 2015 04:20:34 UTC: ERROR(12532) [put.cc:191] [execute] - Not connected to cluster to put record
Jul 27 2015 04:20:34 UTC: ERROR(12532) [put.cc:191] [execute] - Not connected to cluster to put record
Jul 27 2015 04:20:34 UTC: ERROR(12532) [put.cc:191] [execute] - Not connected to cluster to put record
Jul 27 2015 04:20:34 UTC: ERROR(12532) [put.cc:191] [execute] - Not connected to cluster to put record
Jul 27 2015 04:20:34 UTC: ERROR(12532) [put.cc:191] [execute] - Not connected to cluster to put record
Jul 27 2015 04:20:34 UTC: ERROR(12532) [put.cc:191] [execute] - Not connected to cluster to put record
Jul 27 2015 04:20:34 UTC: ERROR(12532) [put.cc:191] [execute] - Not connected to cluster to put record
Jul 27 2015 04:20:34 UTC: ERROR(12532) [put.cc:191] [execute] - Not connected to cluster to put record
Jul 27 2015 04:20:34 UTC: ERROR(12532) [put.cc:191] [execute] - Not connected to cluster to put record
Jul 27 2015 04:20:34 UTC: ERROR(12532) [put.cc:191] [execute] - Not connected to cluster to put record
Jul 27 2015 04:20:34 UTC: ERROR(12532) [put.cc:191] [execute] - Not connected to cluster to put record
Jul 27 2015 04:20:34 UTC: ERROR(12532) [put.cc:191] [execute] - Not connected to cluster to put record
Jul 27 2015 04:20:34 UTC: ERROR(12532) [put.cc:191] [execute] - Not connected to cluster to put record
Jul 27 2015 04:20:34 UTC: ERROR(12532) [put.cc:191] [execute] - Not connected to cluster to put record
Jul 27 2015 04:20:34 UTC: ERROR(12532) [put.cc:191] [execute] - Not connected to cluster to put record
Jul 27 2015 04:20:34 UTC: ERROR(12532) [put.cc:191] [execute] - Not connected to cluster to put record
Jul 27 2015 04:20:34 UTC: ERROR(12532) [put.cc:191] [execute] - Not connected to cluster to put record
Jul 27 2015 04:20:34 UTC: ERROR(12532) [put.cc:191] [execute] - Not connected to cluster to put record
Jul 27 2015 04:20:34 UTC: ERROR(12532) [put.cc:191] [execute] - Not connected to cluster to put record
Jul 27 2015 04:20:34 UTC: ERROR(12532) [put.cc:191] [execute] - Not connected to cluster to put record
Jul 27 2015 04:20:34 UTC: ERROR(12532) [put.cc:191] [execute] - Not connected to cluster to put record
Jul 27 2015 04:20:34 UTC: ERROR(12532) [put.cc:191] [execute] - Not connected to cluster to put record
Jul 27 2015 04:20:34 UTC: ERROR(12532) [put.cc:191] [execute] - Not connected to cluster to put record
Jul 27 2015 04:20:34 UTC: ERROR(12532) [put.cc:191] [execute] - Not connected to cluster to put record
Jul 27 2015 04:20:34 UTC: ERROR(12532) [put.cc:191] [execute] - Not connected to cluster to put record
Jul 27 2015 04:20:34 UTC: ERROR(12532) [put.cc:191] [execute] - Not connected to cluster to put record
Jul 27 2015 04:20:34 UTC: ERROR(12532) [put.cc:191] [execute] - Not connected to cluster to put record
Jul 27 2015 04:20:34 UTC: ERROR(12532) [put.cc:191] [execute] - Not connected to cluster to put record
Jul 27 2015 04:20:34 UTC: ERROR(12532) [put.cc:191] [execute] - Not connected to cluster to put record
Jul 27 2015 04:20:34 UTC: ERROR(12532) [put.cc:191] [execute] - Not connected to cluster to put record
Jul 27 2015 04:20:34 UTC: ERROR(12532) [put.cc:191] [execute] - Not connected to cluster to put record
Jul 27 2015 04:20:34 UTC: ERROR(12532) [put.cc:191] [execute] - Not connected to cluster to put record
Jul 27 2015 04:20:34 UTC: ERROR(12532) [put.cc:191] [execute] - Not connected to cluster to put record
Jul 27 2015 04:20:34 UTC: ERROR(12532) [put.cc:191] [execute] - Not connected to cluster to put record
Jul 27 2015 04:20:34 UTC: ERROR(12532) [put.cc:191] [execute] - Not connected to cluster to put record
Jul 27 2015 04:20:34 UTC: ERROR(12532) [put.cc:191] [execute] - Not connected to cluster to put record
Jul 27 2015 04:20:34 UTC: ERROR(12532) [put.cc:191] [execute] - Not connected to cluster to put record
Jul 27 2015 04:20:34 UTC: ERROR(12532) [put.cc:191] [execute] - Not connected to cluster to put record
Jul 27 2015 04:20:34 UTC: ERROR(12532) [put.cc:191] [execute] - Not connected to cluster to put record
Jul 27 2015 04:20:34 UTC: ERROR(12532) [put.cc:191] [execute] - Not connected to cluster to put record
Jul 27 2015 04:20:34 UTC: ERROR(12532) [put.cc:191] [execute] - Not connected to cluster to put record
Jul 27 2015 04:20:34 UTC: ERROR(12532) [put.cc:191] [execute] - Not connected to cluster to put record
Jul 27 2015 04:20:34 UTC: ERROR(12532) [put.cc:191] [execute] - Not connected to cluster to put record
Jul 27 2015 04:20:34 UTC: ERROR(12532) [put.cc:191] [execute] - Not connected to cluster to put record
Jul 27 2015 04:20:34 UTC: ERROR(12532) [put.cc:191] [execute] - Not connected to cluster to put record
Jul 27 2015 04:20:34 UTC: ERROR(12532) [put.cc:191] [execute] - Not connected to cluster to put record
Jul 27 2015 04:20:34 UTC: ERROR(12532) [put.cc:191] [execute] - Not connected to cluster to put record
Jul 27 2015 04:20:34 UTC: ERROR(12532) [put.cc:191] [execute] - Not connected to cluster to put record
Jul 27 2015 04:20:34 UTC: ERROR(12532) [put.cc:191] [execute] - Not connected to cluster to put record
Jul 27 2015 04:20:34 UTC: ERROR(12532) [put.cc:191] [execute] - Not connected to cluster to put record
Jul 27 2015 04:20:34 UTC: ERROR(12532) [put.cc:191] [execute] - Not connected to cluster to put record
Jul 27 2015 04:20:34 UTC: ERROR(12532) [put.cc:191] [execute] - Not connected to cluster to put record
Jul 27 2015 04:20:34 UTC: ERROR(12532) [put.cc:191] [execute] - Not connected to cluster to put record
Jul 27 2015 04:20:34 UTC: ERROR(12532) [put.cc:191] [execute] - Not connected to cluster to put record
Jul 27 2015 04:20:34 UTC: ERROR(12532) [put.cc:191] [execute] - Not connected to cluster to put record
Jul 27 2015 04:20:34 UTC: ERROR(12532) [put.cc:191] [execute] - Not connected to cluster to put record
Jul 27 2015 04:20:34 UTC: ERROR(12532) [put.cc:191] [execute] - Not connected to cluster to put record
Jul 27 2015 04:20:34 UTC: ERROR(12532) [put.cc:191] [execute] - Not connected to cluster to put record
Jul 27 2015 04:20:34 UTC: ERROR(12532) [put.cc:191] [execute] - Not connected to cluster to put record
Jul 27 2015 04:20:34 UTC: ERROR(12532) [put.cc:191] [execute] - Not connected to cluster to put record
Jul 27 2015 04:20:34 UTC: ERROR(12532) [put.cc:191] [execute] - Not connected to cluster to put record
Jul 27 2015 04:20:34 UTC: ERROR(12532) [put.cc:191] [execute] - Not connected to cluster to put record
Jul 27 2015 04:20:34 UTC: ERROR(12532) [put.cc:191] [execute] - Not connected to cluster to put record
Jul 27 2015 04:20:34 UTC: ERROR(12532) [put.cc:191] [execute] - Not connected to cluster to put record
Jul 27 2015 04:20:34 UTC: ERROR(12532) [put.cc:191] [execute] - Not connected to cluster to put record
Jul 27 2015 04:20:34 UTC: ERROR(12532) [put.cc:191] [execute] - Not connected to cluster to put record
Jul 27 2015 04:20:34 UTC: ERROR(12532) [put.cc:191] [execute] - Not connected to cluster to put record
Jul 27 2015 04:20:34 UTC: ERROR(12532) [put.cc:191] [execute] - Not connected to cluster to put record
Jul 27 2015 04:20:34 UTC: ERROR(12532) [put.cc:191] [execute] - Not connected to cluster to put record
Jul 27 2015 04:20:34 UTC: ERROR(12532) [put.cc:191] [execute] - Not connected to cluster to put record
Jul 27 2015 04:20:34 UTC: ERROR(12532) [put.cc:191] [execute] - Not connected to cluster to put record
Jul 27 2015 04:20:34 UTC: ERROR(12532) [put.cc:191] [execute] - Not connected to cluster to put record
Jul 27 2015 04:20:34 UTC: ERROR(12532) [put.cc:191] [execute] - Not connected to cluster to put record
Jul 27 2015 04:20:34 UTC: ERROR(12532) [put.cc:191] [execute] - Not connected to cluster to put record
Jul 27 2015 04:20:34 UTC: ERROR(12532) [put.cc:191] [execute] - Not connected to cluster to put record
Jul 27 2015 04:20:34 UTC: ERROR(12532) [put.cc:191] [execute] - Not connected to cluster to put record
Jul 27 2015 04:20:34 UTC: ERROR(12532) [put.cc:191] [execute] - Not connected to cluster to put record
Jul 27 2015 04:20:34 UTC: ERROR(12532) [put.cc:191] [execute] - Not connected to cluster to put record
Jul 27 2015 04:20:34 UTC: ERROR(12532) [put.cc:191] [execute] - Not connected to cluster to put record
Jul 27 2015 04:20:34 UTC: ERROR(12532) [put.cc:191] [execute] - Not connected to cluster to put record
Jul 27 2015 04:20:34 UTC: ERROR(12532) [put.cc:191] [execute] - Not connected to cluster to put record
Jul 27 2015 04:20:34 UTC: ERROR(12532) [put.cc:191] [execute] - Not connected to cluster to put record
Jul 27 2015 04:20:34 UTC: ERROR(12532) [put.cc:191] [execute] - Not connected to cluster to put record
Jul 27 2015 04:20:34 UTC: ERROR(12532) [put.cc:191] [execute] - Not connected to cluster to put record
Jul 27 2015 04:20:34 UTC: ERROR(12532) [put.cc:191] [execute] - Not connected to cluster to put record
Jul 27 2015 04:20:34 UTC: ERROR(12532) [put.cc:191] [execute] - Not connected to cluster to put record
Jul 27 2015 04:20:34 UTC: ERROR(12532) [put.cc:191] [execute] - Not connected to cluster to put record
Jul 27 2015 04:20:34 UTC: ERROR(12532) [put.cc:191] [execute] - Not connected to cluster to put record
Jul 27 2015 04:20:34 UTC: ERROR(12532) [put.cc:191] [execute] - Not connected to cluster to put record
Jul 27 2015 04:20:34 UTC: ERROR(12532) [put.cc:191] [execute] - Not connected to cluster to put record
Jul 27 2015 04:20:34 UTC: ERROR(12532) [put.cc:191] [execute] - Not connected to cluster to put record
Jul 27 2015 04:20:34 UTC: ERROR(12532) [put.cc:191] [execute] - Not connected to cluster to put record
Jul 27 2015 04:20:34 UTC: ERROR(12532) [put.cc:191] [execute] - Not connected to cluster to put record
Jul 27 2015 04:20:34 UTC: ERROR(12532) [put.cc:191] [execute] - Not connected to cluster to put record
Jul 27 2015 04:20:34 UTC: ERROR(12532) [put.cc:191] [execute] - Not connected to cluster to put record
Jul 27 2015 04:20:34 UTC: ERROR(12532) [put.cc:191] [execute] - Not connected to cluster to put record
Jul 27 2015 04:20:34 UTC: ERROR(12532) [put.cc:191] [execute] - Not connected to cluster to put record
Jul 27 2015 04:20:34 UTC: ERROR(12532) [put.cc:191] [execute] - Not connected to cluster to put record
Jul 27 2015 04:20:34 UTC: ERROR(12532) [put.cc:191] [execute] - Not connected to cluster to put record
Jul 27 2015 04:20:34 UTC: ERROR(12532) [put.cc:191] [execute] - Not connected to cluster to put record
Jul 27 2015 04:20:34 UTC: ERROR(12532) [put.cc:191] [execute] - Not connected to cluster to put record
Jul 27 2015 04:20:34 UTC: ERROR(12532) [put.cc:191] [execute] - Not connected to cluster to put record
Jul 27 2015 04:20:34 UTC: ERROR(12532) [put.cc:191] [execute] - Not connected to cluster to put record
Jul 27 2015 04:20:34 UTC: ERROR(12532) [put.cc:191] [execute] - Not connected to cluster to put record
Jul 27 2015 04:20:34 UTC: ERROR(12532) [put.cc:191] [execute] - Not connected to cluster to put record
Jul 27 2015 04:20:34 UTC: ERROR(12532) [put.cc:191] [execute] - Not connected to cluster to put record
Jul 27 2015 04:20:34 UTC: ERROR(12532) [put.cc:191] [execute] - Not connected to cluster to put record
Jul 27 2015 04:20:34 UTC: ERROR(12532) [put.cc:191] [execute] - Not connected to cluster to put record
Jul 27 2015 04:20:34 UTC: ERROR(12532) [put.cc:191] [execute] - Not connected to cluster to put record
Jul 27 2015 04:20:34 UTC: ERROR(12532) [put.cc:191] [execute] - Not connected to cluster to put record
Jul 27 2015 04:20:34 UTC: ERROR(12532) [put.cc:191] [execute] - Not connected to cluster to put record
Jul 27 2015 04:20:34 UTC: ERROR(12532) [put.cc:191] [execute] - Not connected to cluster to put record
Jul 27 2015 04:20:34 UTC: ERROR(12532) [put.cc:191] [execute] - Not connected to cluster to put record
Jul 27 2015 04:20:34 UTC: ERROR(12532) [put.cc:191] [execute] - Not connected to cluster to put record
Jul 27 2015 04:20:34 UTC: ERROR(12532) [put.cc:191] [execute] - Not connected to cluster to put record
Jul 27 2015 04:20:34 UTC: ERROR(12532) [put.cc:191] [execute] - Not connected to cluster to put record
Jul 27 2015 04:20:34 UTC: ERROR(12532) [put.cc:191] [execute] - Not connected to cluster to put record
Jul 27 2015 04:20:34 UTC: ERROR(12532) [put.cc:191] [execute] - Not connected to cluster to put record
Jul 27 2015 04:20:34 UTC: ERROR(12532) [put.cc:191] [execute] - Not connected to cluster to put record
Jul 27 2015 04:20:34 UTC: ERROR(12532) [put.cc:191] [execute] - Not connected to cluster to put record
Jul 27 2015 04:20:34 UTC: ERROR(12532) [put.cc:191] [execute] - Not connected to cluster to put record
Jul 27 2015 04:20:34 UTC: ERROR(12532) [put.cc:191] [execute] - Not connected to cluster to put record
Jul 27 2015 04:20:34 UTC: ERROR(12532) [put.cc:191] [execute] - Not connected to cluster to put record
Jul 27 2015 04:20:34 UTC: ERROR(12532) [put.cc:191] [execute] - Not connected to cluster to put record
Jul 27 2015 04:20:34 UTC: ERROR(12532) [put.cc:191] [execute] - Not connected to cluster to put record
Jul 27 2015 04:20:34 UTC: ERROR(12532) [put.cc:191] [execute] - Not connected to cluster to put record
Jul 27 2015 04:20:34 UTC: ERROR(12532) [put.cc:191] [execute] - Not connected to cluster to put record
Jul 27 2015 04:20:34 UTC: ERROR(12532) [put.cc:191] [execute] - Not connected to cluster to put record
Jul 27 2015 04:20:34 UTC: ERROR(12532) [put.cc:191] [execute] - Not connected to cluster to put record
Jul 27 2015 04:20:34 UTC: ERROR(12532) [put.cc:191] [execute] - Not connected to cluster to put record
Jul 27 2015 04:20:34 UTC: ERROR(12532) [put.cc:191] [execute] - Not connected to cluster to put record
Jul 27 2015 04:20:34 UTC: ERROR(12532) [put.cc:191] [execute] - Not connected to cluster to put record
Jul 27 2015 04:20:34 UTC: ERROR(12532) [put.cc:191] [execute] - Not connected to cluster to put record
Jul 27 2015 04:20:34 UTC: ERROR(12532) [put.cc:191] [execute] - Not connected to cluster to put record
Jul 27 2015 04:20:34 UTC: ERROR(12532) [put.cc:191] [execute] - Not connected to cluster to put record
Jul 27 2015 04:20:34 UTC: ERROR(12532) [put.cc:191] [execute] - Not connected to cluster to put record
Jul 27 2015 04:20:34 UTC: ERROR(12532) [put.cc:191] [execute] - Not connected to cluster to put record
Jul 27 2015 04:20:34 UTC: ERROR(12532) [put.cc:191] [execute] - Not connected to cluster to put record
Jul 27 2015 04:20:34 UTC: ERROR(12532) [put.cc:191] [execute] - Not connected to cluster to put record
Jul 27 2015 04:20:34 UTC: ERROR(12532) [put.cc:191] [execute] - Not connected to cluster to put record
Jul 27 2015 04:20:34 UTC: ERROR(12532) [put.cc:191] [execute] - Not connected to cluster to put record
Jul 27 2015 04:20:34 UTC: ERROR(12532) [put.cc:191] [execute] - Not connected to cluster to put record
Jul 27 2015 04:20:34 UTC: ERROR(12532) [put.cc:191] [execute] - Not connected to cluster to put record
Jul 27 2015 04:20:34 UTC: ERROR(12532) [put.cc:191] [execute] - Not connected to cluster to put record
Jul 27 2015 04:20:34 UTC: ERROR(12532) [put.cc:191] [execute] - Not connected to cluster to put record
Jul 27 2015 04:20:34 UTC: ERROR(12532) [put.cc:191] [execute] - Not connected to cluster to put record
Jul 27 2015 04:20:34 UTC: ERROR(12532) [put.cc:191] [execute] - Not connected to cluster to put record
Jul 27 2015 04:20:34 UTC: ERROR(12532) [put.cc:191] [execute] - Not connected to cluster to put record
Jul 27 2015 04:20:34 UTC: ERROR(12532) [connect.cc:69] [Connect] - Connecting to Cluster Failed
Jul 27 2015 04:20:34 UTC: ERROR(12532) [put.cc:191] [execute] - Not connected to cluster to put record
Jul 27 2015 04:20:34 UTC: ERROR(12532) [put.cc:191] [execute] - Not connected to cluster to put record
Jul 27 2015 04:20:34 UTC: ERROR(12532) [put.cc:191] [execute] - Not connected to cluster to put record
Jul 27 2015 04:20:34 UTC: ERROR(12532) [put.cc:191] [execute] - Not connected to cluster to put record
Jul 27 2015 04:20:34 UTC: ERROR(12532) [put.cc:191] [execute] - Not connected to cluster to put record
Jul 27 2015 04:20:34 UTC: ERROR(12532) [put.cc:191] [execute] - Not connected to cluster to put record
Jul 27 2015 04:20:34 UTC: ERROR(12532) [put.cc:191] [execute] - Not connected to cluster to put record
Jul 27 2015 04:20:34 UTC: ERROR(12532) [put.cc:191] [execute] - Not connected to cluster to put record
Jul 27 2015 04:20:34 UTC: ERROR(12532) [put.cc:191] [execute] - Not connected to cluster to put record
Jul 27 2015 04:20:34 UTC: ERROR(12532) [put.cc:191] [execute] - Not connected to cluster to put record
Jul 27 2015 04:20:34 UTC: ERROR(12532) [batch_get.cc:200] [execute] - Cluster Object is NULL, can't perform the operation
Jul 27 2015 04:20:34 UTC: ERROR(12532) [put.cc:191] [execute] - Not connected to cluster to put record
Jul 27 2015 04:20:34 UTC: ERROR(12532) [put.cc:191] [execute] - Not connected to cluster to put record
Jul 27 2015 04:20:34 UTC: ERROR(12532) [put.cc:191] [execute] - Not connected to cluster to put record
Jul 27 2015 04:20:34 UTC: ERROR(12532) [put.cc:191] [execute] - Not connected to cluster to put record
Jul 27 2015 04:20:34 UTC: ERROR(12532) [put.cc:191] [execute] - Not connected to cluster to put record
Jul 27 2015 04:20:34 UTC: ERROR(12532) [put.cc:191] [execute] - Not connected to cluster to put record
Jul 27 2015 04:20:34 UTC: ERROR(12532) [put.cc:191] [execute] - Not connected to cluster to put record
Jul 27 2015 04:20:34 UTC: ERROR(12532) [put.cc:191] [execute] - Not connected to cluster to put record
Jul 27 2015 04:20:34 UTC: ERROR(12532) [put.cc:191] [execute] - Not connected to cluster to put record
Jul 27 2015 04:20:34 UTC: ERROR(12532) [put.cc:191] [execute] - Not connected to cluster to put record
Jul 27 2015 04:20:34 UTC: ERROR(12532) [put.cc:191] [execute] - Not connected to cluster to put record
Jul 27 2015 04:20:34 UTC: ERROR(12532) [put.cc:191] [execute] - Not connected to cluster to put record
Jul 27 2015 04:20:34 UTC: ERROR(12532) [put.cc:191] [execute] - Not connected to cluster to put record
Jul 27 2015 04:20:34 UTC: ERROR(12532) [put.cc:191] [execute] - Not connected to cluster to put record
Jul 27 2015 04:20:34 UTC: ERROR(12532) [put.cc:191] [execute] - Not connected to cluster to put record
Jul 27 2015 04:20:34 UTC: ERROR(12532) [put.cc:191] [execute] - Not connected to cluster to put record
Jul 27 2015 04:20:34 UTC: ERROR(12532) [put.cc:191] [execute] - Not connected to cluster to put record
Jul 27 2015 04:20:34 UTC: ERROR(12532) [put.cc:191] [execute] - Not connected to cluster to put record
Jul 27 2015 04:20:34 UTC: ERROR(12532) [put.cc:191] [execute] - Not connected to cluster to put record
Jul 27 2015 04:20:34 UTC: ERROR(12532) [put.cc:191] [execute] - Not connected to cluster to put record
Jul 27 2015 04:20:34 UTC: ERROR(12532) [put.cc:191] [execute] - Not connected to cluster to put record
Jul 27 2015 04:20:34 UTC: ERROR(12532) [put.cc:191] [execute] - Not connected to cluster to put record
Jul 27 2015 04:20:34 UTC: ERROR(12532) [put.cc:191] [execute] - Not connected to cluster to put record
Jul 27 2015 04:20:34 UTC: ERROR(12532) [put.cc:191] [execute] - Not connected to cluster to put record
Jul 27 2015 04:20:34 UTC: ERROR(12532) [put.cc:191] [execute] - Not connected to cluster to put record
Jul 27 2015 04:20:34 UTC: ERROR(12532) [put.cc:191] [execute] - Not connected to cluster to put record
Jul 27 2015 04:20:34 UTC: ERROR(12532) [put.cc:191] [execute] - Not connected to cluster to put record
Jul 27 2015 04:20:34 UTC: ERROR(12532) [put.cc:191] [execute] - Not connected to cluster to put record
Jul 27 2015 04:20:34 UTC: ERROR(12532) [put.cc:191] [execute] - Not connected to cluster to put record
Jul 27 2015 04:20:34 UTC: ERROR(12532) [put.cc:191] [execute] - Not connected to cluster to put record
Jul 27 2015 04:20:34 UTC: ERROR(12532) [put.cc:191] [execute] - Not connected to cluster to put record
Jul 27 2015 04:20:34 UTC: ERROR(12532) [put.cc:191] [execute] - Not connected to cluster to put record
Jul 27 2015 04:20:34 UTC: ERROR(12532) [put.cc:191] [execute] - Not connected to cluster to put record
Jul 27 2015 04:20:34 UTC: ERROR(12532) [put.cc:191] [execute] - Not connected to cluster to put record
Jul 27 2015 04:20:34 UTC: ERROR(12532) [put.cc:191] [execute] - Not connected to cluster to put record
Jul 27 2015 04:20:34 UTC: ERROR(12532) [put.cc:191] [execute] - Not connected to cluster to put record
Jul 27 2015 04:20:34 UTC: ERROR(12532) [put.cc:191] [execute] - Not connected to cluster to put record
Jul 27 2015 04:20:34 UTC: ERROR(12532) [put.cc:191] [execute] - Not connected to cluster to put record
Jul 27 2015 04:20:34 UTC: ERROR(12532) [put.cc:191] [execute] - Not connected to cluster to put record
Jul 27 2015 04:20:34 UTC: ERROR(12532) [put.cc:191] [execute] - Not connected to cluster to put record
Jul 27 2015 04:20:34 UTC: ERROR(12532) [put.cc:191] [execute] - Not connected to cluster to put record
Jul 27 2015 04:20:34 UTC: ERROR(12532) [put.cc:191] [execute] - Not connected to cluster to put record
Jul 27 2015 04:20:34 UTC: ERROR(12532) [put.cc:191] [execute] - Not connected to cluster to put record
Jul 27 2015 04:20:34 UTC: ERROR(12532) [put.cc:191] [execute] - Not connected to cluster to put record
Jul 27 2015 04:20:34 UTC: ERROR(12532) [put.cc:191] [execute] - Not connected to cluster to put record
Jul 27 2015 04:20:34 UTC: ERROR(12532) [put.cc:191] [execute] - Not connected to cluster to put record
Jul 27 2015 04:20:34 UTC: ERROR(12532) [put.cc:191] [execute] - Not connected to cluster to put record
Jul 27 2015 04:20:34 UTC: ERROR(12532) [put.cc:191] [execute] - Not connected to cluster to put record
Jul 27 2015 04:20:34 UTC: ERROR(12532) [put.cc:191] [execute] - Not connected to cluster to put record
Jul 27 2015 04:20:34 UTC: ERROR(12532) [put.cc:191] [execute] - Not connected to cluster to put record
Jul 27 2015 04:20:34 UTC: ERROR(12532) [put.cc:191] [execute] - Not connected to cluster to put record
Jul 27 2015 04:20:34 UTC: ERROR(12532) [put.cc:191] [execute] - Not connected to cluster to put record
Jul 27 2015 04:20:34 UTC: ERROR(12532) [put.cc:191] [execute] - Not connected to cluster to put record
Jul 27 2015 04:20:34 UTC: ERROR(12532) [put.cc:191] [execute] - Not connected to cluster to put record
Jul 27 2015 04:20:34 UTC: ERROR(12532) [put.cc:191] [execute] - Not connected to cluster to put record
Jul 27 2015 04:20:34 UTC: ERROR(12532) [put.cc:191] [execute] - Not connected to cluster to put record
Jul 27 2015 04:20:34 UTC: ERROR(12532) [put.cc:191] [execute] - Not connected to cluster to put record
Jul 27 2015 04:20:34 UTC: ERROR(12532) [put.cc:191] [execute] - Not connected to cluster to put record
Jul 27 2015 04:20:34 UTC: ERROR(12532) [put.cc:191] [execute] - Not connected to cluster to put record
Jul 27 2015 04:20:34 UTC: ERROR(12532) [put.cc:191] [execute] - Not connected to cluster to put record
Jul 27 2015 04:20:34 UTC: ERROR(12532) [put.cc:191] [execute] - Not connected to cluster to put record
Jul 27 2015 04:20:34 UTC: ERROR(12532) [put.cc:191] [execute] - Not connected to cluster to put record
Jul 27 2015 04:20:34 UTC: ERROR(12532) [put.cc:191] [execute] - Not connected to cluster to put record
Jul 27 2015 04:20:34 UTC: ERROR(12532) [put.cc:191] [execute] - Not connected to cluster to put record
Jul 27 2015 04:20:34 UTC: ERROR(12532) [put.cc:191] [execute] - Not connected to cluster to put record
Jul 27 2015 04:20:34 UTC: ERROR(12532) [put.cc:191] [execute] - Not connected to cluster to put record
Jul 27 2015 04:20:34 UTC: ERROR(12532) [put.cc:191] [execute] - Not connected to cluster to put record
Jul 27 2015 04:20:34 UTC: ERROR(12532) [put.cc:191] [execute] - Not connected to cluster to put record
Jul 27 2015 04:20:34 UTC: ERROR(12532) [put.cc:191] [execute] - Not connected to cluster to put record
Jul 27 2015 04:20:34 UTC: ERROR(12532) [put.cc:191] [execute] - Not connected to cluster to put record
Jul 27 2015 04:20:34 UTC: ERROR(12532) [put.cc:191] [execute] - Not connected to cluster to put record
Jul 27 2015 04:20:34 UTC: ERROR(12532) [put.cc:191] [execute] - Not connected to cluster to put record
Jul 27 2015 04:20:34 UTC: ERROR(12532) [put.cc:191] [execute] - Not connected to cluster to put record
Jul 27 2015 04:20:34 UTC: ERROR(12532) [put.cc:191] [execute] - Not connected to cluster to put record
Jul 27 2015 04:20:34 UTC: ERROR(12532) [put.cc:191] [execute] - Not connected to cluster to put record
Jul 27 2015 04:20:34 UTC: ERROR(12532) [put.cc:191] [execute] - Not connected to cluster to put record
Jul 27 2015 04:20:34 UTC: ERROR(12532) [put.cc:191] [execute] - Not connected to cluster to put record
Jul 27 2015 04:20:34 UTC: ERROR(12532) [put.cc:191] [execute] - Not connected to cluster to put record
Jul 27 2015 04:20:34 UTC: ERROR(12532) [put.cc:191] [execute] - Not connected to cluster to put record
Jul 27 2015 04:20:34 UTC: ERROR(12532) [put.cc:191] [execute] - Not connected to cluster to put record
Jul 27 2015 04:20:34 UTC: ERROR(12532) [put.cc:191] [execute] - Not connected to cluster to put record
Jul 27 2015 04:20:34 UTC: ERROR(12532) [put.cc:191] [execute] - Not connected to cluster to put record
Jul 27 2015 04:20:34 UTC: ERROR(12532) [put.cc:191] [execute] - Not connected to cluster to put record
Jul 27 2015 04:20:34 UTC: ERROR(12532) [put.cc:191] [execute] - Not connected to cluster to put record
Jul 27 2015 04:20:34 UTC: ERROR(12532) [put.cc:191] [execute] - Not connected to cluster to put record
Jul 27 2015 04:20:34 UTC: ERROR(12532) [put.cc:191] [execute] - Not connected to cluster to put record
Jul 27 2015 04:20:34 UTC: ERROR(12532) [put.cc:191] [execute] - Not connected to cluster to put record
Jul 27 2015 04:20:34 UTC: ERROR(12532) [put.cc:191] [execute] - Not connected to cluster to put record
Jul 27 2015 04:20:34 UTC: ERROR(12532) [put.cc:191] [execute] - Not connected to cluster to put record
Jul 27 2015 04:20:34 UTC: ERROR(12532) [put.cc:191] [execute] - Not connected to cluster to put record
Jul 27 2015 04:20:34 UTC: ERROR(12532) [put.cc:191] [execute] - Not connected to cluster to put record
Jul 27 2015 04:20:34 UTC: ERROR(12532) [put.cc:191] [execute] - Not connected to cluster to put record
Jul 27 2015 04:20:34 UTC: ERROR(12532) [put.cc:191] [execute] - Not connected to cluster to put record
Jul 27 2015 04:20:34 UTC: ERROR(12532) [put.cc:191] [execute] - Not connected to cluster to put record
Jul 27 2015 04:20:34 UTC: ERROR(12532) [put.cc:191] [execute] - Not connected to cluster to put record
Jul 27 2015 04:20:34 UTC: ERROR(12532) [put.cc:191] [execute] - Not connected to cluster to put record
Jul 27 2015 04:20:34 UTC: ERROR(12532) [put.cc:191] [execute] - Not connected to cluster to put record
Jul 27 2015 04:20:34 UTC: ERROR(12532) [put.cc:191] [execute] - Not connected to cluster to put record
Jul 27 2015 04:20:34 UTC: ERROR(12532) [put.cc:191] [execute] - Not connected to cluster to put record
Jul 27 2015 04:20:34 UTC: ERROR(12532) [put.cc:191] [execute] - Not connected to cluster to put record
Jul 27 2015 04:20:34 UTC: ERROR(12532) [put.cc:191] [execute] - Not connected to cluster to put record
Jul 27 2015 04:20:34 UTC: ERROR(12532) [put.cc:191] [execute] - Not connected to cluster to put record
Jul 27 2015 04:20:34 UTC: ERROR(12532) [put.cc:191] [execute] - Not connected to cluster to put record
Jul 27 2015 04:20:34 UTC: ERROR(12532) [put.cc:191] [execute] - Not connected to cluster to put record
Jul 27 2015 04:20:34 UTC: ERROR(12532) [put.cc:191] [execute] - Not connected to cluster to put record
Jul 27 2015 04:20:34 UTC: ERROR(12532) [put.cc:191] [execute] - Not connected to cluster to put record
Jul 27 2015 04:20:34 UTC: ERROR(12532) [put.cc:191] [execute] - Not connected to cluster to put record
Jul 27 2015 04:20:34 UTC: ERROR(12532) [put.cc:191] [execute] - Not connected to cluster to put record
Jul 27 2015 04:20:34 UTC: ERROR(12532) [put.cc:191] [execute] - Not connected to cluster to put record
Jul 27 2015 04:20:34 UTC: ERROR(12532) [put.cc:191] [execute] - Not connected to cluster to put record
Jul 27 2015 04:20:34 UTC: ERROR(12532) [put.cc:191] [execute] - Not connected to cluster to put record
Jul 27 2015 04:20:34 UTC: ERROR(12532) [put.cc:191] [execute] - Not connected to cluster to put record
Jul 27 2015 04:20:34 UTC: ERROR(12532) [put.cc:191] [execute] - Not connected to cluster to put record
Jul 27 2015 04:20:34 UTC: ERROR(12532) [put.cc:191] [execute] - Not connected to cluster to put record
Jul 27 2015 04:20:34 UTC: ERROR(12532) [put.cc:191] [execute] - Not connected to cluster to put record
Jul 27 2015 04:20:34 UTC: ERROR(12532) [put.cc:191] [execute] - Not connected to cluster to put record
Jul 27 2015 04:20:34 UTC: ERROR(12532) [put.cc:191] [execute] - Not connected to cluster to put record
Jul 27 2015 04:20:34 UTC: ERROR(12532) [put.cc:191] [execute] - Not connected to cluster to put record
Jul 27 2015 04:20:34 UTC: ERROR(12532) [put.cc:191] [execute] - Not connected to cluster to put record
Jul 27 2015 04:20:34 UTC: ERROR(12532) [put.cc:191] [execute] - Not connected to cluster to put record
Jul 27 2015 04:20:34 UTC: ERROR(12532) [put.cc:191] [execute] - Not connected to cluster to put record
Jul 27 2015 04:20:34 UTC: ERROR(12532) [put.cc:191] [execute] - Not connected to cluster to put record
Jul 27 2015 04:20:34 UTC: ERROR(12532) [put.cc:191] [execute] - Not connected to cluster to put record
Jul 27 2015 04:20:34 UTC: ERROR(12532) [put.cc:191] [execute] - Not connected to cluster to put record
Jul 27 2015 04:20:34 UTC: ERROR(12532) [put.cc:191] [execute] - Not connected to cluster to put record
Jul 27 2015 04:20:34 UTC: ERROR(12532) [put.cc:191] [execute] - Not connected to cluster to put record
Jul 27 2015 04:20:34 UTC: ERROR(12532) [put.cc:191] [execute] - Not connected to cluster to put record
Jul 27 2015 04:20:34 UTC: ERROR(12532) [put.cc:191] [execute] - Not connected to cluster to put record
Jul 27 2015 04:20:34 UTC: ERROR(12532) [put.cc:191] [execute] - Not connected to cluster to put record
Jul 27 2015 04:20:34 UTC: ERROR(12532) [put.cc:191] [execute] - Not connected to cluster to put record
Jul 27 2015 04:20:34 UTC: ERROR(12532) [put.cc:191] [execute] - Not connected to cluster to put record
Jul 27 2015 04:20:34 UTC: ERROR(12532) [put.cc:191] [execute] - Not connected to cluster to put record
Jul 27 2015 04:20:34 UTC: ERROR(12532) [put.cc:191] [execute] - Not connected to cluster to put record
Jul 27 2015 04:20:34 UTC: ERROR(12532) [put.cc:191] [execute] - Not connected to cluster to put record
Jul 27 2015 04:20:34 UTC: ERROR(12532) [put.cc:191] [execute] - Not connected to cluster to put record
Jul 27 2015 04:20:34 UTC: ERROR(12532) [put.cc:191] [execute] - Not connected to cluster to put record
Jul 27 2015 04:20:34 UTC: ERROR(12532) [put.cc:191] [execute] - Not connected to cluster to put record
Jul 27 2015 04:20:34 UTC: ERROR(12532) [put.cc:191] [execute] - Not connected to cluster to put record
Jul 27 2015 04:20:34 UTC: ERROR(12532) [put.cc:191] [execute] - Not connected to cluster to put record
Jul 27 2015 04:20:34 UTC: ERROR(12532) [put.cc:191] [execute] - Not connected to cluster to put record
Jul 27 2015 04:20:34 UTC: ERROR(12532) [put.cc:191] [execute] - Not connected to cluster to put record
Jul 27 2015 04:20:34 UTC: ERROR(12532) [put.cc:191] [execute] - Not connected to cluster to put record
Jul 27 2015 04:20:34 UTC: ERROR(12532) [put.cc:191] [execute] - Not connected to cluster to put record
Jul 27 2015 04:20:34 UTC: ERROR(12532) [put.cc:191] [execute] - Not connected to cluster to put record
Jul 27 2015 04:20:34 UTC: ERROR(12532) [put.cc:191] [execute] - Not connected to cluster to put record
Jul 27 2015 04:20:34 UTC: ERROR(12532) [put.cc:191] [execute] - Not connected to cluster to put record
Jul 27 2015 04:20:34 UTC: ERROR(12532) [put.cc:191] [execute] - Not connected to cluster to put record
Jul 27 2015 04:20:34 UTC: ERROR(12532) [put.cc:191] [execute] - Not connected to cluster to put record
Jul 27 2015 04:20:34 UTC: ERROR(12532) [put.cc:191] [execute] - Not connected to cluster to put record
Jul 27 2015 04:20:34 UTC: ERROR(12532) [put.cc:191] [execute] - Not connected to cluster to put record
Jul 27 2015 04:20:34 UTC: ERROR(12532) [put.cc:191] [execute] - Not connected to cluster to put record
Jul 27 2015 04:20:34 UTC: ERROR(12532) [put.cc:191] [execute] - Not connected to cluster to put record
Jul 27 2015 04:20:34 UTC: ERROR(12532) [put.cc:191] [execute] - Not connected to cluster to put record
Jul 27 2015 04:20:34 UTC: ERROR(12532) [put.cc:191] [execute] - Not connected to cluster to put record
Jul 27 2015 04:20:34 UTC: ERROR(12532) [put.cc:191] [execute] - Not connected to cluster to put record
Jul 27 2015 04:20:34 UTC: ERROR(12532) [put.cc:191] [execute] - Not connected to cluster to put record
Jul 27 2015 04:20:34 UTC: ERROR(12532) [put.cc:191] [execute] - Not connected to cluster to put record
Jul 27 2015 04:20:34 UTC: ERROR(12532) [put.cc:191] [execute] - Not connected to cluster to put record
Jul 27 2015 04:20:34 UTC: ERROR(12532) [put.cc:191] [execute] - Not connected to cluster to put record
Jul 27 2015 04:20:34 UTC: ERROR(12532) [put.cc:191] [execute] - Not connected to cluster to put record
Jul 27 2015 04:20:34 UTC: ERROR(12532) [put.cc:191] [execute] - Not connected to cluster to put record
Jul 27 2015 04:20:34 UTC: ERROR(12532) [put.cc:191] [execute] - Not connected to cluster to put record
Jul 27 2015 04:20:34 UTC: ERROR(12532) [put.cc:191] [execute] - Not connected to cluster to put record
Jul 27 2015 04:20:34 UTC: ERROR(12532) [put.cc:191] [execute] - Not connected to cluster to put record
Jul 27 2015 04:20:34 UTC: ERROR(12532) [put.cc:191] [execute] - Not connected to cluster to put record
Jul 27 2015 04:20:34 UTC: ERROR(12532) [put.cc:191] [execute] - Not connected to cluster to put record
Jul 27 2015 04:20:34 UTC: ERROR(12532) [put.cc:191] [execute] - Not connected to cluster to put record
Jul 27 2015 04:20:34 UTC: ERROR(12532) [put.cc:191] [execute] - Not connected to cluster to put record
Jul 27 2015 04:20:34 UTC: ERROR(12532) [put.cc:191] [execute] - Not connected to cluster to put record
Jul 27 2015 04:20:34 UTC: ERROR(12532) [put.cc:191] [execute] - Not connected to cluster to put record
Jul 27 2015 04:20:34 UTC: ERROR(12532) [put.cc:191] [execute] - Not connected to cluster to put record
Jul 27 2015 04:20:34 UTC: ERROR(12532) [put.cc:191] [execute] - Not connected to cluster to put record
Jul 27 2015 04:20:34 UTC: ERROR(12532) [put.cc:191] [execute] - Not connected to cluster to put record
Jul 27 2015 04:20:34 UTC: ERROR(12532) [put.cc:191] [execute] - Not connected to cluster to put record
Jul 27 2015 04:20:34 UTC: ERROR(12532) [put.cc:191] [execute] - Not connected to cluster to put record
Jul 27 2015 04:20:34 UTC: ERROR(12532) [put.cc:191] [execute] - Not connected to cluster to put record
Jul 27 2015 04:20:34 UTC: ERROR(12532) [put.cc:191] [execute] - Not connected to cluster to put record
Jul 27 2015 04:20:34 UTC: ERROR(12532) [put.cc:191] [execute] - Not connected to cluster to put record
Jul 27 2015 04:20:34 UTC: ERROR(12532) [put.cc:191] [execute] - Not connected to cluster to put record
Jul 27 2015 04:20:34 UTC: ERROR(12532) [put.cc:191] [execute] - Not connected to cluster to put record
Jul 27 2015 04:20:34 UTC: ERROR(12532) [put.cc:191] [execute] - Not connected to cluster to put record
Jul 27 2015 04:20:34 UTC: ERROR(12532) [put.cc:191] [execute] - Not connected to cluster to put record
Jul 27 2015 04:20:34 UTC: ERROR(12532) [put.cc:191] [execute] - Not connected to cluster to put record
Jul 27 2015 04:20:34 UTC: ERROR(12532) [put.cc:191] [execute] - Not connected to cluster to put record
Jul 27 2015 04:20:34 UTC: ERROR(12532) [put.cc:191] [execute] - Not connected to cluster to put record
Jul 27 2015 04:20:34 UTC: ERROR(12532) [put.cc:191] [execute] - Not connected to cluster to put record
Jul 27 2015 04:20:34 UTC: ERROR(12532) [put.cc:191] [execute] - Not connected to cluster to put record
Jul 27 2015 04:20:34 UTC: ERROR(12532) [put.cc:191] [execute] - Not connected to cluster to put record
Jul 27 2015 04:20:34 UTC: ERROR(12532) [put.cc:191] [execute] - Not connected to cluster to put record
Jul 27 2015 04:20:34 UTC: ERROR(12532) [put.cc:191] [execute] - Not connected to cluster to put record
Jul 27 2015 04:20:34 UTC: ERROR(12532) [put.cc:191] [execute] - Not connected to cluster to put record
Jul 27 2015 04:20:34 UTC: ERROR(12532) [put.cc:191] [execute] - Not connected to cluster to put record
Jul 27 2015 04:20:34 UTC: ERROR(12532) [put.cc:191] [execute] - Not connected to cluster to put record
Jul 27 2015 04:20:34 UTC: ERROR(12532) [put.cc:191] [execute] - Not connected to cluster to put record
Jul 27 2015 04:20:34 UTC: ERROR(12532) [put.cc:191] [execute] - Not connected to cluster to put record
Jul 27 2015 04:20:34 UTC: ERROR(12532) [put.cc:191] [execute] - Not connected to cluster to put record
Jul 27 2015 04:20:34 UTC: ERROR(12532) [put.cc:191] [execute] - Not connected to cluster to put record
Jul 27 2015 04:20:34 UTC: ERROR(12532) [put.cc:191] [execute] - Not connected to cluster to put record
Jul 27 2015 04:20:34 UTC: ERROR(12532) [put.cc:191] [execute] - Not connected to cluster to put record
Jul 27 2015 04:20:34 UTC: ERROR(12532) [put.cc:191] [execute] - Not connected to cluster to put record
Jul 27 2015 04:20:34 UTC: ERROR(12532) [put.cc:191] [execute] - Not connected to cluster to put record
Jul 27 2015 04:20:35 UTC: ERROR(12532) [put.cc:191] [execute] - Not connected to cluster to put record
Jul 27 2015 04:20:35 UTC: ERROR(12532) [put.cc:191] [execute] - Not connected to cluster to put record
Jul 27 2015 04:20:35 UTC: ERROR(12532) [put.cc:191] [execute] - Not connected to cluster to put record
Jul 27 2015 04:20:35 UTC: ERROR(12532) [put.cc:191] [execute] - Not connected to cluster to put record
Jul 27 2015 04:20:35 UTC: ERROR(12532) [put.cc:191] [execute] - Not connected to cluster to put record
Jul 27 2015 04:20:35 UTC: ERROR(12532) [put.cc:191] [execute] - Not connected to cluster to put record
Jul 27 2015 04:20:35 UTC: ERROR(12532) [put.cc:191] [execute] - Not connected to cluster to put record
Jul 27 2015 04:20:35 UTC: ERROR(12532) [put.cc:191] [execute] - Not connected to cluster to put record
Jul 27 2015 04:20:35 UTC: ERROR(12532) [put.cc:191] [execute] - Not connected to cluster to put record
Jul 27 2015 04:20:35 UTC: ERROR(12532) [put.cc:191] [execute] - Not connected to cluster to put record
Jul 27 2015 04:20:35 UTC: ERROR(12532) [put.cc:191] [execute] - Not connected to cluster to put record
Jul 27 2015 04:20:35 UTC: ERROR(12532) [put.cc:191] [execute] - Not connected to cluster to put record
Jul 27 2015 04:20:35 UTC: ERROR(12532) [put.cc:191] [execute] - Not connected to cluster to put record
Jul 27 2015 04:20:35 UTC: ERROR(12532) [put.cc:191] [execute] - Not connected to cluster to put record
Jul 27 2015 04:20:35 UTC: ERROR(12532) [put.cc:191] [execute] - Not connected to cluster to put record
Jul 27 2015 04:20:35 UTC: ERROR(12532) [put.cc:191] [execute] - Not connected to cluster to put record
Jul 27 2015 04:20:35 UTC: ERROR(12532) [put.cc:191] [execute] - Not connected to cluster to put record
Jul 27 2015 04:20:35 UTC: ERROR(12532) [put.cc:191] [execute] - Not connected to cluster to put record
Jul 27 2015 04:20:35 UTC: ERROR(12532) [put.cc:191] [execute] - Not connected to cluster to put record
Jul 27 2015 04:20:35 UTC: ERROR(12532) [put.cc:191] [execute] - Not connected to cluster to put record
Jul 27 2015 04:20:35 UTC: ERROR(12532) [put.cc:191] [execute] - Not connected to cluster to put record
Jul 27 2015 04:20:35 UTC: ERROR(12532) [put.cc:191] [execute] - Not connected to cluster to put record
Jul 27 2015 04:20:35 UTC: ERROR(12532) [put.cc:191] [execute] - Not connected to cluster to put record
Jul 27 2015 04:20:35 UTC: ERROR(12532) [put.cc:191] [execute] - Not connected to cluster to put record
Jul 27 2015 04:20:35 UTC: ERROR(12532) [put.cc:191] [execute] - Not connected to cluster to put record
Jul 27 2015 04:20:35 UTC: ERROR(12532) [put.cc:191] [execute] - Not connected to cluster to put record
Jul 27 2015 04:20:35 UTC: ERROR(12532) [put.cc:191] [execute] - Not connected to cluster to put record
Jul 27 2015 04:20:35 UTC: ERROR(12532) [put.cc:191] [execute] - Not connected to cluster to put record
Jul 27 2015 04:20:35 UTC: ERROR(12532) [put.cc:191] [execute] - Not connected to cluster to put record
Jul 27 2015 04:20:35 UTC: ERROR(12532) [put.cc:191] [execute] - Not connected to cluster to put record
Jul 27 2015 04:20:35 UTC: ERROR(12532) [put.cc:191] [execute] - Not connected to cluster to put record
Jul 27 2015 04:20:35 UTC: ERROR(12532) [put.cc:191] [execute] - Not connected to cluster to put record
Jul 27 2015 04:20:35 UTC: ERROR(12532) [put.cc:191] [execute] - Not connected to cluster to put record
Jul 27 2015 04:20:35 UTC: ERROR(12532) [put.cc:191] [execute] - Not connected to cluster to put record
Jul 27 2015 04:20:35 UTC: ERROR(12532) [put.cc:191] [execute] - Not connected to cluster to put record
Jul 27 2015 04:20:35 UTC: ERROR(12532) [put.cc:191] [execute] - Not connected to cluster to put record
Jul 27 2015 04:20:35 UTC: ERROR(12532) [put.cc:191] [execute] - Not connected to cluster to put record
Jul 27 2015 04:20:35 UTC: ERROR(12532) [put.cc:191] [execute] - Not connected to cluster to put record
Jul 27 2015 04:20:35 UTC: ERROR(12532) [put.cc:191] [execute] - Not connected to cluster to put record
Jul 27 2015 04:20:35 UTC: ERROR(12532) [put.cc:191] [execute] - Not connected to cluster to put record
Jul 27 2015 04:20:35 UTC: ERROR(12532) [put.cc:191] [execute] - Not connected to cluster to put record
Jul 27 2015 04:20:35 UTC: ERROR(12532) [put.cc:191] [execute] - Not connected to cluster to put record
Jul 27 2015 04:20:35 UTC: ERROR(12532) [put.cc:191] [execute] - Not connected to cluster to put record
Jul 27 2015 04:20:35 UTC: ERROR(12532) [put.cc:191] [execute] - Not connected to cluster to put record
Jul 27 2015 04:20:35 UTC: ERROR(12532) [put.cc:191] [execute] - Not connected to cluster to put record
Jul 27 2015 04:20:35 UTC: ERROR(12532) [put.cc:191] [execute] - Not connected to cluster to put record
Jul 27 2015 04:20:35 UTC: ERROR(12532) [put.cc:191] [execute] - Not connected to cluster to put record
Jul 27 2015 04:20:35 UTC: ERROR(12532) [put.cc:191] [execute] - Not connected to cluster to put record
Jul 27 2015 04:20:35 UTC: ERROR(12532) [put.cc:191] [execute] - Not connected to cluster to put record
Jul 27 2015 04:20:35 UTC: ERROR(12532) [put.cc:191] [execute] - Not connected to cluster to put record
Jul 27 2015 04:20:35 UTC: ERROR(12532) [put.cc:191] [execute] - Not connected to cluster to put record
Jul 27 2015 04:20:35 UTC: ERROR(12532) [put.cc:191] [execute] - Not connected to cluster to put record
Jul 27 2015 04:20:35 UTC: ERROR(12532) [put.cc:191] [execute] - Not connected to cluster to put record
Jul 27 2015 04:20:35 UTC: ERROR(12532) [put.cc:191] [execute] - Not connected to cluster to put record
Jul 27 2015 04:20:35 UTC: ERROR(12532) [put.cc:191] [execute] - Not connected to cluster to put record
Jul 27 2015 04:20:35 UTC: ERROR(12532) [put.cc:191] [execute] - Not connected to cluster to put record
Jul 27 2015 04:20:35 UTC: ERROR(12532) [put.cc:191] [execute] - Not connected to cluster to put record
Jul 27 2015 04:20:35 UTC: ERROR(12532) [put.cc:191] [execute] - Not connected to cluster to put record
Jul 27 2015 04:20:35 UTC: ERROR(12532) [put.cc:191] [execute] - Not connected to cluster to put record
Jul 27 2015 04:20:35 UTC: ERROR(12532) [put.cc:191] [execute] - Not connected to cluster to put record
Jul 27 2015 04:20:35 UTC: ERROR(12532) [put.cc:191] [execute] - Not connected to cluster to put record
Jul 27 2015 04:20:35 UTC: ERROR(12532) [put.cc:191] [execute] - Not connected to cluster to put record
Jul 27 2015 04:20:35 UTC: ERROR(12532) [put.cc:191] [execute] - Not connected to cluster to put record
Jul 27 2015 04:20:35 UTC: ERROR(12532) [put.cc:191] [execute] - Not connected to cluster to put record
Jul 27 2015 04:20:35 UTC: ERROR(12532) [put.cc:191] [execute] - Not connected to cluster to put record
Jul 27 2015 04:20:35 UTC: ERROR(12532) [put.cc:191] [execute] - Not connected to cluster to put record
Jul 27 2015 04:20:35 UTC: ERROR(12532) [put.cc:191] [execute] - Not connected to cluster to put record
Jul 27 2015 04:20:35 UTC: ERROR(12532) [put.cc:191] [execute] - Not connected to cluster to put record
Jul 27 2015 04:20:35 UTC: ERROR(12532) [put.cc:191] [execute] - Not connected to cluster to put record
Jul 27 2015 04:20:35 UTC: ERROR(12532) [put.cc:191] [execute] - Not connected to cluster to put record
Jul 27 2015 04:20:35 UTC: ERROR(12532) [put.cc:191] [execute] - Not connected to cluster to put record
Jul 27 2015 04:20:35 UTC: ERROR(12532) [put.cc:191] [execute] - Not connected to cluster to put record
Jul 27 2015 04:20:35 UTC: ERROR(12532) [put.cc:191] [execute] - Not connected to cluster to put record
Jul 27 2015 04:20:35 UTC: ERROR(12532) [put.cc:191] [execute] - Not connected to cluster to put record
Jul 27 2015 04:20:35 UTC: ERROR(12532) [put.cc:191] [execute] - Not connected to cluster to put record
Jul 27 2015 04:20:35 UTC: ERROR(12532) [put.cc:191] [execute] - Not connected to cluster to put record
Jul 27 2015 04:20:35 UTC: ERROR(12532) [put.cc:191] [execute] - Not connected to cluster to put record
Jul 27 2015 04:20:35 UTC: ERROR(12532) [put.cc:191] [execute] - Not connected to cluster to put record
Jul 27 2015 04:20:35 UTC: ERROR(12532) [put.cc:191] [execute] - Not connected to cluster to put record
Jul 27 2015 04:20:35 UTC: ERROR(12532) [put.cc:191] [execute] - Not connected to cluster to put record
Jul 27 2015 04:20:35 UTC: ERROR(12532) [put.cc:191] [execute] - Not connected to cluster to put record
Jul 27 2015 04:20:35 UTC: ERROR(12532) [put.cc:191] [execute] - Not connected to cluster to put record
Jul 27 2015 04:20:35 UTC: ERROR(12532) [put.cc:191] [execute] - Not connected to cluster to put record
Jul 27 2015 04:20:35 UTC: ERROR(12532) [put.cc:191] [execute] - Not connected to cluster to put record
Jul 27 2015 04:20:35 UTC: ERROR(12532) [put.cc:191] [execute] - Not connected to cluster to put record
Jul 27 2015 04:20:35 UTC: ERROR(12532) [put.cc:191] [execute] - Not connected to cluster to put record
Jul 27 2015 04:20:35 UTC: ERROR(12532) [put.cc:191] [execute] - Not connected to cluster to put record
Jul 27 2015 04:20:35 UTC: ERROR(12532) [put.cc:191] [execute] - Not connected to cluster to put record
Jul 27 2015 04:20:35 UTC: ERROR(12532) [put.cc:191] [execute] - Not connected to cluster to put record
Jul 27 2015 04:20:35 UTC: ERROR(12532) [put.cc:191] [execute] - Not connected to cluster to put record
Jul 27 2015 04:20:35 UTC: ERROR(12532) [put.cc:191] [execute] - Not connected to cluster to put record
Jul 27 2015 04:20:35 UTC: ERROR(12532) [put.cc:191] [execute] - Not connected to cluster to put record
Jul 27 2015 04:20:35 UTC: ERROR(12532) [put.cc:191] [execute] - Not connected to cluster to put record
Jul 27 2015 04:20:35 UTC: ERROR(12532) [put.cc:191] [execute] - Not connected to cluster to put record
Jul 27 2015 04:20:35 UTC: ERROR(12532) [put.cc:191] [execute] - Not connected to cluster to put record
Jul 27 2015 04:20:35 UTC: ERROR(12532) [put.cc:191] [execute] - Not connected to cluster to put record
Jul 27 2015 04:20:35 UTC: ERROR(12532) [put.cc:191] [execute] - Not connected to cluster to put record
Jul 27 2015 04:20:35 UTC: ERROR(12532) [put.cc:191] [execute] - Not connected to cluster to put record
Jul 27 2015 04:20:35 UTC: ERROR(12532) [put.cc:191] [execute] - Not connected to cluster to put record
Jul 27 2015 04:20:35 UTC: ERROR(12532) [put.cc:191] [execute] - Not connected to cluster to put record
Jul 27 2015 04:20:35 UTC: ERROR(12532) [put.cc:191] [execute] - Not connected to cluster to put record
Jul 27 2015 04:20:35 UTC: ERROR(12532) [put.cc:191] [execute] - Not connected to cluster to put record
Jul 27 2015 04:20:35 UTC: ERROR(12532) [put.cc:191] [execute] - Not connected to cluster to put record
Jul 27 2015 04:20:35 UTC: ERROR(12532) [put.cc:191] [execute] - Not connected to cluster to put record
Jul 27 2015 04:20:35 UTC: ERROR(12532) [put.cc:191] [execute] - Not connected to cluster to put record
Jul 27 2015 04:20:35 UTC: ERROR(12532) [put.cc:191] [execute] - Not connected to cluster to put record
Jul 27 2015 04:20:35 UTC: ERROR(12532) [put.cc:191] [execute] - Not connected to cluster to put record
Jul 27 2015 04:20:35 UTC: ERROR(12532) [put.cc:191] [execute] - Not connected to cluster to put record
Jul 27 2015 04:20:35 UTC: ERROR(12532) [put.cc:191] [execute] - Not connected to cluster to put record
Jul 27 2015 04:20:35 UTC: ERROR(12532) [put.cc:191] [execute] - Not connected to cluster to put record
Jul 27 2015 04:20:35 UTC: ERROR(12532) [put.cc:191] [execute] - Not connected to cluster to put record
Jul 27 2015 04:20:35 UTC: ERROR(12532) [put.cc:191] [execute] - Not connected to cluster to put record
Jul 27 2015 04:20:35 UTC: ERROR(12532) [put.cc:191] [execute] - Not connected to cluster to put record
Jul 27 2015 04:20:35 UTC: ERROR(12532) [put.cc:191] [execute] - Not connected to cluster to put record
Jul 27 2015 04:20:35 UTC: ERROR(12532) [put.cc:191] [execute] - Not connected to cluster to put record
Jul 27 2015 04:20:35 UTC: ERROR(12532) [put.cc:191] [execute] - Not connected to cluster to put record
Jul 27 2015 04:20:35 UTC: ERROR(12532) [put.cc:191] [execute] - Not connected to cluster to put record
Jul 27 2015 04:20:35 UTC: ERROR(12532) [put.cc:191] [execute] - Not connected to cluster to put record
Jul 27 2015 04:20:35 UTC: ERROR(12532) [put.cc:191] [execute] - Not connected to cluster to put record
Jul 27 2015 04:20:35 UTC: ERROR(12532) [put.cc:191] [execute] - Not connected to cluster to put record
Jul 27 2015 04:20:35 UTC: ERROR(12532) [put.cc:191] [execute] - Not connected to cluster to put record
Jul 27 2015 04:20:35 UTC: ERROR(12532) [put.cc:191] [execute] - Not connected to cluster to put record
Jul 27 2015 04:20:35 UTC: ERROR(12532) [put.cc:191] [execute] - Not connected to cluster to put record
Jul 27 2015 04:20:35 UTC: ERROR(12532) [put.cc:191] [execute] - Not connected to cluster to put record
Jul 27 2015 04:20:35 UTC: ERROR(12532) [put.cc:191] [execute] - Not connected to cluster to put record
Jul 27 2015 04:20:35 UTC: ERROR(12532) [put.cc:191] [execute] - Not connected to cluster to put record
Jul 27 2015 04:20:35 UTC: ERROR(12532) [put.cc:191] [execute] - Not connected to cluster to put record
Jul 27 2015 04:20:35 UTC: ERROR(12532) [put.cc:191] [execute] - Not connected to cluster to put record
Jul 27 2015 04:20:35 UTC: ERROR(12532) [put.cc:191] [execute] - Not connected to cluster to put record
Jul 27 2015 04:20:35 UTC: ERROR(12532) [put.cc:191] [execute] - Not connected to cluster to put record
Jul 27 2015 04:20:35 UTC: ERROR(12532) [put.cc:191] [execute] - Not connected to cluster to put record
Jul 27 2015 04:20:35 UTC: ERROR(12532) [put.cc:191] [execute] - Not connected to cluster to put record
Jul 27 2015 04:20:35 UTC: ERROR(12532) [put.cc:191] [execute] - Not connected to cluster to put record
Jul 27 2015 04:20:35 UTC: ERROR(12532) [put.cc:191] [execute] - Not connected to cluster to put record
Jul 27 2015 04:20:35 UTC: ERROR(12532) [put.cc:191] [execute] - Not connected to cluster to put record
Jul 27 2015 04:20:35 UTC: ERROR(12532) [put.cc:191] [execute] - Not connected to cluster to put record
Jul 27 2015 04:20:35 UTC: ERROR(12532) [put.cc:191] [execute] - Not connected to cluster to put record
Jul 27 2015 04:20:35 UTC: ERROR(12532) [put.cc:191] [execute] - Not connected to cluster to put record
Jul 27 2015 04:20:35 UTC: ERROR(12532) [put.cc:191] [execute] - Not connected to cluster to put record
Jul 27 2015 04:20:35 UTC: ERROR(12532) [put.cc:191] [execute] - Not connected to cluster to put record
Jul 27 2015 04:20:35 UTC: ERROR(12532) [put.cc:191] [execute] - Not connected to cluster to put record
Jul 27 2015 04:20:35 UTC: ERROR(12532) [put.cc:191] [execute] - Not connected to cluster to put record
Jul 27 2015 04:20:35 UTC: ERROR(12532) [put.cc:191] [execute] - Not connected to cluster to put record
Jul 27 2015 04:20:35 UTC: ERROR(12532) [put.cc:191] [execute] - Not connected to cluster to put record
Jul 27 2015 04:20:35 UTC: ERROR(12532) [put.cc:191] [execute] - Not connected to cluster to put record
Jul 27 2015 04:20:35 UTC: ERROR(12532) [put.cc:191] [execute] - Not connected to cluster to put record
Jul 27 2015 04:20:35 UTC: ERROR(12532) [put.cc:191] [execute] - Not connected to cluster to put record
Jul 27 2015 04:20:35 UTC: ERROR(12532) [put.cc:191] [execute] - Not connected to cluster to put record
Jul 27 2015 04:20:35 UTC: ERROR(12532) [put.cc:191] [execute] - Not connected to cluster to put record
Jul 27 2015 04:20:35 UTC: ERROR(12532) [put.cc:191] [execute] - Not connected to cluster to put record
Jul 27 2015 04:20:35 UTC: ERROR(12532) [put.cc:191] [execute] - Not connected to cluster to put record
Jul 27 2015 04:20:35 UTC: ERROR(12532) [put.cc:191] [execute] - Not connected to cluster to put record
Jul 27 2015 04:20:35 UTC: ERROR(12532) [put.cc:191] [execute] - Not connected to cluster to put record
Jul 27 2015 04:20:35 UTC: ERROR(12532) [put.cc:191] [execute] - Not connected to cluster to put record
Jul 27 2015 04:20:35 UTC: ERROR(12532) [put.cc:191] [execute] - Not connected to cluster to put record
Jul 27 2015 04:20:35 UTC: ERROR(12532) [put.cc:191] [execute] - Not connected to cluster to put record
Jul 27 2015 04:20:35 UTC: ERROR(12532) [put.cc:191] [execute] - Not connected to cluster to put record
Jul 27 2015 04:20:35 UTC: ERROR(12532) [put.cc:191] [execute] - Not connected to cluster to put record
Jul 27 2015 04:20:35 UTC: ERROR(12532) [put.cc:191] [execute] - Not connected to cluster to put record
Jul 27 2015 04:20:35 UTC: ERROR(12532) [put.cc:191] [execute] - Not connected to cluster to put record
Jul 27 2015 04:20:35 UTC: ERROR(12532) [put.cc:191] [execute] - Not connected to cluster to put record
Jul 27 2015 04:20:35 UTC: ERROR(12532) [put.cc:191] [execute] - Not connected to cluster to put record
Jul 27 2015 04:20:35 UTC: ERROR(12532) [put.cc:191] [execute] - Not connected to cluster to put record
Jul 27 2015 04:20:35 UTC: ERROR(12532) [put.cc:191] [execute] - Not connected to cluster to put record
Jul 27 2015 04:20:35 UTC: ERROR(12532) [put.cc:191] [execute] - Not connected to cluster to put record
Jul 27 2015 04:20:35 UTC: ERROR(12532) [put.cc:191] [execute] - Not connected to cluster to put record
Jul 27 2015 04:20:35 UTC: ERROR(12532) [put.cc:191] [execute] - Not connected to cluster to put record
Jul 27 2015 04:20:35 UTC: ERROR(12532) [put.cc:191] [execute] - Not connected to cluster to put record
Jul 27 2015 04:20:35 UTC: ERROR(12532) [put.cc:191] [execute] - Not connected to cluster to put record
Jul 27 2015 04:20:35 UTC: ERROR(12532) [put.cc:191] [execute] - Not connected to cluster to put record
Jul 27 2015 04:20:35 UTC: ERROR(12532) [put.cc:191] [execute] - Not connected to cluster to put record
Jul 27 2015 04:20:35 UTC: ERROR(12532) [put.cc:191] [execute] - Not connected to cluster to put record
Jul 27 2015 04:20:35 UTC: ERROR(12532) [put.cc:191] [execute] - Not connected to cluster to put record
Jul 27 2015 04:20:35 UTC: ERROR(12532) [put.cc:191] [execute] - Not connected to cluster to put record
Jul 27 2015 04:20:35 UTC: ERROR(12532) [put.cc:191] [execute] - Not connected to cluster to put record
Jul 27 2015 04:20:35 UTC: ERROR(12532) [put.cc:191] [execute] - Not connected to cluster to put record
Jul 27 2015 04:20:35 UTC: ERROR(12532) [put.cc:191] [execute] - Not connected to cluster to put record
Jul 27 2015 04:20:35 UTC: ERROR(12532) [put.cc:191] [execute] - Not connected to cluster to put record
Jul 27 2015 04:20:35 UTC: ERROR(12532) [put.cc:191] [execute] - Not connected to cluster to put record
Jul 27 2015 04:20:35 UTC: ERROR(12532) [put.cc:191] [execute] - Not connected to cluster to put record
Jul 27 2015 04:20:35 UTC: ERROR(12532) [put.cc:191] [execute] - Not connected to cluster to put record
Jul 27 2015 04:20:35 UTC: ERROR(12532) [put.cc:191] [execute] - Not connected to cluster to put record
Jul 27 2015 04:20:35 UTC: ERROR(12532) [put.cc:191] [execute] - Not connected to cluster to put record
Jul 27 2015 04:20:35 UTC: ERROR(12532) [put.cc:191] [execute] - Not connected to cluster to put record
Jul 27 2015 04:20:35 UTC: ERROR(12532) [put.cc:191] [execute] - Not connected to cluster to put record
Jul 27 2015 04:20:35 UTC: ERROR(12532) [put.cc:191] [execute] - Not connected to cluster to put record
Jul 27 2015 04:20:35 UTC: ERROR(12532) [put.cc:191] [execute] - Not connected to cluster to put record
Jul 27 2015 04:20:35 UTC: ERROR(12532) [put.cc:191] [execute] - Not connected to cluster to put record
Jul 27 2015 04:20:35 UTC: ERROR(12532) [put.cc:191] [execute] - Not connected to cluster to put record
Jul 27 2015 04:20:35 UTC: ERROR(12532) [put.cc:191] [execute] - Not connected to cluster to put record
Jul 27 2015 04:20:35 UTC: ERROR(12532) [put.cc:191] [execute] - Not connected to cluster to put record
Jul 27 2015 04:20:35 UTC: ERROR(12532) [put.cc:191] [execute] - Not connected to cluster to put record
Jul 27 2015 04:20:35 UTC: ERROR(12532) [put.cc:191] [execute] - Not connected to cluster to put record
Jul 27 2015 04:20:35 UTC: ERROR(12532) [put.cc:191] [execute] - Not connected to cluster to put record
Jul 27 2015 04:20:35 UTC: ERROR(12532) [put.cc:191] [execute] - Not connected to cluster to put record
Jul 27 2015 04:20:35 UTC: ERROR(12532) [put.cc:191] [execute] - Not connected to cluster to put record
Jul 27 2015 04:20:35 UTC: ERROR(12532) [put.cc:191] [execute] - Not connected to cluster to put record
Jul 27 2015 04:20:35 UTC: ERROR(12532) [put.cc:191] [execute] - Not connected to cluster to put record
Jul 27 2015 04:20:35 UTC: ERROR(12532) [put.cc:191] [execute] - Not connected to cluster to put record
Jul 27 2015 04:20:35 UTC: ERROR(12532) [put.cc:191] [execute] - Not connected to cluster to put record
Jul 27 2015 04:20:35 UTC: ERROR(12532) [put.cc:191] [execute] - Not connected to cluster to put record
Jul 27 2015 04:20:35 UTC: ERROR(12532) [put.cc:191] [execute] - Not connected to cluster to put record
Jul 27 2015 04:20:35 UTC: ERROR(12532) [put.cc:191] [execute] - Not connected to cluster to put record
Jul 27 2015 04:20:35 UTC: ERROR(12532) [put.cc:191] [execute] - Not connected to cluster to put record
Jul 27 2015 04:20:35 UTC: ERROR(12532) [put.cc:191] [execute] - Not connected to cluster to put record
Jul 27 2015 04:20:35 UTC: ERROR(12532) [put.cc:191] [execute] - Not connected to cluster to put record
Jul 27 2015 04:20:35 UTC: ERROR(12532) [put.cc:191] [execute] - Not connected to cluster to put record
Jul 27 2015 04:20:35 UTC: ERROR(12532) [put.cc:191] [execute] - Not connected to cluster to put record
Jul 27 2015 04:20:35 UTC: ERROR(12532) [put.cc:191] [execute] - Not connected to cluster to put record
Jul 27 2015 04:20:35 UTC: ERROR(12532) [put.cc:191] [execute] - Not connected to cluster to put record
Jul 27 2015 04:20:35 UTC: ERROR(12532) [put.cc:191] [execute] - Not connected to cluster to put record
Jul 27 2015 04:20:35 UTC: ERROR(12532) [put.cc:191] [execute] - Not connected to cluster to put record
Jul 27 2015 04:20:35 UTC: ERROR(12532) [put.cc:191] [execute] - Not connected to cluster to put record
Jul 27 2015 04:20:35 UTC: ERROR(12532) [put.cc:191] [execute] - Not connected to cluster to put record
Jul 27 2015 04:20:35 UTC: ERROR(12532) [put.cc:191] [execute] - Not connected to cluster to put record
Jul 27 2015 04:20:35 UTC: ERROR(12532) [put.cc:191] [execute] - Not connected to cluster to put record
Jul 27 2015 04:20:35 UTC: ERROR(12532) [put.cc:191] [execute] - Not connected to cluster to put record
Jul 27 2015 04:20:35 UTC: ERROR(12532) [put.cc:191] [execute] - Not connected to cluster to put record
Jul 27 2015 04:20:35 UTC: ERROR(12532) [put.cc:191] [execute] - Not connected to cluster to put record
Jul 27 2015 04:20:35 UTC: ERROR(12532) [put.cc:191] [execute] - Not connected to cluster to put record
Jul 27 2015 04:20:35 UTC: ERROR(12532) [put.cc:191] [execute] - Not connected to cluster to put record
Jul 27 2015 04:20:35 UTC: ERROR(12532) [put.cc:191] [execute] - Not connected to cluster to put record
Jul 27 2015 04:20:35 UTC: ERROR(12532) [put.cc:191] [execute] - Not connected to cluster to put record
Jul 27 2015 04:20:35 UTC: ERROR(12532) [put.cc:191] [execute] - Not connected to cluster to put record
Jul 27 2015 04:20:35 UTC: ERROR(12532) [put.cc:191] [execute] - Not connected to cluster to put record
Jul 27 2015 04:20:35 UTC: ERROR(12532) [put.cc:191] [execute] - Not connected to cluster to put record
Jul 27 2015 04:20:35 UTC: ERROR(12532) [put.cc:191] [execute] - Not connected to cluster to put record
Jul 27 2015 04:20:35 UTC: ERROR(12532) [put.cc:191] [execute] - Not connected to cluster to put record
Jul 27 2015 04:20:35 UTC: ERROR(12532) [put.cc:191] [execute] - Not connected to cluster to put record
Jul 27 2015 04:20:35 UTC: ERROR(12532) [put.cc:191] [execute] - Not connected to cluster to put record
Jul 27 2015 04:20:35 UTC: ERROR(12532) [put.cc:191] [execute] - Not connected to cluster to put record
Jul 27 2015 04:20:35 UTC: ERROR(12532) [put.cc:191] [execute] - Not connected to cluster to put record
Jul 27 2015 04:20:35 UTC: ERROR(12532) [put.cc:191] [execute] - Not connected to cluster to put record
Jul 27 2015 04:20:35 UTC: ERROR(12532) [put.cc:191] [execute] - Not connected to cluster to put record
Jul 27 2015 04:20:35 UTC: ERROR(12532) [put.cc:191] [execute] - Not connected to cluster to put record
Jul 27 2015 04:20:35 UTC: ERROR(12532) [put.cc:191] [execute] - Not connected to cluster to put record
Jul 27 2015 04:20:35 UTC: ERROR(12532) [put.cc:191] [execute] - Not connected to cluster to put record
Jul 27 2015 04:20:35 UTC: ERROR(12532) [put.cc:191] [execute] - Not connected to cluster to put record
Jul 27 2015 04:20:35 UTC: ERROR(12532) [put.cc:191] [execute] - Not connected to cluster to put record
Jul 27 2015 04:20:35 UTC: ERROR(12532) [put.cc:191] [execute] - Not connected to cluster to put record
Jul 27 2015 04:20:35 UTC: ERROR(12532) [put.cc:191] [execute] - Not connected to cluster to put record
Jul 27 2015 04:20:35 UTC: ERROR(12532) [put.cc:191] [execute] - Not connected to cluster to put record
Jul 27 2015 04:20:35 UTC: ERROR(12532) [put.cc:191] [execute] - Not connected to cluster to put record
Jul 27 2015 04:20:35 UTC: ERROR(12532) [put.cc:191] [execute] - Not connected to cluster to put record
Jul 27 2015 04:20:35 UTC: ERROR(12532) [put.cc:191] [execute] - Not connected to cluster to put record
Jul 27 2015 04:20:35 UTC: ERROR(12532) [put.cc:191] [execute] - Not connected to cluster to put record
Jul 27 2015 04:20:35 UTC: ERROR(12532) [put.cc:191] [execute] - Not connected to cluster to put record
Jul 27 2015 04:20:35 UTC: ERROR(12532) [put.cc:191] [execute] - Not connected to cluster to put record
Jul 27 2015 04:20:35 UTC: ERROR(12532) [put.cc:191] [execute] - Not connected to cluster to put record
Jul 27 2015 04:20:35 UTC: ERROR(12532) [put.cc:191] [execute] - Not connected to cluster to put record
Jul 27 2015 04:20:35 UTC: ERROR(12532) [put.cc:191] [execute] - Not connected to cluster to put record
Jul 27 2015 04:20:35 UTC: ERROR(12532) [put.cc:191] [execute] - Not connected to cluster to put record
Jul 27 2015 04:20:35 UTC: ERROR(12532) [put.cc:191] [execute] - Not connected to cluster to put record
Jul 27 2015 04:20:35 UTC: ERROR(12532) [put.cc:191] [execute] - Not connected to cluster to put record
Jul 27 2015 04:20:35 UTC: ERROR(12532) [put.cc:191] [execute] - Not connected to cluster to put record
Jul 27 2015 04:20:35 UTC: ERROR(12532) [put.cc:191] [execute] - Not connected to cluster to put record
Jul 27 2015 04:20:35 UTC: ERROR(12532) [put.cc:191] [execute] - Not connected to cluster to put record
Jul 27 2015 04:20:35 UTC: ERROR(12532) [put.cc:191] [execute] - Not connected to cluster to put record
Jul 27 2015 04:20:35 UTC: ERROR(12532) [put.cc:191] [execute] - Not connected to cluster to put record
Jul 27 2015 04:20:35 UTC: ERROR(12532) [put.cc:191] [execute] - Not connected to cluster to put record
Jul 27 2015 04:20:35 UTC: ERROR(12532) [put.cc:191] [execute] - Not connected to cluster to put record
Jul 27 2015 04:20:35 UTC: ERROR(12532) [put.cc:191] [execute] - Not connected to cluster to put record
Jul 27 2015 04:20:35 UTC: ERROR(12532) [put.cc:191] [execute] - Not connected to cluster to put record
Jul 27 2015 04:20:35 UTC: ERROR(12532) [put.cc:191] [execute] - Not connected to cluster to put record
Jul 27 2015 04:20:35 UTC: ERROR(12532) [put.cc:191] [execute] - Not connected to cluster to put record
Jul 27 2015 04:20:35 UTC: ERROR(12532) [put.cc:191] [execute] - Not connected to cluster to put record
Jul 27 2015 04:20:35 UTC: ERROR(12532) [put.cc:191] [execute] - Not connected to cluster to put record
Jul 27 2015 04:20:35 UTC: ERROR(12532) [put.cc:191] [execute] - Not connected to cluster to put record
Jul 27 2015 04:20:35 UTC: ERROR(12532) [put.cc:191] [execute] - Not connected to cluster to put record
Jul 27 2015 04:20:35 UTC: ERROR(12532) [put.cc:191] [execute] - Not connected to cluster to put record
Jul 27 2015 04:20:35 UTC: ERROR(12532) [put.cc:191] [execute] - Not connected to cluster to put record
Jul 27 2015 04:20:35 UTC: ERROR(12532) [put.cc:191] [execute] - Not connected to cluster to put record
Jul 27 2015 04:20:35 UTC: ERROR(12532) [put.cc:191] [execute] - Not connected to cluster to put record
Jul 27 2015 04:20:35 UTC: ERROR(12532) [put.cc:191] [execute] - Not connected to cluster to put record
Jul 27 2015 04:20:35 UTC: ERROR(12532) [put.cc:191] [execute] - Not connected to cluster to put record
Jul 27 2015 04:20:35 UTC: ERROR(12532) [put.cc:191] [execute] - Not connected to cluster to put record
Jul 27 2015 04:20:35 UTC: ERROR(12532) [put.cc:191] [execute] - Not connected to cluster to put record
Jul 27 2015 04:20:35 UTC: ERROR(12532) [put.cc:191] [execute] - Not connected to cluster to put record
Jul 27 2015 04:20:35 UTC: ERROR(12532) [put.cc:191] [execute] - Not connected to cluster to put record
Jul 27 2015 04:20:35 UTC: ERROR(12532) [put.cc:191] [execute] - Not connected to cluster to put record
Jul 27 2015 04:20:35 UTC: ERROR(12532) [put.cc:191] [execute] - Not connected to cluster to put record
Jul 27 2015 04:20:35 UTC: ERROR(12532) [put.cc:191] [execute] - Not connected to cluster to put record
Jul 27 2015 04:20:35 UTC: ERROR(12532) [put.cc:191] [execute] - Not connected to cluster to put record
Jul 27 2015 04:20:35 UTC: ERROR(12532) [put.cc:191] [execute] - Not connected to cluster to put record
Jul 27 2015 04:20:35 UTC: ERROR(12532) [put.cc:191] [execute] - Not connected to cluster to put record
Jul 27 2015 04:20:35 UTC: ERROR(12532) [put.cc:191] [execute] - Not connected to cluster to put record
Jul 27 2015 04:20:35 UTC: ERROR(12532) [put.cc:191] [execute] - Not connected to cluster to put record
Jul 27 2015 04:20:35 UTC: ERROR(12532) [put.cc:191] [execute] - Not connected to cluster to put record
Jul 27 2015 04:20:35 UTC: ERROR(12532) [put.cc:191] [execute] - Not connected to cluster to put record
Jul 27 2015 04:20:35 UTC: ERROR(12532) [put.cc:191] [execute] - Not connected to cluster to put record
Jul 27 2015 04:20:35 UTC: ERROR(12532) [put.cc:191] [execute] - Not connected to cluster to put record
Jul 27 2015 04:20:35 UTC: ERROR(12532) [put.cc:191] [execute] - Not connected to cluster to put record
Jul 27 2015 04:20:35 UTC: ERROR(12532) [put.cc:191] [execute] - Not connected to cluster to put record
Jul 27 2015 04:20:35 UTC: ERROR(12532) [put.cc:191] [execute] - Not connected to cluster to put record
Jul 27 2015 04:20:35 UTC: ERROR(12532) [put.cc:191] [execute] - Not connected to cluster to put record
Jul 27 2015 04:20:35 UTC: ERROR(12532) [put.cc:191] [execute] - Not connected to cluster to put record
Jul 27 2015 04:20:35 UTC: ERROR(12532) [put.cc:191] [execute] - Not connected to cluster to put record
Jul 27 2015 04:20:35 UTC: ERROR(12532) [put.cc:191] [execute] - Not connected to cluster to put record
Jul 27 2015 04:20:35 UTC: ERROR(12532) [put.cc:191] [execute] - Not connected to cluster to put record
Jul 27 2015 04:20:35 UTC: ERROR(12532) [put.cc:191] [execute] - Not connected to cluster to put record
Jul 27 2015 04:20:35 UTC: ERROR(12532) [put.cc:191] [execute] - Not connected to cluster to put record
Jul 27 2015 04:20:35 UTC: ERROR(12532) [put.cc:191] [execute] - Not connected to cluster to put record
Jul 27 2015 04:20:35 UTC: ERROR(12532) [put.cc:191] [execute] - Not connected to cluster to put record
Jul 27 2015 04:20:35 UTC: ERROR(12532) [put.cc:191] [execute] - Not connected to cluster to put record
Jul 27 2015 04:20:35 UTC: ERROR(12532) [put.cc:191] [execute] - Not connected to cluster to put record
Jul 27 2015 04:20:35 UTC: ERROR(12532) [put.cc:191] [execute] - Not connected to cluster to put record
Jul 27 2015 04:20:35 UTC: ERROR(12532) [put.cc:191] [execute] - Not connected to cluster to put record
Jul 27 2015 04:20:35 UTC: ERROR(12532) [put.cc:191] [execute] - Not connected to cluster to put record
Jul 27 2015 04:20:35 UTC: ERROR(12532) [put.cc:191] [execute] - Not connected to cluster to put record
Jul 27 2015 04:20:35 UTC: ERROR(12532) [put.cc:191] [execute] - Not connected to cluster to put record
Jul 27 2015 04:20:35 UTC: ERROR(12532) [put.cc:191] [execute] - Not connected to cluster to put record
Jul 27 2015 04:20:35 UTC: ERROR(12532) [put.cc:191] [execute] - Not connected to cluster to put record
Jul 27 2015 04:20:35 UTC: ERROR(12532) [put.cc:191] [execute] - Not connected to cluster to put record
Jul 27 2015 04:20:35 UTC: ERROR(12532) [put.cc:191] [execute] - Not connected to cluster to put record
Jul 27 2015 04:20:35 UTC: ERROR(12532) [put.cc:191] [execute] - Not connected to cluster to put record
Jul 27 2015 04:20:35 UTC: ERROR(12532) [put.cc:191] [execute] - Not connected to cluster to put record
Jul 27 2015 04:20:35 UTC: ERROR(12532) [put.cc:191] [execute] - Not connected to cluster to put record
Jul 27 2015 04:20:35 UTC: ERROR(12532) [put.cc:191] [execute] - Not connected to cluster to put record
Jul 27 2015 04:20:35 UTC: ERROR(12532) [put.cc:191] [execute] - Not connected to cluster to put record
Jul 27 2015 04:20:35 UTC: ERROR(12532) [put.cc:191] [execute] - Not connected to cluster to put record
Jul 27 2015 04:20:35 UTC: ERROR(12532) [put.cc:191] [execute] - Not connected to cluster to put record
Jul 27 2015 04:20:35 UTC: ERROR(12532) [put.cc:191] [execute] - Not connected to cluster to put record
Jul 27 2015 04:20:35 UTC: ERROR(12532) [put.cc:191] [execute] - Not connected to cluster to put record
Jul 27 2015 04:20:35 UTC: ERROR(12532) [put.cc:191] [execute] - Not connected to cluster to put record
Jul 27 2015 04:20:35 UTC: ERROR(12532) [put.cc:191] [execute] - Not connected to cluster to put record
Jul 27 2015 04:20:35 UTC: ERROR(12532) [put.cc:191] [execute] - Not connected to cluster to put record
Jul 27 2015 04:20:35 UTC: ERROR(12532) [put.cc:191] [execute] - Not connected to cluster to put record
Jul 27 2015 04:20:35 UTC: ERROR(12532) [put.cc:191] [execute] - Not connected to cluster to put record
Jul 27 2015 04:20:35 UTC: ERROR(12532) [put.cc:191] [execute] - Not connected to cluster to put record
Jul 27 2015 04:20:35 UTC: ERROR(12532) [put.cc:191] [execute] - Not connected to cluster to put record
Jul 27 2015 04:20:35 UTC: ERROR(12532) [put.cc:191] [execute] - Not connected to cluster to put record
Jul 27 2015 04:20:35 UTC: ERROR(12532) [put.cc:191] [execute] - Not connected to cluster to put record
Jul 27 2015 04:20:35 UTC: ERROR(12532) [put.cc:191] [execute] - Not connected to cluster to put record
Jul 27 2015 04:20:35 UTC: ERROR(12532) [put.cc:191] [execute] - Not connected to cluster to put record
Jul 27 2015 04:20:35 UTC: ERROR(12532) [put.cc:191] [execute] - Not connected to cluster to put record
Jul 27 2015 04:20:35 UTC: ERROR(12532) [put.cc:191] [execute] - Not connected to cluster to put record
Jul 27 2015 04:20:35 UTC: ERROR(12532) [put.cc:191] [execute] - Not connected to cluster to put record
Jul 27 2015 04:20:35 UTC: ERROR(12532) [put.cc:191] [execute] - Not connected to cluster to put record
Jul 27 2015 04:20:35 UTC: ERROR(12532) [put.cc:191] [execute] - Not connected to cluster to put record
Jul 27 2015 04:20:35 UTC: ERROR(12532) [put.cc:191] [execute] - Not connected to cluster to put record
Jul 27 2015 04:20:35 UTC: ERROR(12532) [put.cc:191] [execute] - Not connected to cluster to put record
Jul 27 2015 04:20:35 UTC: ERROR(12532) [put.cc:191] [execute] - Not connected to cluster to put record
Jul 27 2015 04:20:35 UTC: ERROR(12532) [put.cc:191] [execute] - Not connected to cluster to put record
Jul 27 2015 04:20:35 UTC: ERROR(12532) [put.cc:191] [execute] - Not connected to cluster to put record
Jul 27 2015 04:20:35 UTC: ERROR(12532) [put.cc:191] [execute] - Not connected to cluster to put record
Jul 27 2015 04:20:35 UTC: ERROR(12532) [put.cc:191] [execute] - Not connected to cluster to put record
Jul 27 2015 04:20:35 UTC: ERROR(12532) [put.cc:191] [execute] - Not connected to cluster to put record
Jul 27 2015 04:20:35 UTC: ERROR(12532) [put.cc:191] [execute] - Not connected to cluster to put record
Jul 27 2015 04:20:35 UTC: ERROR(12532) [put.cc:191] [execute] - Not connected to cluster to put record
Jul 27 2015 04:20:35 UTC: ERROR(12532) [put.cc:191] [execute] - Not connected to cluster to put record
Jul 27 2015 04:20:35 UTC: ERROR(12532) [put.cc:191] [execute] - Not connected to cluster to put record
Jul 27 2015 04:20:35 UTC: ERROR(12532) [put.cc:191] [execute] - Not connected to cluster to put record
Jul 27 2015 04:20:35 UTC: ERROR(12532) [put.cc:191] [execute] - Not connected to cluster to put record
Jul 27 2015 04:20:35 UTC: ERROR(12532) [put.cc:191] [execute] - Not connected to cluster to put record
Jul 27 2015 04:20:35 UTC: ERROR(12532) [put.cc:191] [execute] - Not connected to cluster to put record
Jul 27 2015 04:20:35 UTC: ERROR(12532) [put.cc:191] [execute] - Not connected to cluster to put record
Jul 27 2015 04:20:35 UTC: ERROR(12532) [put.cc:191] [execute] - Not connected to cluster to put record
Jul 27 2015 04:20:35 UTC: ERROR(12532) [put.cc:191] [execute] - Not connected to cluster to put record
Jul 27 2015 04:20:35 UTC: ERROR(12532) [put.cc:191] [execute] - Not connected to cluster to put record
Jul 27 2015 04:20:35 UTC: ERROR(12532) [put.cc:191] [execute] - Not connected to cluster to put record
Jul 27 2015 04:20:35 UTC: ERROR(12532) [put.cc:191] [execute] - Not connected to cluster to put record
Jul 27 2015 04:20:35 UTC: ERROR(12532) [put.cc:191] [execute] - Not connected to cluster to put record
Jul 27 2015 04:20:35 UTC: ERROR(12532) [put.cc:191] [execute] - Not connected to cluster to put record
Jul 27 2015 04:20:35 UTC: ERROR(12532) [put.cc:191] [execute] - Not connected to cluster to put record
Jul 27 2015 04:20:35 UTC: ERROR(12532) [put.cc:191] [execute] - Not connected to cluster to put record
Jul 27 2015 04:20:35 UTC: ERROR(12532) [put.cc:191] [execute] - Not connected to cluster to put record
Jul 27 2015 04:20:35 UTC: ERROR(12532) [put.cc:191] [execute] - Not connected to cluster to put record
Jul 27 2015 04:20:35 UTC: ERROR(12532) [put.cc:191] [execute] - Not connected to cluster to put record
Jul 27 2015 04:20:35 UTC: ERROR(12532) [put.cc:191] [execute] - Not connected to cluster to put record
Jul 27 2015 04:20:35 UTC: ERROR(12532) [put.cc:191] [execute] - Not connected to cluster to put record
Jul 27 2015 04:20:35 UTC: ERROR(12532) [put.cc:191] [execute] - Not connected to cluster to put record
Jul 27 2015 04:20:35 UTC: ERROR(12532) [put.cc:191] [execute] - Not connected to cluster to put record
Jul 27 2015 04:20:35 UTC: ERROR(12532) [put.cc:191] [execute] - Not connected to cluster to put record
Jul 27 2015 04:20:35 UTC: ERROR(12532) [put.cc:191] [execute] - Not connected to cluster to put record
Jul 27 2015 04:20:35 UTC: ERROR(12532) [put.cc:191] [execute] - Not connected to cluster to put record
Jul 27 2015 04:20:35 UTC: ERROR(12532) [put.cc:191] [execute] - Not connected to cluster to put record
Jul 27 2015 04:20:35 UTC: ERROR(12532) [put.cc:191] [execute] - Not connected to cluster to put record
Jul 27 2015 04:20:35 UTC: ERROR(12532) [put.cc:191] [execute] - Not connected to cluster to put record
Jul 27 2015 04:20:35 UTC: ERROR(12532) [put.cc:191] [execute] - Not connected to cluster to put record
Jul 27 2015 04:20:35 UTC: ERROR(12532) [put.cc:191] [execute] - Not connected to cluster to put record
Jul 27 2015 04:20:35 UTC: ERROR(12532) [put.cc:191] [execute] - Not connected to cluster to put record
Jul 27 2015 04:20:35 UTC: ERROR(12532) [put.cc:191] [execute] - Not connected to cluster to put record
Jul 27 2015 04:20:35 UTC: ERROR(12532) [put.cc:191] [execute] - Not connected to cluster to put record
Jul 27 2015 04:20:35 UTC: ERROR(12532) [put.cc:191] [execute] - Not connected to cluster to put record
Jul 27 2015 04:20:35 UTC: ERROR(12532) [put.cc:191] [execute] - Not connected to cluster to put record
Jul 27 2015 04:20:35 UTC: ERROR(12532) [put.cc:191] [execute] - Not connected to cluster to put record
Jul 27 2015 04:20:35 UTC: ERROR(12532) [put.cc:191] [execute] - Not connected to cluster to put record
Jul 27 2015 04:20:35 UTC: ERROR(12532) [put.cc:191] [execute] - Not connected to cluster to put record
Jul 27 2015 04:20:35 UTC: ERROR(12532) [put.cc:191] [execute] - Not connected to cluster to put record
Jul 27 2015 04:20:35 UTC: ERROR(12532) [put.cc:191] [execute] - Not connected to cluster to put record
Jul 27 2015 04:20:35 UTC: ERROR(12532) [put.cc:191] [execute] - Not connected to cluster to put record
Jul 27 2015 04:20:35 UTC: ERROR(12532) [put.cc:191] [execute] - Not connected to cluster to put record
Jul 27 2015 04:20:35 UTC: ERROR(12532) [put.cc:191] [execute] - Not connected to cluster to put record
Jul 27 2015 04:20:35 UTC: ERROR(12532) [put.cc:191] [execute] - Not connected to cluster to put record
Jul 27 2015 04:20:35 UTC: ERROR(12532) [put.cc:191] [execute] - Not connected to cluster to put record
Jul 27 2015 04:20:35 UTC: ERROR(12532) [put.cc:191] [execute] - Not connected to cluster to put record
Jul 27 2015 04:20:35 UTC: ERROR(12532) [put.cc:191] [execute] - Not connected to cluster to put record
Jul 27 2015 04:20:35 UTC: ERROR(12532) [put.cc:191] [execute] - Not connected to cluster to put record
Jul 27 2015 04:20:35 UTC: ERROR(12532) [put.cc:191] [execute] - Not connected to cluster to put record
Jul 27 2015 04:20:35 UTC: ERROR(12532) [put.cc:191] [execute] - Not connected to cluster to put record
Jul 27 2015 04:20:35 UTC: ERROR(12532) [put.cc:191] [execute] - Not connected to cluster to put record
Jul 27 2015 04:20:35 UTC: ERROR(12532) [put.cc:191] [execute] - Not connected to cluster to put record
Jul 27 2015 04:20:35 UTC: ERROR(12532) [put.cc:191] [execute] - Not connected to cluster to put record
Jul 27 2015 04:20:35 UTC: ERROR(12532) [put.cc:191] [execute] - Not connected to cluster to put record
Jul 27 2015 04:20:35 UTC: ERROR(12532) [put.cc:191] [execute] - Not connected to cluster to put record
Jul 27 2015 04:20:35 UTC: ERROR(12532) [put.cc:191] [execute] - Not connected to cluster to put record
Jul 27 2015 04:20:35 UTC: ERROR(12532) [put.cc:191] [execute] - Not connected to cluster to put record
Jul 27 2015 04:20:35 UTC: ERROR(12532) [put.cc:191] [execute] - Not connected to cluster to put record
Jul 27 2015 04:20:35 UTC: ERROR(12532) [put.cc:191] [execute] - Not connected to cluster to put record
Jul 27 2015 04:20:35 UTC: ERROR(12532) [put.cc:191] [execute] - Not connected to cluster to put record
Jul 27 2015 04:20:35 UTC: ERROR(12532) [put.cc:191] [execute] - Not connected to cluster to put record
Jul 27 2015 04:20:35 UTC: ERROR(12532) [put.cc:191] [execute] - Not connected to cluster to put record
Jul 27 2015 04:20:35 UTC: ERROR(12532) [put.cc:191] [execute] - Not connected to cluster to put record
Jul 27 2015 04:20:35 UTC: ERROR(12532) [put.cc:191] [execute] - Not connected to cluster to put record
Jul 27 2015 04:20:35 UTC: ERROR(12532) [put.cc:191] [execute] - Not connected to cluster to put record
Jul 27 2015 04:20:35 UTC: ERROR(12532) [put.cc:191] [execute] - Not connected to cluster to put record
Jul 27 2015 04:20:35 UTC: ERROR(12532) [put.cc:191] [execute] - Not connected to cluster to put record
Jul 27 2015 04:20:35 UTC: ERROR(12532) [put.cc:191] [execute] - Not connected to cluster to put record
Jul 27 2015 04:20:35 UTC: ERROR(12532) [put.cc:191] [execute] - Not connected to cluster to put record
Jul 27 2015 04:20:35 UTC: ERROR(12532) [put.cc:191] [execute] - Not connected to cluster to put record
Jul 27 2015 04:20:35 UTC: ERROR(12532) [put.cc:191] [execute] - Not connected to cluster to put record
Jul 27 2015 04:20:35 UTC: ERROR(12532) [put.cc:191] [execute] - Not connected to cluster to put record
Jul 27 2015 04:20:35 UTC: ERROR(12532) [put.cc:191] [execute] - Not connected to cluster to put record
Jul 27 2015 04:20:35 UTC: ERROR(12532) [put.cc:191] [execute] - Not connected to cluster to put record
Jul 27 2015 04:20:35 UTC: ERROR(12532) [put.cc:191] [execute] - Not connected to cluster to put record
Jul 27 2015 04:20:35 UTC: ERROR(12532) [put.cc:191] [execute] - Not connected to cluster to put record
Jul 27 2015 04:20:35 UTC: ERROR(12532) [put.cc:191] [execute] - Not connected to cluster to put record
Jul 27 2015 04:20:35 UTC: ERROR(12532) [put.cc:191] [execute] - Not connected to cluster to put record
Jul 27 2015 04:20:35 UTC: ERROR(12532) [put.cc:191] [execute] - Not connected to cluster to put record
Jul 27 2015 04:20:35 UTC: ERROR(12532) [put.cc:191] [execute] - Not connected to cluster to put record
Jul 27 2015 04:20:35 UTC: ERROR(12532) [put.cc:191] [execute] - Not connected to cluster to put record
Jul 27 2015 04:20:35 UTC: ERROR(12532) [put.cc:191] [execute] - Not connected to cluster to put record
Jul 27 2015 04:20:35 UTC: ERROR(12532) [put.cc:191] [execute] - Not connected to cluster to put record
Jul 27 2015 04:20:35 UTC: ERROR(12532) [put.cc:191] [execute] - Not connected to cluster to put record
Jul 27 2015 04:20:35 UTC: ERROR(12532) [put.cc:191] [execute] - Not connected to cluster to put record
Jul 27 2015 04:20:35 UTC: ERROR(12532) [put.cc:191] [execute] - Not connected to cluster to put record
Jul 27 2015 04:20:35 UTC: ERROR(12532) [put.cc:191] [execute] - Not connected to cluster to put record
Jul 27 2015 04:20:35 UTC: ERROR(12532) [put.cc:191] [execute] - Not connected to cluster to put record
Jul 27 2015 04:20:35 UTC: ERROR(12532) [put.cc:191] [execute] - Not connected to cluster to put record
Jul 27 2015 04:20:35 UTC: ERROR(12532) [put.cc:191] [execute] - Not connected to cluster to put record
Jul 27 2015 04:20:35 UTC: ERROR(12532) [put.cc:191] [execute] - Not connected to cluster to put record
Jul 27 2015 04:20:35 UTC: ERROR(12532) [put.cc:191] [execute] - Not connected to cluster to put record
Jul 27 2015 04:20:35 UTC: ERROR(12532) [put.cc:191] [execute] - Not connected to cluster to put record
Jul 27 2015 04:20:35 UTC: ERROR(12532) [put.cc:191] [execute] - Not connected to cluster to put record
Jul 27 2015 04:20:35 UTC: ERROR(12532) [put.cc:191] [execute] - Not connected to cluster to put record
Jul 27 2015 04:20:35 UTC: ERROR(12532) [put.cc:191] [execute] - Not connected to cluster to put record
Jul 27 2015 04:20:35 UTC: ERROR(12532) [put.cc:191] [execute] - Not connected to cluster to put record
Jul 27 2015 04:20:35 UTC: ERROR(12532) [put.cc:191] [execute] - Not connected to cluster to put record
Jul 27 2015 04:20:35 UTC: ERROR(12532) [put.cc:191] [execute] - Not connected to cluster to put record
Jul 27 2015 04:20:35 UTC: ERROR(12532) [put.cc:191] [execute] - Not connected to cluster to put record
Jul 27 2015 04:20:35 UTC: ERROR(12532) [put.cc:191] [execute] - Not connected to cluster to put record
Jul 27 2015 04:20:35 UTC: ERROR(12532) [put.cc:191] [execute] - Not connected to cluster to put record
Jul 27 2015 04:20:35 UTC: ERROR(12532) [put.cc:191] [execute] - Not connected to cluster to put record
Jul 27 2015 04:20:35 UTC: ERROR(12532) [put.cc:191] [execute] - Not connected to cluster to put record
Jul 27 2015 04:20:35 UTC: ERROR(12532) [put.cc:191] [execute] - Not connected to cluster to put record
Jul 27 2015 04:20:35 UTC: ERROR(12532) [put.cc:191] [execute] - Not connected to cluster to put record
Jul 27 2015 04:20:35 UTC: ERROR(12532) [put.cc:191] [execute] - Not connected to cluster to put record
Jul 27 2015 04:20:35 UTC: ERROR(12532) [put.cc:191] [execute] - Not connected to cluster to put record
Jul 27 2015 04:20:35 UTC: ERROR(12532) [put.cc:191] [execute] - Not connected to cluster to put record
Jul 27 2015 04:20:35 UTC: ERROR(12532) [put.cc:191] [execute] - Not connected to cluster to put record
Jul 27 2015 04:20:35 UTC: ERROR(12532) [put.cc:191] [execute] - Not connected to cluster to put record
Jul 27 2015 04:20:35 UTC: ERROR(12532) [put.cc:191] [execute] - Not connected to cluster to put record
Jul 27 2015 04:20:35 UTC: ERROR(12532) [put.cc:191] [execute] - Not connected to cluster to put record
Jul 27 2015 04:20:35 UTC: ERROR(12532) [put.cc:191] [execute] - Not connected to cluster to put record
Jul 27 2015 04:20:35 UTC: ERROR(12532) [put.cc:191] [execute] - Not connected to cluster to put record
Jul 27 2015 04:20:35 UTC: ERROR(12532) [put.cc:191] [execute] - Not connected to cluster to put record
Jul 27 2015 04:20:35 UTC: ERROR(12532) [put.cc:191] [execute] - Not connected to cluster to put record
Jul 27 2015 04:20:35 UTC: ERROR(12532) [put.cc:191] [execute] - Not connected to cluster to put record
Jul 27 2015 04:20:35 UTC: ERROR(12532) [put.cc:191] [execute] - Not connected to cluster to put record
Jul 27 2015 04:20:35 UTC: ERROR(12532) [put.cc:191] [execute] - Not connected to cluster to put record
Jul 27 2015 04:20:35 UTC: ERROR(12532) [put.cc:191] [execute] - Not connected to cluster to put record
Jul 27 2015 04:20:35 UTC: ERROR(12532) [put.cc:191] [execute] - Not connected to cluster to put record
Jul 27 2015 04:20:35 UTC: ERROR(12532) [put.cc:191] [execute] - Not connected to cluster to put record
Jul 27 2015 04:20:35 UTC: ERROR(12532) [put.cc:191] [execute] - Not connected to cluster to put record
Jul 27 2015 04:20:35 UTC: ERROR(12532) [put.cc:191] [execute] - Not connected to cluster to put record
Jul 27 2015 04:20:35 UTC: ERROR(12532) [put.cc:191] [execute] - Not connected to cluster to put record
Jul 27 2015 04:20:35 UTC: ERROR(12532) [put.cc:191] [execute] - Not connected to cluster to put record
Jul 27 2015 04:20:35 UTC: ERROR(12532) [put.cc:191] [execute] - Not connected to cluster to put record
Jul 27 2015 04:20:35 UTC: ERROR(12532) [put.cc:191] [execute] - Not connected to cluster to put record
Jul 27 2015 04:20:35 UTC: ERROR(12532) [put.cc:191] [execute] - Not connected to cluster to put record
Jul 27 2015 04:20:35 UTC: ERROR(12532) [put.cc:191] [execute] - Not connected to cluster to put record
Jul 27 2015 04:20:35 UTC: ERROR(12532) [put.cc:191] [execute] - Not connected to cluster to put record
Jul 27 2015 04:20:35 UTC: ERROR(12532) [put.cc:191] [execute] - Not connected to cluster to put record
Jul 27 2015 04:20:35 UTC: ERROR(12532) [put.cc:191] [execute] - Not connected to cluster to put record
Jul 27 2015 04:20:35 UTC: ERROR(12532) [put.cc:191] [execute] - Not connected to cluster to put record
Jul 27 2015 04:20:35 UTC: ERROR(12532) [put.cc:191] [execute] - Not connected to cluster to put record
Jul 27 2015 04:20:35 UTC: ERROR(12532) [put.cc:191] [execute] - Not connected to cluster to put record
Jul 27 2015 04:20:35 UTC: ERROR(12532) [put.cc:191] [execute] - Not connected to cluster to put record
Jul 27 2015 04:20:35 UTC: ERROR(12532) [put.cc:191] [execute] - Not connected to cluster to put record
Jul 27 2015 04:20:35 UTC: ERROR(12532) [put.cc:191] [execute] - Not connected to cluster to put record
Jul 27 2015 04:20:35 UTC: ERROR(12532) [put.cc:191] [execute] - Not connected to cluster to put record
Jul 27 2015 04:20:35 UTC: ERROR(12532) [put.cc:191] [execute] - Not connected to cluster to put record
Jul 27 2015 04:20:35 UTC: ERROR(12532) [put.cc:191] [execute] - Not connected to cluster to put record
Jul 27 2015 04:20:35 UTC: ERROR(12532) [put.cc:191] [execute] - Not connected to cluster to put record
Jul 27 2015 04:20:35 UTC: ERROR(12532) [put.cc:191] [execute] - Not connected to cluster to put record
Jul 27 2015 04:20:35 UTC: ERROR(12532) [put.cc:191] [execute] - Not connected to cluster to put record
Jul 27 2015 04:20:35 UTC: ERROR(12532) [put.cc:191] [execute] - Not connected to cluster to put record
Jul 27 2015 04:20:35 UTC: ERROR(12532) [put.cc:191] [execute] - Not connected to cluster to put record
Jul 27 2015 04:20:35 UTC: ERROR(12532) [put.cc:191] [execute] - Not connected to cluster to put record
Jul 27 2015 04:20:35 UTC: ERROR(12532) [put.cc:191] [execute] - Not connected to cluster to put record
Jul 27 2015 04:20:35 UTC: ERROR(12532) [put.cc:191] [execute] - Not connected to cluster to put record
Jul 27 2015 04:20:35 UTC: ERROR(12532) [put.cc:191] [execute] - Not connected to cluster to put record
Jul 27 2015 04:20:35 UTC: ERROR(12532) [put.cc:191] [execute] - Not connected to cluster to put record
Jul 27 2015 04:20:35 UTC: ERROR(12532) [put.cc:191] [execute] - Not connected to cluster to put record
Jul 27 2015 04:20:35 UTC: ERROR(12532) [put.cc:191] [execute] - Not connected to cluster to put record
Jul 27 2015 04:20:35 UTC: ERROR(12532) [put.cc:191] [execute] - Not connected to cluster to put record
Jul 27 2015 04:20:35 UTC: ERROR(12532) [put.cc:191] [execute] - Not connected to cluster to put record
Jul 27 2015 04:20:35 UTC: ERROR(12532) [put.cc:191] [execute] - Not connected to cluster to put record
Jul 27 2015 04:20:35 UTC: ERROR(12532) [put.cc:191] [execute] - Not connected to cluster to put record
Jul 27 2015 04:20:35 UTC: ERROR(12532) [put.cc:191] [execute] - Not connected to cluster to put record
Jul 27 2015 04:20:35 UTC: ERROR(12532) [put.cc:191] [execute] - Not connected to cluster to put record
Jul 27 2015 04:20:35 UTC: ERROR(12532) [put.cc:191] [execute] - Not connected to cluster to put record
Jul 27 2015 04:20:35 UTC: ERROR(12532) [put.cc:191] [execute] - Not connected to cluster to put record
Jul 27 2015 04:20:35 UTC: ERROR(12532) [put.cc:191] [execute] - Not connected to cluster to put record
Jul 27 2015 04:20:35 UTC: ERROR(12532) [put.cc:191] [execute] - Not connected to cluster to put record
Jul 27 2015 04:20:35 UTC: ERROR(12532) [put.cc:191] [execute] - Not connected to cluster to put record
Jul 27 2015 04:20:35 UTC: ERROR(12532) [put.cc:191] [execute] - Not connected to cluster to put record
Jul 27 2015 04:20:35 UTC: ERROR(12532) [put.cc:191] [execute] - Not connected to cluster to put record
Jul 27 2015 04:20:35 UTC: ERROR(12532) [put.cc:191] [execute] - Not connected to cluster to put record
Jul 27 2015 04:20:35 UTC: ERROR(12532) [put.cc:191] [execute] - Not connected to cluster to put record
Jul 27 2015 04:20:35 UTC: ERROR(12532) [put.cc:191] [execute] - Not connected to cluster to put record
Jul 27 2015 04:20:35 UTC: ERROR(12532) [put.cc:191] [execute] - Not connected to cluster to put record
Jul 27 2015 04:20:35 UTC: ERROR(12532) [put.cc:191] [execute] - Not connected to cluster to put record
Jul 27 2015 04:20:35 UTC: ERROR(12532) [put.cc:191] [execute] - Not connected to cluster to put record
Jul 27 2015 04:20:35 UTC: ERROR(12532) [put.cc:191] [execute] - Not connected to cluster to put record
Jul 27 2015 04:20:35 UTC: ERROR(12532) [put.cc:191] [execute] - Not connected to cluster to put record
Jul 27 2015 04:20:35 UTC: ERROR(12532) [put.cc:191] [execute] - Not connected to cluster to put record
Jul 27 2015 04:20:35 UTC: ERROR(12532) [put.cc:191] [execute] - Not connected to cluster to put record
Jul 27 2015 04:20:35 UTC: ERROR(12532) [put.cc:191] [execute] - Not connected to cluster to put record
Jul 27 2015 04:20:35 UTC: ERROR(12532) [put.cc:191] [execute] - Not connected to cluster to put record
Jul 27 2015 04:20:35 UTC: ERROR(12532) [put.cc:191] [execute] - Not connected to cluster to put record
Jul 27 2015 04:20:35 UTC: ERROR(12532) [put.cc:191] [execute] - Not connected to cluster to put record
Jul 27 2015 04:20:35 UTC: ERROR(12532) [put.cc:191] [execute] - Not connected to cluster to put record
Jul 27 2015 04:20:35 UTC: ERROR(12532) [put.cc:191] [execute] - Not connected to cluster to put record
Jul 27 2015 04:20:35 UTC: ERROR(12532) [put.cc:191] [execute] - Not connected to cluster to put record
Jul 27 2015 04:20:35 UTC: ERROR(12532) [put.cc:191] [execute] - Not connected to cluster to put record
Jul 27 2015 04:20:35 UTC: ERROR(12532) [put.cc:191] [execute] - Not connected to cluster to put record
Jul 27 2015 04:20:35 UTC: ERROR(12532) [put.cc:191] [execute] - Not connected to cluster to put record
Jul 27 2015 04:20:35 UTC: ERROR(12532) [put.cc:191] [execute] - Not connected to cluster to put record
Jul 27 2015 04:20:35 UTC: ERROR(12532) [put.cc:191] [execute] - Not connected to cluster to put record
Jul 27 2015 04:20:35 UTC: ERROR(12532) [put.cc:191] [execute] - Not connected to cluster to put record
Jul 27 2015 04:20:35 UTC: ERROR(12532) [put.cc:191] [execute] - Not connected to cluster to put record
Jul 27 2015 04:20:35 UTC: ERROR(12532) [put.cc:191] [execute] - Not connected to cluster to put record
Jul 27 2015 04:20:35 UTC: ERROR(12532) [put.cc:191] [execute] - Not connected to cluster to put record
Jul 27 2015 04:20:35 UTC: ERROR(12532) [put.cc:191] [execute] - Not connected to cluster to put record
Jul 27 2015 04:20:35 UTC: ERROR(12532) [put.cc:191] [execute] - Not connected to cluster to put record
Jul 27 2015 04:20:35 UTC: ERROR(12532) [put.cc:191] [execute] - Not connected to cluster to put record
Jul 27 2015 04:20:35 UTC: ERROR(12532) [put.cc:191] [execute] - Not connected to cluster to put record
Jul 27 2015 04:20:35 UTC: ERROR(12532) [put.cc:191] [execute] - Not connected to cluster to put record
Jul 27 2015 04:20:35 UTC: ERROR(12532) [put.cc:191] [execute] - Not connected to cluster to put record
Jul 27 2015 04:20:35 UTC: ERROR(12532) [put.cc:191] [execute] - Not connected to cluster to put record
Jul 27 2015 04:20:35 UTC: ERROR(12532) [put.cc:191] [execute] - Not connected to cluster to put record
Jul 27 2015 04:20:35 UTC: ERROR(12532) [put.cc:191] [execute] - Not connected to cluster to put record
Jul 27 2015 04:20:35 UTC: ERROR(12532) [put.cc:191] [execute] - Not connected to cluster to put record
Jul 27 2015 04:20:35 UTC: ERROR(12532) [put.cc:191] [execute] - Not connected to cluster to put record
Jul 27 2015 04:20:35 UTC: ERROR(12532) [put.cc:191] [execute] - Not connected to cluster to put record
Jul 27 2015 04:20:35 UTC: ERROR(12532) [put.cc:191] [execute] - Not connected to cluster to put record
Jul 27 2015 04:20:35 UTC: ERROR(12532) [put.cc:191] [execute] - Not connected to cluster to put record
Jul 27 2015 04:20:35 UTC: ERROR(12532) [put.cc:191] [execute] - Not connected to cluster to put record
Jul 27 2015 04:20:35 UTC: ERROR(12532) [put.cc:191] [execute] - Not connected to cluster to put record
Jul 27 2015 04:20:35 UTC: ERROR(12532) [put.cc:191] [execute] - Not connected to cluster to put record
Jul 27 2015 04:20:35 UTC: ERROR(12532) [put.cc:191] [execute] - Not connected to cluster to put record
Jul 27 2015 04:20:35 UTC: ERROR(12532) [put.cc:191] [execute] - Not connected to cluster to put record
Jul 27 2015 04:20:35 UTC: ERROR(12532) [put.cc:191] [execute] - Not connected to cluster to put record
Jul 27 2015 04:20:35 UTC: ERROR(12532) [put.cc:191] [execute] - Not connected to cluster to put record
Jul 27 2015 04:20:35 UTC: ERROR(12532) [put.cc:191] [execute] - Not connected to cluster to put record
Jul 27 2015 04:20:35 UTC: ERROR(12532) [put.cc:191] [execute] - Not connected to cluster to put record
Jul 27 2015 04:20:35 UTC: ERROR(12532) [put.cc:191] [execute] - Not connected to cluster to put record
Jul 27 2015 04:20:35 UTC: ERROR(12532) [put.cc:191] [execute] - Not connected to cluster to put record
Jul 27 2015 04:20:35 UTC: ERROR(12532) [put.cc:191] [execute] - Not connected to cluster to put record
Jul 27 2015 04:20:35 UTC: ERROR(12532) [put.cc:191] [execute] - Not connected to cluster to put record
Jul 27 2015 04:20:35 UTC: ERROR(12532) [put.cc:191] [execute] - Not connected to cluster to put record
Jul 27 2015 04:20:35 UTC: ERROR(12532) [put.cc:191] [execute] - Not connected to cluster to put record
Jul 27 2015 04:20:35 UTC: ERROR(12532) [put.cc:191] [execute] - Not connected to cluster to put record
Jul 27 2015 04:20:35 UTC: ERROR(12532) [put.cc:191] [execute] - Not connected to cluster to put record
Jul 27 2015 04:20:35 UTC: ERROR(12532) [put.cc:191] [execute] - Not connected to cluster to put record
Jul 27 2015 04:20:35 UTC: ERROR(12532) [put.cc:191] [execute] - Not connected to cluster to put record
Jul 27 2015 04:20:35 UTC: ERROR(12532) [put.cc:191] [execute] - Not connected to cluster to put record
Jul 27 2015 04:20:35 UTC: ERROR(12532) [put.cc:191] [execute] - Not connected to cluster to put record
Jul 27 2015 04:20:35 UTC: ERROR(12532) [put.cc:191] [execute] - Not connected to cluster to put record
Jul 27 2015 04:20:35 UTC: ERROR(12532) [put.cc:191] [execute] - Not connected to cluster to put record
Jul 27 2015 04:20:35 UTC: ERROR(12532) [put.cc:191] [execute] - Not connected to cluster to put record
Jul 27 2015 04:20:35 UTC: ERROR(12532) [put.cc:191] [execute] - Not connected to cluster to put record
Jul 27 2015 04:20:35 UTC: ERROR(12532) [put.cc:191] [execute] - Not connected to cluster to put record
Jul 27 2015 04:20:35 UTC: ERROR(12532) [put.cc:191] [execute] - Not connected to cluster to put record
Jul 27 2015 04:20:35 UTC: ERROR(12532) [put.cc:191] [execute] - Not connected to cluster to put record
Jul 27 2015 04:20:35 UTC: ERROR(12532) [put.cc:191] [execute] - Not connected to cluster to put record
Jul 27 2015 04:20:35 UTC: ERROR(12532) [put.cc:191] [execute] - Not connected to cluster to put record
Jul 27 2015 04:20:35 UTC: ERROR(12532) [put.cc:191] [execute] - Not connected to cluster to put record
Jul 27 2015 04:20:35 UTC: ERROR(12532) [put.cc:191] [execute] - Not connected to cluster to put record
Jul 27 2015 04:20:35 UTC: ERROR(12532) [put.cc:191] [execute] - Not connected to cluster to put record
Jul 27 2015 04:20:35 UTC: ERROR(12532) [put.cc:191] [execute] - Not connected to cluster to put record
Jul 27 2015 04:20:35 UTC: ERROR(12532) [put.cc:191] [execute] - Not connected to cluster to put record
Jul 27 2015 04:20:35 UTC: ERROR(12532) [put.cc:191] [execute] - Not connected to cluster to put record
Jul 27 2015 04:20:35 UTC: ERROR(12532) [put.cc:191] [execute] - Not connected to cluster to put record
Jul 27 2015 04:20:35 UTC: ERROR(12532) [put.cc:191] [execute] - Not connected to cluster to put record
Jul 27 2015 04:20:35 UTC: ERROR(12532) [put.cc:191] [execute] - Not connected to cluster to put record
Jul 27 2015 04:20:35 UTC: ERROR(12532) [put.cc:191] [execute] - Not connected to cluster to put record
Jul 27 2015 04:20:35 UTC: ERROR(12532) [put.cc:191] [execute] - Not connected to cluster to put record
Jul 27 2015 04:20:35 UTC: ERROR(12532) [put.cc:191] [execute] - Not connected to cluster to put record
Jul 27 2015 04:20:35 UTC: ERROR(12532) [put.cc:191] [execute] - Not connected to cluster to put record
Jul 27 2015 04:20:35 UTC: ERROR(12532) [put.cc:191] [execute] - Not connected to cluster to put record
Jul 27 2015 04:20:35 UTC: ERROR(12532) [put.cc:191] [execute] - Not connected to cluster to put record
Jul 27 2015 04:20:35 UTC: ERROR(12532) [put.cc:191] [execute] - Not connected to cluster to put record
Jul 27 2015 04:20:35 UTC: ERROR(12532) [put.cc:191] [execute] - Not connected to cluster to put record
Jul 27 2015 04:20:35 UTC: ERROR(12532) [put.cc:191] [execute] - Not connected to cluster to put record
Jul 27 2015 04:20:35 UTC: ERROR(12532) [put.cc:191] [execute] - Not connected to cluster to put record
Jul 27 2015 04:20:35 UTC: ERROR(12532) [put.cc:191] [execute] - Not connected to cluster to put record
Jul 27 2015 04:20:35 UTC: ERROR(12532) [put.cc:191] [execute] - Not connected to cluster to put record
Jul 27 2015 04:20:35 UTC: ERROR(12532) [put.cc:191] [execute] - Not connected to cluster to put record
Jul 27 2015 04:20:35 UTC: ERROR(12532) [put.cc:191] [execute] - Not connected to cluster to put record
Jul 27 2015 04:20:35 UTC: ERROR(12532) [put.cc:191] [execute] - Not connected to cluster to put record
Jul 27 2015 04:20:35 UTC: ERROR(12532) [put.cc:191] [execute] - Not connected to cluster to put record
Jul 27 2015 04:20:35 UTC: ERROR(12532) [put.cc:191] [execute] - Not connected to cluster to put record
Jul 27 2015 04:20:35 UTC: ERROR(12532) [put.cc:191] [execute] - Not connected to cluster to put record
Jul 27 2015 04:20:35 UTC: ERROR(12532) [put.cc:191] [execute] - Not connected to cluster to put record
Jul 27 2015 04:20:35 UTC: ERROR(12532) [put.cc:191] [execute] - Not connected to cluster to put record
Jul 27 2015 04:20:35 UTC: ERROR(12532) [put.cc:191] [execute] - Not connected to cluster to put record
Jul 27 2015 04:20:35 UTC: ERROR(12532) [put.cc:191] [execute] - Not connected to cluster to put record
Jul 27 2015 04:20:35 UTC: ERROR(12532) [put.cc:191] [execute] - Not connected to cluster to put record
Jul 27 2015 04:20:35 UTC: ERROR(12532) [put.cc:191] [execute] - Not connected to cluster to put record
Jul 27 2015 04:20:35 UTC: ERROR(12532) [put.cc:191] [execute] - Not connected to cluster to put record
Jul 27 2015 04:20:35 UTC: ERROR(12532) [put.cc:191] [execute] - Not connected to cluster to put record
Jul 27 2015 04:20:35 UTC: ERROR(12532) [put.cc:191] [execute] - Not connected to cluster to put record
Jul 27 2015 04:20:35 UTC: ERROR(12532) [put.cc:191] [execute] - Not connected to cluster to put record
Jul 27 2015 04:20:35 UTC: ERROR(12532) [put.cc:191] [execute] - Not connected to cluster to put record
Jul 27 2015 04:20:35 UTC: ERROR(12532) [put.cc:191] [execute] - Not connected to cluster to put record
Jul 27 2015 04:20:35 UTC: ERROR(12532) [put.cc:191] [execute] - Not connected to cluster to put record
Jul 27 2015 04:20:35 UTC: ERROR(12532) [put.cc:191] [execute] - Not connected to cluster to put record
Jul 27 2015 04:20:35 UTC: ERROR(12532) [put.cc:191] [execute] - Not connected to cluster to put record
Jul 27 2015 04:20:35 UTC: ERROR(12532) [put.cc:191] [execute] - Not connected to cluster to put record
Jul 27 2015 04:20:35 UTC: ERROR(12532) [put.cc:191] [execute] - Not connected to cluster to put record
Jul 27 2015 04:20:35 UTC: ERROR(12532) [put.cc:191] [execute] - Not connected to cluster to put record
Jul 27 2015 04:20:35 UTC: ERROR(12532) [put.cc:191] [execute] - Not connected to cluster to put record
Jul 27 2015 04:20:35 UTC: ERROR(12532) [put.cc:191] [execute] - Not connected to cluster to put record
Jul 27 2015 04:20:35 UTC: ERROR(12532) [put.cc:191] [execute] - Not connected to cluster to put record
Jul 27 2015 04:20:35 UTC: ERROR(12532) [put.cc:191] [execute] - Not connected to cluster to put record
Jul 27 2015 04:20:35 UTC: ERROR(12532) [put.cc:191] [execute] - Not connected to cluster to put record
Jul 27 2015 04:20:35 UTC: ERROR(12532) [put.cc:191] [execute] - Not connected to cluster to put record
Jul 27 2015 04:20:35 UTC: ERROR(12532) [put.cc:191] [execute] - Not connected to cluster to put record
Jul 27 2015 04:20:35 UTC: ERROR(12532) [put.cc:191] [execute] - Not connected to cluster to put record
Jul 27 2015 04:20:35 UTC: ERROR(12532) [put.cc:191] [execute] - Not connected to cluster to put record
Jul 27 2015 04:20:35 UTC: ERROR(12532) [put.cc:191] [execute] - Not connected to cluster to put record
Jul 27 2015 04:20:35 UTC: ERROR(12532) [put.cc:191] [execute] - Not connected to cluster to put record
Jul 27 2015 04:20:35 UTC: ERROR(12532) [put.cc:191] [execute] - Not connected to cluster to put record
Jul 27 2015 04:20:35 UTC: ERROR(12532) [put.cc:191] [execute] - Not connected to cluster to put record
Jul 27 2015 04:20:35 UTC: ERROR(12532) [put.cc:191] [execute] - Not connected to cluster to put record
Jul 27 2015 04:20:35 UTC: ERROR(12532) [put.cc:191] [execute] - Not connected to cluster to put record
Jul 27 2015 04:20:35 UTC: ERROR(12532) [put.cc:191] [execute] - Not connected to cluster to put record
Jul 27 2015 04:20:35 UTC: ERROR(12532) [put.cc:191] [execute] - Not connected to cluster to put record
Jul 27 2015 04:20:35 UTC: ERROR(12532) [put.cc:191] [execute] - Not connected to cluster to put record
Jul 27 2015 04:20:35 UTC: ERROR(12532) [put.cc:191] [execute] - Not connected to cluster to put record
Jul 27 2015 04:20:35 UTC: ERROR(12532) [put.cc:191] [execute] - Not connected to cluster to put record
Jul 27 2015 04:20:35 UTC: ERROR(12532) [put.cc:191] [execute] - Not connected to cluster to put record
Jul 27 2015 04:20:35 UTC: ERROR(12532) [put.cc:191] [execute] - Not connected to cluster to put record
Jul 27 2015 04:20:35 UTC: ERROR(12532) [put.cc:191] [execute] - Not connected to cluster to put record
Jul 27 2015 04:20:35 UTC: ERROR(12532) [put.cc:191] [execute] - Not connected to cluster to put record
Jul 27 2015 04:20:35 UTC: ERROR(12532) [put.cc:191] [execute] - Not connected to cluster to put record
Jul 27 2015 04:20:35 UTC: ERROR(12532) [put.cc:191] [execute] - Not connected to cluster to put record
Jul 27 2015 04:20:35 UTC: ERROR(12532) [put.cc:191] [execute] - Not connected to cluster to put record
Jul 27 2015 04:20:35 UTC: ERROR(12532) [put.cc:191] [execute] - Not connected to cluster to put record
Jul 27 2015 04:20:35 UTC: ERROR(12532) [put.cc:191] [execute] - Not connected to cluster to put record
Jul 27 2015 04:20:35 UTC: ERROR(12532) [put.cc:191] [execute] - Not connected to cluster to put record
Jul 27 2015 04:20:35 UTC: ERROR(12532) [put.cc:191] [execute] - Not connected to cluster to put record
Jul 27 2015 04:20:35 UTC: ERROR(12532) [put.cc:191] [execute] - Not connected to cluster to put record
Jul 27 2015 04:20:35 UTC: ERROR(12532) [put.cc:191] [execute] - Not connected to cluster to put record
Jul 27 2015 04:20:35 UTC: ERROR(12532) [put.cc:191] [execute] - Not connected to cluster to put record
Jul 27 2015 04:20:35 UTC: ERROR(12532) [put.cc:191] [execute] - Not connected to cluster to put record
Jul 27 2015 04:20:35 UTC: ERROR(12532) [put.cc:191] [execute] - Not connected to cluster to put record
Jul 27 2015 04:20:35 UTC: ERROR(12532) [put.cc:191] [execute] - Not connected to cluster to put record
Jul 27 2015 04:20:35 UTC: ERROR(12532) [put.cc:191] [execute] - Not connected to cluster to put record
Jul 27 2015 04:20:35 UTC: ERROR(12532) [put.cc:191] [execute] - Not connected to cluster to put record
Jul 27 2015 04:20:35 UTC: ERROR(12532) [put.cc:191] [execute] - Not connected to cluster to put record
Jul 27 2015 04:20:35 UTC: ERROR(12532) [put.cc:191] [execute] - Not connected to cluster to put record
Jul 27 2015 04:20:35 UTC: ERROR(12532) [put.cc:191] [execute] - Not connected to cluster to put record
Jul 27 2015 04:20:35 UTC: ERROR(12532) [put.cc:191] [execute] - Not connected to cluster to put record
Jul 27 2015 04:20:35 UTC: ERROR(12532) [put.cc:191] [execute] - Not connected to cluster to put record
Jul 27 2015 04:20:35 UTC: ERROR(12532) [put.cc:191] [execute] - Not connected to cluster to put record
Jul 27 2015 04:20:35 UTC: ERROR(12532) [put.cc:191] [execute] - Not connected to cluster to put record
Jul 27 2015 04:20:35 UTC: ERROR(12532) [put.cc:191] [execute] - Not connected to cluster to put record
Jul 27 2015 04:20:35 UTC: ERROR(12532) [put.cc:191] [execute] - Not connected to cluster to put record
Jul 27 2015 04:20:35 UTC: ERROR(12532) [put.cc:191] [execute] - Not connected to cluster to put record
Jul 27 2015 04:20:35 UTC: ERROR(12532) [put.cc:191] [execute] - Not connected to cluster to put record
Jul 27 2015 04:20:35 UTC: ERROR(12532) [put.cc:191] [execute] - Not connected to cluster to put record
Jul 27 2015 04:20:35 UTC: ERROR(12532) [put.cc:191] [execute] - Not connected to cluster to put record
Jul 27 2015 04:20:35 UTC: ERROR(12532) [put.cc:191] [execute] - Not connected to cluster to put record
Jul 27 2015 04:20:35 UTC: ERROR(12532) [put.cc:191] [execute] - Not connected to cluster to put record
Jul 27 2015 04:20:35 UTC: ERROR(12532) [put.cc:191] [execute] - Not connected to cluster to put record
Jul 27 2015 04:20:35 UTC: ERROR(12532) [put.cc:191] [execute] - Not connected to cluster to put record
Jul 27 2015 04:20:35 UTC: ERROR(12532) [put.cc:191] [execute] - Not connected to cluster to put record
Jul 27 2015 04:20:35 UTC: ERROR(12532) [put.cc:191] [execute] - Not connected to cluster to put record
Jul 27 2015 04:20:35 UTC: ERROR(12532) [put.cc:191] [execute] - Not connected to cluster to put record
Jul 27 2015 04:20:35 UTC: ERROR(12532) [put.cc:191] [execute] - Not connected to cluster to put record
Jul 27 2015 04:20:35 UTC: ERROR(12532) [put.cc:191] [execute] - Not connected to cluster to put record
Jul 27 2015 04:20:35 UTC: ERROR(12532) [put.cc:191] [execute] - Not connected to cluster to put record
Jul 27 2015 04:20:35 UTC: ERROR(12532) [put.cc:191] [execute] - Not connected to cluster to put record
Jul 27 2015 04:20:35 UTC: ERROR(12532) [put.cc:191] [execute] - Not connected to cluster to put record
Jul 27 2015 04:20:35 UTC: ERROR(12532) [put.cc:191] [execute] - Not connected to cluster to put record
Jul 27 2015 04:20:35 UTC: ERROR(12532) [put.cc:191] [execute] - Not connected to cluster to put record
Jul 27 2015 04:20:35 UTC: ERROR(12532) [put.cc:191] [execute] - Not connected to cluster to put record
Jul 27 2015 04:20:35 UTC: ERROR(12532) [put.cc:191] [execute] - Not connected to cluster to put record
Jul 27 2015 04:20:35 UTC: ERROR(12532) [put.cc:191] [execute] - Not connected to cluster to put record
Jul 27 2015 04:20:35 UTC: ERROR(12532) [put.cc:191] [execute] - Not connected to cluster to put record
Jul 27 2015 04:20:35 UTC: ERROR(12532) [put.cc:191] [execute] - Not connected to cluster to put record
Jul 27 2015 04:20:35 UTC: ERROR(12532) [put.cc:191] [execute] - Not connected to cluster to put record
Jul 27 2015 04:20:35 UTC: ERROR(12532) [put.cc:191] [execute] - Not connected to cluster to put record
Jul 27 2015 04:20:35 UTC: ERROR(12532) [put.cc:191] [execute] - Not connected to cluster to put record
Jul 27 2015 04:20:35 UTC: ERROR(12532) [put.cc:191] [execute] - Not connected to cluster to put record
Jul 27 2015 04:20:35 UTC: ERROR(12532) [put.cc:191] [execute] - Not connected to cluster to put record
Jul 27 2015 04:20:35 UTC: ERROR(12532) [put.cc:191] [execute] - Not connected to cluster to put record
Jul 27 2015 04:20:35 UTC: ERROR(12532) [put.cc:191] [execute] - Not connected to cluster to put record
Jul 27 2015 04:20:35 UTC: ERROR(12532) [put.cc:191] [execute] - Not connected to cluster to put record
Jul 27 2015 04:20:35 UTC: ERROR(12532) [put.cc:191] [execute] - Not connected to cluster to put record
Jul 27 2015 04:20:35 UTC: ERROR(12532) [put.cc:191] [execute] - Not connected to cluster to put record
Jul 27 2015 04:20:35 UTC: ERROR(12532) [put.cc:191] [execute] - Not connected to cluster to put record
Jul 27 2015 04:20:35 UTC: ERROR(12532) [put.cc:191] [execute] - Not connected to cluster to put record
Jul 27 2015 04:20:35 UTC: ERROR(12532) [put.cc:191] [execute] - Not connected to cluster to put record
Jul 27 2015 04:20:35 UTC: ERROR(12532) [put.cc:191] [execute] - Not connected to cluster to put record
Jul 27 2015 04:20:35 UTC: ERROR(12532) [put.cc:191] [execute] - Not connected to cluster to put record
Jul 27 2015 04:20:35 UTC: ERROR(12532) [put.cc:191] [execute] - Not connected to cluster to put record
Jul 27 2015 04:20:35 UTC: ERROR(12532) [put.cc:191] [execute] - Not connected to cluster to put record
Jul 27 2015 04:20:35 UTC: ERROR(12532) [put.cc:191] [execute] - Not connected to cluster to put record
Jul 27 2015 04:20:35 UTC: ERROR(12532) [put.cc:191] [execute] - Not connected to cluster to put record
Jul 27 2015 04:20:35 UTC: ERROR(12532) [put.cc:191] [execute] - Not connected to cluster to put record
Jul 27 2015 04:20:35 UTC: ERROR(12532) [put.cc:191] [execute] - Not connected to cluster to put record
Jul 27 2015 04:20:35 UTC: ERROR(12532) [put.cc:191] [execute] - Not connected to cluster to put record
Jul 27 2015 04:20:35 UTC: ERROR(12532) [put.cc:191] [execute] - Not connected to cluster to put record
Jul 27 2015 04:20:35 UTC: ERROR(12532) [put.cc:191] [execute] - Not connected to cluster to put record
Jul 27 2015 04:20:35 UTC: ERROR(12532) [put.cc:191] [execute] - Not connected to cluster to put record
Jul 27 2015 04:20:35 UTC: ERROR(12532) [put.cc:191] [execute] - Not connected to cluster to put record
Jul 27 2015 04:20:35 UTC: ERROR(12532) [put.cc:191] [execute] - Not connected to cluster to put record
Jul 27 2015 04:20:35 UTC: ERROR(12532) [put.cc:191] [execute] - Not connected to cluster to put record
Jul 27 2015 04:20:35 UTC: ERROR(12532) [put.cc:191] [execute] - Not connected to cluster to put record
Jul 27 2015 04:20:35 UTC: ERROR(12532) [put.cc:191] [execute] - Not connected to cluster to put record
Jul 27 2015 04:20:35 UTC: ERROR(12532) [put.cc:191] [execute] - Not connected to cluster to put record
Jul 27 2015 04:20:35 UTC: ERROR(12532) [put.cc:191] [execute] - Not connected to cluster to put record
Jul 27 2015 04:20:35 UTC: ERROR(12532) [put.cc:191] [execute] - Not connected to cluster to put record
Jul 27 2015 04:20:35 UTC: ERROR(12532) [put.cc:191] [execute] - Not connected to cluster to put record
Jul 27 2015 04:20:35 UTC: ERROR(12532) [put.cc:191] [execute] - Not connected to cluster to put record
Jul 27 2015 04:20:35 UTC: ERROR(12532) [put.cc:191] [execute] - Not connected to cluster to put record
Jul 27 2015 04:20:35 UTC: ERROR(12532) [put.cc:191] [execute] - Not connected to cluster to put record
Jul 27 2015 04:20:35 UTC: ERROR(12532) [put.cc:191] [execute] - Not connected to cluster to put record
Jul 27 2015 04:20:35 UTC: ERROR(12532) [put.cc:191] [execute] - Not connected to cluster to put record
Jul 27 2015 04:20:35 UTC: ERROR(12532) [put.cc:191] [execute] - Not connected to cluster to put record
Jul 27 2015 04:20:35 UTC: ERROR(12532) [put.cc:191] [execute] - Not connected to cluster to put record
Jul 27 2015 04:20:35 UTC: ERROR(12532) [put.cc:191] [execute] - Not connected to cluster to put record
Jul 27 2015 04:20:35 UTC: ERROR(12532) [put.cc:191] [execute] - Not connected to cluster to put record
Jul 27 2015 04:20:35 UTC: ERROR(12532) [put.cc:191] [execute] - Not connected to cluster to put record
Jul 27 2015 04:20:35 UTC: ERROR(12532) [put.cc:191] [execute] - Not connected to cluster to put record
Jul 27 2015 04:20:35 UTC: ERROR(12532) [put.cc:191] [execute] - Not connected to cluster to put record
Jul 27 2015 04:20:35 UTC: ERROR(12532) [put.cc:191] [execute] - Not connected to cluster to put record
Jul 27 2015 04:20:35 UTC: ERROR(12532) [put.cc:191] [execute] - Not connected to cluster to put record
Jul 27 2015 04:20:35 UTC: ERROR(12532) [put.cc:191] [execute] - Not connected to cluster to put record
Jul 27 2015 04:20:35 UTC: ERROR(12532) [put.cc:191] [execute] - Not connected to cluster to put record
Jul 27 2015 04:20:35 UTC: ERROR(12532) [put.cc:191] [execute] - Not connected to cluster to put record
Jul 27 2015 04:20:35 UTC: ERROR(12532) [put.cc:191] [execute] - Not connected to cluster to put record
Jul 27 2015 04:20:35 UTC: ERROR(12532) [put.cc:191] [execute] - Not connected to cluster to put record
Jul 27 2015 04:20:35 UTC: ERROR(12532) [put.cc:191] [execute] - Not connected to cluster to put record
Jul 27 2015 04:20:35 UTC: ERROR(12532) [put.cc:191] [execute] - Not connected to cluster to put record
Jul 27 2015 04:20:35 UTC: ERROR(12532) [put.cc:191] [execute] - Not connected to cluster to put record
Jul 27 2015 04:20:35 UTC: ERROR(12532) [put.cc:191] [execute] - Not connected to cluster to put record
Jul 27 2015 04:20:35 UTC: ERROR(12532) [put.cc:191] [execute] - Not connected to cluster to put record
Jul 27 2015 04:20:35 UTC: ERROR(12532) [put.cc:191] [execute] - Not connected to cluster to put record
Jul 27 2015 04:20:35 UTC: ERROR(12532) [put.cc:191] [execute] - Not connected to cluster to put record
Jul 27 2015 04:20:35 UTC: ERROR(12532) [put.cc:191] [execute] - Not connected to cluster to put record
Jul 27 2015 04:20:35 UTC: ERROR(12532) [put.cc:191] [execute] - Not connected to cluster to put record
Jul 27 2015 04:20:35 UTC: ERROR(12532) [put.cc:191] [execute] - Not connected to cluster to put record
Jul 27 2015 04:20:35 UTC: ERROR(12532) [put.cc:191] [execute] - Not connected to cluster to put record
Jul 27 2015 04:20:35 UTC: ERROR(12532) [put.cc:191] [execute] - Not connected to cluster to put record
Jul 27 2015 04:20:35 UTC: ERROR(12532) [put.cc:191] [execute] - Not connected to cluster to put record
Jul 27 2015 04:20:35 UTC: ERROR(12532) [put.cc:191] [execute] - Not connected to cluster to put record
Jul 27 2015 04:20:35 UTC: ERROR(12532) [put.cc:191] [execute] - Not connected to cluster to put record
Jul 27 2015 04:20:35 UTC: ERROR(12532) [put.cc:191] [execute] - Not connected to cluster to put record
Jul 27 2015 04:20:35 UTC: ERROR(12532) [put.cc:191] [execute] - Not connected to cluster to put record
Jul 27 2015 04:20:35 UTC: ERROR(12532) [put.cc:191] [execute] - Not connected to cluster to put record
Jul 27 2015 04:20:35 UTC: ERROR(12532) [put.cc:191] [execute] - Not connected to cluster to put record
Jul 27 2015 04:20:35 UTC: ERROR(12532) [put.cc:191] [execute] - Not connected to cluster to put record
Jul 27 2015 04:20:35 UTC: ERROR(12532) [put.cc:191] [execute] - Not connected to cluster to put record
Jul 27 2015 04:20:35 UTC: ERROR(12532) [put.cc:191] [execute] - Not connected to cluster to put record
Jul 27 2015 04:20:35 UTC: ERROR(12532) [put.cc:191] [execute] - Not connected to cluster to put record
Jul 27 2015 04:20:35 UTC: ERROR(12532) [put.cc:191] [execute] - Not connected to cluster to put record
Jul 27 2015 04:20:35 UTC: ERROR(12532) [put.cc:191] [execute] - Not connected to cluster to put record
Jul 27 2015 04:20:35 UTC: ERROR(12532) [put.cc:191] [execute] - Not connected to cluster to put record
Jul 27 2015 04:20:35 UTC: ERROR(12532) [put.cc:191] [execute] - Not connected to cluster to put record
Jul 27 2015 04:20:35 UTC: ERROR(12532) [put.cc:191] [execute] - Not connected to cluster to put record
Jul 27 2015 04:20:35 UTC: ERROR(12532) [put.cc:191] [execute] - Not connected to cluster to put record
Jul 27 2015 04:20:35 UTC: ERROR(12532) [put.cc:191] [execute] - Not connected to cluster to put record
Jul 27 2015 04:20:35 UTC: ERROR(12532) [put.cc:191] [execute] - Not connected to cluster to put record
Jul 27 2015 04:20:35 UTC: ERROR(12532) [put.cc:191] [execute] - Not connected to cluster to put record
Jul 27 2015 04:20:35 UTC: ERROR(12532) [put.cc:191] [execute] - Not connected to cluster to put record
Jul 27 2015 04:20:35 UTC: ERROR(12532) [put.cc:191] [execute] - Not connected to cluster to put record
Jul 27 2015 04:20:35 UTC: ERROR(12532) [put.cc:191] [execute] - Not connected to cluster to put record
Jul 27 2015 04:20:35 UTC: ERROR(12532) [put.cc:191] [execute] - Not connected to cluster to put record
Jul 27 2015 04:20:35 UTC: ERROR(12532) [put.cc:191] [execute] - Not connected to cluster to put record
Jul 27 2015 04:20:35 UTC: ERROR(12532) [put.cc:191] [execute] - Not connected to cluster to put record
Jul 27 2015 04:20:35 UTC: ERROR(12532) [put.cc:191] [execute] - Not connected to cluster to put record
Jul 27 2015 04:20:35 UTC: ERROR(12532) [put.cc:191] [execute] - Not connected to cluster to put record
Jul 27 2015 04:20:35 UTC: ERROR(12532) [put.cc:191] [execute] - Not connected to cluster to put record
Jul 27 2015 04:20:35 UTC: ERROR(12532) [put.cc:191] [execute] - Not connected to cluster to put record
Jul 27 2015 04:20:35 UTC: ERROR(12532) [connect.cc:69] [Connect] - Connecting to Cluster Failed
Jul 27 2015 04:20:35 UTC: ERROR(12532) [put.cc:191] [execute] - Not connected to cluster to put record
Jul 27 2015 04:20:35 UTC: ERROR(12532) [put.cc:191] [execute] - Not connected to cluster to put record
Jul 27 2015 04:20:35 UTC: ERROR(12532) [put.cc:191] [execute] - Not connected to cluster to put record
Jul 27 2015 04:20:35 UTC: ERROR(12532) [put.cc:191] [execute] - Not connected to cluster to put record
Jul 27 2015 04:20:35 UTC: ERROR(12532) [put.cc:191] [execute] - Not connected to cluster to put record
Jul 27 2015 04:20:35 UTC: ERROR(12532) [put.cc:191] [execute] - Not connected to cluster to put record
Jul 27 2015 04:20:35 UTC: ERROR(12532) [put.cc:191] [execute] - Not connected to cluster to put record
Jul 27 2015 04:20:35 UTC: ERROR(12532) [put.cc:191] [execute] - Not connected to cluster to put record
Jul 27 2015 04:20:35 UTC: ERROR(12532) [put.cc:191] [execute] - Not connected to cluster to put record
Jul 27 2015 04:20:35 UTC: ERROR(12532) [put.cc:191] [execute] - Not connected to cluster to put record
Jul 27 2015 04:20:35 UTC: ERROR(12532) [batch_select.cc:226] [execute] - Cluster Object is NULL, can't perform the operation
Jul 27 2015 04:20:35 UTC: ERROR(12532) [put.cc:191] [execute] - Not connected to cluster to put record
Jul 27 2015 04:20:35 UTC: ERROR(12532) [put.cc:191] [execute] - Not connected to cluster to put record
Jul 27 2015 04:20:35 UTC: ERROR(12532) [put.cc:191] [execute] - Not connected to cluster to put record
Jul 27 2015 04:20:35 UTC: ERROR(12532) [put.cc:191] [execute] - Not connected to cluster to put record
Jul 27 2015 04:20:35 UTC: ERROR(12532) [put.cc:191] [execute] - Not connected to cluster to put record
Jul 27 2015 04:20:35 UTC: ERROR(12532) [put.cc:191] [execute] - Not connected to cluster to put record
Jul 27 2015 04:20:35 UTC: ERROR(12532) [put.cc:191] [execute] - Not connected to cluster to put record
Jul 27 2015 04:20:35 UTC: ERROR(12532) [put.cc:191] [execute] - Not connected to cluster to put record
Jul 27 2015 04:20:35 UTC: ERROR(12532) [put.cc:191] [execute] - Not connected to cluster to put record
Jul 27 2015 04:20:35 UTC: ERROR(12532) [put.cc:191] [execute] - Not connected to cluster to put record
Jul 27 2015 04:20:35 UTC: ERROR(12532) [put.cc:191] [execute] - Not connected to cluster to put record
Jul 27 2015 04:20:35 UTC: ERROR(12532) [put.cc:191] [execute] - Not connected to cluster to put record
Jul 27 2015 04:20:35 UTC: ERROR(12532) [put.cc:191] [execute] - Not connected to cluster to put record
Jul 27 2015 04:20:35 UTC: ERROR(12532) [put.cc:191] [execute] - Not connected to cluster to put record
Jul 27 2015 04:20:35 UTC: ERROR(12532) [put.cc:191] [execute] - Not connected to cluster to put record
Jul 27 2015 04:20:35 UTC: ERROR(12532) [put.cc:191] [execute] - Not connected to cluster to put record
Jul 27 2015 04:20:35 UTC: ERROR(12532) [put.cc:191] [execute] - Not connected to cluster to put record
Jul 27 2015 04:20:35 UTC: ERROR(12532) [put.cc:191] [execute] - Not connected to cluster to put record
Jul 27 2015 04:20:35 UTC: ERROR(12532) [put.cc:191] [execute] - Not connected to cluster to put record
Jul 27 2015 04:20:35 UTC: ERROR(12532) [put.cc:191] [execute] - Not connected to cluster to put record
Jul 27 2015 04:20:35 UTC: ERROR(12532) [put.cc:191] [execute] - Not connected to cluster to put record
Jul 27 2015 04:20:35 UTC: ERROR(12532) [put.cc:191] [execute] - Not connected to cluster to put record
Jul 27 2015 04:20:35 UTC: ERROR(12532) [put.cc:191] [execute] - Not connected to cluster to put record
Jul 27 2015 04:20:35 UTC: ERROR(12532) [put.cc:191] [execute] - Not connected to cluster to put record
Jul 27 2015 04:20:35 UTC: ERROR(12532) [put.cc:191] [execute] - Not connected to cluster to put record
Jul 27 2015 04:20:35 UTC: ERROR(12532) [put.cc:191] [execute] - Not connected to cluster to put record
Jul 27 2015 04:20:35 UTC: ERROR(12532) [put.cc:191] [execute] - Not connected to cluster to put record
Jul 27 2015 04:20:35 UTC: ERROR(12532) [put.cc:191] [execute] - Not connected to cluster to put record
Jul 27 2015 04:20:35 UTC: ERROR(12532) [put.cc:191] [execute] - Not connected to cluster to put record
Jul 27 2015 04:20:35 UTC: ERROR(12532) [put.cc:191] [execute] - Not connected to cluster to put record
Jul 27 2015 04:20:35 UTC: ERROR(12532) [put.cc:191] [execute] - Not connected to cluster to put record
Jul 27 2015 04:20:35 UTC: ERROR(12532) [put.cc:191] [execute] - Not connected to cluster to put record
Jul 27 2015 04:20:35 UTC: ERROR(12532) [put.cc:191] [execute] - Not connected to cluster to put record
Jul 27 2015 04:20:35 UTC: ERROR(12532) [put.cc:191] [execute] - Not connected to cluster to put record
Jul 27 2015 04:20:35 UTC: ERROR(12532) [put.cc:191] [execute] - Not connected to cluster to put record
Jul 27 2015 04:20:35 UTC: ERROR(12532) [put.cc:191] [execute] - Not connected to cluster to put record
Jul 27 2015 04:20:35 UTC: ERROR(12532) [put.cc:191] [execute] - Not connected to cluster to put record
Jul 27 2015 04:20:35 UTC: ERROR(12532) [put.cc:191] [execute] - Not connected to cluster to put record
Jul 27 2015 04:20:35 UTC: ERROR(12532) [put.cc:191] [execute] - Not connected to cluster to put record
Jul 27 2015 04:20:35 UTC: ERROR(12532) [put.cc:191] [execute] - Not connected to cluster to put record
Jul 27 2015 04:20:35 UTC: ERROR(12532) [put.cc:191] [execute] - Not connected to cluster to put record
Jul 27 2015 04:20:35 UTC: ERROR(12532) [put.cc:191] [execute] - Not connected to cluster to put record
Jul 27 2015 04:20:35 UTC: ERROR(12532) [put.cc:191] [execute] - Not connected to cluster to put record
Jul 27 2015 04:20:35 UTC: ERROR(12532) [put.cc:191] [execute] - Not connected to cluster to put record
Jul 27 2015 04:20:35 UTC: ERROR(12532) [put.cc:191] [execute] - Not connected to cluster to put record
Jul 27 2015 04:20:35 UTC: ERROR(12532) [put.cc:191] [execute] - Not connected to cluster to put record
Jul 27 2015 04:20:35 UTC: ERROR(12532) [put.cc:191] [execute] - Not connected to cluster to put record
Jul 27 2015 04:20:35 UTC: ERROR(12532) [put.cc:191] [execute] - Not connected to cluster to put record
Jul 27 2015 04:20:35 UTC: ERROR(12532) [put.cc:191] [execute] - Not connected to cluster to put record
Jul 27 2015 04:20:35 UTC: ERROR(12532) [put.cc:191] [execute] - Not connected to cluster to put record
Jul 27 2015 04:20:35 UTC: ERROR(12532) [put.cc:191] [execute] - Not connected to cluster to put record
Jul 27 2015 04:20:35 UTC: ERROR(12532) [put.cc:191] [execute] - Not connected to cluster to put record
Jul 27 2015 04:20:35 UTC: ERROR(12532) [put.cc:191] [execute] - Not connected to cluster to put record
Jul 27 2015 04:20:35 UTC: ERROR(12532) [put.cc:191] [execute] - Not connected to cluster to put record
Jul 27 2015 04:20:35 UTC: ERROR(12532) [put.cc:191] [execute] - Not connected to cluster to put record
Jul 27 2015 04:20:35 UTC: ERROR(12532) [put.cc:191] [execute] - Not connected to cluster to put record
Jul 27 2015 04:20:35 UTC: ERROR(12532) [put.cc:191] [execute] - Not connected to cluster to put record
Jul 27 2015 04:20:35 UTC: ERROR(12532) [put.cc:191] [execute] - Not connected to cluster to put record
Jul 27 2015 04:20:35 UTC: ERROR(12532) [put.cc:191] [execute] - Not connected to cluster to put record
Jul 27 2015 04:20:35 UTC: ERROR(12532) [put.cc:191] [execute] - Not connected to cluster to put record
Jul 27 2015 04:20:35 UTC: ERROR(12532) [put.cc:191] [execute] - Not connected to cluster to put record
Jul 27 2015 04:20:35 UTC: ERROR(12532) [put.cc:191] [execute] - Not connected to cluster to put record
Jul 27 2015 04:20:35 UTC: ERROR(12532) [put.cc:191] [execute] - Not connected to cluster to put record
Jul 27 2015 04:20:35 UTC: ERROR(12532) [put.cc:191] [execute] - Not connected to cluster to put record
Jul 27 2015 04:20:35 UTC: ERROR(12532) [put.cc:191] [execute] - Not connected to cluster to put record
Jul 27 2015 04:20:35 UTC: ERROR(12532) [put.cc:191] [execute] - Not connected to cluster to put record
Jul 27 2015 04:20:35 UTC: ERROR(12532) [put.cc:191] [execute] - Not connected to cluster to put record
Jul 27 2015 04:20:35 UTC: ERROR(12532) [put.cc:191] [execute] - Not connected to cluster to put record
Jul 27 2015 04:20:35 UTC: ERROR(12532) [put.cc:191] [execute] - Not connected to cluster to put record
Jul 27 2015 04:20:35 UTC: ERROR(12532) [put.cc:191] [execute] - Not connected to cluster to put record
Jul 27 2015 04:20:35 UTC: ERROR(12532) [put.cc:191] [execute] - Not connected to cluster to put record
Jul 27 2015 04:20:35 UTC: ERROR(12532) [put.cc:191] [execute] - Not connected to cluster to put record
Jul 27 2015 04:20:35 UTC: ERROR(12532) [put.cc:191] [execute] - Not connected to cluster to put record
Jul 27 2015 04:20:35 UTC: ERROR(12532) [put.cc:191] [execute] - Not connected to cluster to put record
Jul 27 2015 04:20:35 UTC: ERROR(12532) [put.cc:191] [execute] - Not connected to cluster to put record
Jul 27 2015 04:20:35 UTC: ERROR(12532) [put.cc:191] [execute] - Not connected to cluster to put record
Jul 27 2015 04:20:35 UTC: ERROR(12532) [put.cc:191] [execute] - Not connected to cluster to put record
Jul 27 2015 04:20:35 UTC: ERROR(12532) [put.cc:191] [execute] - Not connected to cluster to put record
Jul 27 2015 04:20:35 UTC: ERROR(12532) [put.cc:191] [execute] - Not connected to cluster to put record
Jul 27 2015 04:20:35 UTC: ERROR(12532) [put.cc:191] [execute] - Not connected to cluster to put record
Jul 27 2015 04:20:35 UTC: ERROR(12532) [put.cc:191] [execute] - Not connected to cluster to put record
Jul 27 2015 04:20:35 UTC: ERROR(12532) [put.cc:191] [execute] - Not connected to cluster to put record
Jul 27 2015 04:20:35 UTC: ERROR(12532) [put.cc:191] [execute] - Not connected to cluster to put record
Jul 27 2015 04:20:35 UTC: ERROR(12532) [put.cc:191] [execute] - Not connected to cluster to put record
Jul 27 2015 04:20:35 UTC: ERROR(12532) [put.cc:191] [execute] - Not connected to cluster to put record
Jul 27 2015 04:20:35 UTC: ERROR(12532) [put.cc:191] [execute] - Not connected to cluster to put record
Jul 27 2015 04:20:35 UTC: ERROR(12532) [put.cc:191] [execute] - Not connected to cluster to put record
Jul 27 2015 04:20:35 UTC: ERROR(12532) [put.cc:191] [execute] - Not connected to cluster to put record
Jul 27 2015 04:20:35 UTC: ERROR(12532) [put.cc:191] [execute] - Not connected to cluster to put record
Jul 27 2015 04:20:35 UTC: ERROR(12532) [put.cc:191] [execute] - Not connected to cluster to put record
Jul 27 2015 04:20:35 UTC: ERROR(12532) [put.cc:191] [execute] - Not connected to cluster to put record
Jul 27 2015 04:20:35 UTC: ERROR(12532) [put.cc:191] [execute] - Not connected to cluster to put record
Jul 27 2015 04:20:35 UTC: ERROR(12532) [put.cc:191] [execute] - Not connected to cluster to put record
Jul 27 2015 04:20:35 UTC: ERROR(12532) [put.cc:191] [execute] - Not connected to cluster to put record
Jul 27 2015 04:20:35 UTC: ERROR(12532) [put.cc:191] [execute] - Not connected to cluster to put record
Jul 27 2015 04:20:35 UTC: ERROR(12532) [put.cc:191] [execute] - Not connected to cluster to put record
Jul 27 2015 04:20:35 UTC: ERROR(12532) [put.cc:191] [execute] - Not connected to cluster to put record
Jul 27 2015 04:20:35 UTC: ERROR(12532) [put.cc:191] [execute] - Not connected to cluster to put record
Jul 27 2015 04:20:35 UTC: ERROR(12532) [put.cc:191] [execute] - Not connected to cluster to put record
Jul 27 2015 04:20:35 UTC: ERROR(12532) [put.cc:191] [execute] - Not connected to cluster to put record
Jul 27 2015 04:20:35 UTC: ERROR(12532) [put.cc:191] [execute] - Not connected to cluster to put record
Jul 27 2015 04:20:35 UTC: ERROR(12532) [put.cc:191] [execute] - Not connected to cluster to put record
Jul 27 2015 04:20:35 UTC: ERROR(12532) [put.cc:191] [execute] - Not connected to cluster to put record
Jul 27 2015 04:20:35 UTC: ERROR(12532) [put.cc:191] [execute] - Not connected to cluster to put record
Jul 27 2015 04:20:35 UTC: ERROR(12532) [put.cc:191] [execute] - Not connected to cluster to put record
Jul 27 2015 04:20:35 UTC: ERROR(12532) [put.cc:191] [execute] - Not connected to cluster to put record
Jul 27 2015 04:20:35 UTC: ERROR(12532) [put.cc:191] [execute] - Not connected to cluster to put record
Jul 27 2015 04:20:35 UTC: ERROR(12532) [put.cc:191] [execute] - Not connected to cluster to put record
Jul 27 2015 04:20:35 UTC: ERROR(12532) [put.cc:191] [execute] - Not connected to cluster to put record
Jul 27 2015 04:20:35 UTC: ERROR(12532) [put.cc:191] [execute] - Not connected to cluster to put record
Jul 27 2015 04:20:35 UTC: ERROR(12532) [put.cc:191] [execute] - Not connected to cluster to put record
Jul 27 2015 04:20:35 UTC: ERROR(12532) [put.cc:191] [execute] - Not connected to cluster to put record
Jul 27 2015 04:20:35 UTC: ERROR(12532) [put.cc:191] [execute] - Not connected to cluster to put record
Jul 27 2015 04:20:35 UTC: ERROR(12532) [put.cc:191] [execute] - Not connected to cluster to put record
Jul 27 2015 04:20:35 UTC: ERROR(12532) [put.cc:191] [execute] - Not connected to cluster to put record
Jul 27 2015 04:20:35 UTC: ERROR(12532) [put.cc:191] [execute] - Not connected to cluster to put record
Jul 27 2015 04:20:35 UTC: ERROR(12532) [put.cc:191] [execute] - Not connected to cluster to put record
Jul 27 2015 04:20:35 UTC: ERROR(12532) [put.cc:191] [execute] - Not connected to cluster to put record
Jul 27 2015 04:20:35 UTC: ERROR(12532) [put.cc:191] [execute] - Not connected to cluster to put record
Jul 27 2015 04:20:35 UTC: ERROR(12532) [put.cc:191] [execute] - Not connected to cluster to put record
Jul 27 2015 04:20:35 UTC: ERROR(12532) [put.cc:191] [execute] - Not connected to cluster to put record
Jul 27 2015 04:20:35 UTC: ERROR(12532) [put.cc:191] [execute] - Not connected to cluster to put record
Jul 27 2015 04:20:35 UTC: ERROR(12532) [put.cc:191] [execute] - Not connected to cluster to put record
Jul 27 2015 04:20:35 UTC: ERROR(12532) [put.cc:191] [execute] - Not connected to cluster to put record
Jul 27 2015 04:20:35 UTC: ERROR(12532) [put.cc:191] [execute] - Not connected to cluster to put record
Jul 27 2015 04:20:35 UTC: ERROR(12532) [put.cc:191] [execute] - Not connected to cluster to put record
Jul 27 2015 04:20:35 UTC: ERROR(12532) [put.cc:191] [execute] - Not connected to cluster to put record
Jul 27 2015 04:20:35 UTC: ERROR(12532) [put.cc:191] [execute] - Not connected to cluster to put record
Jul 27 2015 04:20:35 UTC: ERROR(12532) [put.cc:191] [execute] - Not connected to cluster to put record
Jul 27 2015 04:20:35 UTC: ERROR(12532) [put.cc:191] [execute] - Not connected to cluster to put record
Jul 27 2015 04:20:35 UTC: ERROR(12532) [put.cc:191] [execute] - Not connected to cluster to put record
Jul 27 2015 04:20:35 UTC: ERROR(12532) [put.cc:191] [execute] - Not connected to cluster to put record
Jul 27 2015 04:20:35 UTC: ERROR(12532) [put.cc:191] [execute] - Not connected to cluster to put record
Jul 27 2015 04:20:35 UTC: ERROR(12532) [put.cc:191] [execute] - Not connected to cluster to put record
Jul 27 2015 04:20:35 UTC: ERROR(12532) [put.cc:191] [execute] - Not connected to cluster to put record
Jul 27 2015 04:20:35 UTC: ERROR(12532) [put.cc:191] [execute] - Not connected to cluster to put record
Jul 27 2015 04:20:35 UTC: ERROR(12532) [put.cc:191] [execute] - Not connected to cluster to put record
Jul 27 2015 04:20:35 UTC: ERROR(12532) [put.cc:191] [execute] - Not connected to cluster to put record
Jul 27 2015 04:20:35 UTC: ERROR(12532) [put.cc:191] [execute] - Not connected to cluster to put record
Jul 27 2015 04:20:35 UTC: ERROR(12532) [put.cc:191] [execute] - Not connected to cluster to put record
Jul 27 2015 04:20:35 UTC: ERROR(12532) [put.cc:191] [execute] - Not connected to cluster to put record
Jul 27 2015 04:20:35 UTC: ERROR(12532) [put.cc:191] [execute] - Not connected to cluster to put record
Jul 27 2015 04:20:35 UTC: ERROR(12532) [put.cc:191] [execute] - Not connected to cluster to put record
Jul 27 2015 04:20:35 UTC: ERROR(12532) [put.cc:191] [execute] - Not connected to cluster to put record
Jul 27 2015 04:20:35 UTC: ERROR(12532) [put.cc:191] [execute] - Not connected to cluster to put record
Jul 27 2015 04:20:35 UTC: ERROR(12532) [put.cc:191] [execute] - Not connected to cluster to put record
Jul 27 2015 04:20:35 UTC: ERROR(12532) [put.cc:191] [execute] - Not connected to cluster to put record
Jul 27 2015 04:20:35 UTC: ERROR(12532) [put.cc:191] [execute] - Not connected to cluster to put record
Jul 27 2015 04:20:35 UTC: ERROR(12532) [put.cc:191] [execute] - Not connected to cluster to put record
Jul 27 2015 04:20:35 UTC: ERROR(12532) [put.cc:191] [execute] - Not connected to cluster to put record
Jul 27 2015 04:20:35 UTC: ERROR(12532) [put.cc:191] [execute] - Not connected to cluster to put record
Jul 27 2015 04:20:35 UTC: ERROR(12532) [put.cc:191] [execute] - Not connected to cluster to put record
Jul 27 2015 04:20:35 UTC: ERROR(12532) [put.cc:191] [execute] - Not connected to cluster to put record
Jul 27 2015 04:20:35 UTC: ERROR(12532) [put.cc:191] [execute] - Not connected to cluster to put record
Jul 27 2015 04:20:35 UTC: ERROR(12532) [put.cc:191] [execute] - Not connected to cluster to put record
Jul 27 2015 04:20:35 UTC: ERROR(12532) [put.cc:191] [execute] - Not connected to cluster to put record
Jul 27 2015 04:20:35 UTC: ERROR(12532) [put.cc:191] [execute] - Not connected to cluster to put record
Jul 27 2015 04:20:35 UTC: ERROR(12532) [put.cc:191] [execute] - Not connected to cluster to put record
Jul 27 2015 04:20:35 UTC: ERROR(12532) [put.cc:191] [execute] - Not connected to cluster to put record
Jul 27 2015 04:20:35 UTC: ERROR(12532) [put.cc:191] [execute] - Not connected to cluster to put record
Jul 27 2015 04:20:35 UTC: ERROR(12532) [put.cc:191] [execute] - Not connected to cluster to put record
Jul 27 2015 04:20:35 UTC: ERROR(12532) [put.cc:191] [execute] - Not connected to cluster to put record
Jul 27 2015 04:20:35 UTC: ERROR(12532) [put.cc:191] [execute] - Not connected to cluster to put record
Jul 27 2015 04:20:35 UTC: ERROR(12532) [put.cc:191] [execute] - Not connected to cluster to put record
Jul 27 2015 04:20:35 UTC: ERROR(12532) [put.cc:191] [execute] - Not connected to cluster to put record
Jul 27 2015 04:20:35 UTC: ERROR(12532) [put.cc:191] [execute] - Not connected to cluster to put record
Jul 27 2015 04:20:35 UTC: ERROR(12532) [put.cc:191] [execute] - Not connected to cluster to put record
Jul 27 2015 04:20:35 UTC: ERROR(12532) [put.cc:191] [execute] - Not connected to cluster to put record
Jul 27 2015 04:20:35 UTC: ERROR(12532) [put.cc:191] [execute] - Not connected to cluster to put record
Jul 27 2015 04:20:35 UTC: ERROR(12532) [put.cc:191] [execute] - Not connected to cluster to put record
Jul 27 2015 04:20:35 UTC: ERROR(12532) [put.cc:191] [execute] - Not connected to cluster to put record
Jul 27 2015 04:20:35 UTC: ERROR(12532) [put.cc:191] [execute] - Not connected to cluster to put record
Jul 27 2015 04:20:35 UTC: ERROR(12532) [put.cc:191] [execute] - Not connected to cluster to put record
Jul 27 2015 04:20:35 UTC: ERROR(12532) [put.cc:191] [execute] - Not connected to cluster to put record
Jul 27 2015 04:20:35 UTC: ERROR(12532) [put.cc:191] [execute] - Not connected to cluster to put record
Jul 27 2015 04:20:35 UTC: ERROR(12532) [put.cc:191] [execute] - Not connected to cluster to put record
Jul 27 2015 04:20:35 UTC: ERROR(12532) [put.cc:191] [execute] - Not connected to cluster to put record
Jul 27 2015 04:20:35 UTC: ERROR(12532) [put.cc:191] [execute] - Not connected to cluster to put record
Jul 27 2015 04:20:35 UTC: ERROR(12532) [put.cc:191] [execute] - Not connected to cluster to put record
Jul 27 2015 04:20:35 UTC: ERROR(12532) [put.cc:191] [execute] - Not connected to cluster to put record
Jul 27 2015 04:20:35 UTC: ERROR(12532) [put.cc:191] [execute] - Not connected to cluster to put record
Jul 27 2015 04:20:35 UTC: ERROR(12532) [put.cc:191] [execute] - Not connected to cluster to put record
Jul 27 2015 04:20:35 UTC: ERROR(12532) [put.cc:191] [execute] - Not connected to cluster to put record
Jul 27 2015 04:20:35 UTC: ERROR(12532) [put.cc:191] [execute] - Not connected to cluster to put record
Jul 27 2015 04:20:35 UTC: ERROR(12532) [put.cc:191] [execute] - Not connected to cluster to put record
Jul 27 2015 04:20:35 UTC: ERROR(12532) [put.cc:191] [execute] - Not connected to cluster to put record
Jul 27 2015 04:20:35 UTC: ERROR(12532) [put.cc:191] [execute] - Not connected to cluster to put record
Jul 27 2015 04:20:35 UTC: ERROR(12532) [put.cc:191] [execute] - Not connected to cluster to put record
Jul 27 2015 04:20:35 UTC: ERROR(12532) [put.cc:191] [execute] - Not connected to cluster to put record
Jul 27 2015 04:20:35 UTC: ERROR(12532) [put.cc:191] [execute] - Not connected to cluster to put record
Jul 27 2015 04:20:35 UTC: ERROR(12532) [put.cc:191] [execute] - Not connected to cluster to put record
Jul 27 2015 04:20:35 UTC: ERROR(12532) [put.cc:191] [execute] - Not connected to cluster to put record
Jul 27 2015 04:20:35 UTC: ERROR(12532) [put.cc:191] [execute] - Not connected to cluster to put record
Jul 27 2015 04:20:35 UTC: ERROR(12532) [put.cc:191] [execute] - Not connected to cluster to put record
Jul 27 2015 04:20:35 UTC: ERROR(12532) [put.cc:191] [execute] - Not connected to cluster to put record
Jul 27 2015 04:20:35 UTC: ERROR(12532) [put.cc:191] [execute] - Not connected to cluster to put record
Jul 27 2015 04:20:35 UTC: ERROR(12532) [put.cc:191] [execute] - Not connected to cluster to put record
Jul 27 2015 04:20:35 UTC: ERROR(12532) [put.cc:191] [execute] - Not connected to cluster to put record
Jul 27 2015 04:20:35 UTC: ERROR(12532) [put.cc:191] [execute] - Not connected to cluster to put record
Jul 27 2015 04:20:35 UTC: ERROR(12532) [put.cc:191] [execute] - Not connected to cluster to put record
Jul 27 2015 04:20:35 UTC: ERROR(12532) [put.cc:191] [execute] - Not connected to cluster to put record
Jul 27 2015 04:20:35 UTC: ERROR(12532) [put.cc:191] [execute] - Not connected to cluster to put record
Jul 27 2015 04:20:35 UTC: ERROR(12532) [put.cc:191] [execute] - Not connected to cluster to put record
Jul 27 2015 04:20:35 UTC: ERROR(12532) [put.cc:191] [execute] - Not connected to cluster to put record
Jul 27 2015 04:20:35 UTC: ERROR(12532) [put.cc:191] [execute] - Not connected to cluster to put record
Jul 27 2015 04:20:35 UTC: ERROR(12532) [put.cc:191] [execute] - Not connected to cluster to put record
Jul 27 2015 04:20:35 UTC: ERROR(12532) [put.cc:191] [execute] - Not connected to cluster to put record
Jul 27 2015 04:20:35 UTC: ERROR(12532) [put.cc:191] [execute] - Not connected to cluster to put record
Jul 27 2015 04:20:35 UTC: ERROR(12532) [put.cc:191] [execute] - Not connected to cluster to put record
Jul 27 2015 04:20:35 UTC: ERROR(12532) [put.cc:191] [execute] - Not connected to cluster to put record
Jul 27 2015 04:20:35 UTC: ERROR(12532) [put.cc:191] [execute] - Not connected to cluster to put record
Jul 27 2015 04:20:35 UTC: ERROR(12532) [put.cc:191] [execute] - Not connected to cluster to put record
Jul 27 2015 04:20:35 UTC: ERROR(12532) [put.cc:191] [execute] - Not connected to cluster to put record
Jul 27 2015 04:20:35 UTC: ERROR(12532) [put.cc:191] [execute] - Not connected to cluster to put record
Jul 27 2015 04:20:35 UTC: ERROR(12532) [put.cc:191] [execute] - Not connected to cluster to put record
Jul 27 2015 04:20:35 UTC: ERROR(12532) [put.cc:191] [execute] - Not connected to cluster to put record
Jul 27 2015 04:20:35 UTC: ERROR(12532) [put.cc:191] [execute] - Not connected to cluster to put record
Jul 27 2015 04:20:35 UTC: ERROR(12532) [put.cc:191] [execute] - Not connected to cluster to put record
Jul 27 2015 04:20:35 UTC: ERROR(12532) [put.cc:191] [execute] - Not connected to cluster to put record
Jul 27 2015 04:20:35 UTC: ERROR(12532) [put.cc:191] [execute] - Not connected to cluster to put record
Jul 27 2015 04:20:35 UTC: ERROR(12532) [put.cc:191] [execute] - Not connected to cluster to put record
Jul 27 2015 04:20:35 UTC: ERROR(12532) [put.cc:191] [execute] - Not connected to cluster to put record
Jul 27 2015 04:20:35 UTC: ERROR(12532) [put.cc:191] [execute] - Not connected to cluster to put record
Jul 27 2015 04:20:35 UTC: ERROR(12532) [put.cc:191] [execute] - Not connected to cluster to put record
Jul 27 2015 04:20:35 UTC: ERROR(12532) [put.cc:191] [execute] - Not connected to cluster to put record
Jul 27 2015 04:20:35 UTC: ERROR(12532) [put.cc:191] [execute] - Not connected to cluster to put record
Jul 27 2015 04:20:35 UTC: ERROR(12532) [put.cc:191] [execute] - Not connected to cluster to put record
Jul 27 2015 04:20:35 UTC: ERROR(12532) [put.cc:191] [execute] - Not connected to cluster to put record
Jul 27 2015 04:20:35 UTC: ERROR(12532) [put.cc:191] [execute] - Not connected to cluster to put record
Jul 27 2015 04:20:35 UTC: ERROR(12532) [put.cc:191] [execute] - Not connected to cluster to put record
Jul 27 2015 04:20:35 UTC: ERROR(12532) [put.cc:191] [execute] - Not connected to cluster to put record
Jul 27 2015 04:20:35 UTC: ERROR(12532) [put.cc:191] [execute] - Not connected to cluster to put record
Jul 27 2015 04:20:35 UTC: ERROR(12532) [put.cc:191] [execute] - Not connected to cluster to put record
Jul 27 2015 04:20:35 UTC: ERROR(12532) [put.cc:191] [execute] - Not connected to cluster to put record
Jul 27 2015 04:20:35 UTC: ERROR(12532) [put.cc:191] [execute] - Not connected to cluster to put record
Jul 27 2015 04:20:35 UTC: ERROR(12532) [put.cc:191] [execute] - Not connected to cluster to put record
Jul 27 2015 04:20:35 UTC: ERROR(12532) [put.cc:191] [execute] - Not connected to cluster to put record
Jul 27 2015 04:20:35 UTC: ERROR(12532) [put.cc:191] [execute] - Not connected to cluster to put record
Jul 27 2015 04:20:35 UTC: ERROR(12532) [put.cc:191] [execute] - Not connected to cluster to put record
Jul 27 2015 04:20:35 UTC: ERROR(12532) [put.cc:191] [execute] - Not connected to cluster to put record
Jul 27 2015 04:20:35 UTC: ERROR(12532) [put.cc:191] [execute] - Not connected to cluster to put record
Jul 27 2015 04:20:35 UTC: ERROR(12532) [put.cc:191] [execute] - Not connected to cluster to put record
Jul 27 2015 04:20:35 UTC: ERROR(12532) [put.cc:191] [execute] - Not connected to cluster to put record
Jul 27 2015 04:20:35 UTC: ERROR(12532) [put.cc:191] [execute] - Not connected to cluster to put record
Jul 27 2015 04:20:35 UTC: ERROR(12532) [put.cc:191] [execute] - Not connected to cluster to put record
Jul 27 2015 04:20:35 UTC: ERROR(12532) [put.cc:191] [execute] - Not connected to cluster to put record
Jul 27 2015 04:20:35 UTC: ERROR(12532) [put.cc:191] [execute] - Not connected to cluster to put record
Jul 27 2015 04:20:35 UTC: ERROR(12532) [put.cc:191] [execute] - Not connected to cluster to put record
Jul 27 2015 04:20:35 UTC: ERROR(12532) [put.cc:191] [execute] - Not connected to cluster to put record
Jul 27 2015 04:20:35 UTC: ERROR(12532) [put.cc:191] [execute] - Not connected to cluster to put record
Jul 27 2015 04:20:35 UTC: ERROR(12532) [put.cc:191] [execute] - Not connected to cluster to put record
Jul 27 2015 04:20:35 UTC: ERROR(12532) [put.cc:191] [execute] - Not connected to cluster to put record
Jul 27 2015 04:20:35 UTC: ERROR(12532) [put.cc:191] [execute] - Not connected to cluster to put record
Jul 27 2015 04:20:35 UTC: ERROR(12532) [put.cc:191] [execute] - Not connected to cluster to put record
Jul 27 2015 04:20:35 UTC: ERROR(12532) [put.cc:191] [execute] - Not connected to cluster to put record
Jul 27 2015 04:20:35 UTC: ERROR(12532) [put.cc:191] [execute] - Not connected to cluster to put record
Jul 27 2015 04:20:35 UTC: ERROR(12532) [put.cc:191] [execute] - Not connected to cluster to put record
Jul 27 2015 04:20:35 UTC: ERROR(12532) [put.cc:191] [execute] - Not connected to cluster to put record
Jul 27 2015 04:20:35 UTC: ERROR(12532) [put.cc:191] [execute] - Not connected to cluster to put record
Jul 27 2015 04:20:35 UTC: ERROR(12532) [put.cc:191] [execute] - Not connected to cluster to put record
Jul 27 2015 04:20:35 UTC: ERROR(12532) [put.cc:191] [execute] - Not connected to cluster to put record
Jul 27 2015 04:20:35 UTC: ERROR(12532) [put.cc:191] [execute] - Not connected to cluster to put record
Jul 27 2015 04:20:35 UTC: ERROR(12532) [put.cc:191] [execute] - Not connected to cluster to put record
Jul 27 2015 04:20:35 UTC: ERROR(12532) [put.cc:191] [execute] - Not connected to cluster to put record
Jul 27 2015 04:20:35 UTC: ERROR(12532) [put.cc:191] [execute] - Not connected to cluster to put record
Jul 27 2015 04:20:35 UTC: ERROR(12532) [put.cc:191] [execute] - Not connected to cluster to put record
Jul 27 2015 04:20:35 UTC: ERROR(12532) [put.cc:191] [execute] - Not connected to cluster to put record
Jul 27 2015 04:20:35 UTC: ERROR(12532) [put.cc:191] [execute] - Not connected to cluster to put record
Jul 27 2015 04:20:35 UTC: ERROR(12532) [put.cc:191] [execute] - Not connected to cluster to put record
Jul 27 2015 04:20:35 UTC: ERROR(12532) [put.cc:191] [execute] - Not connected to cluster to put record
Jul 27 2015 04:20:35 UTC: ERROR(12532) [put.cc:191] [execute] - Not connected to cluster to put record
Jul 27 2015 04:20:35 UTC: ERROR(12532) [put.cc:191] [execute] - Not connected to cluster to put record
Jul 27 2015 04:20:35 UTC: ERROR(12532) [put.cc:191] [execute] - Not connected to cluster to put record
Jul 27 2015 04:20:35 UTC: ERROR(12532) [put.cc:191] [execute] - Not connected to cluster to put record
Jul 27 2015 04:20:35 UTC: ERROR(12532) [put.cc:191] [execute] - Not connected to cluster to put record
Jul 27 2015 04:20:35 UTC: ERROR(12532) [put.cc:191] [execute] - Not connected to cluster to put record
Jul 27 2015 04:20:35 UTC: ERROR(12532) [put.cc:191] [execute] - Not connected to cluster to put record
Jul 27 2015 04:20:35 UTC: ERROR(12532) [put.cc:191] [execute] - Not connected to cluster to put record
Jul 27 2015 04:20:35 UTC: ERROR(12532) [put.cc:191] [execute] - Not connected to cluster to put record
Jul 27 2015 04:20:35 UTC: ERROR(12532) [put.cc:191] [execute] - Not connected to cluster to put record
Jul 27 2015 04:20:35 UTC: ERROR(12532) [put.cc:191] [execute] - Not connected to cluster to put record
Jul 27 2015 04:20:35 UTC: ERROR(12532) [put.cc:191] [execute] - Not connected to cluster to put record
Jul 27 2015 04:20:35 UTC: ERROR(12532) [put.cc:191] [execute] - Not connected to cluster to put record
Jul 27 2015 04:20:35 UTC: ERROR(12532) [put.cc:191] [execute] - Not connected to cluster to put record
Jul 27 2015 04:20:35 UTC: ERROR(12532) [put.cc:191] [execute] - Not connected to cluster to put record
Jul 27 2015 04:20:35 UTC: ERROR(12532) [put.cc:191] [execute] - Not connected to cluster to put record
Jul 27 2015 04:20:35 UTC: ERROR(12532) [put.cc:191] [execute] - Not connected to cluster to put record
Jul 27 2015 04:20:35 UTC: ERROR(12532) [put.cc:191] [execute] - Not connected to cluster to put record
Jul 27 2015 04:20:35 UTC: ERROR(12532) [put.cc:191] [execute] - Not connected to cluster to put record
Jul 27 2015 04:20:35 UTC: ERROR(12532) [put.cc:191] [execute] - Not connected to cluster to put record
Jul 27 2015 04:20:35 UTC: ERROR(12532) [put.cc:191] [execute] - Not connected to cluster to put record
Jul 27 2015 04:20:35 UTC: ERROR(12532) [put.cc:191] [execute] - Not connected to cluster to put record
Jul 27 2015 04:20:35 UTC: ERROR(12532) [put.cc:191] [execute] - Not connected to cluster to put record
Jul 27 2015 04:20:35 UTC: ERROR(12532) [put.cc:191] [execute] - Not connected to cluster to put record
Jul 27 2015 04:20:35 UTC: ERROR(12532) [put.cc:191] [execute] - Not connected to cluster to put record
Jul 27 2015 04:20:35 UTC: ERROR(12532) [put.cc:191] [execute] - Not connected to cluster to put record
Jul 27 2015 04:20:35 UTC: ERROR(12532) [put.cc:191] [execute] - Not connected to cluster to put record
Jul 27 2015 04:20:35 UTC: ERROR(12532) [put.cc:191] [execute] - Not connected to cluster to put record
Jul 27 2015 04:20:35 UTC: ERROR(12532) [put.cc:191] [execute] - Not connected to cluster to put record
Jul 27 2015 04:20:35 UTC: ERROR(12532) [put.cc:191] [execute] - Not connected to cluster to put record
Jul 27 2015 04:20:35 UTC: ERROR(12532) [put.cc:191] [execute] - Not connected to cluster to put record
Jul 27 2015 04:20:35 UTC: ERROR(12532) [put.cc:191] [execute] - Not connected to cluster to put record
Jul 27 2015 04:20:35 UTC: ERROR(12532) [put.cc:191] [execute] - Not connected to cluster to put record
Jul 27 2015 04:20:35 UTC: ERROR(12532) [put.cc:191] [execute] - Not connected to cluster to put record
Jul 27 2015 04:20:35 UTC: ERROR(12532) [put.cc:191] [execute] - Not connected to cluster to put record
Jul 27 2015 04:20:35 UTC: ERROR(12532) [put.cc:191] [execute] - Not connected to cluster to put record
Jul 27 2015 04:20:35 UTC: ERROR(12532) [put.cc:191] [execute] - Not connected to cluster to put record
Jul 27 2015 04:20:35 UTC: ERROR(12532) [put.cc:191] [execute] - Not connected to cluster to put record
Jul 27 2015 04:20:35 UTC: ERROR(12532) [put.cc:191] [execute] - Not connected to cluster to put record
Jul 27 2015 04:20:35 UTC: ERROR(12532) [put.cc:191] [execute] - Not connected to cluster to put record
Jul 27 2015 04:20:35 UTC: ERROR(12532) [put.cc:191] [execute] - Not connected to cluster to put record
Jul 27 2015 04:20:35 UTC: ERROR(12532) [put.cc:191] [execute] - Not connected to cluster to put record
Jul 27 2015 04:20:35 UTC: ERROR(12532) [put.cc:191] [execute] - Not connected to cluster to put record
Jul 27 2015 04:20:35 UTC: ERROR(12532) [put.cc:191] [execute] - Not connected to cluster to put record
Jul 27 2015 04:20:35 UTC: ERROR(12532) [put.cc:191] [execute] - Not connected to cluster to put record
Jul 27 2015 04:20:35 UTC: ERROR(12532) [put.cc:191] [execute] - Not connected to cluster to put record
Jul 27 2015 04:20:35 UTC: ERROR(12532) [put.cc:191] [execute] - Not connected to cluster to put record
Jul 27 2015 04:20:35 UTC: ERROR(12532) [put.cc:191] [execute] - Not connected to cluster to put record
Jul 27 2015 04:20:35 UTC: ERROR(12532) [put.cc:191] [execute] - Not connected to cluster to put record
Jul 27 2015 04:20:35 UTC: ERROR(12532) [put.cc:191] [execute] - Not connected to cluster to put record
Jul 27 2015 04:20:35 UTC: ERROR(12532) [put.cc:191] [execute] - Not connected to cluster to put record
Jul 27 2015 04:20:35 UTC: ERROR(12532) [put.cc:191] [execute] - Not connected to cluster to put record
Jul 27 2015 04:20:35 UTC: ERROR(12532) [put.cc:191] [execute] - Not connected to cluster to put record
Jul 27 2015 04:20:35 UTC: ERROR(12532) [put.cc:191] [execute] - Not connected to cluster to put record
Jul 27 2015 04:20:35 UTC: ERROR(12532) [put.cc:191] [execute] - Not connected to cluster to put record
Jul 27 2015 04:20:35 UTC: ERROR(12532) [put.cc:191] [execute] - Not connected to cluster to put record
Jul 27 2015 04:20:35 UTC: ERROR(12532) [put.cc:191] [execute] - Not connected to cluster to put record
Jul 27 2015 04:20:35 UTC: ERROR(12532) [put.cc:191] [execute] - Not connected to cluster to put record
Jul 27 2015 04:20:35 UTC: ERROR(12532) [put.cc:191] [execute] - Not connected to cluster to put record
Jul 27 2015 04:20:35 UTC: ERROR(12532) [put.cc:191] [execute] - Not connected to cluster to put record
Jul 27 2015 04:20:35 UTC: ERROR(12532) [put.cc:191] [execute] - Not connected to cluster to put record
Jul 27 2015 04:20:35 UTC: ERROR(12532) [put.cc:191] [execute] - Not connected to cluster to put record
Jul 27 2015 04:20:35 UTC: ERROR(12532) [put.cc:191] [execute] - Not connected to cluster to put record
Jul 27 2015 04:20:35 UTC: ERROR(12532) [put.cc:191] [execute] - Not connected to cluster to put record
Jul 27 2015 04:20:35 UTC: ERROR(12532) [put.cc:191] [execute] - Not connected to cluster to put record
Jul 27 2015 04:20:35 UTC: ERROR(12532) [put.cc:191] [execute] - Not connected to cluster to put record
Jul 27 2015 04:20:35 UTC: ERROR(12532) [put.cc:191] [execute] - Not connected to cluster to put record
Jul 27 2015 04:20:35 UTC: ERROR(12532) [put.cc:191] [execute] - Not connected to cluster to put record
Jul 27 2015 04:20:35 UTC: ERROR(12532) [put.cc:191] [execute] - Not connected to cluster to put record
Jul 27 2015 04:20:35 UTC: ERROR(12532) [put.cc:191] [execute] - Not connected to cluster to put record
Jul 27 2015 04:20:35 UTC: ERROR(12532) [put.cc:191] [execute] - Not connected to cluster to put record
Jul 27 2015 04:20:35 UTC: ERROR(12532) [put.cc:191] [execute] - Not connected to cluster to put record
Jul 27 2015 04:20:35 UTC: ERROR(12532) [put.cc:191] [execute] - Not connected to cluster to put record
Jul 27 2015 04:20:35 UTC: ERROR(12532) [put.cc:191] [execute] - Not connected to cluster to put record
Jul 27 2015 04:20:35 UTC: ERROR(12532) [put.cc:191] [execute] - Not connected to cluster to put record
Jul 27 2015 04:20:35 UTC: ERROR(12532) [put.cc:191] [execute] - Not connected to cluster to put record
Jul 27 2015 04:20:35 UTC: ERROR(12532) [put.cc:191] [execute] - Not connected to cluster to put record
Jul 27 2015 04:20:35 UTC: ERROR(12532) [put.cc:191] [execute] - Not connected to cluster to put record
Jul 27 2015 04:20:35 UTC: ERROR(12532) [put.cc:191] [execute] - Not connected to cluster to put record
Jul 27 2015 04:20:35 UTC: ERROR(12532) [put.cc:191] [execute] - Not connected to cluster to put record
Jul 27 2015 04:20:35 UTC: ERROR(12532) [put.cc:191] [execute] - Not connected to cluster to put record
Jul 27 2015 04:20:35 UTC: ERROR(12532) [put.cc:191] [execute] - Not connected to cluster to put record
Jul 27 2015 04:20:35 UTC: ERROR(12532) [put.cc:191] [execute] - Not connected to cluster to put record
Jul 27 2015 04:20:35 UTC: ERROR(12532) [put.cc:191] [execute] - Not connected to cluster to put record
Jul 27 2015 04:20:35 UTC: ERROR(12532) [put.cc:191] [execute] - Not connected to cluster to put record
Jul 27 2015 04:20:35 UTC: ERROR(12532) [put.cc:191] [execute] - Not connected to cluster to put record
Jul 27 2015 04:20:35 UTC: ERROR(12532) [put.cc:191] [execute] - Not connected to cluster to put record
Jul 27 2015 04:20:35 UTC: ERROR(12532) [put.cc:191] [execute] - Not connected to cluster to put record
Jul 27 2015 04:20:35 UTC: ERROR(12532) [put.cc:191] [execute] - Not connected to cluster to put record
Jul 27 2015 04:20:35 UTC: ERROR(12532) [put.cc:191] [execute] - Not connected to cluster to put record
Jul 27 2015 04:20:35 UTC: ERROR(12532) [put.cc:191] [execute] - Not connected to cluster to put record
Jul 27 2015 04:20:35 UTC: ERROR(12532) [put.cc:191] [execute] - Not connected to cluster to put record
Jul 27 2015 04:20:35 UTC: ERROR(12532) [put.cc:191] [execute] - Not connected to cluster to put record
Jul 27 2015 04:20:35 UTC: ERROR(12532) [put.cc:191] [execute] - Not connected to cluster to put record
Jul 27 2015 04:20:35 UTC: ERROR(12532) [put.cc:191] [execute] - Not connected to cluster to put record
Jul 27 2015 04:20:35 UTC: ERROR(12532) [put.cc:191] [execute] - Not connected to cluster to put record
Jul 27 2015 04:20:35 UTC: ERROR(12532) [put.cc:191] [execute] - Not connected to cluster to put record
Jul 27 2015 04:20:35 UTC: ERROR(12532) [put.cc:191] [execute] - Not connected to cluster to put record
Jul 27 2015 04:20:35 UTC: ERROR(12532) [put.cc:191] [execute] - Not connected to cluster to put record
Jul 27 2015 04:20:35 UTC: ERROR(12532) [put.cc:191] [execute] - Not connected to cluster to put record
Jul 27 2015 04:20:35 UTC: ERROR(12532) [put.cc:191] [execute] - Not connected to cluster to put record
Jul 27 2015 04:20:35 UTC: ERROR(12532) [put.cc:191] [execute] - Not connected to cluster to put record
Jul 27 2015 04:20:35 UTC: ERROR(12532) [put.cc:191] [execute] - Not connected to cluster to put record
Jul 27 2015 04:20:35 UTC: ERROR(12532) [put.cc:191] [execute] - Not connected to cluster to put record
Jul 27 2015 04:20:35 UTC: ERROR(12532) [put.cc:191] [execute] - Not connected to cluster to put record
Jul 27 2015 04:20:35 UTC: ERROR(12532) [put.cc:191] [execute] - Not connected to cluster to put record
Jul 27 2015 04:20:35 UTC: ERROR(12532) [put.cc:191] [execute] - Not connected to cluster to put record
Jul 27 2015 04:20:35 UTC: ERROR(12532) [put.cc:191] [execute] - Not connected to cluster to put record
Jul 27 2015 04:20:35 UTC: ERROR(12532) [put.cc:191] [execute] - Not connected to cluster to put record
Jul 27 2015 04:20:35 UTC: ERROR(12532) [put.cc:191] [execute] - Not connected to cluster to put record
Jul 27 2015 04:20:35 UTC: ERROR(12532) [put.cc:191] [execute] - Not connected to cluster to put record
Jul 27 2015 04:20:35 UTC: ERROR(12532) [put.cc:191] [execute] - Not connected to cluster to put record
Jul 27 2015 04:20:35 UTC: ERROR(12532) [put.cc:191] [execute] - Not connected to cluster to put record
Jul 27 2015 04:20:35 UTC: ERROR(12532) [put.cc:191] [execute] - Not connected to cluster to put record
Jul 27 2015 04:20:35 UTC: ERROR(12532) [put.cc:191] [execute] - Not connected to cluster to put record
Jul 27 2015 04:20:35 UTC: ERROR(12532) [put.cc:191] [execute] - Not connected to cluster to put record
Jul 27 2015 04:20:35 UTC: ERROR(12532) [put.cc:191] [execute] - Not connected to cluster to put record
Jul 27 2015 04:20:35 UTC: ERROR(12532) [put.cc:191] [execute] - Not connected to cluster to put record
Jul 27 2015 04:20:35 UTC: ERROR(12532) [put.cc:191] [execute] - Not connected to cluster to put record
Jul 27 2015 04:20:35 UTC: ERROR(12532) [put.cc:191] [execute] - Not connected to cluster to put record
Jul 27 2015 04:20:35 UTC: ERROR(12532) [put.cc:191] [execute] - Not connected to cluster to put record
Jul 27 2015 04:20:35 UTC: ERROR(12532) [put.cc:191] [execute] - Not connected to cluster to put record
Jul 27 2015 04:20:35 UTC: ERROR(12532) [put.cc:191] [execute] - Not connected to cluster to put record
Jul 27 2015 04:20:35 UTC: ERROR(12532) [put.cc:191] [execute] - Not connected to cluster to put record
Jul 27 2015 04:20:35 UTC: ERROR(12532) [put.cc:191] [execute] - Not connected to cluster to put record
Jul 27 2015 04:20:35 UTC: ERROR(12532) [put.cc:191] [execute] - Not connected to cluster to put record
Jul 27 2015 04:20:35 UTC: ERROR(12532) [put.cc:191] [execute] - Not connected to cluster to put record
Jul 27 2015 04:20:35 UTC: ERROR(12532) [put.cc:191] [execute] - Not connected to cluster to put record
Jul 27 2015 04:20:35 UTC: ERROR(12532) [put.cc:191] [execute] - Not connected to cluster to put record
Jul 27 2015 04:20:35 UTC: ERROR(12532) [put.cc:191] [execute] - Not connected to cluster to put record
Jul 27 2015 04:20:35 UTC: ERROR(12532) [put.cc:191] [execute] - Not connected to cluster to put record
Jul 27 2015 04:20:35 UTC: ERROR(12532) [put.cc:191] [execute] - Not connected to cluster to put record
Jul 27 2015 04:20:35 UTC: ERROR(12532) [put.cc:191] [execute] - Not connected to cluster to put record
Jul 27 2015 04:20:35 UTC: ERROR(12532) [put.cc:191] [execute] - Not connected to cluster to put record
Jul 27 2015 04:20:35 UTC: ERROR(12532) [put.cc:191] [execute] - Not connected to cluster to put record
Jul 27 2015 04:20:35 UTC: ERROR(12532) [put.cc:191] [execute] - Not connected to cluster to put record
Jul 27 2015 04:20:35 UTC: ERROR(12532) [put.cc:191] [execute] - Not connected to cluster to put record
Jul 27 2015 04:20:35 UTC: ERROR(12532) [put.cc:191] [execute] - Not connected to cluster to put record
Jul 27 2015 04:20:35 UTC: ERROR(12532) [put.cc:191] [execute] - Not connected to cluster to put record
Jul 27 2015 04:20:35 UTC: ERROR(12532) [put.cc:191] [execute] - Not connected to cluster to put record
Jul 27 2015 04:20:35 UTC: ERROR(12532) [put.cc:191] [execute] - Not connected to cluster to put record
Jul 27 2015 04:20:35 UTC: ERROR(12532) [put.cc:191] [execute] - Not connected to cluster to put record
Jul 27 2015 04:20:35 UTC: ERROR(12532) [put.cc:191] [execute] - Not connected to cluster to put record
Jul 27 2015 04:20:35 UTC: ERROR(12532) [put.cc:191] [execute] - Not connected to cluster to put record
Jul 27 2015 04:20:35 UTC: ERROR(12532) [put.cc:191] [execute] - Not connected to cluster to put record
Jul 27 2015 04:20:35 UTC: ERROR(12532) [put.cc:191] [execute] - Not connected to cluster to put record
Jul 27 2015 04:20:35 UTC: ERROR(12532) [put.cc:191] [execute] - Not connected to cluster to put record
Jul 27 2015 04:20:35 UTC: ERROR(12532) [put.cc:191] [execute] - Not connected to cluster to put record
Jul 27 2015 04:20:35 UTC: ERROR(12532) [put.cc:191] [execute] - Not connected to cluster to put record
Jul 27 2015 04:20:35 UTC: ERROR(12532) [put.cc:191] [execute] - Not connected to cluster to put record
Jul 27 2015 04:20:35 UTC: ERROR(12532) [put.cc:191] [execute] - Not connected to cluster to put record
Jul 27 2015 04:20:35 UTC: ERROR(12532) [put.cc:191] [execute] - Not connected to cluster to put record
Jul 27 2015 04:20:35 UTC: ERROR(12532) [put.cc:191] [execute] - Not connected to cluster to put record
Jul 27 2015 04:20:35 UTC: ERROR(12532) [put.cc:191] [execute] - Not connected to cluster to put record
Jul 27 2015 04:20:35 UTC: ERROR(12532) [put.cc:191] [execute] - Not connected to cluster to put record
Jul 27 2015 04:20:35 UTC: ERROR(12532) [put.cc:191] [execute] - Not connected to cluster to put record
Jul 27 2015 04:20:35 UTC: ERROR(12532) [put.cc:191] [execute] - Not connected to cluster to put record
Jul 27 2015 04:20:35 UTC: ERROR(12532) [put.cc:191] [execute] - Not connected to cluster to put record
Jul 27 2015 04:20:35 UTC: ERROR(12532) [put.cc:191] [execute] - Not connected to cluster to put record
Jul 27 2015 04:20:35 UTC: ERROR(12532) [put.cc:191] [execute] - Not connected to cluster to put record
Jul 27 2015 04:20:35 UTC: ERROR(12532) [put.cc:191] [execute] - Not connected to cluster to put record
Jul 27 2015 04:20:35 UTC: ERROR(12532) [put.cc:191] [execute] - Not connected to cluster to put record
Jul 27 2015 04:20:35 UTC: ERROR(12532) [put.cc:191] [execute] - Not connected to cluster to put record
Jul 27 2015 04:20:35 UTC: ERROR(12532) [put.cc:191] [execute] - Not connected to cluster to put record
Jul 27 2015 04:20:35 UTC: ERROR(12532) [put.cc:191] [execute] - Not connected to cluster to put record
Jul 27 2015 04:20:35 UTC: ERROR(12532) [put.cc:191] [execute] - Not connected to cluster to put record
Jul 27 2015 04:20:35 UTC: ERROR(12532) [put.cc:191] [execute] - Not connected to cluster to put record
Jul 27 2015 04:20:35 UTC: ERROR(12532) [put.cc:191] [execute] - Not connected to cluster to put record
Jul 27 2015 04:20:35 UTC: ERROR(12532) [put.cc:191] [execute] - Not connected to cluster to put record
Jul 27 2015 04:20:35 UTC: ERROR(12532) [put.cc:191] [execute] - Not connected to cluster to put record
Jul 27 2015 04:20:35 UTC: ERROR(12532) [put.cc:191] [execute] - Not connected to cluster to put record
Jul 27 2015 04:20:35 UTC: ERROR(12532) [put.cc:191] [execute] - Not connected to cluster to put record
Jul 27 2015 04:20:35 UTC: ERROR(12532) [put.cc:191] [execute] - Not connected to cluster to put record
Jul 27 2015 04:20:35 UTC: ERROR(12532) [put.cc:191] [execute] - Not connected to cluster to put record
Jul 27 2015 04:20:35 UTC: ERROR(12532) [put.cc:191] [execute] - Not connected to cluster to put record
Jul 27 2015 04:20:35 UTC: ERROR(12532) [put.cc:191] [execute] - Not connected to cluster to put record
Jul 27 2015 04:20:35 UTC: ERROR(12532) [put.cc:191] [execute] - Not connected to cluster to put record
Jul 27 2015 04:20:35 UTC: ERROR(12532) [put.cc:191] [execute] - Not connected to cluster to put record
Jul 27 2015 04:20:35 UTC: ERROR(12532) [put.cc:191] [execute] - Not connected to cluster to put record
Jul 27 2015 04:20:35 UTC: ERROR(12532) [put.cc:191] [execute] - Not connected to cluster to put record
Jul 27 2015 04:20:35 UTC: ERROR(12532) [put.cc:191] [execute] - Not connected to cluster to put record
Jul 27 2015 04:20:35 UTC: ERROR(12532) [put.cc:191] [execute] - Not connected to cluster to put record
Jul 27 2015 04:20:35 UTC: ERROR(12532) [put.cc:191] [execute] - Not connected to cluster to put record
Jul 27 2015 04:20:35 UTC: ERROR(12532) [put.cc:191] [execute] - Not connected to cluster to put record
Jul 27 2015 04:20:35 UTC: ERROR(12532) [put.cc:191] [execute] - Not connected to cluster to put record
Jul 27 2015 04:20:35 UTC: ERROR(12532) [put.cc:191] [execute] - Not connected to cluster to put record
Jul 27 2015 04:20:35 UTC: ERROR(12532) [put.cc:191] [execute] - Not connected to cluster to put record
Jul 27 2015 04:20:35 UTC: ERROR(12532) [put.cc:191] [execute] - Not connected to cluster to put record
Jul 27 2015 04:20:35 UTC: ERROR(12532) [put.cc:191] [execute] - Not connected to cluster to put record
Jul 27 2015 04:20:35 UTC: ERROR(12532) [put.cc:191] [execute] - Not connected to cluster to put record
Jul 27 2015 04:20:35 UTC: ERROR(12532) [put.cc:191] [execute] - Not connected to cluster to put record
Jul 27 2015 04:20:35 UTC: ERROR(12532) [put.cc:191] [execute] - Not connected to cluster to put record
Jul 27 2015 04:20:35 UTC: ERROR(12532) [put.cc:191] [execute] - Not connected to cluster to put record
Jul 27 2015 04:20:35 UTC: ERROR(12532) [put.cc:191] [execute] - Not connected to cluster to put record
Jul 27 2015 04:20:35 UTC: ERROR(12532) [put.cc:191] [execute] - Not connected to cluster to put record
Jul 27 2015 04:20:35 UTC: ERROR(12532) [put.cc:191] [execute] - Not connected to cluster to put record
Jul 27 2015 04:20:35 UTC: ERROR(12532) [put.cc:191] [execute] - Not connected to cluster to put record
Jul 27 2015 04:20:35 UTC: ERROR(12532) [put.cc:191] [execute] - Not connected to cluster to put record
Jul 27 2015 04:20:35 UTC: ERROR(12532) [put.cc:191] [execute] - Not connected to cluster to put record
Jul 27 2015 04:20:35 UTC: ERROR(12532) [put.cc:191] [execute] - Not connected to cluster to put record
Jul 27 2015 04:20:35 UTC: ERROR(12532) [put.cc:191] [execute] - Not connected to cluster to put record
Jul 27 2015 04:20:35 UTC: ERROR(12532) [put.cc:191] [execute] - Not connected to cluster to put record
Jul 27 2015 04:20:35 UTC: ERROR(12532) [put.cc:191] [execute] - Not connected to cluster to put record
Jul 27 2015 04:20:35 UTC: ERROR(12532) [put.cc:191] [execute] - Not connected to cluster to put record
Jul 27 2015 04:20:35 UTC: ERROR(12532) [put.cc:191] [execute] - Not connected to cluster to put record
Jul 27 2015 04:20:35 UTC: ERROR(12532) [put.cc:191] [execute] - Not connected to cluster to put record
Jul 27 2015 04:20:35 UTC: ERROR(12532) [put.cc:191] [execute] - Not connected to cluster to put record
Jul 27 2015 04:20:35 UTC: ERROR(12532) [put.cc:191] [execute] - Not connected to cluster to put record
Jul 27 2015 04:20:35 UTC: ERROR(12532) [put.cc:191] [execute] - Not connected to cluster to put record
Jul 27 2015 04:20:35 UTC: ERROR(12532) [put.cc:191] [execute] - Not connected to cluster to put record
Jul 27 2015 04:20:35 UTC: ERROR(12532) [put.cc:191] [execute] - Not connected to cluster to put record
Jul 27 2015 04:20:35 UTC: ERROR(12532) [put.cc:191] [execute] - Not connected to cluster to put record
Jul 27 2015 04:20:35 UTC: ERROR(12532) [put.cc:191] [execute] - Not connected to cluster to put record
Jul 27 2015 04:20:35 UTC: ERROR(12532) [put.cc:191] [execute] - Not connected to cluster to put record
Jul 27 2015 04:20:35 UTC: ERROR(12532) [put.cc:191] [execute] - Not connected to cluster to put record
Jul 27 2015 04:20:35 UTC: ERROR(12532) [put.cc:191] [execute] - Not connected to cluster to put record
Jul 27 2015 04:20:35 UTC: ERROR(12532) [put.cc:191] [execute] - Not connected to cluster to put record
Jul 27 2015 04:20:35 UTC: ERROR(12532) [put.cc:191] [execute] - Not connected to cluster to put record
Jul 27 2015 04:20:35 UTC: ERROR(12532) [put.cc:191] [execute] - Not connected to cluster to put record
Jul 27 2015 04:20:35 UTC: ERROR(12532) [put.cc:191] [execute] - Not connected to cluster to put record
Jul 27 2015 04:20:35 UTC: ERROR(12532) [put.cc:191] [execute] - Not connected to cluster to put record
Jul 27 2015 04:20:35 UTC: ERROR(12532) [put.cc:191] [execute] - Not connected to cluster to put record
Jul 27 2015 04:20:35 UTC: ERROR(12532) [put.cc:191] [execute] - Not connected to cluster to put record
Jul 27 2015 04:20:35 UTC: ERROR(12532) [put.cc:191] [execute] - Not connected to cluster to put record
Jul 27 2015 04:20:35 UTC: ERROR(12532) [put.cc:191] [execute] - Not connected to cluster to put record
Jul 27 2015 04:20:35 UTC: ERROR(12532) [put.cc:191] [execute] - Not connected to cluster to put record
Jul 27 2015 04:20:35 UTC: ERROR(12532) [put.cc:191] [execute] - Not connected to cluster to put record
Jul 27 2015 04:20:35 UTC: ERROR(12532) [put.cc:191] [execute] - Not connected to cluster to put record
Jul 27 2015 04:20:35 UTC: ERROR(12532) [put.cc:191] [execute] - Not connected to cluster to put record
Jul 27 2015 04:20:35 UTC: ERROR(12532) [put.cc:191] [execute] - Not connected to cluster to put record
Jul 27 2015 04:20:35 UTC: ERROR(12532) [put.cc:191] [execute] - Not connected to cluster to put record
Jul 27 2015 04:20:35 UTC: ERROR(12532) [put.cc:191] [execute] - Not connected to cluster to put record
Jul 27 2015 04:20:35 UTC: ERROR(12532) [put.cc:191] [execute] - Not connected to cluster to put record
Jul 27 2015 04:20:35 UTC: ERROR(12532) [put.cc:191] [execute] - Not connected to cluster to put record
Jul 27 2015 04:20:35 UTC: ERROR(12532) [put.cc:191] [execute] - Not connected to cluster to put record
Jul 27 2015 04:20:35 UTC: ERROR(12532) [put.cc:191] [execute] - Not connected to cluster to put record
Jul 27 2015 04:20:35 UTC: ERROR(12532) [put.cc:191] [execute] - Not connected to cluster to put record
Jul 27 2015 04:20:35 UTC: ERROR(12532) [put.cc:191] [execute] - Not connected to cluster to put record
Jul 27 2015 04:20:35 UTC: ERROR(12532) [put.cc:191] [execute] - Not connected to cluster to put record
Jul 27 2015 04:20:35 UTC: ERROR(12532) [put.cc:191] [execute] - Not connected to cluster to put record
Jul 27 2015 04:20:35 UTC: ERROR(12532) [put.cc:191] [execute] - Not connected to cluster to put record
Jul 27 2015 04:20:35 UTC: ERROR(12532) [put.cc:191] [execute] - Not connected to cluster to put record
Jul 27 2015 04:20:35 UTC: ERROR(12532) [put.cc:191] [execute] - Not connected to cluster to put record
Jul 27 2015 04:20:35 UTC: ERROR(12532) [put.cc:191] [execute] - Not connected to cluster to put record
Jul 27 2015 04:20:35 UTC: ERROR(12532) [put.cc:191] [execute] - Not connected to cluster to put record
Jul 27 2015 04:20:35 UTC: ERROR(12532) [put.cc:191] [execute] - Not connected to cluster to put record
Jul 27 2015 04:20:35 UTC: ERROR(12532) [put.cc:191] [execute] - Not connected to cluster to put record
Jul 27 2015 04:20:35 UTC: ERROR(12532) [put.cc:191] [execute] - Not connected to cluster to put record
Jul 27 2015 04:20:35 UTC: ERROR(12532) [put.cc:191] [execute] - Not connected to cluster to put record
Jul 27 2015 04:20:35 UTC: ERROR(12532) [put.cc:191] [execute] - Not connected to cluster to put record
Jul 27 2015 04:20:35 UTC: ERROR(12532) [put.cc:191] [execute] - Not connected to cluster to put record
Jul 27 2015 04:20:35 UTC: ERROR(12532) [put.cc:191] [execute] - Not connected to cluster to put record
Jul 27 2015 04:20:35 UTC: ERROR(12532) [put.cc:191] [execute] - Not connected to cluster to put record
Jul 27 2015 04:20:35 UTC: ERROR(12532) [put.cc:191] [execute] - Not connected to cluster to put record
Jul 27 2015 04:20:35 UTC: ERROR(12532) [put.cc:191] [execute] - Not connected to cluster to put record
Jul 27 2015 04:20:35 UTC: ERROR(12532) [put.cc:191] [execute] - Not connected to cluster to put record
Jul 27 2015 04:20:35 UTC: ERROR(12532) [put.cc:191] [execute] - Not connected to cluster to put record
Jul 27 2015 04:20:35 UTC: ERROR(12532) [put.cc:191] [execute] - Not connected to cluster to put record
Jul 27 2015 04:20:35 UTC: ERROR(12532) [put.cc:191] [execute] - Not connected to cluster to put record
Jul 27 2015 04:20:35 UTC: ERROR(12532) [put.cc:191] [execute] - Not connected to cluster to put record
Jul 27 2015 04:20:35 UTC: ERROR(12532) [put.cc:191] [execute] - Not connected to cluster to put record
Jul 27 2015 04:20:35 UTC: ERROR(12532) [put.cc:191] [execute] - Not connected to cluster to put record
Jul 27 2015 04:20:35 UTC: ERROR(12532) [put.cc:191] [execute] - Not connected to cluster to put record
Jul 27 2015 04:20:35 UTC: ERROR(12532) [put.cc:191] [execute] - Not connected to cluster to put record
Jul 27 2015 04:20:35 UTC: ERROR(12532) [put.cc:191] [execute] - Not connected to cluster to put record
Jul 27 2015 04:20:35 UTC: ERROR(12532) [put.cc:191] [execute] - Not connected to cluster to put record
Jul 27 2015 04:20:35 UTC: ERROR(12532) [put.cc:191] [execute] - Not connected to cluster to put record
Jul 27 2015 04:20:35 UTC: ERROR(12532) [put.cc:191] [execute] - Not connected to cluster to put record
Jul 27 2015 04:20:35 UTC: ERROR(12532) [put.cc:191] [execute] - Not connected to cluster to put record
Jul 27 2015 04:20:35 UTC: ERROR(12532) [put.cc:191] [execute] - Not connected to cluster to put record
Jul 27 2015 04:20:35 UTC: ERROR(12532) [put.cc:191] [execute] - Not connected to cluster to put record
Jul 27 2015 04:20:35 UTC: ERROR(12532) [put.cc:191] [execute] - Not connected to cluster to put record
Jul 27 2015 04:20:35 UTC: ERROR(12532) [put.cc:191] [execute] - Not connected to cluster to put record
Jul 27 2015 04:20:35 UTC: ERROR(12532) [put.cc:191] [execute] - Not connected to cluster to put record
Jul 27 2015 04:20:35 UTC: ERROR(12532) [put.cc:191] [execute] - Not connected to cluster to put record
Jul 27 2015 04:20:35 UTC: ERROR(12532) [put.cc:191] [execute] - Not connected to cluster to put record
Jul 27 2015 04:20:35 UTC: ERROR(12532) [put.cc:191] [execute] - Not connected to cluster to put record
Jul 27 2015 04:20:35 UTC: ERROR(12532) [put.cc:191] [execute] - Not connected to cluster to put record
Jul 27 2015 04:20:35 UTC: ERROR(12532) [put.cc:191] [execute] - Not connected to cluster to put record
Jul 27 2015 04:20:35 UTC: ERROR(12532) [put.cc:191] [execute] - Not connected to cluster to put record
Jul 27 2015 04:20:35 UTC: ERROR(12532) [put.cc:191] [execute] - Not connected to cluster to put record
Jul 27 2015 04:20:35 UTC: ERROR(12532) [put.cc:191] [execute] - Not connected to cluster to put record
Jul 27 2015 04:20:35 UTC: ERROR(12532) [put.cc:191] [execute] - Not connected to cluster to put record
Jul 27 2015 04:20:35 UTC: ERROR(12532) [put.cc:191] [execute] - Not connected to cluster to put record
Jul 27 2015 04:20:35 UTC: ERROR(12532) [put.cc:191] [execute] - Not connected to cluster to put record
Jul 27 2015 04:20:35 UTC: ERROR(12532) [put.cc:191] [execute] - Not connected to cluster to put record
Jul 27 2015 04:20:35 UTC: ERROR(12532) [put.cc:191] [execute] - Not connected to cluster to put record
Jul 27 2015 04:20:35 UTC: ERROR(12532) [put.cc:191] [execute] - Not connected to cluster to put record
Jul 27 2015 04:20:35 UTC: ERROR(12532) [put.cc:191] [execute] - Not connected to cluster to put record
Jul 27 2015 04:20:35 UTC: ERROR(12532) [put.cc:191] [execute] - Not connected to cluster to put record
Jul 27 2015 04:20:35 UTC: ERROR(12532) [put.cc:191] [execute] - Not connected to cluster to put record
Jul 27 2015 04:20:35 UTC: ERROR(12532) [put.cc:191] [execute] - Not connected to cluster to put record
Jul 27 2015 04:20:35 UTC: ERROR(12532) [put.cc:191] [execute] - Not connected to cluster to put record
Jul 27 2015 04:20:35 UTC: ERROR(12532) [put.cc:191] [execute] - Not connected to cluster to put record
Jul 27 2015 04:20:35 UTC: ERROR(12532) [put.cc:191] [execute] - Not connected to cluster to put record
Jul 27 2015 04:20:35 UTC: ERROR(12532) [put.cc:191] [execute] - Not connected to cluster to put record
Jul 27 2015 04:20:35 UTC: ERROR(12532) [put.cc:191] [execute] - Not connected to cluster to put record
Jul 27 2015 04:20:35 UTC: ERROR(12532) [put.cc:191] [execute] - Not connected to cluster to put record
Jul 27 2015 04:20:35 UTC: ERROR(12532) [put.cc:191] [execute] - Not connected to cluster to put record
Jul 27 2015 04:20:35 UTC: ERROR(12532) [put.cc:191] [execute] - Not connected to cluster to put record
Jul 27 2015 04:20:35 UTC: ERROR(12532) [put.cc:191] [execute] - Not connected to cluster to put record
Jul 27 2015 04:20:35 UTC: ERROR(12532) [put.cc:191] [execute] - Not connected to cluster to put record
Jul 27 2015 04:20:35 UTC: ERROR(12532) [put.cc:191] [execute] - Not connected to cluster to put record
Jul 27 2015 04:20:35 UTC: ERROR(12532) [put.cc:191] [execute] - Not connected to cluster to put record
Jul 27 2015 04:20:35 UTC: ERROR(12532) [put.cc:191] [execute] - Not connected to cluster to put record
Jul 27 2015 04:20:35 UTC: ERROR(12532) [put.cc:191] [execute] - Not connected to cluster to put record
Jul 27 2015 04:20:35 UTC: ERROR(12532) [put.cc:191] [execute] - Not connected to cluster to put record
Jul 27 2015 04:20:35 UTC: ERROR(12532) [put.cc:191] [execute] - Not connected to cluster to put record
Jul 27 2015 04:20:35 UTC: ERROR(12532) [put.cc:191] [execute] - Not connected to cluster to put record
Jul 27 2015 04:20:35 UTC: ERROR(12532) [put.cc:191] [execute] - Not connected to cluster to put record
Jul 27 2015 04:20:35 UTC: ERROR(12532) [put.cc:191] [execute] - Not connected to cluster to put record
Jul 27 2015 04:20:35 UTC: ERROR(12532) [put.cc:191] [execute] - Not connected to cluster to put record
Jul 27 2015 04:20:35 UTC: ERROR(12532) [put.cc:191] [execute] - Not connected to cluster to put record
Jul 27 2015 04:20:35 UTC: ERROR(12532) [put.cc:191] [execute] - Not connected to cluster to put record
Jul 27 2015 04:20:35 UTC: ERROR(12532) [put.cc:191] [execute] - Not connected to cluster to put record
Jul 27 2015 04:20:35 UTC: ERROR(12532) [put.cc:191] [execute] - Not connected to cluster to put record
Jul 27 2015 04:20:35 UTC: ERROR(12532) [put.cc:191] [execute] - Not connected to cluster to put record
Jul 27 2015 04:20:35 UTC: ERROR(12532) [put.cc:191] [execute] - Not connected to cluster to put record
Jul 27 2015 04:20:35 UTC: ERROR(12532) [put.cc:191] [execute] - Not connected to cluster to put record
Jul 27 2015 04:20:35 UTC: ERROR(12532) [put.cc:191] [execute] - Not connected to cluster to put record
Jul 27 2015 04:20:35 UTC: ERROR(12532) [put.cc:191] [execute] - Not connected to cluster to put record
Jul 27 2015 04:20:35 UTC: ERROR(12532) [put.cc:191] [execute] - Not connected to cluster to put record
Jul 27 2015 04:20:35 UTC: ERROR(12532) [put.cc:191] [execute] - Not connected to cluster to put record
Jul 27 2015 04:20:35 UTC: ERROR(12532) [put.cc:191] [execute] - Not connected to cluster to put record
Jul 27 2015 04:20:35 UTC: ERROR(12532) [put.cc:191] [execute] - Not connected to cluster to put record
Jul 27 2015 04:20:35 UTC: ERROR(12532) [put.cc:191] [execute] - Not connected to cluster to put record
Jul 27 2015 04:20:35 UTC: ERROR(12532) [put.cc:191] [execute] - Not connected to cluster to put record
Jul 27 2015 04:20:35 UTC: ERROR(12532) [put.cc:191] [execute] - Not connected to cluster to put record
Jul 27 2015 04:20:35 UTC: ERROR(12532) [put.cc:191] [execute] - Not connected to cluster to put record
Jul 27 2015 04:20:35 UTC: ERROR(12532) [put.cc:191] [execute] - Not connected to cluster to put record
Jul 27 2015 04:20:35 UTC: ERROR(12532) [put.cc:191] [execute] - Not connected to cluster to put record
Jul 27 2015 04:20:35 UTC: ERROR(12532) [put.cc:191] [execute] - Not connected to cluster to put record
Jul 27 2015 04:20:35 UTC: ERROR(12532) [put.cc:191] [execute] - Not connected to cluster to put record
Jul 27 2015 04:20:35 UTC: ERROR(12532) [put.cc:191] [execute] - Not connected to cluster to put record
Jul 27 2015 04:20:35 UTC: ERROR(12532) [put.cc:191] [execute] - Not connected to cluster to put record
Jul 27 2015 04:20:35 UTC: ERROR(12532) [put.cc:191] [execute] - Not connected to cluster to put record
Jul 27 2015 04:20:35 UTC: ERROR(12532) [put.cc:191] [execute] - Not connected to cluster to put record
Jul 27 2015 04:20:35 UTC: ERROR(12532) [put.cc:191] [execute] - Not connected to cluster to put record
Jul 27 2015 04:20:35 UTC: ERROR(12532) [put.cc:191] [execute] - Not connected to cluster to put record
Jul 27 2015 04:20:35 UTC: ERROR(12532) [put.cc:191] [execute] - Not connected to cluster to put record
Jul 27 2015 04:20:35 UTC: ERROR(12532) [put.cc:191] [execute] - Not connected to cluster to put record
Jul 27 2015 04:20:35 UTC: ERROR(12532) [put.cc:191] [execute] - Not connected to cluster to put record
Jul 27 2015 04:20:35 UTC: ERROR(12532) [put.cc:191] [execute] - Not connected to cluster to put record
Jul 27 2015 04:20:35 UTC: ERROR(12532) [put.cc:191] [execute] - Not connected to cluster to put record
Jul 27 2015 04:20:35 UTC: ERROR(12532) [put.cc:191] [execute] - Not connected to cluster to put record
Jul 27 2015 04:20:35 UTC: ERROR(12532) [put.cc:191] [execute] - Not connected to cluster to put record
Jul 27 2015 04:20:35 UTC: ERROR(12532) [put.cc:191] [execute] - Not connected to cluster to put record
Jul 27 2015 04:20:35 UTC: ERROR(12532) [put.cc:191] [execute] - Not connected to cluster to put record
Jul 27 2015 04:20:35 UTC: ERROR(12532) [put.cc:191] [execute] - Not connected to cluster to put record
Jul 27 2015 04:20:35 UTC: ERROR(12532) [put.cc:191] [execute] - Not connected to cluster to put record
Jul 27 2015 04:20:35 UTC: ERROR(12532) [put.cc:191] [execute] - Not connected to cluster to put record
Jul 27 2015 04:20:35 UTC: ERROR(12532) [put.cc:191] [execute] - Not connected to cluster to put record
Jul 27 2015 04:20:35 UTC: ERROR(12532) [put.cc:191] [execute] - Not connected to cluster to put record
Jul 27 2015 04:20:35 UTC: ERROR(12532) [put.cc:191] [execute] - Not connected to cluster to put record
Jul 27 2015 04:20:35 UTC: ERROR(12532) [put.cc:191] [execute] - Not connected to cluster to put record
Jul 27 2015 04:20:35 UTC: ERROR(12532) [put.cc:191] [execute] - Not connected to cluster to put record
Jul 27 2015 04:20:35 UTC: ERROR(12532) [put.cc:191] [execute] - Not connected to cluster to put record
Jul 27 2015 04:20:35 UTC: ERROR(12532) [put.cc:191] [execute] - Not connected to cluster to put record
Jul 27 2015 04:20:35 UTC: ERROR(12532) [put.cc:191] [execute] - Not connected to cluster to put record
Jul 27 2015 04:20:35 UTC: ERROR(12532) [put.cc:191] [execute] - Not connected to cluster to put record
Jul 27 2015 04:20:35 UTC: ERROR(12532) [put.cc:191] [execute] - Not connected to cluster to put record
Jul 27 2015 04:20:35 UTC: ERROR(12532) [put.cc:191] [execute] - Not connected to cluster to put record
Jul 27 2015 04:20:35 UTC: ERROR(12532) [put.cc:191] [execute] - Not connected to cluster to put record
Jul 27 2015 04:20:35 UTC: ERROR(12532) [put.cc:191] [execute] - Not connected to cluster to put record
Jul 27 2015 04:20:35 UTC: ERROR(12532) [put.cc:191] [execute] - Not connected to cluster to put record
Jul 27 2015 04:20:35 UTC: ERROR(12532) [put.cc:191] [execute] - Not connected to cluster to put record
Jul 27 2015 04:20:35 UTC: ERROR(12532) [put.cc:191] [execute] - Not connected to cluster to put record
Jul 27 2015 04:20:35 UTC: ERROR(12532) [put.cc:191] [execute] - Not connected to cluster to put record
Jul 27 2015 04:20:35 UTC: ERROR(12532) [put.cc:191] [execute] - Not connected to cluster to put record
Jul 27 2015 04:20:35 UTC: ERROR(12532) [put.cc:191] [execute] - Not connected to cluster to put record
Jul 27 2015 04:20:35 UTC: ERROR(12532) [put.cc:191] [execute] - Not connected to cluster to put record
Jul 27 2015 04:20:35 UTC: ERROR(12532) [put.cc:191] [execute] - Not connected to cluster to put record
Jul 27 2015 04:20:35 UTC: ERROR(12532) [put.cc:191] [execute] - Not connected to cluster to put record
Jul 27 2015 04:20:35 UTC: ERROR(12532) [put.cc:191] [execute] - Not connected to cluster to put record
Jul 27 2015 04:20:35 UTC: ERROR(12532) [put.cc:191] [execute] - Not connected to cluster to put record
Jul 27 2015 04:20:35 UTC: ERROR(12532) [put.cc:191] [execute] - Not connected to cluster to put record
Jul 27 2015 04:20:35 UTC: ERROR(12532) [put.cc:191] [execute] - Not connected to cluster to put record
Jul 27 2015 04:20:35 UTC: ERROR(12532) [put.cc:191] [execute] - Not connected to cluster to put record
Jul 27 2015 04:20:35 UTC: ERROR(12532) [put.cc:191] [execute] - Not connected to cluster to put record
Jul 27 2015 04:20:35 UTC: ERROR(12532) [put.cc:191] [execute] - Not connected to cluster to put record
Jul 27 2015 04:20:35 UTC: ERROR(12532) [put.cc:191] [execute] - Not connected to cluster to put record
Jul 27 2015 04:20:35 UTC: ERROR(12532) [put.cc:191] [execute] - Not connected to cluster to put record
Jul 27 2015 04:20:35 UTC: ERROR(12532) [put.cc:191] [execute] - Not connected to cluster to put record
Jul 27 2015 04:20:35 UTC: ERROR(12532) [put.cc:191] [execute] - Not connected to cluster to put record
Jul 27 2015 04:20:35 UTC: ERROR(12532) [put.cc:191] [execute] - Not connected to cluster to put record
Jul 27 2015 04:20:35 UTC: ERROR(12532) [put.cc:191] [execute] - Not connected to cluster to put record
Jul 27 2015 04:20:35 UTC: ERROR(12532) [put.cc:191] [execute] - Not connected to cluster to put record
Jul 27 2015 04:20:35 UTC: ERROR(12532) [put.cc:191] [execute] - Not connected to cluster to put record
Jul 27 2015 04:20:35 UTC: ERROR(12532) [put.cc:191] [execute] - Not connected to cluster to put record
Jul 27 2015 04:20:35 UTC: ERROR(12532) [put.cc:191] [execute] - Not connected to cluster to put record
Jul 27 2015 04:20:35 UTC: ERROR(12532) [put.cc:191] [execute] - Not connected to cluster to put record
Jul 27 2015 04:20:35 UTC: ERROR(12532) [put.cc:191] [execute] - Not connected to cluster to put record
Jul 27 2015 04:20:35 UTC: ERROR(12532) [put.cc:191] [execute] - Not connected to cluster to put record
Jul 27 2015 04:20:35 UTC: ERROR(12532) [put.cc:191] [execute] - Not connected to cluster to put record
Jul 27 2015 04:20:35 UTC: ERROR(12532) [put.cc:191] [execute] - Not connected to cluster to put record
Jul 27 2015 04:20:35 UTC: ERROR(12532) [put.cc:191] [execute] - Not connected to cluster to put record
Jul 27 2015 04:20:35 UTC: ERROR(12532) [put.cc:191] [execute] - Not connected to cluster to put record
Jul 27 2015 04:20:35 UTC: ERROR(12532) [put.cc:191] [execute] - Not connected to cluster to put record
Jul 27 2015 04:20:35 UTC: ERROR(12532) [put.cc:191] [execute] - Not connected to cluster to put record
Jul 27 2015 04:20:35 UTC: ERROR(12532) [put.cc:191] [execute] - Not connected to cluster to put record
Jul 27 2015 04:20:35 UTC: ERROR(12532) [put.cc:191] [execute] - Not connected to cluster to put record
Jul 27 2015 04:20:35 UTC: ERROR(12532) [put.cc:191] [execute] - Not connected to cluster to put record
Jul 27 2015 04:20:35 UTC: ERROR(12532) [put.cc:191] [execute] - Not connected to cluster to put record
Jul 27 2015 04:20:35 UTC: ERROR(12532) [put.cc:191] [execute] - Not connected to cluster to put record
Jul 27 2015 04:20:35 UTC: ERROR(12532) [put.cc:191] [execute] - Not connected to cluster to put record
Jul 27 2015 04:20:35 UTC: ERROR(12532) [put.cc:191] [execute] - Not connected to cluster to put record
Jul 27 2015 04:20:35 UTC: ERROR(12532) [put.cc:191] [execute] - Not connected to cluster to put record
Jul 27 2015 04:20:35 UTC: ERROR(12532) [put.cc:191] [execute] - Not connected to cluster to put record
Jul 27 2015 04:20:35 UTC: ERROR(12532) [put.cc:191] [execute] - Not connected to cluster to put record
Jul 27 2015 04:20:35 UTC: ERROR(12532) [put.cc:191] [execute] - Not connected to cluster to put record
Jul 27 2015 04:20:35 UTC: ERROR(12532) [put.cc:191] [execute] - Not connected to cluster to put record
Jul 27 2015 04:20:35 UTC: ERROR(12532) [put.cc:191] [execute] - Not connected to cluster to put record
Jul 27 2015 04:20:35 UTC: ERROR(12532) [put.cc:191] [execute] - Not connected to cluster to put record
Jul 27 2015 04:20:35 UTC: ERROR(12532) [put.cc:191] [execute] - Not connected to cluster to put record
Jul 27 2015 04:20:35 UTC: ERROR(12532) [put.cc:191] [execute] - Not connected to cluster to put record
Jul 27 2015 04:20:35 UTC: ERROR(12532) [put.cc:191] [execute] - Not connected to cluster to put record
Jul 27 2015 04:20:35 UTC: ERROR(12532) [put.cc:191] [execute] - Not connected to cluster to put record
Jul 27 2015 04:20:35 UTC: ERROR(12532) [put.cc:191] [execute] - Not connected to cluster to put record
Jul 27 2015 04:20:35 UTC: ERROR(12532) [put.cc:191] [execute] - Not connected to cluster to put record
Jul 27 2015 04:20:35 UTC: ERROR(12532) [put.cc:191] [execute] - Not connected to cluster to put record
Jul 27 2015 04:20:35 UTC: ERROR(12532) [put.cc:191] [execute] - Not connected to cluster to put record
Jul 27 2015 04:20:35 UTC: ERROR(12532) [put.cc:191] [execute] - Not connected to cluster to put record
Jul 27 2015 04:20:35 UTC: ERROR(12532) [put.cc:191] [execute] - Not connected to cluster to put record
Jul 27 2015 04:20:35 UTC: ERROR(12532) [put.cc:191] [execute] - Not connected to cluster to put record
Jul 27 2015 04:20:35 UTC: ERROR(12532) [put.cc:191] [execute] - Not connected to cluster to put record
Jul 27 2015 04:20:35 UTC: ERROR(12532) [put.cc:191] [execute] - Not connected to cluster to put record
Jul 27 2015 04:20:35 UTC: ERROR(12532) [put.cc:191] [execute] - Not connected to cluster to put record
Jul 27 2015 04:20:35 UTC: ERROR(12532) [put.cc:191] [execute] - Not connected to cluster to put record
Jul 27 2015 04:20:35 UTC: ERROR(12532) [put.cc:191] [execute] - Not connected to cluster to put record
Jul 27 2015 04:20:35 UTC: ERROR(12532) [put.cc:191] [execute] - Not connected to cluster to put record
Jul 27 2015 04:20:35 UTC: ERROR(12532) [put.cc:191] [execute] - Not connected to cluster to put record
Jul 27 2015 04:20:35 UTC: ERROR(12532) [put.cc:191] [execute] - Not connected to cluster to put record
Jul 27 2015 04:20:35 UTC: ERROR(12532) [put.cc:191] [execute] - Not connected to cluster to put record
Jul 27 2015 04:20:35 UTC: ERROR(12532) [put.cc:191] [execute] - Not connected to cluster to put record
Jul 27 2015 04:20:35 UTC: ERROR(12532) [put.cc:191] [execute] - Not connected to cluster to put record
Jul 27 2015 04:20:35 UTC: ERROR(12532) [put.cc:191] [execute] - Not connected to cluster to put record
Jul 27 2015 04:20:35 UTC: ERROR(12532) [put.cc:191] [execute] - Not connected to cluster to put record
Jul 27 2015 04:20:35 UTC: ERROR(12532) [put.cc:191] [execute] - Not connected to cluster to put record
Jul 27 2015 04:20:35 UTC: ERROR(12532) [put.cc:191] [execute] - Not connected to cluster to put record
Jul 27 2015 04:20:35 UTC: ERROR(12532) [put.cc:191] [execute] - Not connected to cluster to put record
Jul 27 2015 04:20:35 UTC: ERROR(12532) [put.cc:191] [execute] - Not connected to cluster to put record
Jul 27 2015 04:20:35 UTC: ERROR(12532) [put.cc:191] [execute] - Not connected to cluster to put record
Jul 27 2015 04:20:35 UTC: ERROR(12532) [put.cc:191] [execute] - Not connected to cluster to put record
Jul 27 2015 04:20:35 UTC: ERROR(12532) [put.cc:191] [execute] - Not connected to cluster to put record
Jul 27 2015 04:20:35 UTC: ERROR(12532) [put.cc:191] [execute] - Not connected to cluster to put record
Jul 27 2015 04:20:35 UTC: ERROR(12532) [put.cc:191] [execute] - Not connected to cluster to put record
Jul 27 2015 04:20:35 UTC: ERROR(12532) [put.cc:191] [execute] - Not connected to cluster to put record
Jul 27 2015 04:20:35 UTC: ERROR(12532) [put.cc:191] [execute] - Not connected to cluster to put record
Jul 27 2015 04:20:35 UTC: ERROR(12532) [put.cc:191] [execute] - Not connected to cluster to put record
Jul 27 2015 04:20:35 UTC: ERROR(12532) [put.cc:191] [execute] - Not connected to cluster to put record
Jul 27 2015 04:20:35 UTC: ERROR(12532) [put.cc:191] [execute] - Not connected to cluster to put record
Jul 27 2015 04:20:35 UTC: ERROR(12532) [put.cc:191] [execute] - Not connected to cluster to put record
Jul 27 2015 04:20:35 UTC: ERROR(12532) [put.cc:191] [execute] - Not connected to cluster to put record
Jul 27 2015 04:20:35 UTC: ERROR(12532) [put.cc:191] [execute] - Not connected to cluster to put record
Jul 27 2015 04:20:35 UTC: ERROR(12532) [put.cc:191] [execute] - Not connected to cluster to put record
Jul 27 2015 04:20:35 UTC: ERROR(12532) [put.cc:191] [execute] - Not connected to cluster to put record
Jul 27 2015 04:20:35 UTC: ERROR(12532) [put.cc:191] [execute] - Not connected to cluster to put record
Jul 27 2015 04:20:35 UTC: ERROR(12532) [put.cc:191] [execute] - Not connected to cluster to put record
Jul 27 2015 04:20:35 UTC: ERROR(12532) [put.cc:191] [execute] - Not connected to cluster to put record
Jul 27 2015 04:20:35 UTC: ERROR(12532) [put.cc:191] [execute] - Not connected to cluster to put record
Jul 27 2015 04:20:35 UTC: ERROR(12532) [put.cc:191] [execute] - Not connected to cluster to put record
Jul 27 2015 04:20:35 UTC: ERROR(12532) [put.cc:191] [execute] - Not connected to cluster to put record
Jul 27 2015 04:20:35 UTC: ERROR(12532) [put.cc:191] [execute] - Not connected to cluster to put record
Jul 27 2015 04:20:35 UTC: ERROR(12532) [put.cc:191] [execute] - Not connected to cluster to put record
Jul 27 2015 04:20:35 UTC: ERROR(12532) [put.cc:191] [execute] - Not connected to cluster to put record
Jul 27 2015 04:20:35 UTC: ERROR(12532) [put.cc:191] [execute] - Not connected to cluster to put record
Jul 27 2015 04:20:35 UTC: ERROR(12532) [put.cc:191] [execute] - Not connected to cluster to put record
Jul 27 2015 04:20:35 UTC: ERROR(12532) [put.cc:191] [execute] - Not connected to cluster to put record
Jul 27 2015 04:20:35 UTC: ERROR(12532) [put.cc:191] [execute] - Not connected to cluster to put record
Jul 27 2015 04:20:35 UTC: ERROR(12532) [put.cc:191] [execute] - Not connected to cluster to put record
Jul 27 2015 04:20:35 UTC: ERROR(12532) [put.cc:191] [execute] - Not connected to cluster to put record
Jul 27 2015 04:20:35 UTC: ERROR(12532) [put.cc:191] [execute] - Not connected to cluster to put record
Jul 27 2015 04:20:35 UTC: ERROR(12532) [put.cc:191] [execute] - Not connected to cluster to put record
Jul 27 2015 04:20:35 UTC: ERROR(12532) [put.cc:191] [execute] - Not connected to cluster to put record
Jul 27 2015 04:20:35 UTC: ERROR(12532) [put.cc:191] [execute] - Not connected to cluster to put record
Jul 27 2015 04:20:35 UTC: ERROR(12532) [put.cc:191] [execute] - Not connected to cluster to put record
Jul 27 2015 04:20:35 UTC: ERROR(12532) [put.cc:191] [execute] - Not connected to cluster to put record
Jul 27 2015 04:20:35 UTC: ERROR(12532) [put.cc:191] [execute] - Not connected to cluster to put record
Jul 27 2015 04:20:35 UTC: ERROR(12532) [put.cc:191] [execute] - Not connected to cluster to put record
Jul 27 2015 04:20:35 UTC: ERROR(12532) [put.cc:191] [execute] - Not connected to cluster to put record
Jul 27 2015 04:20:35 UTC: ERROR(12532) [put.cc:191] [execute] - Not connected to cluster to put record
Jul 27 2015 04:20:35 UTC: ERROR(12532) [put.cc:191] [execute] - Not connected to cluster to put record
Jul 27 2015 04:20:35 UTC: ERROR(12532) [put.cc:191] [execute] - Not connected to cluster to put record
Jul 27 2015 04:20:35 UTC: ERROR(12532) [put.cc:191] [execute] - Not connected to cluster to put record
Jul 27 2015 04:20:35 UTC: ERROR(12532) [put.cc:191] [execute] - Not connected to cluster to put record
Jul 27 2015 04:20:35 UTC: ERROR(12532) [put.cc:191] [execute] - Not connected to cluster to put record
Jul 27 2015 04:20:35 UTC: ERROR(12532) [put.cc:191] [execute] - Not connected to cluster to put record
Jul 27 2015 04:20:35 UTC: ERROR(12532) [put.cc:191] [execute] - Not connected to cluster to put record
Jul 27 2015 04:20:35 UTC: ERROR(12532) [put.cc:191] [execute] - Not connected to cluster to put record
Jul 27 2015 04:20:35 UTC: ERROR(12532) [put.cc:191] [execute] - Not connected to cluster to put record
Jul 27 2015 04:20:35 UTC: ERROR(12532) [put.cc:191] [execute] - Not connected to cluster to put record
Jul 27 2015 04:20:35 UTC: ERROR(12532) [put.cc:191] [execute] - Not connected to cluster to put record
Jul 27 2015 04:20:35 UTC: ERROR(12532) [put.cc:191] [execute] - Not connected to cluster to put record
Jul 27 2015 04:20:35 UTC: ERROR(12532) [put.cc:191] [execute] - Not connected to cluster to put record
Jul 27 2015 04:20:35 UTC: ERROR(12532) [put.cc:191] [execute] - Not connected to cluster to put record
Jul 27 2015 04:20:35 UTC: ERROR(12532) [put.cc:191] [execute] - Not connected to cluster to put record
Jul 27 2015 04:20:35 UTC: ERROR(12532) [put.cc:191] [execute] - Not connected to cluster to put record
Jul 27 2015 04:20:35 UTC: ERROR(12532) [put.cc:191] [execute] - Not connected to cluster to put record
Jul 27 2015 04:20:35 UTC: ERROR(12532) [put.cc:191] [execute] - Not connected to cluster to put record
Jul 27 2015 04:20:35 UTC: ERROR(12532) [put.cc:191] [execute] - Not connected to cluster to put record
Jul 27 2015 04:20:35 UTC: ERROR(12532) [put.cc:191] [execute] - Not connected to cluster to put record
Jul 27 2015 04:20:35 UTC: ERROR(12532) [put.cc:191] [execute] - Not connected to cluster to put record
Jul 27 2015 04:20:35 UTC: ERROR(12532) [put.cc:191] [execute] - Not connected to cluster to put record
Jul 27 2015 04:20:35 UTC: ERROR(12532) [put.cc:191] [execute] - Not connected to cluster to put record
Jul 27 2015 04:20:35 UTC: ERROR(12532) [put.cc:191] [execute] - Not connected to cluster to put record
Jul 27 2015 04:20:35 UTC: ERROR(12532) [put.cc:191] [execute] - Not connected to cluster to put record
Jul 27 2015 04:20:35 UTC: ERROR(12532) [put.cc:191] [execute] - Not connected to cluster to put record
Jul 27 2015 04:20:35 UTC: ERROR(12532) [put.cc:191] [execute] - Not connected to cluster to put record
Jul 27 2015 04:20:35 UTC: ERROR(12532) [put.cc:191] [execute] - Not connected to cluster to put record
Jul 27 2015 04:20:35 UTC: ERROR(12532) [put.cc:191] [execute] - Not connected to cluster to put record
Jul 27 2015 04:20:35 UTC: ERROR(12532) [put.cc:191] [execute] - Not connected to cluster to put record
Jul 27 2015 04:20:35 UTC: ERROR(12532) [put.cc:191] [execute] - Not connected to cluster to put record
Jul 27 2015 04:20:35 UTC: ERROR(12532) [put.cc:191] [execute] - Not connected to cluster to put record
Jul 27 2015 04:20:35 UTC: ERROR(12532) [put.cc:191] [execute] - Not connected to cluster to put record
Jul 27 2015 04:20:35 UTC: ERROR(12532) [put.cc:191] [execute] - Not connected to cluster to put record
Jul 27 2015 04:20:35 UTC: ERROR(12532) [put.cc:191] [execute] - Not connected to cluster to put record
Jul 27 2015 04:20:35 UTC: ERROR(12532) [put.cc:191] [execute] - Not connected to cluster to put record
Jul 27 2015 04:20:35 UTC: ERROR(12532) [put.cc:191] [execute] - Not connected to cluster to put record
Jul 27 2015 04:20:35 UTC: ERROR(12532) [put.cc:191] [execute] - Not connected to cluster to put record
Jul 27 2015 04:20:35 UTC: ERROR(12532) [put.cc:191] [execute] - Not connected to cluster to put record
Jul 27 2015 04:20:35 UTC: ERROR(12532) [put.cc:191] [execute] - Not connected to cluster to put record
Jul 27 2015 04:20:35 UTC: ERROR(12532) [put.cc:191] [execute] - Not connected to cluster to put record
Jul 27 2015 04:20:35 UTC: ERROR(12532) [put.cc:191] [execute] - Not connected to cluster to put record
Jul 27 2015 04:20:35 UTC: ERROR(12532) [put.cc:191] [execute] - Not connected to cluster to put record
Jul 27 2015 04:20:35 UTC: ERROR(12532) [put.cc:191] [execute] - Not connected to cluster to put record
Jul 27 2015 04:20:35 UTC: ERROR(12532) [put.cc:191] [execute] - Not connected to cluster to put record
Jul 27 2015 04:20:35 UTC: ERROR(12532) [put.cc:191] [execute] - Not connected to cluster to put record
Jul 27 2015 04:20:35 UTC: ERROR(12532) [put.cc:191] [execute] - Not connected to cluster to put record
Jul 27 2015 04:20:35 UTC: ERROR(12532) [put.cc:191] [execute] - Not connected to cluster to put record
Jul 27 2015 04:20:35 UTC: ERROR(12532) [put.cc:191] [execute] - Not connected to cluster to put record
Jul 27 2015 04:20:35 UTC: ERROR(12532) [put.cc:191] [execute] - Not connected to cluster to put record
Jul 27 2015 04:20:35 UTC: ERROR(12532) [put.cc:191] [execute] - Not connected to cluster to put record
Jul 27 2015 04:20:35 UTC: ERROR(12532) [put.cc:191] [execute] - Not connected to cluster to put record
Jul 27 2015 04:20:35 UTC: ERROR(12532) [put.cc:191] [execute] - Not connected to cluster to put record
Jul 27 2015 04:20:35 UTC: ERROR(12532) [put.cc:191] [execute] - Not connected to cluster to put record
Jul 27 2015 04:20:35 UTC: ERROR(12532) [put.cc:191] [execute] - Not connected to cluster to put record
Jul 27 2015 04:20:35 UTC: ERROR(12532) [put.cc:191] [execute] - Not connected to cluster to put record
Jul 27 2015 04:20:35 UTC: ERROR(12532) [put.cc:191] [execute] - Not connected to cluster to put record
Jul 27 2015 04:20:35 UTC: ERROR(12532) [put.cc:191] [execute] - Not connected to cluster to put record
Jul 27 2015 04:20:35 UTC: ERROR(12532) [put.cc:191] [execute] - Not connected to cluster to put record
Jul 27 2015 04:20:35 UTC: ERROR(12532) [put.cc:191] [execute] - Not connected to cluster to put record
Jul 27 2015 04:20:35 UTC: ERROR(12532) [put.cc:191] [execute] - Not connected to cluster to put record
Jul 27 2015 04:20:35 UTC: ERROR(12532) [put.cc:191] [execute] - Not connected to cluster to put record
Jul 27 2015 04:20:35 UTC: ERROR(12532) [put.cc:191] [execute] - Not connected to cluster to put record
Jul 27 2015 04:20:35 UTC: ERROR(12532) [put.cc:191] [execute] - Not connected to cluster to put record
Jul 27 2015 04:20:35 UTC: ERROR(12532) [put.cc:191] [execute] - Not connected to cluster to put record
Jul 27 2015 04:20:35 UTC: ERROR(12532) [put.cc:191] [execute] - Not connected to cluster to put record
Jul 27 2015 04:20:35 UTC: ERROR(12532) [put.cc:191] [execute] - Not connected to cluster to put record
Jul 27 2015 04:20:35 UTC: ERROR(12532) [put.cc:191] [execute] - Not connected to cluster to put record
Jul 27 2015 04:20:35 UTC: ERROR(12532) [put.cc:191] [execute] - Not connected to cluster to put record
Jul 27 2015 04:20:35 UTC: ERROR(12532) [put.cc:191] [execute] - Not connected to cluster to put record
Jul 27 2015 04:20:35 UTC: ERROR(12532) [put.cc:191] [execute] - Not connected to cluster to put record
Jul 27 2015 04:20:35 UTC: ERROR(12532) [put.cc:191] [execute] - Not connected to cluster to put record
Jul 27 2015 04:20:35 UTC: ERROR(12532) [put.cc:191] [execute] - Not connected to cluster to put record
Jul 27 2015 04:20:35 UTC: ERROR(12532) [put.cc:191] [execute] - Not connected to cluster to put record
Jul 27 2015 04:20:35 UTC: ERROR(12532) [put.cc:191] [execute] - Not connected to cluster to put record
Jul 27 2015 04:20:35 UTC: ERROR(12532) [put.cc:191] [execute] - Not connected to cluster to put record
Jul 27 2015 04:20:35 UTC: ERROR(12532) [put.cc:191] [execute] - Not connected to cluster to put record
Jul 27 2015 04:20:35 UTC: ERROR(12532) [put.cc:191] [execute] - Not connected to cluster to put record
Jul 27 2015 04:20:35 UTC: ERROR(12532) [put.cc:191] [execute] - Not connected to cluster to put record
Jul 27 2015 04:20:35 UTC: ERROR(12532) [put.cc:191] [execute] - Not connected to cluster to put record
Jul 27 2015 04:20:35 UTC: ERROR(12532) [put.cc:191] [execute] - Not connected to cluster to put record
Jul 27 2015 04:20:35 UTC: ERROR(12532) [put.cc:191] [execute] - Not connected to cluster to put record
Jul 27 2015 04:20:35 UTC: ERROR(12532) [put.cc:191] [execute] - Not connected to cluster to put record
Jul 27 2015 04:20:35 UTC: ERROR(12532) [put.cc:191] [execute] - Not connected to cluster to put record
Jul 27 2015 04:20:35 UTC: ERROR(12532) [put.cc:191] [execute] - Not connected to cluster to put record
Jul 27 2015 04:20:35 UTC: ERROR(12532) [put.cc:191] [execute] - Not connected to cluster to put record
Jul 27 2015 04:20:35 UTC: ERROR(12532) [put.cc:191] [execute] - Not connected to cluster to put record
Jul 27 2015 04:20:35 UTC: ERROR(12532) [put.cc:191] [execute] - Not connected to cluster to put record
Jul 27 2015 04:20:35 UTC: ERROR(12532) [put.cc:191] [execute] - Not connected to cluster to put record
Jul 27 2015 04:20:35 UTC: ERROR(12532) [put.cc:191] [execute] - Not connected to cluster to put record
Jul 27 2015 04:20:35 UTC: ERROR(12532) [put.cc:191] [execute] - Not connected to cluster to put record
Jul 27 2015 04:20:35 UTC: ERROR(12532) [put.cc:191] [execute] - Not connected to cluster to put record
Jul 27 2015 04:20:35 UTC: ERROR(12532) [put.cc:191] [execute] - Not connected to cluster to put record
Jul 27 2015 04:20:35 UTC: ERROR(12532) [put.cc:191] [execute] - Not connected to cluster to put record
Jul 27 2015 04:20:35 UTC: ERROR(12532) [put.cc:191] [execute] - Not connected to cluster to put record
Jul 27 2015 04:20:35 UTC: ERROR(12532) [put.cc:191] [execute] - Not connected to cluster to put record
Jul 27 2015 04:20:35 UTC: ERROR(12532) [put.cc:191] [execute] - Not connected to cluster to put record
Jul 27 2015 04:20:35 UTC: ERROR(12532) [put.cc:191] [execute] - Not connected to cluster to put record
Jul 27 2015 04:20:35 UTC: ERROR(12532) [put.cc:191] [execute] - Not connected to cluster to put record
Jul 27 2015 04:20:35 UTC: ERROR(12532) [put.cc:191] [execute] - Not connected to cluster to put record
Jul 27 2015 04:20:35 UTC: ERROR(12532) [put.cc:191] [execute] - Not connected to cluster to put record
Jul 27 2015 04:20:35 UTC: ERROR(12532) [put.cc:191] [execute] - Not connected to cluster to put record
Jul 27 2015 04:20:35 UTC: ERROR(12532) [put.cc:191] [execute] - Not connected to cluster to put record
Jul 27 2015 04:20:35 UTC: ERROR(12532) [put.cc:191] [execute] - Not connected to cluster to put record
Jul 27 2015 04:20:35 UTC: ERROR(12532) [put.cc:191] [execute] - Not connected to cluster to put record
Jul 27 2015 04:20:35 UTC: ERROR(12532) [put.cc:191] [execute] - Not connected to cluster to put record
Jul 27 2015 04:20:35 UTC: ERROR(12532) [put.cc:191] [execute] - Not connected to cluster to put record
Jul 27 2015 04:20:35 UTC: ERROR(12532) [put.cc:191] [execute] - Not connected to cluster to put record
Jul 27 2015 04:20:35 UTC: ERROR(12532) [put.cc:191] [execute] - Not connected to cluster to put record
Jul 27 2015 04:20:35 UTC: ERROR(12532) [put.cc:191] [execute] - Not connected to cluster to put record
Jul 27 2015 04:20:35 UTC: ERROR(12532) [put.cc:191] [execute] - Not connected to cluster to put record
Jul 27 2015 04:20:35 UTC: ERROR(12532) [put.cc:191] [execute] - Not connected to cluster to put record
Jul 27 2015 04:20:35 UTC: ERROR(12532) [put.cc:191] [execute] - Not connected to cluster to put record
Jul 27 2015 04:20:35 UTC: ERROR(12532) [put.cc:191] [execute] - Not connected to cluster to put record
Jul 27 2015 04:20:35 UTC: ERROR(12532) [put.cc:191] [execute] - Not connected to cluster to put record
Jul 27 2015 04:20:35 UTC: ERROR(12532) [put.cc:191] [execute] - Not connected to cluster to put record
Jul 27 2015 04:20:35 UTC: ERROR(12532) [put.cc:191] [execute] - Not connected to cluster to put record
Jul 27 2015 04:20:35 UTC: ERROR(12532) [put.cc:191] [execute] - Not connected to cluster to put record
Jul 27 2015 04:20:35 UTC: ERROR(12532) [put.cc:191] [execute] - Not connected to cluster to put record
Jul 27 2015 04:20:35 UTC: ERROR(12532) [put.cc:191] [execute] - Not connected to cluster to put record
Jul 27 2015 04:20:35 UTC: ERROR(12532) [put.cc:191] [execute] - Not connected to cluster to put record
Jul 27 2015 04:20:35 UTC: ERROR(12532) [put.cc:191] [execute] - Not connected to cluster to put record
Jul 27 2015 04:20:35 UTC: ERROR(12532) [put.cc:191] [execute] - Not connected to cluster to put record
Jul 27 2015 04:20:35 UTC: ERROR(12532) [put.cc:191] [execute] - Not connected to cluster to put record
Jul 27 2015 04:20:35 UTC: ERROR(12532) [put.cc:191] [execute] - Not connected to cluster to put record
Jul 27 2015 04:20:35 UTC: ERROR(12532) [put.cc:191] [execute] - Not connected to cluster to put record
Jul 27 2015 04:20:35 UTC: ERROR(12532) [put.cc:191] [execute] - Not connected to cluster to put record
Jul 27 2015 04:20:35 UTC: ERROR(12532) [put.cc:191] [execute] - Not connected to cluster to put record
Jul 27 2015 04:20:35 UTC: ERROR(12532) [put.cc:191] [execute] - Not connected to cluster to put record
Jul 27 2015 04:20:35 UTC: ERROR(12532) [put.cc:191] [execute] - Not connected to cluster to put record
Jul 27 2015 04:20:35 UTC: ERROR(12532) [put.cc:191] [execute] - Not connected to cluster to put record
Jul 27 2015 04:20:35 UTC: ERROR(12532) [put.cc:191] [execute] - Not connected to cluster to put record
Jul 27 2015 04:20:35 UTC: ERROR(12532) [put.cc:191] [execute] - Not connected to cluster to put record
Jul 27 2015 04:20:35 UTC: ERROR(12532) [put.cc:191] [execute] - Not connected to cluster to put record
Jul 27 2015 04:20:35 UTC: ERROR(12532) [put.cc:191] [execute] - Not connected to cluster to put record
Jul 27 2015 04:20:35 UTC: ERROR(12532) [put.cc:191] [execute] - Not connected to cluster to put record
Jul 27 2015 04:20:35 UTC: ERROR(12532) [put.cc:191] [execute] - Not connected to cluster to put record
Jul 27 2015 04:20:35 UTC: ERROR(12532) [put.cc:191] [execute] - Not connected to cluster to put record
Jul 27 2015 04:20:35 UTC: ERROR(12532) [put.cc:191] [execute] - Not connected to cluster to put record
Jul 27 2015 04:20:35 UTC: ERROR(12532) [put.cc:191] [execute] - Not connected to cluster to put record
Jul 27 2015 04:20:35 UTC: ERROR(12532) [put.cc:191] [execute] - Not connected to cluster to put record
Jul 27 2015 04:20:35 UTC: ERROR(12532) [put.cc:191] [execute] - Not connected to cluster to put record
Jul 27 2015 04:20:35 UTC: ERROR(12532) [put.cc:191] [execute] - Not connected to cluster to put record
Jul 27 2015 04:20:35 UTC: ERROR(12532) [put.cc:191] [execute] - Not connected to cluster to put record
Jul 27 2015 04:20:35 UTC: ERROR(12532) [put.cc:191] [execute] - Not connected to cluster to put record
Jul 27 2015 04:20:35 UTC: ERROR(12532) [put.cc:191] [execute] - Not connected to cluster to put record
Jul 27 2015 04:20:35 UTC: ERROR(12532) [put.cc:191] [execute] - Not connected to cluster to put record
Jul 27 2015 04:20:35 UTC: ERROR(12532) [put.cc:191] [execute] - Not connected to cluster to put record
Jul 27 2015 04:20:35 UTC: ERROR(12532) [put.cc:191] [execute] - Not connected to cluster to put record
Jul 27 2015 04:20:35 UTC: ERROR(12532) [put.cc:191] [execute] - Not connected to cluster to put record
Jul 27 2015 04:20:35 UTC: ERROR(12532) [put.cc:191] [execute] - Not connected to cluster to put record
Jul 27 2015 04:20:35 UTC: ERROR(12532) [put.cc:191] [execute] - Not connected to cluster to put record
Jul 27 2015 04:20:35 UTC: ERROR(12532) [put.cc:191] [execute] - Not connected to cluster to put record
Jul 27 2015 04:20:35 UTC: ERROR(12532) [put.cc:191] [execute] - Not connected to cluster to put record
Jul 27 2015 04:20:35 UTC: ERROR(12532) [put.cc:191] [execute] - Not connected to cluster to put record
Jul 27 2015 04:20:35 UTC: ERROR(12532) [put.cc:191] [execute] - Not connected to cluster to put record
Jul 27 2015 04:20:35 UTC: ERROR(12532) [put.cc:191] [execute] - Not connected to cluster to put record
Jul 27 2015 04:20:35 UTC: ERROR(12532) [put.cc:191] [execute] - Not connected to cluster to put record
Jul 27 2015 04:20:35 UTC: ERROR(12532) [put.cc:191] [execute] - Not connected to cluster to put record
Jul 27 2015 04:20:35 UTC: ERROR(12532) [put.cc:191] [execute] - Not connected to cluster to put record
Jul 27 2015 04:20:35 UTC: ERROR(12532) [put.cc:191] [execute] - Not connected to cluster to put record
Jul 27 2015 04:20:35 UTC: ERROR(12532) [put.cc:191] [execute] - Not connected to cluster to put record
Jul 27 2015 04:20:35 UTC: ERROR(12532) [put.cc:191] [execute] - Not connected to cluster to put record
Jul 27 2015 04:20:35 UTC: ERROR(12532) [put.cc:191] [execute] - Not connected to cluster to put record
Jul 27 2015 04:20:35 UTC: ERROR(12532) [put.cc:191] [execute] - Not connected to cluster to put record
Jul 27 2015 04:20:35 UTC: ERROR(12532) [put.cc:191] [execute] - Not connected to cluster to put record
Jul 27 2015 04:20:35 UTC: ERROR(12532) [put.cc:191] [execute] - Not connected to cluster to put record
Jul 27 2015 04:20:35 UTC: ERROR(12532) [put.cc:191] [execute] - Not connected to cluster to put record
Jul 27 2015 04:20:35 UTC: ERROR(12532) [put.cc:191] [execute] - Not connected to cluster to put record
Jul 27 2015 04:20:35 UTC: ERROR(12532) [put.cc:191] [execute] - Not connected to cluster to put record
Jul 27 2015 04:20:35 UTC: ERROR(12532) [put.cc:191] [execute] - Not connected to cluster to put record
Jul 27 2015 04:20:35 UTC: ERROR(12532) [put.cc:191] [execute] - Not connected to cluster to put record
Jul 27 2015 04:20:35 UTC: ERROR(12532) [put.cc:191] [execute] - Not connected to cluster to put record
Jul 27 2015 04:20:35 UTC: ERROR(12532) [put.cc:191] [execute] - Not connected to cluster to put record
Jul 27 2015 04:20:35 UTC: ERROR(12532) [put.cc:191] [execute] - Not connected to cluster to put record
Jul 27 2015 04:20:35 UTC: ERROR(12532) [put.cc:191] [execute] - Not connected to cluster to put record
Jul 27 2015 04:20:35 UTC: ERROR(12532) [put.cc:191] [execute] - Not connected to cluster to put record
Jul 27 2015 04:20:35 UTC: ERROR(12532) [put.cc:191] [execute] - Not connected to cluster to put record
Jul 27 2015 04:20:35 UTC: ERROR(12532) [put.cc:191] [execute] - Not connected to cluster to put record
Jul 27 2015 04:20:35 UTC: ERROR(12532) [put.cc:191] [execute] - Not connected to cluster to put record
Jul 27 2015 04:20:35 UTC: ERROR(12532) [put.cc:191] [execute] - Not connected to cluster to put record
Jul 27 2015 04:20:35 UTC: ERROR(12532) [put.cc:191] [execute] - Not connected to cluster to put record
Jul 27 2015 04:20:35 UTC: ERROR(12532) [put.cc:191] [execute] - Not connected to cluster to put record
Jul 27 2015 04:20:35 UTC: ERROR(12532) [put.cc:191] [execute] - Not connected to cluster to put record
Jul 27 2015 04:20:35 UTC: ERROR(12532) [put.cc:191] [execute] - Not connected to cluster to put record
Jul 27 2015 04:20:35 UTC: ERROR(12532) [put.cc:191] [execute] - Not connected to cluster to put record
Jul 27 2015 04:20:35 UTC: ERROR(12532) [put.cc:191] [execute] - Not connected to cluster to put record
Jul 27 2015 04:20:35 UTC: ERROR(12532) [put.cc:191] [execute] - Not connected to cluster to put record
Jul 27 2015 04:20:35 UTC: ERROR(12532) [put.cc:191] [execute] - Not connected to cluster to put record
Jul 27 2015 04:20:35 UTC: ERROR(12532) [put.cc:191] [execute] - Not connected to cluster to put record
Jul 27 2015 04:20:35 UTC: ERROR(12532) [put.cc:191] [execute] - Not connected to cluster to put record
Jul 27 2015 04:20:35 UTC: ERROR(12532) [put.cc:191] [execute] - Not connected to cluster to put record
Jul 27 2015 04:20:35 UTC: ERROR(12532) [put.cc:191] [execute] - Not connected to cluster to put record
Jul 27 2015 04:20:35 UTC: ERROR(12532) [put.cc:191] [execute] - Not connected to cluster to put record
Jul 27 2015 04:20:35 UTC: ERROR(12532) [put.cc:191] [execute] - Not connected to cluster to put record
Jul 27 2015 04:20:35 UTC: ERROR(12532) [put.cc:191] [execute] - Not connected to cluster to put record
Jul 27 2015 04:20:35 UTC: ERROR(12532) [put.cc:191] [execute] - Not connected to cluster to put record
Jul 27 2015 04:20:35 UTC: ERROR(12532) [put.cc:191] [execute] - Not connected to cluster to put record
Jul 27 2015 04:20:35 UTC: ERROR(12532) [put.cc:191] [execute] - Not connected to cluster to put record
Jul 27 2015 04:20:35 UTC: ERROR(12532) [put.cc:191] [execute] - Not connected to cluster to put record
Jul 27 2015 04:20:35 UTC: ERROR(12532) [put.cc:191] [execute] - Not connected to cluster to put record
Jul 27 2015 04:20:35 UTC: ERROR(12532) [put.cc:191] [execute] - Not connected to cluster to put record
Jul 27 2015 04:20:35 UTC: ERROR(12532) [put.cc:191] [execute] - Not connected to cluster to put record
Jul 27 2015 04:20:35 UTC: ERROR(12532) [put.cc:191] [execute] - Not connected to cluster to put record
Jul 27 2015 04:20:35 UTC: ERROR(12532) [put.cc:191] [execute] - Not connected to cluster to put record
Jul 27 2015 04:20:35 UTC: ERROR(12532) [put.cc:191] [execute] - Not connected to cluster to put record
Jul 27 2015 04:20:35 UTC: ERROR(12532) [put.cc:191] [execute] - Not connected to cluster to put record
Jul 27 2015 04:20:35 UTC: ERROR(12532) [put.cc:191] [execute] - Not connected to cluster to put record
Jul 27 2015 04:20:35 UTC: ERROR(12532) [put.cc:191] [execute] - Not connected to cluster to put record
Jul 27 2015 04:20:35 UTC: ERROR(12532) [put.cc:191] [execute] - Not connected to cluster to put record
Jul 27 2015 04:20:35 UTC: ERROR(12532) [put.cc:191] [execute] - Not connected to cluster to put record
Jul 27 2015 04:20:35 UTC: ERROR(12532) [put.cc:191] [execute] - Not connected to cluster to put record
Jul 27 2015 04:20:35 UTC: ERROR(12532) [put.cc:191] [execute] - Not connected to cluster to put record
Jul 27 2015 04:20:35 UTC: ERROR(12532) [put.cc:191] [execute] - Not connected to cluster to put record
Jul 27 2015 04:20:35 UTC: ERROR(12532) [put.cc:191] [execute] - Not connected to cluster to put record
Jul 27 2015 04:20:35 UTC: ERROR(12532) [put.cc:191] [execute] - Not connected to cluster to put record
Jul 27 2015 04:20:35 UTC: ERROR(12532) [put.cc:191] [execute] - Not connected to cluster to put record
Jul 27 2015 04:20:35 UTC: ERROR(12532) [put.cc:191] [execute] - Not connected to cluster to put record
Jul 27 2015 04:20:35 UTC: ERROR(12532) [put.cc:191] [execute] - Not connected to cluster to put record
Jul 27 2015 04:20:35 UTC: ERROR(12532) [put.cc:191] [execute] - Not connected to cluster to put record
Jul 27 2015 04:20:35 UTC: ERROR(12532) [put.cc:191] [execute] - Not connected to cluster to put record
Jul 27 2015 04:20:35 UTC: ERROR(12532) [put.cc:191] [execute] - Not connected to cluster to put record
Jul 27 2015 04:20:35 UTC: ERROR(12532) [put.cc:191] [execute] - Not connected to cluster to put record
Jul 27 2015 04:20:35 UTC: ERROR(12532) [put.cc:191] [execute] - Not connected to cluster to put record
Jul 27 2015 04:20:35 UTC: ERROR(12532) [put.cc:191] [execute] - Not connected to cluster to put record
Jul 27 2015 04:20:35 UTC: ERROR(12532) [put.cc:191] [execute] - Not connected to cluster to put record
Jul 27 2015 04:20:35 UTC: ERROR(12532) [put.cc:191] [execute] - Not connected to cluster to put record
Jul 27 2015 04:20:35 UTC: ERROR(12532) [put.cc:191] [execute] - Not connected to cluster to put record
Jul 27 2015 04:20:35 UTC: ERROR(12532) [put.cc:191] [execute] - Not connected to cluster to put record
Jul 27 2015 04:20:35 UTC: ERROR(12532) [put.cc:191] [execute] - Not connected to cluster to put record
Jul 27 2015 04:20:35 UTC: ERROR(12532) [put.cc:191] [execute] - Not connected to cluster to put record
Jul 27 2015 04:20:35 UTC: ERROR(12532) [put.cc:191] [execute] - Not connected to cluster to put record
Jul 27 2015 04:20:35 UTC: ERROR(12532) [put.cc:191] [execute] - Not connected to cluster to put record
Jul 27 2015 04:20:35 UTC: ERROR(12532) [put.cc:191] [execute] - Not connected to cluster to put record
Jul 27 2015 04:20:35 UTC: ERROR(12532) [put.cc:191] [execute] - Not connected to cluster to put record
Jul 27 2015 04:20:35 UTC: ERROR(12532) [put.cc:191] [execute] - Not connected to cluster to put record
Jul 27 2015 04:20:35 UTC: ERROR(12532) [put.cc:191] [execute] - Not connected to cluster to put record
Jul 27 2015 04:20:35 UTC: ERROR(12532) [put.cc:191] [execute] - Not connected to cluster to put record
Jul 27 2015 04:20:35 UTC: ERROR(12532) [put.cc:191] [execute] - Not connected to cluster to put record
Jul 27 2015 04:20:35 UTC: ERROR(12532) [put.cc:191] [execute] - Not connected to cluster to put record
Jul 27 2015 04:20:35 UTC: ERROR(12532) [put.cc:191] [execute] - Not connected to cluster to put record
Jul 27 2015 04:20:35 UTC: ERROR(12532) [put.cc:191] [execute] - Not connected to cluster to put record
Jul 27 2015 04:20:35 UTC: ERROR(12532) [put.cc:191] [execute] - Not connected to cluster to put record
Jul 27 2015 04:20:35 UTC: ERROR(12532) [put.cc:191] [execute] - Not connected to cluster to put record
Jul 27 2015 04:20:35 UTC: ERROR(12532) [put.cc:191] [execute] - Not connected to cluster to put record
Jul 27 2015 04:20:35 UTC: ERROR(12532) [put.cc:191] [execute] - Not connected to cluster to put record
Jul 27 2015 04:20:35 UTC: ERROR(12532) [put.cc:191] [execute] - Not connected to cluster to put record
Jul 27 2015 04:20:35 UTC: ERROR(12532) [put.cc:191] [execute] - Not connected to cluster to put record
Jul 27 2015 04:20:35 UTC: ERROR(12532) [put.cc:191] [execute] - Not connected to cluster to put record
Jul 27 2015 04:20:35 UTC: ERROR(12532) [connect.cc:69] [Connect] - Connecting to Cluster Failed
Jul 27 2015 04:20:35 UTC: ERROR(12532) [udf_register.cc:268] [execute] - Not connected to cluster to put record
Jul 27 2015 04:23:37 UTC: ERROR(12536) [connect.cc:69] [Connect] - Connecting to Cluster Failed
Jul 27 2015 04:23:37 UTC: ERROR(12536) [put.cc:191] [execute] - Not connected to cluster to put record
Jul 27 2015 04:23:37 UTC: ERROR(12536) [put.cc:191] [execute] - Not connected to cluster to put record
Jul 27 2015 04:23:37 UTC: ERROR(12536) [put.cc:191] [execute] - Not connected to cluster to put record
Jul 27 2015 04:23:37 UTC: ERROR(12536) [put.cc:191] [execute] - Not connected to cluster to put record
Jul 27 2015 04:23:37 UTC: ERROR(12536) [put.cc:191] [execute] - Not connected to cluster to put record
Jul 27 2015 04:23:37 UTC: ERROR(12536) [put.cc:191] [execute] - Not connected to cluster to put record
Jul 27 2015 04:23:37 UTC: ERROR(12536) [put.cc:191] [execute] - Not connected to cluster to put record
Jul 27 2015 04:23:37 UTC: ERROR(12536) [put.cc:191] [execute] - Not connected to cluster to put record
Jul 27 2015 04:23:37 UTC: ERROR(12536) [put.cc:191] [execute] - Not connected to cluster to put record
Jul 27 2015 04:23:37 UTC: ERROR(12536) [put.cc:191] [execute] - Not connected to cluster to put record
Jul 27 2015 04:23:37 UTC: ERROR(12536) [put.cc:191] [execute] - Not connected to cluster to put record
Jul 27 2015 04:23:37 UTC: ERROR(12536) [put.cc:191] [execute] - Not connected to cluster to put record
Jul 27 2015 04:23:37 UTC: ERROR(12536) [put.cc:191] [execute] - Not connected to cluster to put record
Jul 27 2015 04:23:37 UTC: ERROR(12536) [put.cc:191] [execute] - Not connected to cluster to put record
Jul 27 2015 04:23:37 UTC: ERROR(12536) [put.cc:191] [execute] - Not connected to cluster to put record
Jul 27 2015 04:23:37 UTC: ERROR(12536) [put.cc:191] [execute] - Not connected to cluster to put record
Jul 27 2015 04:23:37 UTC: ERROR(12536) [put.cc:191] [execute] - Not connected to cluster to put record
Jul 27 2015 04:23:37 UTC: ERROR(12536) [put.cc:191] [execute] - Not connected to cluster to put record
Jul 27 2015 04:23:37 UTC: ERROR(12536) [put.cc:191] [execute] - Not connected to cluster to put record
Jul 27 2015 04:23:37 UTC: ERROR(12536) [put.cc:191] [execute] - Not connected to cluster to put record
Jul 27 2015 04:23:37 UTC: ERROR(12536) [put.cc:191] [execute] - Not connected to cluster to put record
Jul 27 2015 04:23:37 UTC: ERROR(12536) [put.cc:191] [execute] - Not connected to cluster to put record
Jul 27 2015 04:23:37 UTC: ERROR(12536) [put.cc:191] [execute] - Not connected to cluster to put record
Jul 27 2015 04:23:37 UTC: ERROR(12536) [put.cc:191] [execute] - Not connected to cluster to put record
Jul 27 2015 04:23:37 UTC: ERROR(12536) [put.cc:191] [execute] - Not connected to cluster to put record
Jul 27 2015 04:23:37 UTC: ERROR(12536) [put.cc:191] [execute] - Not connected to cluster to put record
Jul 27 2015 04:23:37 UTC: ERROR(12536) [put.cc:191] [execute] - Not connected to cluster to put record
Jul 27 2015 04:23:37 UTC: ERROR(12536) [put.cc:191] [execute] - Not connected to cluster to put record
Jul 27 2015 04:23:37 UTC: ERROR(12536) [put.cc:191] [execute] - Not connected to cluster to put record
Jul 27 2015 04:23:37 UTC: ERROR(12536) [put.cc:191] [execute] - Not connected to cluster to put record
Jul 27 2015 04:23:37 UTC: ERROR(12536) [put.cc:191] [execute] - Not connected to cluster to put record
Jul 27 2015 04:23:37 UTC: ERROR(12536) [put.cc:191] [execute] - Not connected to cluster to put record
Jul 27 2015 04:23:37 UTC: ERROR(12536) [put.cc:191] [execute] - Not connected to cluster to put record
Jul 27 2015 04:23:37 UTC: ERROR(12536) [put.cc:191] [execute] - Not connected to cluster to put record
Jul 27 2015 04:23:37 UTC: ERROR(12536) [put.cc:191] [execute] - Not connected to cluster to put record
Jul 27 2015 04:23:37 UTC: ERROR(12536) [put.cc:191] [execute] - Not connected to cluster to put record
Jul 27 2015 04:23:37 UTC: ERROR(12536) [put.cc:191] [execute] - Not connected to cluster to put record
Jul 27 2015 04:23:37 UTC: ERROR(12536) [put.cc:191] [execute] - Not connected to cluster to put record
Jul 27 2015 04:23:37 UTC: ERROR(12536) [put.cc:191] [execute] - Not connected to cluster to put record
Jul 27 2015 04:23:37 UTC: ERROR(12536) [put.cc:191] [execute] - Not connected to cluster to put record
Jul 27 2015 04:23:37 UTC: ERROR(12536) [put.cc:191] [execute] - Not connected to cluster to put record
Jul 27 2015 04:23:37 UTC: ERROR(12536) [put.cc:191] [execute] - Not connected to cluster to put record
Jul 27 2015 04:23:37 UTC: ERROR(12536) [put.cc:191] [execute] - Not connected to cluster to put record
Jul 27 2015 04:23:37 UTC: ERROR(12536) [put.cc:191] [execute] - Not connected to cluster to put record
Jul 27 2015 04:23:37 UTC: ERROR(12536) [put.cc:191] [execute] - Not connected to cluster to put record
Jul 27 2015 04:23:37 UTC: ERROR(12536) [put.cc:191] [execute] - Not connected to cluster to put record
Jul 27 2015 04:23:37 UTC: ERROR(12536) [put.cc:191] [execute] - Not connected to cluster to put record
Jul 27 2015 04:23:37 UTC: ERROR(12536) [put.cc:191] [execute] - Not connected to cluster to put record
Jul 27 2015 04:23:37 UTC: ERROR(12536) [put.cc:191] [execute] - Not connected to cluster to put record
Jul 27 2015 04:23:37 UTC: ERROR(12536) [put.cc:191] [execute] - Not connected to cluster to put record
Jul 27 2015 04:23:37 UTC: ERROR(12536) [put.cc:191] [execute] - Not connected to cluster to put record
Jul 27 2015 04:23:37 UTC: ERROR(12536) [put.cc:191] [execute] - Not connected to cluster to put record
Jul 27 2015 04:23:37 UTC: ERROR(12536) [put.cc:191] [execute] - Not connected to cluster to put record
Jul 27 2015 04:23:37 UTC: ERROR(12536) [put.cc:191] [execute] - Not connected to cluster to put record
Jul 27 2015 04:23:37 UTC: ERROR(12536) [put.cc:191] [execute] - Not connected to cluster to put record
Jul 27 2015 04:23:37 UTC: ERROR(12536) [put.cc:191] [execute] - Not connected to cluster to put record
Jul 27 2015 04:23:37 UTC: ERROR(12536) [put.cc:191] [execute] - Not connected to cluster to put record
Jul 27 2015 04:23:37 UTC: ERROR(12536) [put.cc:191] [execute] - Not connected to cluster to put record
Jul 27 2015 04:23:37 UTC: ERROR(12536) [put.cc:191] [execute] - Not connected to cluster to put record
Jul 27 2015 04:23:37 UTC: ERROR(12536) [put.cc:191] [execute] - Not connected to cluster to put record
Jul 27 2015 04:23:37 UTC: ERROR(12536) [put.cc:191] [execute] - Not connected to cluster to put record
Jul 27 2015 04:23:37 UTC: ERROR(12536) [put.cc:191] [execute] - Not connected to cluster to put record
Jul 27 2015 04:23:37 UTC: ERROR(12536) [put.cc:191] [execute] - Not connected to cluster to put record
Jul 27 2015 04:23:37 UTC: ERROR(12536) [put.cc:191] [execute] - Not connected to cluster to put record
Jul 27 2015 04:23:37 UTC: ERROR(12536) [put.cc:191] [execute] - Not connected to cluster to put record
Jul 27 2015 04:23:37 UTC: ERROR(12536) [put.cc:191] [execute] - Not connected to cluster to put record
Jul 27 2015 04:23:37 UTC: ERROR(12536) [put.cc:191] [execute] - Not connected to cluster to put record
Jul 27 2015 04:23:37 UTC: ERROR(12536) [put.cc:191] [execute] - Not connected to cluster to put record
Jul 27 2015 04:23:37 UTC: ERROR(12536) [put.cc:191] [execute] - Not connected to cluster to put record
Jul 27 2015 04:23:37 UTC: ERROR(12536) [put.cc:191] [execute] - Not connected to cluster to put record
Jul 27 2015 04:23:37 UTC: ERROR(12536) [put.cc:191] [execute] - Not connected to cluster to put record
Jul 27 2015 04:23:37 UTC: ERROR(12536) [put.cc:191] [execute] - Not connected to cluster to put record
Jul 27 2015 04:23:37 UTC: ERROR(12536) [put.cc:191] [execute] - Not connected to cluster to put record
Jul 27 2015 04:23:37 UTC: ERROR(12536) [put.cc:191] [execute] - Not connected to cluster to put record
Jul 27 2015 04:23:37 UTC: ERROR(12536) [put.cc:191] [execute] - Not connected to cluster to put record
Jul 27 2015 04:23:37 UTC: ERROR(12536) [put.cc:191] [execute] - Not connected to cluster to put record
Jul 27 2015 04:23:37 UTC: ERROR(12536) [put.cc:191] [execute] - Not connected to cluster to put record
Jul 27 2015 04:23:37 UTC: ERROR(12536) [put.cc:191] [execute] - Not connected to cluster to put record
Jul 27 2015 04:23:37 UTC: ERROR(12536) [put.cc:191] [execute] - Not connected to cluster to put record
Jul 27 2015 04:23:37 UTC: ERROR(12536) [put.cc:191] [execute] - Not connected to cluster to put record
Jul 27 2015 04:23:37 UTC: ERROR(12536) [put.cc:191] [execute] - Not connected to cluster to put record
Jul 27 2015 04:23:37 UTC: ERROR(12536) [put.cc:191] [execute] - Not connected to cluster to put record
Jul 27 2015 04:23:37 UTC: ERROR(12536) [put.cc:191] [execute] - Not connected to cluster to put record
Jul 27 2015 04:23:37 UTC: ERROR(12536) [put.cc:191] [execute] - Not connected to cluster to put record
Jul 27 2015 04:23:37 UTC: ERROR(12536) [put.cc:191] [execute] - Not connected to cluster to put record
Jul 27 2015 04:23:37 UTC: ERROR(12536) [put.cc:191] [execute] - Not connected to cluster to put record
Jul 27 2015 04:23:37 UTC: ERROR(12536) [put.cc:191] [execute] - Not connected to cluster to put record
Jul 27 2015 04:23:37 UTC: ERROR(12536) [put.cc:191] [execute] - Not connected to cluster to put record
Jul 27 2015 04:23:37 UTC: ERROR(12536) [put.cc:191] [execute] - Not connected to cluster to put record
Jul 27 2015 04:23:37 UTC: ERROR(12536) [put.cc:191] [execute] - Not connected to cluster to put record
Jul 27 2015 04:23:37 UTC: ERROR(12536) [put.cc:191] [execute] - Not connected to cluster to put record
Jul 27 2015 04:23:37 UTC: ERROR(12536) [put.cc:191] [execute] - Not connected to cluster to put record
Jul 27 2015 04:23:37 UTC: ERROR(12536) [put.cc:191] [execute] - Not connected to cluster to put record
Jul 27 2015 04:23:37 UTC: ERROR(12536) [put.cc:191] [execute] - Not connected to cluster to put record
Jul 27 2015 04:23:37 UTC: ERROR(12536) [put.cc:191] [execute] - Not connected to cluster to put record
Jul 27 2015 04:23:37 UTC: ERROR(12536) [put.cc:191] [execute] - Not connected to cluster to put record
Jul 27 2015 04:23:37 UTC: ERROR(12536) [put.cc:191] [execute] - Not connected to cluster to put record
Jul 27 2015 04:23:37 UTC: ERROR(12536) [put.cc:191] [execute] - Not connected to cluster to put record
Jul 27 2015 04:23:37 UTC: ERROR(12536) [put.cc:191] [execute] - Not connected to cluster to put record
Jul 27 2015 04:23:37 UTC: ERROR(12536) [put.cc:191] [execute] - Not connected to cluster to put record
Jul 27 2015 04:23:37 UTC: ERROR(12536) [put.cc:191] [execute] - Not connected to cluster to put record
Jul 27 2015 04:23:37 UTC: ERROR(12536) [put.cc:191] [execute] - Not connected to cluster to put record
Jul 27 2015 04:23:37 UTC: ERROR(12536) [put.cc:191] [execute] - Not connected to cluster to put record
Jul 27 2015 04:23:37 UTC: ERROR(12536) [put.cc:191] [execute] - Not connected to cluster to put record
Jul 27 2015 04:23:37 UTC: ERROR(12536) [put.cc:191] [execute] - Not connected to cluster to put record
Jul 27 2015 04:23:37 UTC: ERROR(12536) [put.cc:191] [execute] - Not connected to cluster to put record
Jul 27 2015 04:23:37 UTC: ERROR(12536) [put.cc:191] [execute] - Not connected to cluster to put record
Jul 27 2015 04:23:37 UTC: ERROR(12536) [put.cc:191] [execute] - Not connected to cluster to put record
Jul 27 2015 04:23:37 UTC: ERROR(12536) [put.cc:191] [execute] - Not connected to cluster to put record
Jul 27 2015 04:23:37 UTC: ERROR(12536) [put.cc:191] [execute] - Not connected to cluster to put record
Jul 27 2015 04:23:37 UTC: ERROR(12536) [put.cc:191] [execute] - Not connected to cluster to put record
Jul 27 2015 04:23:37 UTC: ERROR(12536) [put.cc:191] [execute] - Not connected to cluster to put record
Jul 27 2015 04:23:37 UTC: ERROR(12536) [put.cc:191] [execute] - Not connected to cluster to put record
Jul 27 2015 04:23:37 UTC: ERROR(12536) [put.cc:191] [execute] - Not connected to cluster to put record
Jul 27 2015 04:23:37 UTC: ERROR(12536) [put.cc:191] [execute] - Not connected to cluster to put record
Jul 27 2015 04:23:37 UTC: ERROR(12536) [put.cc:191] [execute] - Not connected to cluster to put record
Jul 27 2015 04:23:37 UTC: ERROR(12536) [put.cc:191] [execute] - Not connected to cluster to put record
Jul 27 2015 04:23:37 UTC: ERROR(12536) [put.cc:191] [execute] - Not connected to cluster to put record
Jul 27 2015 04:23:37 UTC: ERROR(12536) [put.cc:191] [execute] - Not connected to cluster to put record
Jul 27 2015 04:23:37 UTC: ERROR(12536) [put.cc:191] [execute] - Not connected to cluster to put record
Jul 27 2015 04:23:37 UTC: ERROR(12536) [put.cc:191] [execute] - Not connected to cluster to put record
Jul 27 2015 04:23:37 UTC: ERROR(12536) [put.cc:191] [execute] - Not connected to cluster to put record
Jul 27 2015 04:23:37 UTC: ERROR(12536) [put.cc:191] [execute] - Not connected to cluster to put record
Jul 27 2015 04:23:37 UTC: ERROR(12536) [put.cc:191] [execute] - Not connected to cluster to put record
Jul 27 2015 04:23:37 UTC: ERROR(12536) [put.cc:191] [execute] - Not connected to cluster to put record
Jul 27 2015 04:23:37 UTC: ERROR(12536) [put.cc:191] [execute] - Not connected to cluster to put record
Jul 27 2015 04:23:37 UTC: ERROR(12536) [put.cc:191] [execute] - Not connected to cluster to put record
Jul 27 2015 04:23:37 UTC: ERROR(12536) [put.cc:191] [execute] - Not connected to cluster to put record
Jul 27 2015 04:23:37 UTC: ERROR(12536) [put.cc:191] [execute] - Not connected to cluster to put record
Jul 27 2015 04:23:37 UTC: ERROR(12536) [put.cc:191] [execute] - Not connected to cluster to put record
Jul 27 2015 04:23:37 UTC: ERROR(12536) [put.cc:191] [execute] - Not connected to cluster to put record
Jul 27 2015 04:23:37 UTC: ERROR(12536) [put.cc:191] [execute] - Not connected to cluster to put record
Jul 27 2015 04:23:37 UTC: ERROR(12536) [put.cc:191] [execute] - Not connected to cluster to put record
Jul 27 2015 04:23:37 UTC: ERROR(12536) [put.cc:191] [execute] - Not connected to cluster to put record
Jul 27 2015 04:23:37 UTC: ERROR(12536) [put.cc:191] [execute] - Not connected to cluster to put record
Jul 27 2015 04:23:37 UTC: ERROR(12536) [put.cc:191] [execute] - Not connected to cluster to put record
Jul 27 2015 04:23:37 UTC: ERROR(12536) [put.cc:191] [execute] - Not connected to cluster to put record
Jul 27 2015 04:23:37 UTC: ERROR(12536) [put.cc:191] [execute] - Not connected to cluster to put record
Jul 27 2015 04:23:37 UTC: ERROR(12536) [put.cc:191] [execute] - Not connected to cluster to put record
Jul 27 2015 04:23:37 UTC: ERROR(12536) [put.cc:191] [execute] - Not connected to cluster to put record
Jul 27 2015 04:23:37 UTC: ERROR(12536) [put.cc:191] [execute] - Not connected to cluster to put record
Jul 27 2015 04:23:37 UTC: ERROR(12536) [put.cc:191] [execute] - Not connected to cluster to put record
Jul 27 2015 04:23:37 UTC: ERROR(12536) [put.cc:191] [execute] - Not connected to cluster to put record
Jul 27 2015 04:23:37 UTC: ERROR(12536) [put.cc:191] [execute] - Not connected to cluster to put record
Jul 27 2015 04:23:37 UTC: ERROR(12536) [put.cc:191] [execute] - Not connected to cluster to put record
Jul 27 2015 04:23:37 UTC: ERROR(12536) [put.cc:191] [execute] - Not connected to cluster to put record
Jul 27 2015 04:23:37 UTC: ERROR(12536) [put.cc:191] [execute] - Not connected to cluster to put record
Jul 27 2015 04:23:37 UTC: ERROR(12536) [put.cc:191] [execute] - Not connected to cluster to put record
Jul 27 2015 04:23:37 UTC: ERROR(12536) [put.cc:191] [execute] - Not connected to cluster to put record
Jul 27 2015 04:23:37 UTC: ERROR(12536) [put.cc:191] [execute] - Not connected to cluster to put record
Jul 27 2015 04:23:37 UTC: ERROR(12536) [put.cc:191] [execute] - Not connected to cluster to put record
Jul 27 2015 04:23:37 UTC: ERROR(12536) [put.cc:191] [execute] - Not connected to cluster to put record
Jul 27 2015 04:23:37 UTC: ERROR(12536) [put.cc:191] [execute] - Not connected to cluster to put record
Jul 27 2015 04:23:37 UTC: ERROR(12536) [put.cc:191] [execute] - Not connected to cluster to put record
Jul 27 2015 04:23:37 UTC: ERROR(12536) [put.cc:191] [execute] - Not connected to cluster to put record
Jul 27 2015 04:23:37 UTC: ERROR(12536) [put.cc:191] [execute] - Not connected to cluster to put record
Jul 27 2015 04:23:37 UTC: ERROR(12536) [put.cc:191] [execute] - Not connected to cluster to put record
Jul 27 2015 04:23:37 UTC: ERROR(12536) [put.cc:191] [execute] - Not connected to cluster to put record
Jul 27 2015 04:23:37 UTC: ERROR(12536) [put.cc:191] [execute] - Not connected to cluster to put record
Jul 27 2015 04:23:37 UTC: ERROR(12536) [put.cc:191] [execute] - Not connected to cluster to put record
Jul 27 2015 04:23:37 UTC: ERROR(12536) [put.cc:191] [execute] - Not connected to cluster to put record
Jul 27 2015 04:23:37 UTC: ERROR(12536) [put.cc:191] [execute] - Not connected to cluster to put record
Jul 27 2015 04:23:37 UTC: ERROR(12536) [put.cc:191] [execute] - Not connected to cluster to put record
Jul 27 2015 04:23:37 UTC: ERROR(12536) [put.cc:191] [execute] - Not connected to cluster to put record
Jul 27 2015 04:23:37 UTC: ERROR(12536) [put.cc:191] [execute] - Not connected to cluster to put record
Jul 27 2015 04:23:37 UTC: ERROR(12536) [put.cc:191] [execute] - Not connected to cluster to put record
Jul 27 2015 04:23:37 UTC: ERROR(12536) [put.cc:191] [execute] - Not connected to cluster to put record
Jul 27 2015 04:23:37 UTC: ERROR(12536) [put.cc:191] [execute] - Not connected to cluster to put record
Jul 27 2015 04:23:37 UTC: ERROR(12536) [put.cc:191] [execute] - Not connected to cluster to put record
Jul 27 2015 04:23:37 UTC: ERROR(12536) [put.cc:191] [execute] - Not connected to cluster to put record
Jul 27 2015 04:23:37 UTC: ERROR(12536) [put.cc:191] [execute] - Not connected to cluster to put record
Jul 27 2015 04:23:37 UTC: ERROR(12536) [put.cc:191] [execute] - Not connected to cluster to put record
Jul 27 2015 04:23:37 UTC: ERROR(12536) [put.cc:191] [execute] - Not connected to cluster to put record
Jul 27 2015 04:23:37 UTC: ERROR(12536) [put.cc:191] [execute] - Not connected to cluster to put record
Jul 27 2015 04:23:37 UTC: ERROR(12536) [put.cc:191] [execute] - Not connected to cluster to put record
Jul 27 2015 04:23:37 UTC: ERROR(12536) [put.cc:191] [execute] - Not connected to cluster to put record
Jul 27 2015 04:23:37 UTC: ERROR(12536) [put.cc:191] [execute] - Not connected to cluster to put record
Jul 27 2015 04:23:37 UTC: ERROR(12536) [put.cc:191] [execute] - Not connected to cluster to put record
Jul 27 2015 04:23:37 UTC: ERROR(12536) [put.cc:191] [execute] - Not connected to cluster to put record
Jul 27 2015 04:23:37 UTC: ERROR(12536) [put.cc:191] [execute] - Not connected to cluster to put record
Jul 27 2015 04:23:37 UTC: ERROR(12536) [put.cc:191] [execute] - Not connected to cluster to put record
Jul 27 2015 04:23:37 UTC: ERROR(12536) [put.cc:191] [execute] - Not connected to cluster to put record
Jul 27 2015 04:23:37 UTC: ERROR(12536) [put.cc:191] [execute] - Not connected to cluster to put record
Jul 27 2015 04:23:37 UTC: ERROR(12536) [put.cc:191] [execute] - Not connected to cluster to put record
Jul 27 2015 04:23:37 UTC: ERROR(12536) [put.cc:191] [execute] - Not connected to cluster to put record
Jul 27 2015 04:23:37 UTC: ERROR(12536) [put.cc:191] [execute] - Not connected to cluster to put record
Jul 27 2015 04:23:37 UTC: ERROR(12536) [put.cc:191] [execute] - Not connected to cluster to put record
Jul 27 2015 04:23:37 UTC: ERROR(12536) [put.cc:191] [execute] - Not connected to cluster to put record
Jul 27 2015 04:23:37 UTC: ERROR(12536) [put.cc:191] [execute] - Not connected to cluster to put record
Jul 27 2015 04:23:37 UTC: ERROR(12536) [put.cc:191] [execute] - Not connected to cluster to put record
Jul 27 2015 04:23:37 UTC: ERROR(12536) [put.cc:191] [execute] - Not connected to cluster to put record
Jul 27 2015 04:23:37 UTC: ERROR(12536) [put.cc:191] [execute] - Not connected to cluster to put record
Jul 27 2015 04:23:37 UTC: ERROR(12536) [put.cc:191] [execute] - Not connected to cluster to put record
Jul 27 2015 04:23:37 UTC: ERROR(12536) [put.cc:191] [execute] - Not connected to cluster to put record
Jul 27 2015 04:23:37 UTC: ERROR(12536) [put.cc:191] [execute] - Not connected to cluster to put record
Jul 27 2015 04:23:37 UTC: ERROR(12536) [put.cc:191] [execute] - Not connected to cluster to put record
Jul 27 2015 04:23:37 UTC: ERROR(12536) [put.cc:191] [execute] - Not connected to cluster to put record
Jul 27 2015 04:23:37 UTC: ERROR(12536) [put.cc:191] [execute] - Not connected to cluster to put record
Jul 27 2015 04:23:37 UTC: ERROR(12536) [put.cc:191] [execute] - Not connected to cluster to put record
Jul 27 2015 04:23:37 UTC: ERROR(12536) [put.cc:191] [execute] - Not connected to cluster to put record
Jul 27 2015 04:23:37 UTC: ERROR(12536) [put.cc:191] [execute] - Not connected to cluster to put record
Jul 27 2015 04:23:37 UTC: ERROR(12536) [put.cc:191] [execute] - Not connected to cluster to put record
Jul 27 2015 04:23:37 UTC: ERROR(12536) [put.cc:191] [execute] - Not connected to cluster to put record
Jul 27 2015 04:23:37 UTC: ERROR(12536) [put.cc:191] [execute] - Not connected to cluster to put record
Jul 27 2015 04:23:37 UTC: ERROR(12536) [put.cc:191] [execute] - Not connected to cluster to put record
Jul 27 2015 04:23:37 UTC: ERROR(12536) [put.cc:191] [execute] - Not connected to cluster to put record
Jul 27 2015 04:23:37 UTC: ERROR(12536) [put.cc:191] [execute] - Not connected to cluster to put record
Jul 27 2015 04:23:37 UTC: ERROR(12536) [put.cc:191] [execute] - Not connected to cluster to put record
Jul 27 2015 04:23:37 UTC: ERROR(12536) [put.cc:191] [execute] - Not connected to cluster to put record
Jul 27 2015 04:23:37 UTC: ERROR(12536) [put.cc:191] [execute] - Not connected to cluster to put record
Jul 27 2015 04:23:37 UTC: ERROR(12536) [put.cc:191] [execute] - Not connected to cluster to put record
Jul 27 2015 04:23:37 UTC: ERROR(12536) [put.cc:191] [execute] - Not connected to cluster to put record
Jul 27 2015 04:23:37 UTC: ERROR(12536) [put.cc:191] [execute] - Not connected to cluster to put record
Jul 27 2015 04:23:37 UTC: ERROR(12536) [put.cc:191] [execute] - Not connected to cluster to put record
Jul 27 2015 04:23:37 UTC: ERROR(12536) [put.cc:191] [execute] - Not connected to cluster to put record
Jul 27 2015 04:23:37 UTC: ERROR(12536) [put.cc:191] [execute] - Not connected to cluster to put record
Jul 27 2015 04:23:37 UTC: ERROR(12536) [put.cc:191] [execute] - Not connected to cluster to put record
Jul 27 2015 04:23:37 UTC: ERROR(12536) [put.cc:191] [execute] - Not connected to cluster to put record
Jul 27 2015 04:23:37 UTC: ERROR(12536) [put.cc:191] [execute] - Not connected to cluster to put record
Jul 27 2015 04:23:37 UTC: ERROR(12536) [put.cc:191] [execute] - Not connected to cluster to put record
Jul 27 2015 04:23:37 UTC: ERROR(12536) [put.cc:191] [execute] - Not connected to cluster to put record
Jul 27 2015 04:23:37 UTC: ERROR(12536) [put.cc:191] [execute] - Not connected to cluster to put record
Jul 27 2015 04:23:37 UTC: ERROR(12536) [put.cc:191] [execute] - Not connected to cluster to put record
Jul 27 2015 04:23:37 UTC: ERROR(12536) [put.cc:191] [execute] - Not connected to cluster to put record
Jul 27 2015 04:23:37 UTC: ERROR(12536) [put.cc:191] [execute] - Not connected to cluster to put record
Jul 27 2015 04:23:37 UTC: ERROR(12536) [put.cc:191] [execute] - Not connected to cluster to put record
Jul 27 2015 04:23:37 UTC: ERROR(12536) [put.cc:191] [execute] - Not connected to cluster to put record
Jul 27 2015 04:23:37 UTC: ERROR(12536) [put.cc:191] [execute] - Not connected to cluster to put record
Jul 27 2015 04:23:37 UTC: ERROR(12536) [put.cc:191] [execute] - Not connected to cluster to put record
Jul 27 2015 04:23:37 UTC: ERROR(12536) [put.cc:191] [execute] - Not connected to cluster to put record
Jul 27 2015 04:23:37 UTC: ERROR(12536) [put.cc:191] [execute] - Not connected to cluster to put record
Jul 27 2015 04:23:37 UTC: ERROR(12536) [put.cc:191] [execute] - Not connected to cluster to put record
Jul 27 2015 04:23:37 UTC: ERROR(12536) [put.cc:191] [execute] - Not connected to cluster to put record
Jul 27 2015 04:23:37 UTC: ERROR(12536) [put.cc:191] [execute] - Not connected to cluster to put record
Jul 27 2015 04:23:37 UTC: ERROR(12536) [put.cc:191] [execute] - Not connected to cluster to put record
Jul 27 2015 04:23:37 UTC: ERROR(12536) [put.cc:191] [execute] - Not connected to cluster to put record
Jul 27 2015 04:23:37 UTC: ERROR(12536) [put.cc:191] [execute] - Not connected to cluster to put record
Jul 27 2015 04:23:37 UTC: ERROR(12536) [put.cc:191] [execute] - Not connected to cluster to put record
Jul 27 2015 04:23:37 UTC: ERROR(12536) [put.cc:191] [execute] - Not connected to cluster to put record
Jul 27 2015 04:23:37 UTC: ERROR(12536) [put.cc:191] [execute] - Not connected to cluster to put record
Jul 27 2015 04:23:37 UTC: ERROR(12536) [put.cc:191] [execute] - Not connected to cluster to put record
Jul 27 2015 04:23:37 UTC: ERROR(12536) [put.cc:191] [execute] - Not connected to cluster to put record
Jul 27 2015 04:23:37 UTC: ERROR(12536) [put.cc:191] [execute] - Not connected to cluster to put record
Jul 27 2015 04:23:37 UTC: ERROR(12536) [put.cc:191] [execute] - Not connected to cluster to put record
Jul 27 2015 04:23:37 UTC: ERROR(12536) [put.cc:191] [execute] - Not connected to cluster to put record
Jul 27 2015 04:23:37 UTC: ERROR(12536) [put.cc:191] [execute] - Not connected to cluster to put record
Jul 27 2015 04:23:37 UTC: ERROR(12536) [put.cc:191] [execute] - Not connected to cluster to put record
Jul 27 2015 04:23:37 UTC: ERROR(12536) [put.cc:191] [execute] - Not connected to cluster to put record
Jul 27 2015 04:23:37 UTC: ERROR(12536) [put.cc:191] [execute] - Not connected to cluster to put record
Jul 27 2015 04:23:37 UTC: ERROR(12536) [put.cc:191] [execute] - Not connected to cluster to put record
Jul 27 2015 04:23:37 UTC: ERROR(12536) [put.cc:191] [execute] - Not connected to cluster to put record
Jul 27 2015 04:23:37 UTC: ERROR(12536) [put.cc:191] [execute] - Not connected to cluster to put record
Jul 27 2015 04:23:37 UTC: ERROR(12536) [put.cc:191] [execute] - Not connected to cluster to put record
Jul 27 2015 04:23:37 UTC: ERROR(12536) [put.cc:191] [execute] - Not connected to cluster to put record
Jul 27 2015 04:23:37 UTC: ERROR(12536) [put.cc:191] [execute] - Not connected to cluster to put record
Jul 27 2015 04:23:37 UTC: ERROR(12536) [put.cc:191] [execute] - Not connected to cluster to put record
Jul 27 2015 04:23:37 UTC: ERROR(12536) [put.cc:191] [execute] - Not connected to cluster to put record
Jul 27 2015 04:23:37 UTC: ERROR(12536) [put.cc:191] [execute] - Not connected to cluster to put record
Jul 27 2015 04:23:37 UTC: ERROR(12536) [put.cc:191] [execute] - Not connected to cluster to put record
Jul 27 2015 04:23:37 UTC: ERROR(12536) [put.cc:191] [execute] - Not connected to cluster to put record
Jul 27 2015 04:23:37 UTC: ERROR(12536) [put.cc:191] [execute] - Not connected to cluster to put record
Jul 27 2015 04:23:37 UTC: ERROR(12536) [put.cc:191] [execute] - Not connected to cluster to put record
Jul 27 2015 04:23:37 UTC: ERROR(12536) [put.cc:191] [execute] - Not connected to cluster to put record
Jul 27 2015 04:23:37 UTC: ERROR(12536) [put.cc:191] [execute] - Not connected to cluster to put record
Jul 27 2015 04:23:37 UTC: ERROR(12536) [put.cc:191] [execute] - Not connected to cluster to put record
Jul 27 2015 04:23:37 UTC: ERROR(12536) [put.cc:191] [execute] - Not connected to cluster to put record
Jul 27 2015 04:23:37 UTC: ERROR(12536) [put.cc:191] [execute] - Not connected to cluster to put record
Jul 27 2015 04:23:37 UTC: ERROR(12536) [put.cc:191] [execute] - Not connected to cluster to put record
Jul 27 2015 04:23:37 UTC: ERROR(12536) [put.cc:191] [execute] - Not connected to cluster to put record
Jul 27 2015 04:23:37 UTC: ERROR(12536) [put.cc:191] [execute] - Not connected to cluster to put record
Jul 27 2015 04:23:37 UTC: ERROR(12536) [put.cc:191] [execute] - Not connected to cluster to put record
Jul 27 2015 04:23:37 UTC: ERROR(12536) [put.cc:191] [execute] - Not connected to cluster to put record
Jul 27 2015 04:23:37 UTC: ERROR(12536) [put.cc:191] [execute] - Not connected to cluster to put record
Jul 27 2015 04:23:37 UTC: ERROR(12536) [put.cc:191] [execute] - Not connected to cluster to put record
Jul 27 2015 04:23:37 UTC: ERROR(12536) [put.cc:191] [execute] - Not connected to cluster to put record
Jul 27 2015 04:23:37 UTC: ERROR(12536) [put.cc:191] [execute] - Not connected to cluster to put record
Jul 27 2015 04:23:37 UTC: ERROR(12536) [put.cc:191] [execute] - Not connected to cluster to put record
Jul 27 2015 04:23:37 UTC: ERROR(12536) [put.cc:191] [execute] - Not connected to cluster to put record
Jul 27 2015 04:23:37 UTC: ERROR(12536) [put.cc:191] [execute] - Not connected to cluster to put record
Jul 27 2015 04:23:37 UTC: ERROR(12536) [put.cc:191] [execute] - Not connected to cluster to put record
Jul 27 2015 04:23:37 UTC: ERROR(12536) [put.cc:191] [execute] - Not connected to cluster to put record
Jul 27 2015 04:23:37 UTC: ERROR(12536) [put.cc:191] [execute] - Not connected to cluster to put record
Jul 27 2015 04:23:37 UTC: ERROR(12536) [put.cc:191] [execute] - Not connected to cluster to put record
Jul 27 2015 04:23:37 UTC: ERROR(12536) [put.cc:191] [execute] - Not connected to cluster to put record
Jul 27 2015 04:23:37 UTC: ERROR(12536) [put.cc:191] [execute] - Not connected to cluster to put record
Jul 27 2015 04:23:37 UTC: ERROR(12536) [put.cc:191] [execute] - Not connected to cluster to put record
Jul 27 2015 04:23:37 UTC: ERROR(12536) [put.cc:191] [execute] - Not connected to cluster to put record
Jul 27 2015 04:23:37 UTC: ERROR(12536) [put.cc:191] [execute] - Not connected to cluster to put record
Jul 27 2015 04:23:37 UTC: ERROR(12536) [put.cc:191] [execute] - Not connected to cluster to put record
Jul 27 2015 04:23:37 UTC: ERROR(12536) [put.cc:191] [execute] - Not connected to cluster to put record
Jul 27 2015 04:23:37 UTC: ERROR(12536) [put.cc:191] [execute] - Not connected to cluster to put record
Jul 27 2015 04:23:37 UTC: ERROR(12536) [put.cc:191] [execute] - Not connected to cluster to put record
Jul 27 2015 04:23:37 UTC: ERROR(12536) [put.cc:191] [execute] - Not connected to cluster to put record
Jul 27 2015 04:23:37 UTC: ERROR(12536) [put.cc:191] [execute] - Not connected to cluster to put record
Jul 27 2015 04:23:37 UTC: ERROR(12536) [put.cc:191] [execute] - Not connected to cluster to put record
Jul 27 2015 04:23:37 UTC: ERROR(12536) [put.cc:191] [execute] - Not connected to cluster to put record
Jul 27 2015 04:23:37 UTC: ERROR(12536) [put.cc:191] [execute] - Not connected to cluster to put record
Jul 27 2015 04:23:37 UTC: ERROR(12536) [put.cc:191] [execute] - Not connected to cluster to put record
Jul 27 2015 04:23:37 UTC: ERROR(12536) [put.cc:191] [execute] - Not connected to cluster to put record
Jul 27 2015 04:23:37 UTC: ERROR(12536) [put.cc:191] [execute] - Not connected to cluster to put record
Jul 27 2015 04:23:37 UTC: ERROR(12536) [put.cc:191] [execute] - Not connected to cluster to put record
Jul 27 2015 04:23:37 UTC: ERROR(12536) [put.cc:191] [execute] - Not connected to cluster to put record
Jul 27 2015 04:23:37 UTC: ERROR(12536) [put.cc:191] [execute] - Not connected to cluster to put record
Jul 27 2015 04:23:37 UTC: ERROR(12536) [put.cc:191] [execute] - Not connected to cluster to put record
Jul 27 2015 04:23:37 UTC: ERROR(12536) [put.cc:191] [execute] - Not connected to cluster to put record
Jul 27 2015 04:23:37 UTC: ERROR(12536) [put.cc:191] [execute] - Not connected to cluster to put record
Jul 27 2015 04:23:37 UTC: ERROR(12536) [put.cc:191] [execute] - Not connected to cluster to put record
Jul 27 2015 04:23:37 UTC: ERROR(12536) [put.cc:191] [execute] - Not connected to cluster to put record
Jul 27 2015 04:23:37 UTC: ERROR(12536) [put.cc:191] [execute] - Not connected to cluster to put record
Jul 27 2015 04:23:37 UTC: ERROR(12536) [put.cc:191] [execute] - Not connected to cluster to put record
Jul 27 2015 04:23:37 UTC: ERROR(12536) [put.cc:191] [execute] - Not connected to cluster to put record
Jul 27 2015 04:23:37 UTC: ERROR(12536) [put.cc:191] [execute] - Not connected to cluster to put record
Jul 27 2015 04:23:37 UTC: ERROR(12536) [put.cc:191] [execute] - Not connected to cluster to put record
Jul 27 2015 04:23:37 UTC: ERROR(12536) [put.cc:191] [execute] - Not connected to cluster to put record
Jul 27 2015 04:23:37 UTC: ERROR(12536) [put.cc:191] [execute] - Not connected to cluster to put record
Jul 27 2015 04:23:37 UTC: ERROR(12536) [put.cc:191] [execute] - Not connected to cluster to put record
Jul 27 2015 04:23:37 UTC: ERROR(12536) [put.cc:191] [execute] - Not connected to cluster to put record
Jul 27 2015 04:23:37 UTC: ERROR(12536) [put.cc:191] [execute] - Not connected to cluster to put record
Jul 27 2015 04:23:37 UTC: ERROR(12536) [put.cc:191] [execute] - Not connected to cluster to put record
Jul 27 2015 04:23:37 UTC: ERROR(12536) [put.cc:191] [execute] - Not connected to cluster to put record
Jul 27 2015 04:23:37 UTC: ERROR(12536) [put.cc:191] [execute] - Not connected to cluster to put record
Jul 27 2015 04:23:37 UTC: ERROR(12536) [put.cc:191] [execute] - Not connected to cluster to put record
Jul 27 2015 04:23:37 UTC: ERROR(12536) [put.cc:191] [execute] - Not connected to cluster to put record
Jul 27 2015 04:23:37 UTC: ERROR(12536) [put.cc:191] [execute] - Not connected to cluster to put record
Jul 27 2015 04:23:37 UTC: ERROR(12536) [put.cc:191] [execute] - Not connected to cluster to put record
Jul 27 2015 04:23:37 UTC: ERROR(12536) [put.cc:191] [execute] - Not connected to cluster to put record
Jul 27 2015 04:23:37 UTC: ERROR(12536) [put.cc:191] [execute] - Not connected to cluster to put record
Jul 27 2015 04:23:37 UTC: ERROR(12536) [put.cc:191] [execute] - Not connected to cluster to put record
Jul 27 2015 04:23:37 UTC: ERROR(12536) [put.cc:191] [execute] - Not connected to cluster to put record
Jul 27 2015 04:23:37 UTC: ERROR(12536) [put.cc:191] [execute] - Not connected to cluster to put record
Jul 27 2015 04:23:37 UTC: ERROR(12536) [put.cc:191] [execute] - Not connected to cluster to put record
Jul 27 2015 04:23:37 UTC: ERROR(12536) [put.cc:191] [execute] - Not connected to cluster to put record
Jul 27 2015 04:23:37 UTC: ERROR(12536) [put.cc:191] [execute] - Not connected to cluster to put record
Jul 27 2015 04:23:37 UTC: ERROR(12536) [put.cc:191] [execute] - Not connected to cluster to put record
Jul 27 2015 04:23:37 UTC: ERROR(12536) [put.cc:191] [execute] - Not connected to cluster to put record
Jul 27 2015 04:23:37 UTC: ERROR(12536) [put.cc:191] [execute] - Not connected to cluster to put record
Jul 27 2015 04:23:37 UTC: ERROR(12536) [put.cc:191] [execute] - Not connected to cluster to put record
Jul 27 2015 04:23:37 UTC: ERROR(12536) [put.cc:191] [execute] - Not connected to cluster to put record
Jul 27 2015 04:23:37 UTC: ERROR(12536) [put.cc:191] [execute] - Not connected to cluster to put record
Jul 27 2015 04:23:37 UTC: ERROR(12536) [put.cc:191] [execute] - Not connected to cluster to put record
Jul 27 2015 04:23:37 UTC: ERROR(12536) [put.cc:191] [execute] - Not connected to cluster to put record
Jul 27 2015 04:23:37 UTC: ERROR(12536) [put.cc:191] [execute] - Not connected to cluster to put record
Jul 27 2015 04:23:37 UTC: ERROR(12536) [put.cc:191] [execute] - Not connected to cluster to put record
Jul 27 2015 04:23:37 UTC: ERROR(12536) [put.cc:191] [execute] - Not connected to cluster to put record
Jul 27 2015 04:23:37 UTC: ERROR(12536) [put.cc:191] [execute] - Not connected to cluster to put record
Jul 27 2015 04:23:37 UTC: ERROR(12536) [put.cc:191] [execute] - Not connected to cluster to put record
Jul 27 2015 04:23:37 UTC: ERROR(12536) [put.cc:191] [execute] - Not connected to cluster to put record
Jul 27 2015 04:23:37 UTC: ERROR(12536) [put.cc:191] [execute] - Not connected to cluster to put record
Jul 27 2015 04:23:37 UTC: ERROR(12536) [put.cc:191] [execute] - Not connected to cluster to put record
Jul 27 2015 04:23:37 UTC: ERROR(12536) [put.cc:191] [execute] - Not connected to cluster to put record
Jul 27 2015 04:23:37 UTC: ERROR(12536) [put.cc:191] [execute] - Not connected to cluster to put record
Jul 27 2015 04:23:37 UTC: ERROR(12536) [put.cc:191] [execute] - Not connected to cluster to put record
Jul 27 2015 04:23:37 UTC: ERROR(12536) [put.cc:191] [execute] - Not connected to cluster to put record
Jul 27 2015 04:23:37 UTC: ERROR(12536) [put.cc:191] [execute] - Not connected to cluster to put record
Jul 27 2015 04:23:37 UTC: ERROR(12536) [put.cc:191] [execute] - Not connected to cluster to put record
Jul 27 2015 04:23:37 UTC: ERROR(12536) [put.cc:191] [execute] - Not connected to cluster to put record
Jul 27 2015 04:23:37 UTC: ERROR(12536) [put.cc:191] [execute] - Not connected to cluster to put record
Jul 27 2015 04:23:37 UTC: ERROR(12536) [put.cc:191] [execute] - Not connected to cluster to put record
Jul 27 2015 04:23:37 UTC: ERROR(12536) [put.cc:191] [execute] - Not connected to cluster to put record
Jul 27 2015 04:23:37 UTC: ERROR(12536) [put.cc:191] [execute] - Not connected to cluster to put record
Jul 27 2015 04:23:37 UTC: ERROR(12536) [put.cc:191] [execute] - Not connected to cluster to put record
Jul 27 2015 04:23:37 UTC: ERROR(12536) [put.cc:191] [execute] - Not connected to cluster to put record
Jul 27 2015 04:23:37 UTC: ERROR(12536) [put.cc:191] [execute] - Not connected to cluster to put record
Jul 27 2015 04:23:37 UTC: ERROR(12536) [put.cc:191] [execute] - Not connected to cluster to put record
Jul 27 2015 04:23:37 UTC: ERROR(12536) [put.cc:191] [execute] - Not connected to cluster to put record
Jul 27 2015 04:23:37 UTC: ERROR(12536) [put.cc:191] [execute] - Not connected to cluster to put record
Jul 27 2015 04:23:37 UTC: ERROR(12536) [put.cc:191] [execute] - Not connected to cluster to put record
Jul 27 2015 04:23:37 UTC: ERROR(12536) [put.cc:191] [execute] - Not connected to cluster to put record
Jul 27 2015 04:23:37 UTC: ERROR(12536) [put.cc:191] [execute] - Not connected to cluster to put record
Jul 27 2015 04:23:37 UTC: ERROR(12536) [put.cc:191] [execute] - Not connected to cluster to put record
Jul 27 2015 04:23:37 UTC: ERROR(12536) [put.cc:191] [execute] - Not connected to cluster to put record
Jul 27 2015 04:23:37 UTC: ERROR(12536) [put.cc:191] [execute] - Not connected to cluster to put record
Jul 27 2015 04:23:37 UTC: ERROR(12536) [put.cc:191] [execute] - Not connected to cluster to put record
Jul 27 2015 04:23:37 UTC: ERROR(12536) [put.cc:191] [execute] - Not connected to cluster to put record
Jul 27 2015 04:23:37 UTC: ERROR(12536) [put.cc:191] [execute] - Not connected to cluster to put record
Jul 27 2015 04:23:37 UTC: ERROR(12536) [put.cc:191] [execute] - Not connected to cluster to put record
Jul 27 2015 04:23:37 UTC: ERROR(12536) [put.cc:191] [execute] - Not connected to cluster to put record
Jul 27 2015 04:23:37 UTC: ERROR(12536) [put.cc:191] [execute] - Not connected to cluster to put record
Jul 27 2015 04:23:37 UTC: ERROR(12536) [put.cc:191] [execute] - Not connected to cluster to put record
Jul 27 2015 04:23:37 UTC: ERROR(12536) [put.cc:191] [execute] - Not connected to cluster to put record
Jul 27 2015 04:23:37 UTC: ERROR(12536) [put.cc:191] [execute] - Not connected to cluster to put record
Jul 27 2015 04:23:37 UTC: ERROR(12536) [put.cc:191] [execute] - Not connected to cluster to put record
Jul 27 2015 04:23:37 UTC: ERROR(12536) [put.cc:191] [execute] - Not connected to cluster to put record
Jul 27 2015 04:23:37 UTC: ERROR(12536) [put.cc:191] [execute] - Not connected to cluster to put record
Jul 27 2015 04:23:37 UTC: ERROR(12536) [put.cc:191] [execute] - Not connected to cluster to put record
Jul 27 2015 04:23:37 UTC: ERROR(12536) [put.cc:191] [execute] - Not connected to cluster to put record
Jul 27 2015 04:23:37 UTC: ERROR(12536) [put.cc:191] [execute] - Not connected to cluster to put record
Jul 27 2015 04:23:37 UTC: ERROR(12536) [put.cc:191] [execute] - Not connected to cluster to put record
Jul 27 2015 04:23:37 UTC: ERROR(12536) [put.cc:191] [execute] - Not connected to cluster to put record
Jul 27 2015 04:23:37 UTC: ERROR(12536) [put.cc:191] [execute] - Not connected to cluster to put record
Jul 27 2015 04:23:37 UTC: ERROR(12536) [put.cc:191] [execute] - Not connected to cluster to put record
Jul 27 2015 04:23:37 UTC: ERROR(12536) [put.cc:191] [execute] - Not connected to cluster to put record
Jul 27 2015 04:23:37 UTC: ERROR(12536) [put.cc:191] [execute] - Not connected to cluster to put record
Jul 27 2015 04:23:37 UTC: ERROR(12536) [put.cc:191] [execute] - Not connected to cluster to put record
Jul 27 2015 04:23:37 UTC: ERROR(12536) [put.cc:191] [execute] - Not connected to cluster to put record
Jul 27 2015 04:23:37 UTC: ERROR(12536) [put.cc:191] [execute] - Not connected to cluster to put record
Jul 27 2015 04:23:37 UTC: ERROR(12536) [put.cc:191] [execute] - Not connected to cluster to put record
Jul 27 2015 04:23:37 UTC: ERROR(12536) [put.cc:191] [execute] - Not connected to cluster to put record
Jul 27 2015 04:23:37 UTC: ERROR(12536) [put.cc:191] [execute] - Not connected to cluster to put record
Jul 27 2015 04:23:37 UTC: ERROR(12536) [put.cc:191] [execute] - Not connected to cluster to put record
Jul 27 2015 04:23:37 UTC: ERROR(12536) [put.cc:191] [execute] - Not connected to cluster to put record
Jul 27 2015 04:23:37 UTC: ERROR(12536) [put.cc:191] [execute] - Not connected to cluster to put record
Jul 27 2015 04:23:37 UTC: ERROR(12536) [put.cc:191] [execute] - Not connected to cluster to put record
Jul 27 2015 04:23:37 UTC: ERROR(12536) [put.cc:191] [execute] - Not connected to cluster to put record
Jul 27 2015 04:23:37 UTC: ERROR(12536) [put.cc:191] [execute] - Not connected to cluster to put record
Jul 27 2015 04:23:37 UTC: ERROR(12536) [put.cc:191] [execute] - Not connected to cluster to put record
Jul 27 2015 04:23:37 UTC: ERROR(12536) [put.cc:191] [execute] - Not connected to cluster to put record
Jul 27 2015 04:23:37 UTC: ERROR(12536) [put.cc:191] [execute] - Not connected to cluster to put record
Jul 27 2015 04:23:37 UTC: ERROR(12536) [put.cc:191] [execute] - Not connected to cluster to put record
Jul 27 2015 04:23:37 UTC: ERROR(12536) [put.cc:191] [execute] - Not connected to cluster to put record
Jul 27 2015 04:23:37 UTC: ERROR(12536) [put.cc:191] [execute] - Not connected to cluster to put record
Jul 27 2015 04:23:37 UTC: ERROR(12536) [put.cc:191] [execute] - Not connected to cluster to put record
Jul 27 2015 04:23:37 UTC: ERROR(12536) [put.cc:191] [execute] - Not connected to cluster to put record
Jul 27 2015 04:23:37 UTC: ERROR(12536) [put.cc:191] [execute] - Not connected to cluster to put record
Jul 27 2015 04:23:37 UTC: ERROR(12536) [put.cc:191] [execute] - Not connected to cluster to put record
Jul 27 2015 04:23:37 UTC: ERROR(12536) [put.cc:191] [execute] - Not connected to cluster to put record
Jul 27 2015 04:23:37 UTC: ERROR(12536) [put.cc:191] [execute] - Not connected to cluster to put record
Jul 27 2015 04:23:37 UTC: ERROR(12536) [put.cc:191] [execute] - Not connected to cluster to put record
Jul 27 2015 04:23:37 UTC: ERROR(12536) [put.cc:191] [execute] - Not connected to cluster to put record
Jul 27 2015 04:23:37 UTC: ERROR(12536) [put.cc:191] [execute] - Not connected to cluster to put record
Jul 27 2015 04:23:37 UTC: ERROR(12536) [put.cc:191] [execute] - Not connected to cluster to put record
Jul 27 2015 04:23:37 UTC: ERROR(12536) [put.cc:191] [execute] - Not connected to cluster to put record
Jul 27 2015 04:23:37 UTC: ERROR(12536) [put.cc:191] [execute] - Not connected to cluster to put record
Jul 27 2015 04:23:37 UTC: ERROR(12536) [put.cc:191] [execute] - Not connected to cluster to put record
Jul 27 2015 04:23:37 UTC: ERROR(12536) [put.cc:191] [execute] - Not connected to cluster to put record
Jul 27 2015 04:23:37 UTC: ERROR(12536) [put.cc:191] [execute] - Not connected to cluster to put record
Jul 27 2015 04:23:37 UTC: ERROR(12536) [put.cc:191] [execute] - Not connected to cluster to put record
Jul 27 2015 04:23:37 UTC: ERROR(12536) [put.cc:191] [execute] - Not connected to cluster to put record
Jul 27 2015 04:23:37 UTC: ERROR(12536) [put.cc:191] [execute] - Not connected to cluster to put record
Jul 27 2015 04:23:37 UTC: ERROR(12536) [put.cc:191] [execute] - Not connected to cluster to put record
Jul 27 2015 04:23:37 UTC: ERROR(12536) [put.cc:191] [execute] - Not connected to cluster to put record
Jul 27 2015 04:23:37 UTC: ERROR(12536) [put.cc:191] [execute] - Not connected to cluster to put record
Jul 27 2015 04:23:37 UTC: ERROR(12536) [put.cc:191] [execute] - Not connected to cluster to put record
Jul 27 2015 04:23:37 UTC: ERROR(12536) [put.cc:191] [execute] - Not connected to cluster to put record
Jul 27 2015 04:23:37 UTC: ERROR(12536) [put.cc:191] [execute] - Not connected to cluster to put record
Jul 27 2015 04:23:37 UTC: ERROR(12536) [put.cc:191] [execute] - Not connected to cluster to put record
Jul 27 2015 04:23:37 UTC: ERROR(12536) [put.cc:191] [execute] - Not connected to cluster to put record
Jul 27 2015 04:23:37 UTC: ERROR(12536) [put.cc:191] [execute] - Not connected to cluster to put record
Jul 27 2015 04:23:37 UTC: ERROR(12536) [put.cc:191] [execute] - Not connected to cluster to put record
Jul 27 2015 04:23:37 UTC: ERROR(12536) [put.cc:191] [execute] - Not connected to cluster to put record
Jul 27 2015 04:23:37 UTC: ERROR(12536) [put.cc:191] [execute] - Not connected to cluster to put record
Jul 27 2015 04:23:37 UTC: ERROR(12536) [put.cc:191] [execute] - Not connected to cluster to put record
Jul 27 2015 04:23:37 UTC: ERROR(12536) [put.cc:191] [execute] - Not connected to cluster to put record
Jul 27 2015 04:23:37 UTC: ERROR(12536) [put.cc:191] [execute] - Not connected to cluster to put record
Jul 27 2015 04:23:37 UTC: ERROR(12536) [put.cc:191] [execute] - Not connected to cluster to put record
Jul 27 2015 04:23:37 UTC: ERROR(12536) [put.cc:191] [execute] - Not connected to cluster to put record
Jul 27 2015 04:23:37 UTC: ERROR(12536) [put.cc:191] [execute] - Not connected to cluster to put record
Jul 27 2015 04:23:37 UTC: ERROR(12536) [put.cc:191] [execute] - Not connected to cluster to put record
Jul 27 2015 04:23:37 UTC: ERROR(12536) [put.cc:191] [execute] - Not connected to cluster to put record
Jul 27 2015 04:23:37 UTC: ERROR(12536) [put.cc:191] [execute] - Not connected to cluster to put record
Jul 27 2015 04:23:37 UTC: ERROR(12536) [put.cc:191] [execute] - Not connected to cluster to put record
Jul 27 2015 04:23:37 UTC: ERROR(12536) [put.cc:191] [execute] - Not connected to cluster to put record
Jul 27 2015 04:23:37 UTC: ERROR(12536) [put.cc:191] [execute] - Not connected to cluster to put record
Jul 27 2015 04:23:37 UTC: ERROR(12536) [put.cc:191] [execute] - Not connected to cluster to put record
Jul 27 2015 04:23:37 UTC: ERROR(12536) [put.cc:191] [execute] - Not connected to cluster to put record
Jul 27 2015 04:23:37 UTC: ERROR(12536) [put.cc:191] [execute] - Not connected to cluster to put record
Jul 27 2015 04:23:37 UTC: ERROR(12536) [put.cc:191] [execute] - Not connected to cluster to put record
Jul 27 2015 04:23:37 UTC: ERROR(12536) [put.cc:191] [execute] - Not connected to cluster to put record
Jul 27 2015 04:23:37 UTC: ERROR(12536) [put.cc:191] [execute] - Not connected to cluster to put record
Jul 27 2015 04:23:37 UTC: ERROR(12536) [put.cc:191] [execute] - Not connected to cluster to put record
Jul 27 2015 04:23:37 UTC: ERROR(12536) [put.cc:191] [execute] - Not connected to cluster to put record
Jul 27 2015 04:23:37 UTC: ERROR(12536) [put.cc:191] [execute] - Not connected to cluster to put record
Jul 27 2015 04:23:37 UTC: ERROR(12536) [put.cc:191] [execute] - Not connected to cluster to put record
Jul 27 2015 04:23:37 UTC: ERROR(12536) [put.cc:191] [execute] - Not connected to cluster to put record
Jul 27 2015 04:23:37 UTC: ERROR(12536) [put.cc:191] [execute] - Not connected to cluster to put record
Jul 27 2015 04:23:37 UTC: ERROR(12536) [put.cc:191] [execute] - Not connected to cluster to put record
Jul 27 2015 04:23:37 UTC: ERROR(12536) [put.cc:191] [execute] - Not connected to cluster to put record
Jul 27 2015 04:23:37 UTC: ERROR(12536) [put.cc:191] [execute] - Not connected to cluster to put record
Jul 27 2015 04:23:37 UTC: ERROR(12536) [put.cc:191] [execute] - Not connected to cluster to put record
Jul 27 2015 04:23:37 UTC: ERROR(12536) [put.cc:191] [execute] - Not connected to cluster to put record
Jul 27 2015 04:23:37 UTC: ERROR(12536) [put.cc:191] [execute] - Not connected to cluster to put record
Jul 27 2015 04:23:37 UTC: ERROR(12536) [put.cc:191] [execute] - Not connected to cluster to put record
Jul 27 2015 04:23:37 UTC: ERROR(12536) [put.cc:191] [execute] - Not connected to cluster to put record
Jul 27 2015 04:23:37 UTC: ERROR(12536) [put.cc:191] [execute] - Not connected to cluster to put record
Jul 27 2015 04:23:37 UTC: ERROR(12536) [put.cc:191] [execute] - Not connected to cluster to put record
Jul 27 2015 04:23:37 UTC: ERROR(12536) [put.cc:191] [execute] - Not connected to cluster to put record
Jul 27 2015 04:23:37 UTC: ERROR(12536) [put.cc:191] [execute] - Not connected to cluster to put record
Jul 27 2015 04:23:37 UTC: ERROR(12536) [put.cc:191] [execute] - Not connected to cluster to put record
Jul 27 2015 04:23:37 UTC: ERROR(12536) [put.cc:191] [execute] - Not connected to cluster to put record
Jul 27 2015 04:23:37 UTC: ERROR(12536) [put.cc:191] [execute] - Not connected to cluster to put record
Jul 27 2015 04:23:37 UTC: ERROR(12536) [put.cc:191] [execute] - Not connected to cluster to put record
Jul 27 2015 04:23:37 UTC: ERROR(12536) [put.cc:191] [execute] - Not connected to cluster to put record
Jul 27 2015 04:23:37 UTC: ERROR(12536) [put.cc:191] [execute] - Not connected to cluster to put record
Jul 27 2015 04:23:37 UTC: ERROR(12536) [put.cc:191] [execute] - Not connected to cluster to put record
Jul 27 2015 04:23:37 UTC: ERROR(12536) [put.cc:191] [execute] - Not connected to cluster to put record
Jul 27 2015 04:23:37 UTC: ERROR(12536) [put.cc:191] [execute] - Not connected to cluster to put record
Jul 27 2015 04:23:37 UTC: ERROR(12536) [put.cc:191] [execute] - Not connected to cluster to put record
Jul 27 2015 04:23:37 UTC: ERROR(12536) [put.cc:191] [execute] - Not connected to cluster to put record
Jul 27 2015 04:23:37 UTC: ERROR(12536) [put.cc:191] [execute] - Not connected to cluster to put record
Jul 27 2015 04:23:37 UTC: ERROR(12536) [put.cc:191] [execute] - Not connected to cluster to put record
Jul 27 2015 04:23:37 UTC: ERROR(12536) [put.cc:191] [execute] - Not connected to cluster to put record
Jul 27 2015 04:23:37 UTC: ERROR(12536) [put.cc:191] [execute] - Not connected to cluster to put record
Jul 27 2015 04:23:37 UTC: ERROR(12536) [put.cc:191] [execute] - Not connected to cluster to put record
Jul 27 2015 04:23:37 UTC: ERROR(12536) [put.cc:191] [execute] - Not connected to cluster to put record
Jul 27 2015 04:23:37 UTC: ERROR(12536) [put.cc:191] [execute] - Not connected to cluster to put record
Jul 27 2015 04:23:37 UTC: ERROR(12536) [put.cc:191] [execute] - Not connected to cluster to put record
Jul 27 2015 04:23:37 UTC: ERROR(12536) [put.cc:191] [execute] - Not connected to cluster to put record
Jul 27 2015 04:23:37 UTC: ERROR(12536) [put.cc:191] [execute] - Not connected to cluster to put record
Jul 27 2015 04:23:37 UTC: ERROR(12536) [put.cc:191] [execute] - Not connected to cluster to put record
Jul 27 2015 04:23:37 UTC: ERROR(12536) [put.cc:191] [execute] - Not connected to cluster to put record
Jul 27 2015 04:23:37 UTC: ERROR(12536) [put.cc:191] [execute] - Not connected to cluster to put record
Jul 27 2015 04:23:37 UTC: ERROR(12536) [put.cc:191] [execute] - Not connected to cluster to put record
Jul 27 2015 04:23:37 UTC: ERROR(12536) [put.cc:191] [execute] - Not connected to cluster to put record
Jul 27 2015 04:23:37 UTC: ERROR(12536) [put.cc:191] [execute] - Not connected to cluster to put record
Jul 27 2015 04:23:37 UTC: ERROR(12536) [put.cc:191] [execute] - Not connected to cluster to put record
Jul 27 2015 04:23:37 UTC: ERROR(12536) [put.cc:191] [execute] - Not connected to cluster to put record
Jul 27 2015 04:23:37 UTC: ERROR(12536) [put.cc:191] [execute] - Not connected to cluster to put record
Jul 27 2015 04:23:37 UTC: ERROR(12536) [put.cc:191] [execute] - Not connected to cluster to put record
Jul 27 2015 04:23:37 UTC: ERROR(12536) [put.cc:191] [execute] - Not connected to cluster to put record
Jul 27 2015 04:23:37 UTC: ERROR(12536) [put.cc:191] [execute] - Not connected to cluster to put record
Jul 27 2015 04:23:37 UTC: ERROR(12536) [put.cc:191] [execute] - Not connected to cluster to put record
Jul 27 2015 04:23:37 UTC: ERROR(12536) [put.cc:191] [execute] - Not connected to cluster to put record
Jul 27 2015 04:23:37 UTC: ERROR(12536) [put.cc:191] [execute] - Not connected to cluster to put record
Jul 27 2015 04:23:37 UTC: ERROR(12536) [put.cc:191] [execute] - Not connected to cluster to put record
Jul 27 2015 04:23:37 UTC: ERROR(12536) [put.cc:191] [execute] - Not connected to cluster to put record
Jul 27 2015 04:23:37 UTC: ERROR(12536) [put.cc:191] [execute] - Not connected to cluster to put record
Jul 27 2015 04:23:37 UTC: ERROR(12536) [put.cc:191] [execute] - Not connected to cluster to put record
Jul 27 2015 04:23:37 UTC: ERROR(12536) [put.cc:191] [execute] - Not connected to cluster to put record
Jul 27 2015 04:23:37 UTC: ERROR(12536) [put.cc:191] [execute] - Not connected to cluster to put record
Jul 27 2015 04:23:37 UTC: ERROR(12536) [put.cc:191] [execute] - Not connected to cluster to put record
Jul 27 2015 04:23:37 UTC: ERROR(12536) [put.cc:191] [execute] - Not connected to cluster to put record
Jul 27 2015 04:23:37 UTC: ERROR(12536) [put.cc:191] [execute] - Not connected to cluster to put record
Jul 27 2015 04:23:37 UTC: ERROR(12536) [put.cc:191] [execute] - Not connected to cluster to put record
Jul 27 2015 04:23:37 UTC: ERROR(12536) [put.cc:191] [execute] - Not connected to cluster to put record
Jul 27 2015 04:23:37 UTC: ERROR(12536) [put.cc:191] [execute] - Not connected to cluster to put record
Jul 27 2015 04:23:37 UTC: ERROR(12536) [put.cc:191] [execute] - Not connected to cluster to put record
Jul 27 2015 04:23:37 UTC: ERROR(12536) [put.cc:191] [execute] - Not connected to cluster to put record
Jul 27 2015 04:23:37 UTC: ERROR(12536) [put.cc:191] [execute] - Not connected to cluster to put record
Jul 27 2015 04:23:37 UTC: ERROR(12536) [put.cc:191] [execute] - Not connected to cluster to put record
Jul 27 2015 04:23:37 UTC: ERROR(12536) [put.cc:191] [execute] - Not connected to cluster to put record
Jul 27 2015 04:23:37 UTC: ERROR(12536) [put.cc:191] [execute] - Not connected to cluster to put record
Jul 27 2015 04:23:37 UTC: ERROR(12536) [put.cc:191] [execute] - Not connected to cluster to put record
Jul 27 2015 04:23:37 UTC: ERROR(12536) [put.cc:191] [execute] - Not connected to cluster to put record
Jul 27 2015 04:23:37 UTC: ERROR(12536) [put.cc:191] [execute] - Not connected to cluster to put record
Jul 27 2015 04:23:37 UTC: ERROR(12536) [put.cc:191] [execute] - Not connected to cluster to put record
Jul 27 2015 04:23:37 UTC: ERROR(12536) [put.cc:191] [execute] - Not connected to cluster to put record
Jul 27 2015 04:23:37 UTC: ERROR(12536) [put.cc:191] [execute] - Not connected to cluster to put record
Jul 27 2015 04:23:37 UTC: ERROR(12536) [put.cc:191] [execute] - Not connected to cluster to put record
Jul 27 2015 04:23:37 UTC: ERROR(12536) [put.cc:191] [execute] - Not connected to cluster to put record
Jul 27 2015 04:23:37 UTC: ERROR(12536) [put.cc:191] [execute] - Not connected to cluster to put record
Jul 27 2015 04:23:37 UTC: ERROR(12536) [put.cc:191] [execute] - Not connected to cluster to put record
Jul 27 2015 04:23:37 UTC: ERROR(12536) [put.cc:191] [execute] - Not connected to cluster to put record
Jul 27 2015 04:23:37 UTC: ERROR(12536) [put.cc:191] [execute] - Not connected to cluster to put record
Jul 27 2015 04:23:37 UTC: ERROR(12536) [put.cc:191] [execute] - Not connected to cluster to put record
Jul 27 2015 04:23:37 UTC: ERROR(12536) [put.cc:191] [execute] - Not connected to cluster to put record
Jul 27 2015 04:23:37 UTC: ERROR(12536) [put.cc:191] [execute] - Not connected to cluster to put record
Jul 27 2015 04:23:37 UTC: ERROR(12536) [put.cc:191] [execute] - Not connected to cluster to put record
Jul 27 2015 04:23:37 UTC: ERROR(12536) [put.cc:191] [execute] - Not connected to cluster to put record
Jul 27 2015 04:23:37 UTC: ERROR(12536) [put.cc:191] [execute] - Not connected to cluster to put record
Jul 27 2015 04:23:37 UTC: ERROR(12536) [put.cc:191] [execute] - Not connected to cluster to put record
Jul 27 2015 04:23:37 UTC: ERROR(12536) [put.cc:191] [execute] - Not connected to cluster to put record
Jul 27 2015 04:23:37 UTC: ERROR(12536) [put.cc:191] [execute] - Not connected to cluster to put record
Jul 27 2015 04:23:37 UTC: ERROR(12536) [put.cc:191] [execute] - Not connected to cluster to put record
Jul 27 2015 04:23:37 UTC: ERROR(12536) [put.cc:191] [execute] - Not connected to cluster to put record
Jul 27 2015 04:23:37 UTC: ERROR(12536) [put.cc:191] [execute] - Not connected to cluster to put record
Jul 27 2015 04:23:37 UTC: ERROR(12536) [put.cc:191] [execute] - Not connected to cluster to put record
Jul 27 2015 04:23:37 UTC: ERROR(12536) [put.cc:191] [execute] - Not connected to cluster to put record
Jul 27 2015 04:23:37 UTC: ERROR(12536) [put.cc:191] [execute] - Not connected to cluster to put record
Jul 27 2015 04:23:37 UTC: ERROR(12536) [put.cc:191] [execute] - Not connected to cluster to put record
Jul 27 2015 04:23:37 UTC: ERROR(12536) [put.cc:191] [execute] - Not connected to cluster to put record
Jul 27 2015 04:23:37 UTC: ERROR(12536) [put.cc:191] [execute] - Not connected to cluster to put record
Jul 27 2015 04:23:37 UTC: ERROR(12536) [put.cc:191] [execute] - Not connected to cluster to put record
Jul 27 2015 04:23:37 UTC: ERROR(12536) [put.cc:191] [execute] - Not connected to cluster to put record
Jul 27 2015 04:23:37 UTC: ERROR(12536) [put.cc:191] [execute] - Not connected to cluster to put record
Jul 27 2015 04:23:37 UTC: ERROR(12536) [put.cc:191] [execute] - Not connected to cluster to put record
Jul 27 2015 04:23:37 UTC: ERROR(12536) [put.cc:191] [execute] - Not connected to cluster to put record
Jul 27 2015 04:23:37 UTC: ERROR(12536) [put.cc:191] [execute] - Not connected to cluster to put record
Jul 27 2015 04:23:37 UTC: ERROR(12536) [put.cc:191] [execute] - Not connected to cluster to put record
Jul 27 2015 04:23:37 UTC: ERROR(12536) [put.cc:191] [execute] - Not connected to cluster to put record
Jul 27 2015 04:23:37 UTC: ERROR(12536) [put.cc:191] [execute] - Not connected to cluster to put record
Jul 27 2015 04:23:37 UTC: ERROR(12536) [put.cc:191] [execute] - Not connected to cluster to put record
Jul 27 2015 04:23:37 UTC: ERROR(12536) [put.cc:191] [execute] - Not connected to cluster to put record
Jul 27 2015 04:23:37 UTC: ERROR(12536) [put.cc:191] [execute] - Not connected to cluster to put record
Jul 27 2015 04:23:37 UTC: ERROR(12536) [put.cc:191] [execute] - Not connected to cluster to put record
Jul 27 2015 04:23:37 UTC: ERROR(12536) [put.cc:191] [execute] - Not connected to cluster to put record
Jul 27 2015 04:23:37 UTC: ERROR(12536) [put.cc:191] [execute] - Not connected to cluster to put record
Jul 27 2015 04:23:37 UTC: ERROR(12536) [put.cc:191] [execute] - Not connected to cluster to put record
Jul 27 2015 04:23:37 UTC: ERROR(12536) [put.cc:191] [execute] - Not connected to cluster to put record
Jul 27 2015 04:23:37 UTC: ERROR(12536) [put.cc:191] [execute] - Not connected to cluster to put record
Jul 27 2015 04:23:37 UTC: ERROR(12536) [put.cc:191] [execute] - Not connected to cluster to put record
Jul 27 2015 04:23:37 UTC: ERROR(12536) [put.cc:191] [execute] - Not connected to cluster to put record
Jul 27 2015 04:23:37 UTC: ERROR(12536) [put.cc:191] [execute] - Not connected to cluster to put record
Jul 27 2015 04:23:37 UTC: ERROR(12536) [put.cc:191] [execute] - Not connected to cluster to put record
Jul 27 2015 04:23:37 UTC: ERROR(12536) [put.cc:191] [execute] - Not connected to cluster to put record
Jul 27 2015 04:23:37 UTC: ERROR(12536) [put.cc:191] [execute] - Not connected to cluster to put record
Jul 27 2015 04:23:37 UTC: ERROR(12536) [put.cc:191] [execute] - Not connected to cluster to put record
Jul 27 2015 04:23:37 UTC: ERROR(12536) [put.cc:191] [execute] - Not connected to cluster to put record
Jul 27 2015 04:23:37 UTC: ERROR(12536) [put.cc:191] [execute] - Not connected to cluster to put record
Jul 27 2015 04:23:37 UTC: ERROR(12536) [put.cc:191] [execute] - Not connected to cluster to put record
Jul 27 2015 04:23:37 UTC: ERROR(12536) [put.cc:191] [execute] - Not connected to cluster to put record
Jul 27 2015 04:23:37 UTC: ERROR(12536) [put.cc:191] [execute] - Not connected to cluster to put record
Jul 27 2015 04:23:37 UTC: ERROR(12536) [put.cc:191] [execute] - Not connected to cluster to put record
Jul 27 2015 04:23:37 UTC: ERROR(12536) [put.cc:191] [execute] - Not connected to cluster to put record
Jul 27 2015 04:23:37 UTC: ERROR(12536) [put.cc:191] [execute] - Not connected to cluster to put record
Jul 27 2015 04:23:37 UTC: ERROR(12536) [put.cc:191] [execute] - Not connected to cluster to put record
Jul 27 2015 04:23:37 UTC: ERROR(12536) [put.cc:191] [execute] - Not connected to cluster to put record
Jul 27 2015 04:23:37 UTC: ERROR(12536) [put.cc:191] [execute] - Not connected to cluster to put record
Jul 27 2015 04:23:37 UTC: ERROR(12536) [put.cc:191] [execute] - Not connected to cluster to put record
Jul 27 2015 04:23:37 UTC: ERROR(12536) [put.cc:191] [execute] - Not connected to cluster to put record
Jul 27 2015 04:23:37 UTC: ERROR(12536) [put.cc:191] [execute] - Not connected to cluster to put record
Jul 27 2015 04:23:37 UTC: ERROR(12536) [put.cc:191] [execute] - Not connected to cluster to put record
Jul 27 2015 04:23:37 UTC: ERROR(12536) [put.cc:191] [execute] - Not connected to cluster to put record
Jul 27 2015 04:23:37 UTC: ERROR(12536) [put.cc:191] [execute] - Not connected to cluster to put record
Jul 27 2015 04:23:37 UTC: ERROR(12536) [put.cc:191] [execute] - Not connected to cluster to put record
Jul 27 2015 04:23:37 UTC: ERROR(12536) [put.cc:191] [execute] - Not connected to cluster to put record
Jul 27 2015 04:23:37 UTC: ERROR(12536) [put.cc:191] [execute] - Not connected to cluster to put record
Jul 27 2015 04:23:37 UTC: ERROR(12536) [put.cc:191] [execute] - Not connected to cluster to put record
Jul 27 2015 04:23:37 UTC: ERROR(12536) [put.cc:191] [execute] - Not connected to cluster to put record
Jul 27 2015 04:23:37 UTC: ERROR(12536) [put.cc:191] [execute] - Not connected to cluster to put record
Jul 27 2015 04:23:37 UTC: ERROR(12536) [put.cc:191] [execute] - Not connected to cluster to put record
Jul 27 2015 04:23:37 UTC: ERROR(12536) [put.cc:191] [execute] - Not connected to cluster to put record
Jul 27 2015 04:23:37 UTC: ERROR(12536) [put.cc:191] [execute] - Not connected to cluster to put record
Jul 27 2015 04:23:37 UTC: ERROR(12536) [put.cc:191] [execute] - Not connected to cluster to put record
Jul 27 2015 04:23:37 UTC: ERROR(12536) [put.cc:191] [execute] - Not connected to cluster to put record
Jul 27 2015 04:23:37 UTC: ERROR(12536) [put.cc:191] [execute] - Not connected to cluster to put record
Jul 27 2015 04:23:37 UTC: ERROR(12536) [put.cc:191] [execute] - Not connected to cluster to put record
Jul 27 2015 04:23:37 UTC: ERROR(12536) [put.cc:191] [execute] - Not connected to cluster to put record
Jul 27 2015 04:23:37 UTC: ERROR(12536) [put.cc:191] [execute] - Not connected to cluster to put record
Jul 27 2015 04:23:37 UTC: ERROR(12536) [put.cc:191] [execute] - Not connected to cluster to put record
Jul 27 2015 04:23:37 UTC: ERROR(12536) [put.cc:191] [execute] - Not connected to cluster to put record
Jul 27 2015 04:23:37 UTC: ERROR(12536) [put.cc:191] [execute] - Not connected to cluster to put record
Jul 27 2015 04:23:37 UTC: ERROR(12536) [put.cc:191] [execute] - Not connected to cluster to put record
Jul 27 2015 04:23:37 UTC: ERROR(12536) [put.cc:191] [execute] - Not connected to cluster to put record
Jul 27 2015 04:23:37 UTC: ERROR(12536) [put.cc:191] [execute] - Not connected to cluster to put record
Jul 27 2015 04:23:37 UTC: ERROR(12536) [put.cc:191] [execute] - Not connected to cluster to put record
Jul 27 2015 04:23:37 UTC: ERROR(12536) [put.cc:191] [execute] - Not connected to cluster to put record
Jul 27 2015 04:23:37 UTC: ERROR(12536) [put.cc:191] [execute] - Not connected to cluster to put record
Jul 27 2015 04:23:37 UTC: ERROR(12536) [put.cc:191] [execute] - Not connected to cluster to put record
Jul 27 2015 04:23:37 UTC: ERROR(12536) [put.cc:191] [execute] - Not connected to cluster to put record
Jul 27 2015 04:23:37 UTC: ERROR(12536) [put.cc:191] [execute] - Not connected to cluster to put record
Jul 27 2015 04:23:37 UTC: ERROR(12536) [put.cc:191] [execute] - Not connected to cluster to put record
Jul 27 2015 04:23:37 UTC: ERROR(12536) [put.cc:191] [execute] - Not connected to cluster to put record
Jul 27 2015 04:23:37 UTC: ERROR(12536) [put.cc:191] [execute] - Not connected to cluster to put record
Jul 27 2015 04:23:37 UTC: ERROR(12536) [put.cc:191] [execute] - Not connected to cluster to put record
Jul 27 2015 04:23:37 UTC: ERROR(12536) [put.cc:191] [execute] - Not connected to cluster to put record
Jul 27 2015 04:23:37 UTC: ERROR(12536) [put.cc:191] [execute] - Not connected to cluster to put record
Jul 27 2015 04:23:37 UTC: ERROR(12536) [put.cc:191] [execute] - Not connected to cluster to put record
Jul 27 2015 04:23:37 UTC: ERROR(12536) [put.cc:191] [execute] - Not connected to cluster to put record
Jul 27 2015 04:23:37 UTC: ERROR(12536) [put.cc:191] [execute] - Not connected to cluster to put record
Jul 27 2015 04:23:37 UTC: ERROR(12536) [put.cc:191] [execute] - Not connected to cluster to put record
Jul 27 2015 04:23:37 UTC: ERROR(12536) [put.cc:191] [execute] - Not connected to cluster to put record
Jul 27 2015 04:23:37 UTC: ERROR(12536) [put.cc:191] [execute] - Not connected to cluster to put record
Jul 27 2015 04:23:37 UTC: ERROR(12536) [put.cc:191] [execute] - Not connected to cluster to put record
Jul 27 2015 04:23:37 UTC: ERROR(12536) [put.cc:191] [execute] - Not connected to cluster to put record
Jul 27 2015 04:23:37 UTC: ERROR(12536) [put.cc:191] [execute] - Not connected to cluster to put record
Jul 27 2015 04:23:37 UTC: ERROR(12536) [put.cc:191] [execute] - Not connected to cluster to put record
Jul 27 2015 04:23:37 UTC: ERROR(12536) [put.cc:191] [execute] - Not connected to cluster to put record
Jul 27 2015 04:23:37 UTC: ERROR(12536) [put.cc:191] [execute] - Not connected to cluster to put record
Jul 27 2015 04:23:37 UTC: ERROR(12536) [put.cc:191] [execute] - Not connected to cluster to put record
Jul 27 2015 04:23:37 UTC: ERROR(12536) [put.cc:191] [execute] - Not connected to cluster to put record
Jul 27 2015 04:23:37 UTC: ERROR(12536) [put.cc:191] [execute] - Not connected to cluster to put record
Jul 27 2015 04:23:37 UTC: ERROR(12536) [put.cc:191] [execute] - Not connected to cluster to put record
Jul 27 2015 04:23:37 UTC: ERROR(12536) [put.cc:191] [execute] - Not connected to cluster to put record
Jul 27 2015 04:23:37 UTC: ERROR(12536) [put.cc:191] [execute] - Not connected to cluster to put record
Jul 27 2015 04:23:37 UTC: ERROR(12536) [put.cc:191] [execute] - Not connected to cluster to put record
Jul 27 2015 04:23:37 UTC: ERROR(12536) [put.cc:191] [execute] - Not connected to cluster to put record
Jul 27 2015 04:23:37 UTC: ERROR(12536) [put.cc:191] [execute] - Not connected to cluster to put record
Jul 27 2015 04:23:37 UTC: ERROR(12536) [put.cc:191] [execute] - Not connected to cluster to put record
Jul 27 2015 04:23:37 UTC: ERROR(12536) [put.cc:191] [execute] - Not connected to cluster to put record
Jul 27 2015 04:23:37 UTC: ERROR(12536) [put.cc:191] [execute] - Not connected to cluster to put record
Jul 27 2015 04:23:37 UTC: ERROR(12536) [put.cc:191] [execute] - Not connected to cluster to put record
Jul 27 2015 04:23:37 UTC: ERROR(12536) [put.cc:191] [execute] - Not connected to cluster to put record
Jul 27 2015 04:23:37 UTC: ERROR(12536) [put.cc:191] [execute] - Not connected to cluster to put record
Jul 27 2015 04:23:37 UTC: ERROR(12536) [put.cc:191] [execute] - Not connected to cluster to put record
Jul 27 2015 04:23:37 UTC: ERROR(12536) [put.cc:191] [execute] - Not connected to cluster to put record
Jul 27 2015 04:23:37 UTC: ERROR(12536) [put.cc:191] [execute] - Not connected to cluster to put record
Jul 27 2015 04:23:37 UTC: ERROR(12536) [put.cc:191] [execute] - Not connected to cluster to put record
Jul 27 2015 04:23:37 UTC: ERROR(12536) [put.cc:191] [execute] - Not connected to cluster to put record
Jul 27 2015 04:23:37 UTC: ERROR(12536) [put.cc:191] [execute] - Not connected to cluster to put record
Jul 27 2015 04:23:37 UTC: ERROR(12536) [put.cc:191] [execute] - Not connected to cluster to put record
Jul 27 2015 04:23:37 UTC: ERROR(12536) [put.cc:191] [execute] - Not connected to cluster to put record
Jul 27 2015 04:23:37 UTC: ERROR(12536) [put.cc:191] [execute] - Not connected to cluster to put record
Jul 27 2015 04:23:37 UTC: ERROR(12536) [put.cc:191] [execute] - Not connected to cluster to put record
Jul 27 2015 04:23:37 UTC: ERROR(12536) [put.cc:191] [execute] - Not connected to cluster to put record
Jul 27 2015 04:23:37 UTC: ERROR(12536) [put.cc:191] [execute] - Not connected to cluster to put record
Jul 27 2015 04:23:37 UTC: ERROR(12536) [put.cc:191] [execute] - Not connected to cluster to put record
Jul 27 2015 04:23:37 UTC: ERROR(12536) [put.cc:191] [execute] - Not connected to cluster to put record
Jul 27 2015 04:23:37 UTC: ERROR(12536) [put.cc:191] [execute] - Not connected to cluster to put record
Jul 27 2015 04:23:37 UTC: ERROR(12536) [put.cc:191] [execute] - Not connected to cluster to put record
Jul 27 2015 04:23:37 UTC: ERROR(12536) [put.cc:191] [execute] - Not connected to cluster to put record
Jul 27 2015 04:23:37 UTC: ERROR(12536) [put.cc:191] [execute] - Not connected to cluster to put record
Jul 27 2015 04:23:37 UTC: ERROR(12536) [put.cc:191] [execute] - Not connected to cluster to put record
Jul 27 2015 04:23:37 UTC: ERROR(12536) [put.cc:191] [execute] - Not connected to cluster to put record
Jul 27 2015 04:23:37 UTC: ERROR(12536) [put.cc:191] [execute] - Not connected to cluster to put record
Jul 27 2015 04:23:37 UTC: ERROR(12536) [put.cc:191] [execute] - Not connected to cluster to put record
Jul 27 2015 04:23:37 UTC: ERROR(12536) [put.cc:191] [execute] - Not connected to cluster to put record
Jul 27 2015 04:23:37 UTC: ERROR(12536) [put.cc:191] [execute] - Not connected to cluster to put record
Jul 27 2015 04:23:37 UTC: ERROR(12536) [put.cc:191] [execute] - Not connected to cluster to put record
Jul 27 2015 04:23:37 UTC: ERROR(12536) [put.cc:191] [execute] - Not connected to cluster to put record
Jul 27 2015 04:23:37 UTC: ERROR(12536) [put.cc:191] [execute] - Not connected to cluster to put record
Jul 27 2015 04:23:37 UTC: ERROR(12536) [put.cc:191] [execute] - Not connected to cluster to put record
Jul 27 2015 04:23:37 UTC: ERROR(12536) [put.cc:191] [execute] - Not connected to cluster to put record
Jul 27 2015 04:23:37 UTC: ERROR(12536) [put.cc:191] [execute] - Not connected to cluster to put record
Jul 27 2015 04:23:37 UTC: ERROR(12536) [put.cc:191] [execute] - Not connected to cluster to put record
Jul 27 2015 04:23:37 UTC: ERROR(12536) [put.cc:191] [execute] - Not connected to cluster to put record
Jul 27 2015 04:23:37 UTC: ERROR(12536) [put.cc:191] [execute] - Not connected to cluster to put record
Jul 27 2015 04:23:37 UTC: ERROR(12536) [put.cc:191] [execute] - Not connected to cluster to put record
Jul 27 2015 04:23:37 UTC: ERROR(12536) [put.cc:191] [execute] - Not connected to cluster to put record
Jul 27 2015 04:23:37 UTC: ERROR(12536) [put.cc:191] [execute] - Not connected to cluster to put record
Jul 27 2015 04:23:37 UTC: ERROR(12536) [put.cc:191] [execute] - Not connected to cluster to put record
Jul 27 2015 04:23:37 UTC: ERROR(12536) [put.cc:191] [execute] - Not connected to cluster to put record
Jul 27 2015 04:23:37 UTC: ERROR(12536) [put.cc:191] [execute] - Not connected to cluster to put record
Jul 27 2015 04:23:37 UTC: ERROR(12536) [put.cc:191] [execute] - Not connected to cluster to put record
Jul 27 2015 04:23:37 UTC: ERROR(12536) [put.cc:191] [execute] - Not connected to cluster to put record
Jul 27 2015 04:23:37 UTC: ERROR(12536) [put.cc:191] [execute] - Not connected to cluster to put record
Jul 27 2015 04:23:37 UTC: ERROR(12536) [put.cc:191] [execute] - Not connected to cluster to put record
Jul 27 2015 04:23:37 UTC: ERROR(12536) [put.cc:191] [execute] - Not connected to cluster to put record
Jul 27 2015 04:23:37 UTC: ERROR(12536) [put.cc:191] [execute] - Not connected to cluster to put record
Jul 27 2015 04:23:37 UTC: ERROR(12536) [put.cc:191] [execute] - Not connected to cluster to put record
Jul 27 2015 04:23:37 UTC: ERROR(12536) [put.cc:191] [execute] - Not connected to cluster to put record
Jul 27 2015 04:23:37 UTC: ERROR(12536) [put.cc:191] [execute] - Not connected to cluster to put record
Jul 27 2015 04:23:37 UTC: ERROR(12536) [put.cc:191] [execute] - Not connected to cluster to put record
Jul 27 2015 04:23:37 UTC: ERROR(12536) [put.cc:191] [execute] - Not connected to cluster to put record
Jul 27 2015 04:23:37 UTC: ERROR(12536) [put.cc:191] [execute] - Not connected to cluster to put record
Jul 27 2015 04:23:37 UTC: ERROR(12536) [put.cc:191] [execute] - Not connected to cluster to put record
Jul 27 2015 04:23:37 UTC: ERROR(12536) [put.cc:191] [execute] - Not connected to cluster to put record
Jul 27 2015 04:23:37 UTC: ERROR(12536) [put.cc:191] [execute] - Not connected to cluster to put record
Jul 27 2015 04:23:37 UTC: ERROR(12536) [put.cc:191] [execute] - Not connected to cluster to put record
Jul 27 2015 04:23:37 UTC: ERROR(12536) [put.cc:191] [execute] - Not connected to cluster to put record
Jul 27 2015 04:23:37 UTC: ERROR(12536) [put.cc:191] [execute] - Not connected to cluster to put record
Jul 27 2015 04:23:37 UTC: ERROR(12536) [put.cc:191] [execute] - Not connected to cluster to put record
Jul 27 2015 04:23:37 UTC: ERROR(12536) [put.cc:191] [execute] - Not connected to cluster to put record
Jul 27 2015 04:23:37 UTC: ERROR(12536) [put.cc:191] [execute] - Not connected to cluster to put record
Jul 27 2015 04:23:37 UTC: ERROR(12536) [put.cc:191] [execute] - Not connected to cluster to put record
Jul 27 2015 04:23:37 UTC: ERROR(12536) [put.cc:191] [execute] - Not connected to cluster to put record
Jul 27 2015 04:23:37 UTC: ERROR(12536) [put.cc:191] [execute] - Not connected to cluster to put record
Jul 27 2015 04:23:37 UTC: ERROR(12536) [put.cc:191] [execute] - Not connected to cluster to put record
Jul 27 2015 04:23:37 UTC: ERROR(12536) [put.cc:191] [execute] - Not connected to cluster to put record
Jul 27 2015 04:23:37 UTC: ERROR(12536) [put.cc:191] [execute] - Not connected to cluster to put record
Jul 27 2015 04:23:37 UTC: ERROR(12536) [put.cc:191] [execute] - Not connected to cluster to put record
Jul 27 2015 04:23:37 UTC: ERROR(12536) [put.cc:191] [execute] - Not connected to cluster to put record
Jul 27 2015 04:23:37 UTC: ERROR(12536) [put.cc:191] [execute] - Not connected to cluster to put record
Jul 27 2015 04:23:37 UTC: ERROR(12536) [put.cc:191] [execute] - Not connected to cluster to put record
Jul 27 2015 04:23:37 UTC: ERROR(12536) [put.cc:191] [execute] - Not connected to cluster to put record
Jul 27 2015 04:23:37 UTC: ERROR(12536) [put.cc:191] [execute] - Not connected to cluster to put record
Jul 27 2015 04:23:37 UTC: ERROR(12536) [put.cc:191] [execute] - Not connected to cluster to put record
Jul 27 2015 04:23:37 UTC: ERROR(12536) [put.cc:191] [execute] - Not connected to cluster to put record
Jul 27 2015 04:23:37 UTC: ERROR(12536) [put.cc:191] [execute] - Not connected to cluster to put record
Jul 27 2015 04:23:37 UTC: ERROR(12536) [put.cc:191] [execute] - Not connected to cluster to put record
Jul 27 2015 04:23:37 UTC: ERROR(12536) [put.cc:191] [execute] - Not connected to cluster to put record
Jul 27 2015 04:23:37 UTC: ERROR(12536) [put.cc:191] [execute] - Not connected to cluster to put record
Jul 27 2015 04:23:37 UTC: ERROR(12536) [put.cc:191] [execute] - Not connected to cluster to put record
Jul 27 2015 04:23:37 UTC: ERROR(12536) [put.cc:191] [execute] - Not connected to cluster to put record
Jul 27 2015 04:23:37 UTC: ERROR(12536) [put.cc:191] [execute] - Not connected to cluster to put record
Jul 27 2015 04:23:37 UTC: ERROR(12536) [put.cc:191] [execute] - Not connected to cluster to put record
Jul 27 2015 04:23:37 UTC: ERROR(12536) [put.cc:191] [execute] - Not connected to cluster to put record
Jul 27 2015 04:23:37 UTC: ERROR(12536) [put.cc:191] [execute] - Not connected to cluster to put record
Jul 27 2015 04:23:37 UTC: ERROR(12536) [put.cc:191] [execute] - Not connected to cluster to put record
Jul 27 2015 04:23:37 UTC: ERROR(12536) [put.cc:191] [execute] - Not connected to cluster to put record
Jul 27 2015 04:23:37 UTC: ERROR(12536) [put.cc:191] [execute] - Not connected to cluster to put record
Jul 27 2015 04:23:37 UTC: ERROR(12536) [put.cc:191] [execute] - Not connected to cluster to put record
Jul 27 2015 04:23:37 UTC: ERROR(12536) [put.cc:191] [execute] - Not connected to cluster to put record
Jul 27 2015 04:23:37 UTC: ERROR(12536) [put.cc:191] [execute] - Not connected to cluster to put record
Jul 27 2015 04:23:37 UTC: ERROR(12536) [put.cc:191] [execute] - Not connected to cluster to put record
Jul 27 2015 04:23:37 UTC: ERROR(12536) [put.cc:191] [execute] - Not connected to cluster to put record
Jul 27 2015 04:23:37 UTC: ERROR(12536) [put.cc:191] [execute] - Not connected to cluster to put record
Jul 27 2015 04:23:37 UTC: ERROR(12536) [put.cc:191] [execute] - Not connected to cluster to put record
Jul 27 2015 04:23:37 UTC: ERROR(12536) [put.cc:191] [execute] - Not connected to cluster to put record
Jul 27 2015 04:23:37 UTC: ERROR(12536) [put.cc:191] [execute] - Not connected to cluster to put record
Jul 27 2015 04:23:37 UTC: ERROR(12536) [put.cc:191] [execute] - Not connected to cluster to put record
Jul 27 2015 04:23:37 UTC: ERROR(12536) [put.cc:191] [execute] - Not connected to cluster to put record
Jul 27 2015 04:23:37 UTC: ERROR(12536) [put.cc:191] [execute] - Not connected to cluster to put record
Jul 27 2015 04:23:37 UTC: ERROR(12536) [put.cc:191] [execute] - Not connected to cluster to put record
Jul 27 2015 04:23:37 UTC: ERROR(12536) [put.cc:191] [execute] - Not connected to cluster to put record
Jul 27 2015 04:23:37 UTC: ERROR(12536) [put.cc:191] [execute] - Not connected to cluster to put record
Jul 27 2015 04:23:37 UTC: ERROR(12536) [put.cc:191] [execute] - Not connected to cluster to put record
Jul 27 2015 04:23:37 UTC: ERROR(12536) [put.cc:191] [execute] - Not connected to cluster to put record
Jul 27 2015 04:23:37 UTC: ERROR(12536) [put.cc:191] [execute] - Not connected to cluster to put record
Jul 27 2015 04:23:37 UTC: ERROR(12536) [put.cc:191] [execute] - Not connected to cluster to put record
Jul 27 2015 04:23:37 UTC: ERROR(12536) [put.cc:191] [execute] - Not connected to cluster to put record
Jul 27 2015 04:23:37 UTC: ERROR(12536) [put.cc:191] [execute] - Not connected to cluster to put record
Jul 27 2015 04:23:37 UTC: ERROR(12536) [put.cc:191] [execute] - Not connected to cluster to put record
Jul 27 2015 04:23:37 UTC: ERROR(12536) [put.cc:191] [execute] - Not connected to cluster to put record
Jul 27 2015 04:23:37 UTC: ERROR(12536) [put.cc:191] [execute] - Not connected to cluster to put record
Jul 27 2015 04:23:37 UTC: ERROR(12536) [put.cc:191] [execute] - Not connected to cluster to put record
Jul 27 2015 04:23:37 UTC: ERROR(12536) [put.cc:191] [execute] - Not connected to cluster to put record
Jul 27 2015 04:23:37 UTC: ERROR(12536) [put.cc:191] [execute] - Not connected to cluster to put record
Jul 27 2015 04:23:37 UTC: ERROR(12536) [put.cc:191] [execute] - Not connected to cluster to put record
Jul 27 2015 04:23:37 UTC: ERROR(12536) [put.cc:191] [execute] - Not connected to cluster to put record
Jul 27 2015 04:23:37 UTC: ERROR(12536) [put.cc:191] [execute] - Not connected to cluster to put record
Jul 27 2015 04:23:37 UTC: ERROR(12536) [put.cc:191] [execute] - Not connected to cluster to put record
Jul 27 2015 04:23:37 UTC: ERROR(12536) [put.cc:191] [execute] - Not connected to cluster to put record
Jul 27 2015 04:23:37 UTC: ERROR(12536) [put.cc:191] [execute] - Not connected to cluster to put record
Jul 27 2015 04:23:37 UTC: ERROR(12536) [put.cc:191] [execute] - Not connected to cluster to put record
Jul 27 2015 04:23:37 UTC: ERROR(12536) [put.cc:191] [execute] - Not connected to cluster to put record
Jul 27 2015 04:23:37 UTC: ERROR(12536) [put.cc:191] [execute] - Not connected to cluster to put record
Jul 27 2015 04:23:37 UTC: ERROR(12536) [put.cc:191] [execute] - Not connected to cluster to put record
Jul 27 2015 04:23:37 UTC: ERROR(12536) [put.cc:191] [execute] - Not connected to cluster to put record
Jul 27 2015 04:23:37 UTC: ERROR(12536) [put.cc:191] [execute] - Not connected to cluster to put record
Jul 27 2015 04:23:37 UTC: ERROR(12536) [put.cc:191] [execute] - Not connected to cluster to put record
Jul 27 2015 04:23:37 UTC: ERROR(12536) [put.cc:191] [execute] - Not connected to cluster to put record
Jul 27 2015 04:23:37 UTC: ERROR(12536) [put.cc:191] [execute] - Not connected to cluster to put record
Jul 27 2015 04:23:37 UTC: ERROR(12536) [put.cc:191] [execute] - Not connected to cluster to put record
Jul 27 2015 04:23:37 UTC: ERROR(12536) [put.cc:191] [execute] - Not connected to cluster to put record
Jul 27 2015 04:23:37 UTC: ERROR(12536) [put.cc:191] [execute] - Not connected to cluster to put record
Jul 27 2015 04:23:37 UTC: ERROR(12536) [put.cc:191] [execute] - Not connected to cluster to put record
Jul 27 2015 04:23:37 UTC: ERROR(12536) [put.cc:191] [execute] - Not connected to cluster to put record
Jul 27 2015 04:23:37 UTC: ERROR(12536) [put.cc:191] [execute] - Not connected to cluster to put record
Jul 27 2015 04:23:37 UTC: ERROR(12536) [put.cc:191] [execute] - Not connected to cluster to put record
Jul 27 2015 04:23:37 UTC: ERROR(12536) [put.cc:191] [execute] - Not connected to cluster to put record
Jul 27 2015 04:23:37 UTC: ERROR(12536) [put.cc:191] [execute] - Not connected to cluster to put record
Jul 27 2015 04:23:37 UTC: ERROR(12536) [put.cc:191] [execute] - Not connected to cluster to put record
Jul 27 2015 04:23:37 UTC: ERROR(12536) [put.cc:191] [execute] - Not connected to cluster to put record
Jul 27 2015 04:23:37 UTC: ERROR(12536) [put.cc:191] [execute] - Not connected to cluster to put record
Jul 27 2015 04:23:37 UTC: ERROR(12536) [put.cc:191] [execute] - Not connected to cluster to put record
Jul 27 2015 04:23:37 UTC: ERROR(12536) [put.cc:191] [execute] - Not connected to cluster to put record
Jul 27 2015 04:23:37 UTC: ERROR(12536) [put.cc:191] [execute] - Not connected to cluster to put record
Jul 27 2015 04:23:37 UTC: ERROR(12536) [put.cc:191] [execute] - Not connected to cluster to put record
Jul 27 2015 04:23:37 UTC: ERROR(12536) [put.cc:191] [execute] - Not connected to cluster to put record
Jul 27 2015 04:23:37 UTC: ERROR(12536) [put.cc:191] [execute] - Not connected to cluster to put record
Jul 27 2015 04:23:37 UTC: ERROR(12536) [put.cc:191] [execute] - Not connected to cluster to put record
Jul 27 2015 04:23:37 UTC: ERROR(12536) [put.cc:191] [execute] - Not connected to cluster to put record
Jul 27 2015 04:23:37 UTC: ERROR(12536) [put.cc:191] [execute] - Not connected to cluster to put record
Jul 27 2015 04:23:37 UTC: ERROR(12536) [put.cc:191] [execute] - Not connected to cluster to put record
Jul 27 2015 04:23:37 UTC: ERROR(12536) [put.cc:191] [execute] - Not connected to cluster to put record
Jul 27 2015 04:23:37 UTC: ERROR(12536) [put.cc:191] [execute] - Not connected to cluster to put record
Jul 27 2015 04:23:37 UTC: ERROR(12536) [put.cc:191] [execute] - Not connected to cluster to put record
Jul 27 2015 04:23:37 UTC: ERROR(12536) [put.cc:191] [execute] - Not connected to cluster to put record
Jul 27 2015 04:23:37 UTC: ERROR(12536) [put.cc:191] [execute] - Not connected to cluster to put record
Jul 27 2015 04:23:37 UTC: ERROR(12536) [put.cc:191] [execute] - Not connected to cluster to put record
Jul 27 2015 04:23:37 UTC: ERROR(12536) [put.cc:191] [execute] - Not connected to cluster to put record
Jul 27 2015 04:23:37 UTC: ERROR(12536) [put.cc:191] [execute] - Not connected to cluster to put record
Jul 27 2015 04:23:37 UTC: ERROR(12536) [put.cc:191] [execute] - Not connected to cluster to put record
Jul 27 2015 04:23:37 UTC: ERROR(12536) [put.cc:191] [execute] - Not connected to cluster to put record
Jul 27 2015 04:23:37 UTC: ERROR(12536) [put.cc:191] [execute] - Not connected to cluster to put record
Jul 27 2015 04:23:37 UTC: ERROR(12536) [put.cc:191] [execute] - Not connected to cluster to put record
Jul 27 2015 04:23:37 UTC: ERROR(12536) [put.cc:191] [execute] - Not connected to cluster to put record
Jul 27 2015 04:23:37 UTC: ERROR(12536) [put.cc:191] [execute] - Not connected to cluster to put record
Jul 27 2015 04:23:37 UTC: ERROR(12536) [put.cc:191] [execute] - Not connected to cluster to put record
Jul 27 2015 04:23:37 UTC: ERROR(12536) [put.cc:191] [execute] - Not connected to cluster to put record
Jul 27 2015 04:23:37 UTC: ERROR(12536) [put.cc:191] [execute] - Not connected to cluster to put record
Jul 27 2015 04:23:37 UTC: ERROR(12536) [put.cc:191] [execute] - Not connected to cluster to put record
Jul 27 2015 04:23:37 UTC: ERROR(12536) [put.cc:191] [execute] - Not connected to cluster to put record
Jul 27 2015 04:23:37 UTC: ERROR(12536) [put.cc:191] [execute] - Not connected to cluster to put record
Jul 27 2015 04:23:37 UTC: ERROR(12536) [put.cc:191] [execute] - Not connected to cluster to put record
Jul 27 2015 04:23:37 UTC: ERROR(12536) [put.cc:191] [execute] - Not connected to cluster to put record
Jul 27 2015 04:23:37 UTC: ERROR(12536) [put.cc:191] [execute] - Not connected to cluster to put record
Jul 27 2015 04:23:37 UTC: ERROR(12536) [put.cc:191] [execute] - Not connected to cluster to put record
Jul 27 2015 04:23:37 UTC: ERROR(12536) [put.cc:191] [execute] - Not connected to cluster to put record
Jul 27 2015 04:23:37 UTC: ERROR(12536) [put.cc:191] [execute] - Not connected to cluster to put record
Jul 27 2015 04:23:37 UTC: ERROR(12536) [put.cc:191] [execute] - Not connected to cluster to put record
Jul 27 2015 04:23:37 UTC: ERROR(12536) [put.cc:191] [execute] - Not connected to cluster to put record
Jul 27 2015 04:23:37 UTC: ERROR(12536) [put.cc:191] [execute] - Not connected to cluster to put record
Jul 27 2015 04:23:37 UTC: ERROR(12536) [put.cc:191] [execute] - Not connected to cluster to put record
Jul 27 2015 04:23:37 UTC: ERROR(12536) [put.cc:191] [execute] - Not connected to cluster to put record
Jul 27 2015 04:23:37 UTC: ERROR(12536) [put.cc:191] [execute] - Not connected to cluster to put record
Jul 27 2015 04:23:37 UTC: ERROR(12536) [put.cc:191] [execute] - Not connected to cluster to put record
Jul 27 2015 04:23:37 UTC: ERROR(12536) [put.cc:191] [execute] - Not connected to cluster to put record
Jul 27 2015 04:23:37 UTC: ERROR(12536) [put.cc:191] [execute] - Not connected to cluster to put record
Jul 27 2015 04:23:37 UTC: ERROR(12536) [put.cc:191] [execute] - Not connected to cluster to put record
Jul 27 2015 04:23:37 UTC: ERROR(12536) [put.cc:191] [execute] - Not connected to cluster to put record
Jul 27 2015 04:23:37 UTC: ERROR(12536) [put.cc:191] [execute] - Not connected to cluster to put record
Jul 27 2015 04:23:37 UTC: ERROR(12536) [put.cc:191] [execute] - Not connected to cluster to put record
Jul 27 2015 04:23:37 UTC: ERROR(12536) [put.cc:191] [execute] - Not connected to cluster to put record
Jul 27 2015 04:23:37 UTC: ERROR(12536) [put.cc:191] [execute] - Not connected to cluster to put record
Jul 27 2015 04:23:37 UTC: ERROR(12536) [put.cc:191] [execute] - Not connected to cluster to put record
Jul 27 2015 04:23:37 UTC: ERROR(12536) [put.cc:191] [execute] - Not connected to cluster to put record
Jul 27 2015 04:23:37 UTC: ERROR(12536) [put.cc:191] [execute] - Not connected to cluster to put record
Jul 27 2015 04:23:37 UTC: ERROR(12536) [put.cc:191] [execute] - Not connected to cluster to put record
Jul 27 2015 04:23:37 UTC: ERROR(12536) [put.cc:191] [execute] - Not connected to cluster to put record
Jul 27 2015 04:23:37 UTC: ERROR(12536) [put.cc:191] [execute] - Not connected to cluster to put record
Jul 27 2015 04:23:37 UTC: ERROR(12536) [put.cc:191] [execute] - Not connected to cluster to put record
Jul 27 2015 04:23:37 UTC: ERROR(12536) [put.cc:191] [execute] - Not connected to cluster to put record
Jul 27 2015 04:23:37 UTC: ERROR(12536) [put.cc:191] [execute] - Not connected to cluster to put record
Jul 27 2015 04:23:37 UTC: ERROR(12536) [put.cc:191] [execute] - Not connected to cluster to put record
Jul 27 2015 04:23:37 UTC: ERROR(12536) [put.cc:191] [execute] - Not connected to cluster to put record
Jul 27 2015 04:23:37 UTC: ERROR(12536) [put.cc:191] [execute] - Not connected to cluster to put record
Jul 27 2015 04:23:37 UTC: ERROR(12536) [put.cc:191] [execute] - Not connected to cluster to put record
Jul 27 2015 04:23:37 UTC: ERROR(12536) [put.cc:191] [execute] - Not connected to cluster to put record
Jul 27 2015 04:23:37 UTC: ERROR(12536) [put.cc:191] [execute] - Not connected to cluster to put record
Jul 27 2015 04:23:37 UTC: ERROR(12536) [put.cc:191] [execute] - Not connected to cluster to put record
Jul 27 2015 04:23:37 UTC: ERROR(12536) [put.cc:191] [execute] - Not connected to cluster to put record
Jul 27 2015 04:23:37 UTC: ERROR(12536) [put.cc:191] [execute] - Not connected to cluster to put record
Jul 27 2015 04:23:37 UTC: ERROR(12536) [put.cc:191] [execute] - Not connected to cluster to put record
Jul 27 2015 04:23:37 UTC: ERROR(12536) [put.cc:191] [execute] - Not connected to cluster to put record
Jul 27 2015 04:23:37 UTC: ERROR(12536) [put.cc:191] [execute] - Not connected to cluster to put record
Jul 27 2015 04:23:37 UTC: ERROR(12536) [put.cc:191] [execute] - Not connected to cluster to put record
Jul 27 2015 04:23:37 UTC: ERROR(12536) [put.cc:191] [execute] - Not connected to cluster to put record
Jul 27 2015 04:23:37 UTC: ERROR(12536) [put.cc:191] [execute] - Not connected to cluster to put record
Jul 27 2015 04:23:37 UTC: ERROR(12536) [put.cc:191] [execute] - Not connected to cluster to put record
Jul 27 2015 04:23:37 UTC: ERROR(12536) [put.cc:191] [execute] - Not connected to cluster to put record
Jul 27 2015 04:23:37 UTC: ERROR(12536) [put.cc:191] [execute] - Not connected to cluster to put record
Jul 27 2015 04:23:37 UTC: ERROR(12536) [put.cc:191] [execute] - Not connected to cluster to put record
Jul 27 2015 04:23:37 UTC: ERROR(12536) [put.cc:191] [execute] - Not connected to cluster to put record
Jul 27 2015 04:23:37 UTC: ERROR(12536) [put.cc:191] [execute] - Not connected to cluster to put record
Jul 27 2015 04:23:37 UTC: ERROR(12536) [put.cc:191] [execute] - Not connected to cluster to put record
Jul 27 2015 04:23:37 UTC: ERROR(12536) [put.cc:191] [execute] - Not connected to cluster to put record
Jul 27 2015 04:23:37 UTC: ERROR(12536) [put.cc:191] [execute] - Not connected to cluster to put record
Jul 27 2015 04:23:37 UTC: ERROR(12536) [put.cc:191] [execute] - Not connected to cluster to put record
Jul 27 2015 04:23:37 UTC: ERROR(12536) [put.cc:191] [execute] - Not connected to cluster to put record
Jul 27 2015 04:23:37 UTC: ERROR(12536) [put.cc:191] [execute] - Not connected to cluster to put record
Jul 27 2015 04:23:37 UTC: ERROR(12536) [put.cc:191] [execute] - Not connected to cluster to put record
Jul 27 2015 04:23:37 UTC: ERROR(12536) [put.cc:191] [execute] - Not connected to cluster to put record
Jul 27 2015 04:23:37 UTC: ERROR(12536) [put.cc:191] [execute] - Not connected to cluster to put record
Jul 27 2015 04:23:37 UTC: ERROR(12536) [put.cc:191] [execute] - Not connected to cluster to put record
Jul 27 2015 04:23:37 UTC: ERROR(12536) [put.cc:191] [execute] - Not connected to cluster to put record
Jul 27 2015 04:23:37 UTC: ERROR(12536) [put.cc:191] [execute] - Not connected to cluster to put record
Jul 27 2015 04:23:37 UTC: ERROR(12536) [put.cc:191] [execute] - Not connected to cluster to put record
Jul 27 2015 04:23:37 UTC: ERROR(12536) [put.cc:191] [execute] - Not connected to cluster to put record
Jul 27 2015 04:23:37 UTC: ERROR(12536) [put.cc:191] [execute] - Not connected to cluster to put record
Jul 27 2015 04:23:37 UTC: ERROR(12536) [put.cc:191] [execute] - Not connected to cluster to put record
Jul 27 2015 04:23:37 UTC: ERROR(12536) [put.cc:191] [execute] - Not connected to cluster to put record
Jul 27 2015 04:23:37 UTC: ERROR(12536) [put.cc:191] [execute] - Not connected to cluster to put record
Jul 27 2015 04:23:37 UTC: ERROR(12536) [put.cc:191] [execute] - Not connected to cluster to put record
Jul 27 2015 04:23:37 UTC: ERROR(12536) [put.cc:191] [execute] - Not connected to cluster to put record
Jul 27 2015 04:23:37 UTC: ERROR(12536) [put.cc:191] [execute] - Not connected to cluster to put record
Jul 27 2015 04:23:37 UTC: ERROR(12536) [put.cc:191] [execute] - Not connected to cluster to put record
Jul 27 2015 04:23:37 UTC: ERROR(12536) [put.cc:191] [execute] - Not connected to cluster to put record
Jul 27 2015 04:23:37 UTC: ERROR(12536) [put.cc:191] [execute] - Not connected to cluster to put record
Jul 27 2015 04:23:37 UTC: ERROR(12536) [put.cc:191] [execute] - Not connected to cluster to put record
Jul 27 2015 04:23:37 UTC: ERROR(12536) [put.cc:191] [execute] - Not connected to cluster to put record
Jul 27 2015 04:23:37 UTC: ERROR(12536) [put.cc:191] [execute] - Not connected to cluster to put record
Jul 27 2015 04:23:37 UTC: ERROR(12536) [put.cc:191] [execute] - Not connected to cluster to put record
Jul 27 2015 04:23:37 UTC: ERROR(12536) [put.cc:191] [execute] - Not connected to cluster to put record
Jul 27 2015 04:23:37 UTC: ERROR(12536) [put.cc:191] [execute] - Not connected to cluster to put record
Jul 27 2015 04:23:37 UTC: ERROR(12536) [put.cc:191] [execute] - Not connected to cluster to put record
Jul 27 2015 04:23:37 UTC: ERROR(12536) [put.cc:191] [execute] - Not connected to cluster to put record
Jul 27 2015 04:23:37 UTC: ERROR(12536) [put.cc:191] [execute] - Not connected to cluster to put record
Jul 27 2015 04:23:37 UTC: ERROR(12536) [put.cc:191] [execute] - Not connected to cluster to put record
Jul 27 2015 04:23:37 UTC: ERROR(12536) [put.cc:191] [execute] - Not connected to cluster to put record
Jul 27 2015 04:23:37 UTC: ERROR(12536) [put.cc:191] [execute] - Not connected to cluster to put record
Jul 27 2015 04:23:37 UTC: ERROR(12536) [put.cc:191] [execute] - Not connected to cluster to put record
Jul 27 2015 04:23:37 UTC: ERROR(12536) [put.cc:191] [execute] - Not connected to cluster to put record
Jul 27 2015 04:23:37 UTC: ERROR(12536) [put.cc:191] [execute] - Not connected to cluster to put record
Jul 27 2015 04:23:37 UTC: ERROR(12536) [put.cc:191] [execute] - Not connected to cluster to put record
Jul 27 2015 04:23:37 UTC: ERROR(12536) [put.cc:191] [execute] - Not connected to cluster to put record
Jul 27 2015 04:23:37 UTC: ERROR(12536) [put.cc:191] [execute] - Not connected to cluster to put record
Jul 27 2015 04:23:37 UTC: ERROR(12536) [put.cc:191] [execute] - Not connected to cluster to put record
Jul 27 2015 04:23:37 UTC: ERROR(12536) [put.cc:191] [execute] - Not connected to cluster to put record
Jul 27 2015 04:23:37 UTC: ERROR(12536) [put.cc:191] [execute] - Not connected to cluster to put record
Jul 27 2015 04:23:37 UTC: ERROR(12536) [put.cc:191] [execute] - Not connected to cluster to put record
Jul 27 2015 04:23:37 UTC: ERROR(12536) [put.cc:191] [execute] - Not connected to cluster to put record
Jul 27 2015 04:23:37 UTC: ERROR(12536) [put.cc:191] [execute] - Not connected to cluster to put record
Jul 27 2015 04:23:37 UTC: ERROR(12536) [put.cc:191] [execute] - Not connected to cluster to put record
Jul 27 2015 04:23:37 UTC: ERROR(12536) [put.cc:191] [execute] - Not connected to cluster to put record
Jul 27 2015 04:23:37 UTC: ERROR(12536) [put.cc:191] [execute] - Not connected to cluster to put record
Jul 27 2015 04:23:37 UTC: ERROR(12536) [put.cc:191] [execute] - Not connected to cluster to put record
Jul 27 2015 04:23:37 UTC: ERROR(12536) [put.cc:191] [execute] - Not connected to cluster to put record
Jul 27 2015 04:23:37 UTC: ERROR(12536) [put.cc:191] [execute] - Not connected to cluster to put record
Jul 27 2015 04:23:37 UTC: ERROR(12536) [put.cc:191] [execute] - Not connected to cluster to put record
Jul 27 2015 04:23:37 UTC: ERROR(12536) [put.cc:191] [execute] - Not connected to cluster to put record
Jul 27 2015 04:23:37 UTC: ERROR(12536) [put.cc:191] [execute] - Not connected to cluster to put record
Jul 27 2015 04:23:37 UTC: ERROR(12536) [put.cc:191] [execute] - Not connected to cluster to put record
Jul 27 2015 04:23:37 UTC: ERROR(12536) [put.cc:191] [execute] - Not connected to cluster to put record
Jul 27 2015 04:23:37 UTC: ERROR(12536) [put.cc:191] [execute] - Not connected to cluster to put record
Jul 27 2015 04:23:37 UTC: ERROR(12536) [put.cc:191] [execute] - Not connected to cluster to put record
Jul 27 2015 04:23:37 UTC: ERROR(12536) [put.cc:191] [execute] - Not connected to cluster to put record
Jul 27 2015 04:23:37 UTC: ERROR(12536) [put.cc:191] [execute] - Not connected to cluster to put record
Jul 27 2015 04:23:37 UTC: ERROR(12536) [put.cc:191] [execute] - Not connected to cluster to put record
Jul 27 2015 04:23:37 UTC: ERROR(12536) [put.cc:191] [execute] - Not connected to cluster to put record
Jul 27 2015 04:23:37 UTC: ERROR(12536) [put.cc:191] [execute] - Not connected to cluster to put record
Jul 27 2015 04:23:37 UTC: ERROR(12536) [put.cc:191] [execute] - Not connected to cluster to put record
Jul 27 2015 04:23:37 UTC: ERROR(12536) [put.cc:191] [execute] - Not connected to cluster to put record
Jul 27 2015 04:23:37 UTC: ERROR(12536) [put.cc:191] [execute] - Not connected to cluster to put record
Jul 27 2015 04:23:37 UTC: ERROR(12536) [put.cc:191] [execute] - Not connected to cluster to put record
Jul 27 2015 04:23:37 UTC: ERROR(12536) [put.cc:191] [execute] - Not connected to cluster to put record
Jul 27 2015 04:23:37 UTC: ERROR(12536) [put.cc:191] [execute] - Not connected to cluster to put record
Jul 27 2015 04:23:37 UTC: ERROR(12536) [put.cc:191] [execute] - Not connected to cluster to put record
Jul 27 2015 04:23:37 UTC: ERROR(12536) [put.cc:191] [execute] - Not connected to cluster to put record
Jul 27 2015 04:23:37 UTC: ERROR(12536) [put.cc:191] [execute] - Not connected to cluster to put record
Jul 27 2015 04:23:37 UTC: ERROR(12536) [put.cc:191] [execute] - Not connected to cluster to put record
Jul 27 2015 04:23:37 UTC: ERROR(12536) [put.cc:191] [execute] - Not connected to cluster to put record
Jul 27 2015 04:23:37 UTC: ERROR(12536) [put.cc:191] [execute] - Not connected to cluster to put record
Jul 27 2015 04:23:37 UTC: ERROR(12536) [put.cc:191] [execute] - Not connected to cluster to put record
Jul 27 2015 04:23:37 UTC: ERROR(12536) [put.cc:191] [execute] - Not connected to cluster to put record
Jul 27 2015 04:23:37 UTC: ERROR(12536) [put.cc:191] [execute] - Not connected to cluster to put record
Jul 27 2015 04:23:37 UTC: ERROR(12536) [put.cc:191] [execute] - Not connected to cluster to put record
Jul 27 2015 04:23:37 UTC: ERROR(12536) [put.cc:191] [execute] - Not connected to cluster to put record
Jul 27 2015 04:23:37 UTC: ERROR(12536) [put.cc:191] [execute] - Not connected to cluster to put record
Jul 27 2015 04:23:37 UTC: ERROR(12536) [put.cc:191] [execute] - Not connected to cluster to put record
Jul 27 2015 04:23:37 UTC: ERROR(12536) [put.cc:191] [execute] - Not connected to cluster to put record
Jul 27 2015 04:23:37 UTC: ERROR(12536) [put.cc:191] [execute] - Not connected to cluster to put record
Jul 27 2015 04:23:37 UTC: ERROR(12536) [put.cc:191] [execute] - Not connected to cluster to put record
Jul 27 2015 04:23:37 UTC: ERROR(12536) [put.cc:191] [execute] - Not connected to cluster to put record
Jul 27 2015 04:23:37 UTC: ERROR(12536) [put.cc:191] [execute] - Not connected to cluster to put record
Jul 27 2015 04:23:37 UTC: ERROR(12536) [put.cc:191] [execute] - Not connected to cluster to put record
Jul 27 2015 04:23:37 UTC: ERROR(12536) [put.cc:191] [execute] - Not connected to cluster to put record
Jul 27 2015 04:23:37 UTC: ERROR(12536) [put.cc:191] [execute] - Not connected to cluster to put record
Jul 27 2015 04:23:37 UTC: ERROR(12536) [put.cc:191] [execute] - Not connected to cluster to put record
Jul 27 2015 04:23:37 UTC: ERROR(12536) [put.cc:191] [execute] - Not connected to cluster to put record
Jul 27 2015 04:23:37 UTC: ERROR(12536) [put.cc:191] [execute] - Not connected to cluster to put record
Jul 27 2015 04:23:37 UTC: ERROR(12536) [put.cc:191] [execute] - Not connected to cluster to put record
Jul 27 2015 04:23:37 UTC: ERROR(12536) [put.cc:191] [execute] - Not connected to cluster to put record
Jul 27 2015 04:23:37 UTC: ERROR(12536) [put.cc:191] [execute] - Not connected to cluster to put record
Jul 27 2015 04:23:37 UTC: ERROR(12536) [put.cc:191] [execute] - Not connected to cluster to put record
Jul 27 2015 04:23:37 UTC: ERROR(12536) [put.cc:191] [execute] - Not connected to cluster to put record
Jul 27 2015 04:23:37 UTC: ERROR(12536) [put.cc:191] [execute] - Not connected to cluster to put record
Jul 27 2015 04:23:37 UTC: ERROR(12536) [put.cc:191] [execute] - Not connected to cluster to put record
Jul 27 2015 04:23:37 UTC: ERROR(12536) [put.cc:191] [execute] - Not connected to cluster to put record
Jul 27 2015 04:23:37 UTC: ERROR(12536) [put.cc:191] [execute] - Not connected to cluster to put record
Jul 27 2015 04:23:37 UTC: ERROR(12536) [put.cc:191] [execute] - Not connected to cluster to put record
Jul 27 2015 04:23:37 UTC: ERROR(12536) [put.cc:191] [execute] - Not connected to cluster to put record
Jul 27 2015 04:23:37 UTC: ERROR(12536) [put.cc:191] [execute] - Not connected to cluster to put record
Jul 27 2015 04:23:37 UTC: ERROR(12536) [put.cc:191] [execute] - Not connected to cluster to put record
Jul 27 2015 04:23:37 UTC: ERROR(12536) [put.cc:191] [execute] - Not connected to cluster to put record
Jul 27 2015 04:23:37 UTC: ERROR(12536) [put.cc:191] [execute] - Not connected to cluster to put record
Jul 27 2015 04:23:37 UTC: ERROR(12536) [put.cc:191] [execute] - Not connected to cluster to put record
Jul 27 2015 04:23:37 UTC: ERROR(12536) [put.cc:191] [execute] - Not connected to cluster to put record
Jul 27 2015 04:23:37 UTC: ERROR(12536) [put.cc:191] [execute] - Not connected to cluster to put record
Jul 27 2015 04:23:37 UTC: ERROR(12536) [put.cc:191] [execute] - Not connected to cluster to put record
Jul 27 2015 04:23:37 UTC: ERROR(12536) [put.cc:191] [execute] - Not connected to cluster to put record
Jul 27 2015 04:23:37 UTC: ERROR(12536) [put.cc:191] [execute] - Not connected to cluster to put record
Jul 27 2015 04:23:37 UTC: ERROR(12536) [put.cc:191] [execute] - Not connected to cluster to put record
Jul 27 2015 04:23:37 UTC: ERROR(12536) [put.cc:191] [execute] - Not connected to cluster to put record
Jul 27 2015 04:23:37 UTC: ERROR(12536) [put.cc:191] [execute] - Not connected to cluster to put record
Jul 27 2015 04:23:37 UTC: ERROR(12536) [put.cc:191] [execute] - Not connected to cluster to put record
Jul 27 2015 04:23:37 UTC: ERROR(12536) [put.cc:191] [execute] - Not connected to cluster to put record
Jul 27 2015 04:23:37 UTC: ERROR(12536) [put.cc:191] [execute] - Not connected to cluster to put record
Jul 27 2015 04:23:37 UTC: ERROR(12536) [put.cc:191] [execute] - Not connected to cluster to put record
Jul 27 2015 04:23:37 UTC: ERROR(12536) [put.cc:191] [execute] - Not connected to cluster to put record
Jul 27 2015 04:23:37 UTC: ERROR(12536) [connect.cc:69] [Connect] - Connecting to Cluster Failed
Jul 27 2015 04:23:37 UTC: ERROR(12536) [put.cc:191] [execute] - Not connected to cluster to put record
Jul 27 2015 04:23:37 UTC: ERROR(12536) [put.cc:191] [execute] - Not connected to cluster to put record
Jul 27 2015 04:23:37 UTC: ERROR(12536) [put.cc:191] [execute] - Not connected to cluster to put record
Jul 27 2015 04:23:37 UTC: ERROR(12536) [put.cc:191] [execute] - Not connected to cluster to put record
Jul 27 2015 04:23:37 UTC: ERROR(12536) [put.cc:191] [execute] - Not connected to cluster to put record
Jul 27 2015 04:23:37 UTC: ERROR(12536) [put.cc:191] [execute] - Not connected to cluster to put record
Jul 27 2015 04:23:37 UTC: ERROR(12536) [put.cc:191] [execute] - Not connected to cluster to put record
Jul 27 2015 04:23:37 UTC: ERROR(12536) [put.cc:191] [execute] - Not connected to cluster to put record
Jul 27 2015 04:23:37 UTC: ERROR(12536) [put.cc:191] [execute] - Not connected to cluster to put record
Jul 27 2015 04:23:37 UTC: ERROR(12536) [put.cc:191] [execute] - Not connected to cluster to put record
Jul 27 2015 04:23:37 UTC: ERROR(12536) [batch_get.cc:200] [execute] - Cluster Object is NULL, can't perform the operation
Jul 27 2015 04:23:37 UTC: ERROR(12536) [put.cc:191] [execute] - Not connected to cluster to put record
Jul 27 2015 04:23:37 UTC: ERROR(12536) [put.cc:191] [execute] - Not connected to cluster to put record
Jul 27 2015 04:23:37 UTC: ERROR(12536) [put.cc:191] [execute] - Not connected to cluster to put record
Jul 27 2015 04:23:37 UTC: ERROR(12536) [put.cc:191] [execute] - Not connected to cluster to put record
Jul 27 2015 04:23:37 UTC: ERROR(12536) [put.cc:191] [execute] - Not connected to cluster to put record
Jul 27 2015 04:23:37 UTC: ERROR(12536) [put.cc:191] [execute] - Not connected to cluster to put record
Jul 27 2015 04:23:37 UTC: ERROR(12536) [put.cc:191] [execute] - Not connected to cluster to put record
Jul 27 2015 04:23:37 UTC: ERROR(12536) [put.cc:191] [execute] - Not connected to cluster to put record
Jul 27 2015 04:23:37 UTC: ERROR(12536) [put.cc:191] [execute] - Not connected to cluster to put record
Jul 27 2015 04:23:37 UTC: ERROR(12536) [put.cc:191] [execute] - Not connected to cluster to put record
Jul 27 2015 04:23:37 UTC: ERROR(12536) [put.cc:191] [execute] - Not connected to cluster to put record
Jul 27 2015 04:23:37 UTC: ERROR(12536) [put.cc:191] [execute] - Not connected to cluster to put record
Jul 27 2015 04:23:37 UTC: ERROR(12536) [put.cc:191] [execute] - Not connected to cluster to put record
Jul 27 2015 04:23:37 UTC: ERROR(12536) [put.cc:191] [execute] - Not connected to cluster to put record
Jul 27 2015 04:23:37 UTC: ERROR(12536) [put.cc:191] [execute] - Not connected to cluster to put record
Jul 27 2015 04:23:37 UTC: ERROR(12536) [put.cc:191] [execute] - Not connected to cluster to put record
Jul 27 2015 04:23:37 UTC: ERROR(12536) [put.cc:191] [execute] - Not connected to cluster to put record
Jul 27 2015 04:23:37 UTC: ERROR(12536) [put.cc:191] [execute] - Not connected to cluster to put record
Jul 27 2015 04:23:37 UTC: ERROR(12536) [put.cc:191] [execute] - Not connected to cluster to put record
Jul 27 2015 04:23:37 UTC: ERROR(12536) [put.cc:191] [execute] - Not connected to cluster to put record
Jul 27 2015 04:23:37 UTC: ERROR(12536) [put.cc:191] [execute] - Not connected to cluster to put record
Jul 27 2015 04:23:37 UTC: ERROR(12536) [put.cc:191] [execute] - Not connected to cluster to put record
Jul 27 2015 04:23:37 UTC: ERROR(12536) [put.cc:191] [execute] - Not connected to cluster to put record
Jul 27 2015 04:23:37 UTC: ERROR(12536) [put.cc:191] [execute] - Not connected to cluster to put record
Jul 27 2015 04:23:37 UTC: ERROR(12536) [put.cc:191] [execute] - Not connected to cluster to put record
Jul 27 2015 04:23:37 UTC: ERROR(12536) [put.cc:191] [execute] - Not connected to cluster to put record
Jul 27 2015 04:23:37 UTC: ERROR(12536) [put.cc:191] [execute] - Not connected to cluster to put record
Jul 27 2015 04:23:37 UTC: ERROR(12536) [put.cc:191] [execute] - Not connected to cluster to put record
Jul 27 2015 04:23:37 UTC: ERROR(12536) [put.cc:191] [execute] - Not connected to cluster to put record
Jul 27 2015 04:23:37 UTC: ERROR(12536) [put.cc:191] [execute] - Not connected to cluster to put record
Jul 27 2015 04:23:37 UTC: ERROR(12536) [put.cc:191] [execute] - Not connected to cluster to put record
Jul 27 2015 04:23:37 UTC: ERROR(12536) [put.cc:191] [execute] - Not connected to cluster to put record
Jul 27 2015 04:23:37 UTC: ERROR(12536) [put.cc:191] [execute] - Not connected to cluster to put record
Jul 27 2015 04:23:37 UTC: ERROR(12536) [put.cc:191] [execute] - Not connected to cluster to put record
Jul 27 2015 04:23:37 UTC: ERROR(12536) [put.cc:191] [execute] - Not connected to cluster to put record
Jul 27 2015 04:23:37 UTC: ERROR(12536) [put.cc:191] [execute] - Not connected to cluster to put record
Jul 27 2015 04:23:37 UTC: ERROR(12536) [put.cc:191] [execute] - Not connected to cluster to put record
Jul 27 2015 04:23:37 UTC: ERROR(12536) [put.cc:191] [execute] - Not connected to cluster to put record
Jul 27 2015 04:23:37 UTC: ERROR(12536) [put.cc:191] [execute] - Not connected to cluster to put record
Jul 27 2015 04:23:37 UTC: ERROR(12536) [put.cc:191] [execute] - Not connected to cluster to put record
Jul 27 2015 04:23:37 UTC: ERROR(12536) [put.cc:191] [execute] - Not connected to cluster to put record
Jul 27 2015 04:23:37 UTC: ERROR(12536) [put.cc:191] [execute] - Not connected to cluster to put record
Jul 27 2015 04:23:37 UTC: ERROR(12536) [put.cc:191] [execute] - Not connected to cluster to put record
Jul 27 2015 04:23:37 UTC: ERROR(12536) [put.cc:191] [execute] - Not connected to cluster to put record
Jul 27 2015 04:23:37 UTC: ERROR(12536) [put.cc:191] [execute] - Not connected to cluster to put record
Jul 27 2015 04:23:37 UTC: ERROR(12536) [put.cc:191] [execute] - Not connected to cluster to put record
Jul 27 2015 04:23:37 UTC: ERROR(12536) [put.cc:191] [execute] - Not connected to cluster to put record
Jul 27 2015 04:23:37 UTC: ERROR(12536) [put.cc:191] [execute] - Not connected to cluster to put record
Jul 27 2015 04:23:37 UTC: ERROR(12536) [put.cc:191] [execute] - Not connected to cluster to put record
Jul 27 2015 04:23:37 UTC: ERROR(12536) [put.cc:191] [execute] - Not connected to cluster to put record
Jul 27 2015 04:23:37 UTC: ERROR(12536) [put.cc:191] [execute] - Not connected to cluster to put record
Jul 27 2015 04:23:37 UTC: ERROR(12536) [put.cc:191] [execute] - Not connected to cluster to put record
Jul 27 2015 04:23:37 UTC: ERROR(12536) [put.cc:191] [execute] - Not connected to cluster to put record
Jul 27 2015 04:23:37 UTC: ERROR(12536) [put.cc:191] [execute] - Not connected to cluster to put record
Jul 27 2015 04:23:37 UTC: ERROR(12536) [put.cc:191] [execute] - Not connected to cluster to put record
Jul 27 2015 04:23:37 UTC: ERROR(12536) [put.cc:191] [execute] - Not connected to cluster to put record
Jul 27 2015 04:23:37 UTC: ERROR(12536) [put.cc:191] [execute] - Not connected to cluster to put record
Jul 27 2015 04:23:37 UTC: ERROR(12536) [put.cc:191] [execute] - Not connected to cluster to put record
Jul 27 2015 04:23:37 UTC: ERROR(12536) [put.cc:191] [execute] - Not connected to cluster to put record
Jul 27 2015 04:23:37 UTC: ERROR(12536) [put.cc:191] [execute] - Not connected to cluster to put record
Jul 27 2015 04:23:37 UTC: ERROR(12536) [put.cc:191] [execute] - Not connected to cluster to put record
Jul 27 2015 04:23:37 UTC: ERROR(12536) [put.cc:191] [execute] - Not connected to cluster to put record
Jul 27 2015 04:23:37 UTC: ERROR(12536) [put.cc:191] [execute] - Not connected to cluster to put record
Jul 27 2015 04:23:37 UTC: ERROR(12536) [put.cc:191] [execute] - Not connected to cluster to put record
Jul 27 2015 04:23:37 UTC: ERROR(12536) [put.cc:191] [execute] - Not connected to cluster to put record
Jul 27 2015 04:23:37 UTC: ERROR(12536) [put.cc:191] [execute] - Not connected to cluster to put record
Jul 27 2015 04:23:37 UTC: ERROR(12536) [put.cc:191] [execute] - Not connected to cluster to put record
Jul 27 2015 04:23:37 UTC: ERROR(12536) [put.cc:191] [execute] - Not connected to cluster to put record
Jul 27 2015 04:23:37 UTC: ERROR(12536) [put.cc:191] [execute] - Not connected to cluster to put record
Jul 27 2015 04:23:37 UTC: ERROR(12536) [put.cc:191] [execute] - Not connected to cluster to put record
Jul 27 2015 04:23:37 UTC: ERROR(12536) [put.cc:191] [execute] - Not connected to cluster to put record
Jul 27 2015 04:23:37 UTC: ERROR(12536) [put.cc:191] [execute] - Not connected to cluster to put record
Jul 27 2015 04:23:37 UTC: ERROR(12536) [put.cc:191] [execute] - Not connected to cluster to put record
Jul 27 2015 04:23:37 UTC: ERROR(12536) [put.cc:191] [execute] - Not connected to cluster to put record
Jul 27 2015 04:23:37 UTC: ERROR(12536) [put.cc:191] [execute] - Not connected to cluster to put record
Jul 27 2015 04:23:37 UTC: ERROR(12536) [put.cc:191] [execute] - Not connected to cluster to put record
Jul 27 2015 04:23:37 UTC: ERROR(12536) [put.cc:191] [execute] - Not connected to cluster to put record
Jul 27 2015 04:23:37 UTC: ERROR(12536) [put.cc:191] [execute] - Not connected to cluster to put record
Jul 27 2015 04:23:37 UTC: ERROR(12536) [put.cc:191] [execute] - Not connected to cluster to put record
Jul 27 2015 04:23:37 UTC: ERROR(12536) [put.cc:191] [execute] - Not connected to cluster to put record
Jul 27 2015 04:23:37 UTC: ERROR(12536) [put.cc:191] [execute] - Not connected to cluster to put record
Jul 27 2015 04:23:37 UTC: ERROR(12536) [put.cc:191] [execute] - Not connected to cluster to put record
Jul 27 2015 04:23:37 UTC: ERROR(12536) [put.cc:191] [execute] - Not connected to cluster to put record
Jul 27 2015 04:23:37 UTC: ERROR(12536) [put.cc:191] [execute] - Not connected to cluster to put record
Jul 27 2015 04:23:37 UTC: ERROR(12536) [put.cc:191] [execute] - Not connected to cluster to put record
Jul 27 2015 04:23:37 UTC: ERROR(12536) [put.cc:191] [execute] - Not connected to cluster to put record
Jul 27 2015 04:23:37 UTC: ERROR(12536) [put.cc:191] [execute] - Not connected to cluster to put record
Jul 27 2015 04:23:37 UTC: ERROR(12536) [put.cc:191] [execute] - Not connected to cluster to put record
Jul 27 2015 04:23:37 UTC: ERROR(12536) [put.cc:191] [execute] - Not connected to cluster to put record
Jul 27 2015 04:23:37 UTC: ERROR(12536) [put.cc:191] [execute] - Not connected to cluster to put record
Jul 27 2015 04:23:37 UTC: ERROR(12536) [put.cc:191] [execute] - Not connected to cluster to put record
Jul 27 2015 04:23:37 UTC: ERROR(12536) [put.cc:191] [execute] - Not connected to cluster to put record
Jul 27 2015 04:23:37 UTC: ERROR(12536) [put.cc:191] [execute] - Not connected to cluster to put record
Jul 27 2015 04:23:37 UTC: ERROR(12536) [put.cc:191] [execute] - Not connected to cluster to put record
Jul 27 2015 04:23:37 UTC: ERROR(12536) [put.cc:191] [execute] - Not connected to cluster to put record
Jul 27 2015 04:23:37 UTC: ERROR(12536) [put.cc:191] [execute] - Not connected to cluster to put record
Jul 27 2015 04:23:37 UTC: ERROR(12536) [put.cc:191] [execute] - Not connected to cluster to put record
Jul 27 2015 04:23:37 UTC: ERROR(12536) [put.cc:191] [execute] - Not connected to cluster to put record
Jul 27 2015 04:23:37 UTC: ERROR(12536) [put.cc:191] [execute] - Not connected to cluster to put record
Jul 27 2015 04:23:37 UTC: ERROR(12536) [put.cc:191] [execute] - Not connected to cluster to put record
Jul 27 2015 04:23:37 UTC: ERROR(12536) [put.cc:191] [execute] - Not connected to cluster to put record
Jul 27 2015 04:23:37 UTC: ERROR(12536) [put.cc:191] [execute] - Not connected to cluster to put record
Jul 27 2015 04:23:37 UTC: ERROR(12536) [put.cc:191] [execute] - Not connected to cluster to put record
Jul 27 2015 04:23:37 UTC: ERROR(12536) [put.cc:191] [execute] - Not connected to cluster to put record
Jul 27 2015 04:23:37 UTC: ERROR(12536) [put.cc:191] [execute] - Not connected to cluster to put record
Jul 27 2015 04:23:37 UTC: ERROR(12536) [put.cc:191] [execute] - Not connected to cluster to put record
Jul 27 2015 04:23:37 UTC: ERROR(12536) [put.cc:191] [execute] - Not connected to cluster to put record
Jul 27 2015 04:23:37 UTC: ERROR(12536) [put.cc:191] [execute] - Not connected to cluster to put record
Jul 27 2015 04:23:37 UTC: ERROR(12536) [put.cc:191] [execute] - Not connected to cluster to put record
Jul 27 2015 04:23:37 UTC: ERROR(12536) [put.cc:191] [execute] - Not connected to cluster to put record
Jul 27 2015 04:23:37 UTC: ERROR(12536) [put.cc:191] [execute] - Not connected to cluster to put record
Jul 27 2015 04:23:37 UTC: ERROR(12536) [put.cc:191] [execute] - Not connected to cluster to put record
Jul 27 2015 04:23:37 UTC: ERROR(12536) [put.cc:191] [execute] - Not connected to cluster to put record
Jul 27 2015 04:23:37 UTC: ERROR(12536) [put.cc:191] [execute] - Not connected to cluster to put record
Jul 27 2015 04:23:37 UTC: ERROR(12536) [put.cc:191] [execute] - Not connected to cluster to put record
Jul 27 2015 04:23:37 UTC: ERROR(12536) [put.cc:191] [execute] - Not connected to cluster to put record
Jul 27 2015 04:23:37 UTC: ERROR(12536) [put.cc:191] [execute] - Not connected to cluster to put record
Jul 27 2015 04:23:37 UTC: ERROR(12536) [put.cc:191] [execute] - Not connected to cluster to put record
Jul 27 2015 04:23:37 UTC: ERROR(12536) [put.cc:191] [execute] - Not connected to cluster to put record
Jul 27 2015 04:23:37 UTC: ERROR(12536) [put.cc:191] [execute] - Not connected to cluster to put record
Jul 27 2015 04:23:37 UTC: ERROR(12536) [put.cc:191] [execute] - Not connected to cluster to put record
Jul 27 2015 04:23:37 UTC: ERROR(12536) [put.cc:191] [execute] - Not connected to cluster to put record
Jul 27 2015 04:23:37 UTC: ERROR(12536) [put.cc:191] [execute] - Not connected to cluster to put record
Jul 27 2015 04:23:37 UTC: ERROR(12536) [put.cc:191] [execute] - Not connected to cluster to put record
Jul 27 2015 04:23:37 UTC: ERROR(12536) [put.cc:191] [execute] - Not connected to cluster to put record
Jul 27 2015 04:23:37 UTC: ERROR(12536) [put.cc:191] [execute] - Not connected to cluster to put record
Jul 27 2015 04:23:37 UTC: ERROR(12536) [put.cc:191] [execute] - Not connected to cluster to put record
Jul 27 2015 04:23:37 UTC: ERROR(12536) [put.cc:191] [execute] - Not connected to cluster to put record
Jul 27 2015 04:23:37 UTC: ERROR(12536) [put.cc:191] [execute] - Not connected to cluster to put record
Jul 27 2015 04:23:37 UTC: ERROR(12536) [put.cc:191] [execute] - Not connected to cluster to put record
Jul 27 2015 04:23:37 UTC: ERROR(12536) [put.cc:191] [execute] - Not connected to cluster to put record
Jul 27 2015 04:23:37 UTC: ERROR(12536) [put.cc:191] [execute] - Not connected to cluster to put record
Jul 27 2015 04:23:37 UTC: ERROR(12536) [put.cc:191] [execute] - Not connected to cluster to put record
Jul 27 2015 04:23:37 UTC: ERROR(12536) [put.cc:191] [execute] - Not connected to cluster to put record
Jul 27 2015 04:23:37 UTC: ERROR(12536) [put.cc:191] [execute] - Not connected to cluster to put record
Jul 27 2015 04:23:37 UTC: ERROR(12536) [put.cc:191] [execute] - Not connected to cluster to put record
Jul 27 2015 04:23:37 UTC: ERROR(12536) [put.cc:191] [execute] - Not connected to cluster to put record
Jul 27 2015 04:23:37 UTC: ERROR(12536) [put.cc:191] [execute] - Not connected to cluster to put record
Jul 27 2015 04:23:37 UTC: ERROR(12536) [put.cc:191] [execute] - Not connected to cluster to put record
Jul 27 2015 04:23:37 UTC: ERROR(12536) [put.cc:191] [execute] - Not connected to cluster to put record
Jul 27 2015 04:23:37 UTC: ERROR(12536) [put.cc:191] [execute] - Not connected to cluster to put record
Jul 27 2015 04:23:37 UTC: ERROR(12536) [put.cc:191] [execute] - Not connected to cluster to put record
Jul 27 2015 04:23:37 UTC: ERROR(12536) [put.cc:191] [execute] - Not connected to cluster to put record
Jul 27 2015 04:23:37 UTC: ERROR(12536) [put.cc:191] [execute] - Not connected to cluster to put record
Jul 27 2015 04:23:37 UTC: ERROR(12536) [put.cc:191] [execute] - Not connected to cluster to put record
Jul 27 2015 04:23:37 UTC: ERROR(12536) [put.cc:191] [execute] - Not connected to cluster to put record
Jul 27 2015 04:23:37 UTC: ERROR(12536) [put.cc:191] [execute] - Not connected to cluster to put record
Jul 27 2015 04:23:37 UTC: ERROR(12536) [put.cc:191] [execute] - Not connected to cluster to put record
Jul 27 2015 04:23:37 UTC: ERROR(12536) [put.cc:191] [execute] - Not connected to cluster to put record
Jul 27 2015 04:23:37 UTC: ERROR(12536) [put.cc:191] [execute] - Not connected to cluster to put record
Jul 27 2015 04:23:37 UTC: ERROR(12536) [put.cc:191] [execute] - Not connected to cluster to put record
Jul 27 2015 04:23:37 UTC: ERROR(12536) [put.cc:191] [execute] - Not connected to cluster to put record
Jul 27 2015 04:23:37 UTC: ERROR(12536) [put.cc:191] [execute] - Not connected to cluster to put record
Jul 27 2015 04:23:37 UTC: ERROR(12536) [put.cc:191] [execute] - Not connected to cluster to put record
Jul 27 2015 04:23:37 UTC: ERROR(12536) [put.cc:191] [execute] - Not connected to cluster to put record
Jul 27 2015 04:23:37 UTC: ERROR(12536) [put.cc:191] [execute] - Not connected to cluster to put record
Jul 27 2015 04:23:37 UTC: ERROR(12536) [put.cc:191] [execute] - Not connected to cluster to put record
Jul 27 2015 04:23:37 UTC: ERROR(12536) [put.cc:191] [execute] - Not connected to cluster to put record
Jul 27 2015 04:23:37 UTC: ERROR(12536) [put.cc:191] [execute] - Not connected to cluster to put record
Jul 27 2015 04:23:37 UTC: ERROR(12536) [put.cc:191] [execute] - Not connected to cluster to put record
Jul 27 2015 04:23:37 UTC: ERROR(12536) [put.cc:191] [execute] - Not connected to cluster to put record
Jul 27 2015 04:23:37 UTC: ERROR(12536) [put.cc:191] [execute] - Not connected to cluster to put record
Jul 27 2015 04:23:37 UTC: ERROR(12536) [put.cc:191] [execute] - Not connected to cluster to put record
Jul 27 2015 04:23:37 UTC: ERROR(12536) [put.cc:191] [execute] - Not connected to cluster to put record
Jul 27 2015 04:23:37 UTC: ERROR(12536) [put.cc:191] [execute] - Not connected to cluster to put record
Jul 27 2015 04:23:37 UTC: ERROR(12536) [put.cc:191] [execute] - Not connected to cluster to put record
Jul 27 2015 04:23:37 UTC: ERROR(12536) [put.cc:191] [execute] - Not connected to cluster to put record
Jul 27 2015 04:23:37 UTC: ERROR(12536) [put.cc:191] [execute] - Not connected to cluster to put record
Jul 27 2015 04:23:37 UTC: ERROR(12536) [put.cc:191] [execute] - Not connected to cluster to put record
Jul 27 2015 04:23:37 UTC: ERROR(12536) [put.cc:191] [execute] - Not connected to cluster to put record
Jul 27 2015 04:23:37 UTC: ERROR(12536) [put.cc:191] [execute] - Not connected to cluster to put record
Jul 27 2015 04:23:37 UTC: ERROR(12536) [put.cc:191] [execute] - Not connected to cluster to put record
Jul 27 2015 04:23:37 UTC: ERROR(12536) [put.cc:191] [execute] - Not connected to cluster to put record
Jul 27 2015 04:23:37 UTC: ERROR(12536) [put.cc:191] [execute] - Not connected to cluster to put record
Jul 27 2015 04:23:37 UTC: ERROR(12536) [put.cc:191] [execute] - Not connected to cluster to put record
Jul 27 2015 04:23:37 UTC: ERROR(12536) [put.cc:191] [execute] - Not connected to cluster to put record
Jul 27 2015 04:23:37 UTC: ERROR(12536) [put.cc:191] [execute] - Not connected to cluster to put record
Jul 27 2015 04:23:37 UTC: ERROR(12536) [put.cc:191] [execute] - Not connected to cluster to put record
Jul 27 2015 04:23:37 UTC: ERROR(12536) [put.cc:191] [execute] - Not connected to cluster to put record
Jul 27 2015 04:23:37 UTC: ERROR(12536) [put.cc:191] [execute] - Not connected to cluster to put record
Jul 27 2015 04:23:37 UTC: ERROR(12536) [put.cc:191] [execute] - Not connected to cluster to put record
Jul 27 2015 04:23:37 UTC: ERROR(12536) [put.cc:191] [execute] - Not connected to cluster to put record
Jul 27 2015 04:23:37 UTC: ERROR(12536) [put.cc:191] [execute] - Not connected to cluster to put record
Jul 27 2015 04:23:37 UTC: ERROR(12536) [put.cc:191] [execute] - Not connected to cluster to put record
Jul 27 2015 04:23:37 UTC: ERROR(12536) [put.cc:191] [execute] - Not connected to cluster to put record
Jul 27 2015 04:23:37 UTC: ERROR(12536) [put.cc:191] [execute] - Not connected to cluster to put record
Jul 27 2015 04:23:37 UTC: ERROR(12536) [put.cc:191] [execute] - Not connected to cluster to put record
Jul 27 2015 04:23:37 UTC: ERROR(12536) [put.cc:191] [execute] - Not connected to cluster to put record
Jul 27 2015 04:23:37 UTC: ERROR(12536) [put.cc:191] [execute] - Not connected to cluster to put record
Jul 27 2015 04:23:37 UTC: ERROR(12536) [put.cc:191] [execute] - Not connected to cluster to put record
Jul 27 2015 04:23:37 UTC: ERROR(12536) [put.cc:191] [execute] - Not connected to cluster to put record
Jul 27 2015 04:23:37 UTC: ERROR(12536) [put.cc:191] [execute] - Not connected to cluster to put record
Jul 27 2015 04:23:37 UTC: ERROR(12536) [put.cc:191] [execute] - Not connected to cluster to put record
Jul 27 2015 04:23:37 UTC: ERROR(12536) [put.cc:191] [execute] - Not connected to cluster to put record
Jul 27 2015 04:23:37 UTC: ERROR(12536) [put.cc:191] [execute] - Not connected to cluster to put record
Jul 27 2015 04:23:37 UTC: ERROR(12536) [put.cc:191] [execute] - Not connected to cluster to put record
Jul 27 2015 04:23:37 UTC: ERROR(12536) [put.cc:191] [execute] - Not connected to cluster to put record
Jul 27 2015 04:23:37 UTC: ERROR(12536) [put.cc:191] [execute] - Not connected to cluster to put record
Jul 27 2015 04:23:37 UTC: ERROR(12536) [put.cc:191] [execute] - Not connected to cluster to put record
Jul 27 2015 04:23:37 UTC: ERROR(12536) [put.cc:191] [execute] - Not connected to cluster to put record
Jul 27 2015 04:23:37 UTC: ERROR(12536) [put.cc:191] [execute] - Not connected to cluster to put record
Jul 27 2015 04:23:37 UTC: ERROR(12536) [put.cc:191] [execute] - Not connected to cluster to put record
Jul 27 2015 04:23:37 UTC: ERROR(12536) [put.cc:191] [execute] - Not connected to cluster to put record
Jul 27 2015 04:23:37 UTC: ERROR(12536) [put.cc:191] [execute] - Not connected to cluster to put record
Jul 27 2015 04:23:37 UTC: ERROR(12536) [put.cc:191] [execute] - Not connected to cluster to put record
Jul 27 2015 04:23:37 UTC: ERROR(12536) [put.cc:191] [execute] - Not connected to cluster to put record
Jul 27 2015 04:23:37 UTC: ERROR(12536) [put.cc:191] [execute] - Not connected to cluster to put record
Jul 27 2015 04:23:37 UTC: ERROR(12536) [put.cc:191] [execute] - Not connected to cluster to put record
Jul 27 2015 04:23:37 UTC: ERROR(12536) [put.cc:191] [execute] - Not connected to cluster to put record
Jul 27 2015 04:23:37 UTC: ERROR(12536) [put.cc:191] [execute] - Not connected to cluster to put record
Jul 27 2015 04:23:37 UTC: ERROR(12536) [put.cc:191] [execute] - Not connected to cluster to put record
Jul 27 2015 04:23:37 UTC: ERROR(12536) [put.cc:191] [execute] - Not connected to cluster to put record
Jul 27 2015 04:23:37 UTC: ERROR(12536) [put.cc:191] [execute] - Not connected to cluster to put record
Jul 27 2015 04:23:37 UTC: ERROR(12536) [put.cc:191] [execute] - Not connected to cluster to put record
Jul 27 2015 04:23:37 UTC: ERROR(12536) [put.cc:191] [execute] - Not connected to cluster to put record
Jul 27 2015 04:23:37 UTC: ERROR(12536) [put.cc:191] [execute] - Not connected to cluster to put record
Jul 27 2015 04:23:37 UTC: ERROR(12536) [put.cc:191] [execute] - Not connected to cluster to put record
Jul 27 2015 04:23:37 UTC: ERROR(12536) [put.cc:191] [execute] - Not connected to cluster to put record
Jul 27 2015 04:23:37 UTC: ERROR(12536) [put.cc:191] [execute] - Not connected to cluster to put record
Jul 27 2015 04:23:37 UTC: ERROR(12536) [put.cc:191] [execute] - Not connected to cluster to put record
Jul 27 2015 04:23:37 UTC: ERROR(12536) [put.cc:191] [execute] - Not connected to cluster to put record
Jul 27 2015 04:23:37 UTC: ERROR(12536) [put.cc:191] [execute] - Not connected to cluster to put record
Jul 27 2015 04:23:37 UTC: ERROR(12536) [put.cc:191] [execute] - Not connected to cluster to put record
Jul 27 2015 04:23:37 UTC: ERROR(12536) [put.cc:191] [execute] - Not connected to cluster to put record
Jul 27 2015 04:23:37 UTC: ERROR(12536) [put.cc:191] [execute] - Not connected to cluster to put record
Jul 27 2015 04:23:37 UTC: ERROR(12536) [put.cc:191] [execute] - Not connected to cluster to put record
Jul 27 2015 04:23:37 UTC: ERROR(12536) [put.cc:191] [execute] - Not connected to cluster to put record
Jul 27 2015 04:23:37 UTC: ERROR(12536) [put.cc:191] [execute] - Not connected to cluster to put record
Jul 27 2015 04:23:37 UTC: ERROR(12536) [put.cc:191] [execute] - Not connected to cluster to put record
Jul 27 2015 04:23:37 UTC: ERROR(12536) [put.cc:191] [execute] - Not connected to cluster to put record
Jul 27 2015 04:23:37 UTC: ERROR(12536) [put.cc:191] [execute] - Not connected to cluster to put record
Jul 27 2015 04:23:37 UTC: ERROR(12536) [put.cc:191] [execute] - Not connected to cluster to put record
Jul 27 2015 04:23:37 UTC: ERROR(12536) [put.cc:191] [execute] - Not connected to cluster to put record
Jul 27 2015 04:23:37 UTC: ERROR(12536) [put.cc:191] [execute] - Not connected to cluster to put record
Jul 27 2015 04:23:37 UTC: ERROR(12536) [put.cc:191] [execute] - Not connected to cluster to put record
Jul 27 2015 04:23:37 UTC: ERROR(12536) [put.cc:191] [execute] - Not connected to cluster to put record
Jul 27 2015 04:23:37 UTC: ERROR(12536) [put.cc:191] [execute] - Not connected to cluster to put record
Jul 27 2015 04:23:37 UTC: ERROR(12536) [put.cc:191] [execute] - Not connected to cluster to put record
Jul 27 2015 04:23:37 UTC: ERROR(12536) [put.cc:191] [execute] - Not connected to cluster to put record
Jul 27 2015 04:23:37 UTC: ERROR(12536) [put.cc:191] [execute] - Not connected to cluster to put record
Jul 27 2015 04:23:37 UTC: ERROR(12536) [put.cc:191] [execute] - Not connected to cluster to put record
Jul 27 2015 04:23:37 UTC: ERROR(12536) [put.cc:191] [execute] - Not connected to cluster to put record
Jul 27 2015 04:23:37 UTC: ERROR(12536) [put.cc:191] [execute] - Not connected to cluster to put record
Jul 27 2015 04:23:37 UTC: ERROR(12536) [put.cc:191] [execute] - Not connected to cluster to put record
Jul 27 2015 04:23:37 UTC: ERROR(12536) [put.cc:191] [execute] - Not connected to cluster to put record
Jul 27 2015 04:23:37 UTC: ERROR(12536) [put.cc:191] [execute] - Not connected to cluster to put record
Jul 27 2015 04:23:37 UTC: ERROR(12536) [put.cc:191] [execute] - Not connected to cluster to put record
Jul 27 2015 04:23:37 UTC: ERROR(12536) [put.cc:191] [execute] - Not connected to cluster to put record
Jul 27 2015 04:23:37 UTC: ERROR(12536) [put.cc:191] [execute] - Not connected to cluster to put record
Jul 27 2015 04:23:37 UTC: ERROR(12536) [put.cc:191] [execute] - Not connected to cluster to put record
Jul 27 2015 04:23:37 UTC: ERROR(12536) [put.cc:191] [execute] - Not connected to cluster to put record
Jul 27 2015 04:23:37 UTC: ERROR(12536) [put.cc:191] [execute] - Not connected to cluster to put record
Jul 27 2015 04:23:37 UTC: ERROR(12536) [put.cc:191] [execute] - Not connected to cluster to put record
Jul 27 2015 04:23:37 UTC: ERROR(12536) [put.cc:191] [execute] - Not connected to cluster to put record
Jul 27 2015 04:23:37 UTC: ERROR(12536) [put.cc:191] [execute] - Not connected to cluster to put record
Jul 27 2015 04:23:37 UTC: ERROR(12536) [put.cc:191] [execute] - Not connected to cluster to put record
Jul 27 2015 04:23:37 UTC: ERROR(12536) [put.cc:191] [execute] - Not connected to cluster to put record
Jul 27 2015 04:23:37 UTC: ERROR(12536) [put.cc:191] [execute] - Not connected to cluster to put record
Jul 27 2015 04:23:37 UTC: ERROR(12536) [put.cc:191] [execute] - Not connected to cluster to put record
Jul 27 2015 04:23:37 UTC: ERROR(12536) [put.cc:191] [execute] - Not connected to cluster to put record
Jul 27 2015 04:23:37 UTC: ERROR(12536) [put.cc:191] [execute] - Not connected to cluster to put record
Jul 27 2015 04:23:37 UTC: ERROR(12536) [put.cc:191] [execute] - Not connected to cluster to put record
Jul 27 2015 04:23:37 UTC: ERROR(12536) [put.cc:191] [execute] - Not connected to cluster to put record
Jul 27 2015 04:23:37 UTC: ERROR(12536) [put.cc:191] [execute] - Not connected to cluster to put record
Jul 27 2015 04:23:37 UTC: ERROR(12536) [put.cc:191] [execute] - Not connected to cluster to put record
Jul 27 2015 04:23:37 UTC: ERROR(12536) [put.cc:191] [execute] - Not connected to cluster to put record
Jul 27 2015 04:23:37 UTC: ERROR(12536) [put.cc:191] [execute] - Not connected to cluster to put record
Jul 27 2015 04:23:37 UTC: ERROR(12536) [put.cc:191] [execute] - Not connected to cluster to put record
Jul 27 2015 04:23:37 UTC: ERROR(12536) [put.cc:191] [execute] - Not connected to cluster to put record
Jul 27 2015 04:23:37 UTC: ERROR(12536) [put.cc:191] [execute] - Not connected to cluster to put record
Jul 27 2015 04:23:37 UTC: ERROR(12536) [put.cc:191] [execute] - Not connected to cluster to put record
Jul 27 2015 04:23:37 UTC: ERROR(12536) [put.cc:191] [execute] - Not connected to cluster to put record
Jul 27 2015 04:23:37 UTC: ERROR(12536) [put.cc:191] [execute] - Not connected to cluster to put record
Jul 27 2015 04:23:37 UTC: ERROR(12536) [put.cc:191] [execute] - Not connected to cluster to put record
Jul 27 2015 04:23:37 UTC: ERROR(12536) [put.cc:191] [execute] - Not connected to cluster to put record
Jul 27 2015 04:23:37 UTC: ERROR(12536) [put.cc:191] [execute] - Not connected to cluster to put record
Jul 27 2015 04:23:37 UTC: ERROR(12536) [put.cc:191] [execute] - Not connected to cluster to put record
Jul 27 2015 04:23:37 UTC: ERROR(12536) [put.cc:191] [execute] - Not connected to cluster to put record
Jul 27 2015 04:23:37 UTC: ERROR(12536) [put.cc:191] [execute] - Not connected to cluster to put record
Jul 27 2015 04:23:37 UTC: ERROR(12536) [put.cc:191] [execute] - Not connected to cluster to put record
Jul 27 2015 04:23:37 UTC: ERROR(12536) [put.cc:191] [execute] - Not connected to cluster to put record
Jul 27 2015 04:23:37 UTC: ERROR(12536) [put.cc:191] [execute] - Not connected to cluster to put record
Jul 27 2015 04:23:37 UTC: ERROR(12536) [put.cc:191] [execute] - Not connected to cluster to put record
Jul 27 2015 04:23:37 UTC: ERROR(12536) [put.cc:191] [execute] - Not connected to cluster to put record
Jul 27 2015 04:23:37 UTC: ERROR(12536) [put.cc:191] [execute] - Not connected to cluster to put record
Jul 27 2015 04:23:37 UTC: ERROR(12536) [put.cc:191] [execute] - Not connected to cluster to put record
Jul 27 2015 04:23:37 UTC: ERROR(12536) [put.cc:191] [execute] - Not connected to cluster to put record
Jul 27 2015 04:23:37 UTC: ERROR(12536) [put.cc:191] [execute] - Not connected to cluster to put record
Jul 27 2015 04:23:37 UTC: ERROR(12536) [put.cc:191] [execute] - Not connected to cluster to put record
Jul 27 2015 04:23:37 UTC: ERROR(12536) [put.cc:191] [execute] - Not connected to cluster to put record
Jul 27 2015 04:23:37 UTC: ERROR(12536) [put.cc:191] [execute] - Not connected to cluster to put record
Jul 27 2015 04:23:37 UTC: ERROR(12536) [put.cc:191] [execute] - Not connected to cluster to put record
Jul 27 2015 04:23:37 UTC: ERROR(12536) [put.cc:191] [execute] - Not connected to cluster to put record
Jul 27 2015 04:23:37 UTC: ERROR(12536) [put.cc:191] [execute] - Not connected to cluster to put record
Jul 27 2015 04:23:37 UTC: ERROR(12536) [put.cc:191] [execute] - Not connected to cluster to put record
Jul 27 2015 04:23:37 UTC: ERROR(12536) [put.cc:191] [execute] - Not connected to cluster to put record
Jul 27 2015 04:23:37 UTC: ERROR(12536) [put.cc:191] [execute] - Not connected to cluster to put record
Jul 27 2015 04:23:37 UTC: ERROR(12536) [put.cc:191] [execute] - Not connected to cluster to put record
Jul 27 2015 04:23:37 UTC: ERROR(12536) [put.cc:191] [execute] - Not connected to cluster to put record
Jul 27 2015 04:23:37 UTC: ERROR(12536) [put.cc:191] [execute] - Not connected to cluster to put record
Jul 27 2015 04:23:37 UTC: ERROR(12536) [put.cc:191] [execute] - Not connected to cluster to put record
Jul 27 2015 04:23:37 UTC: ERROR(12536) [put.cc:191] [execute] - Not connected to cluster to put record
Jul 27 2015 04:23:37 UTC: ERROR(12536) [put.cc:191] [execute] - Not connected to cluster to put record
Jul 27 2015 04:23:37 UTC: ERROR(12536) [put.cc:191] [execute] - Not connected to cluster to put record
Jul 27 2015 04:23:37 UTC: ERROR(12536) [put.cc:191] [execute] - Not connected to cluster to put record
Jul 27 2015 04:23:37 UTC: ERROR(12536) [put.cc:191] [execute] - Not connected to cluster to put record
Jul 27 2015 04:23:37 UTC: ERROR(12536) [put.cc:191] [execute] - Not connected to cluster to put record
Jul 27 2015 04:23:37 UTC: ERROR(12536) [put.cc:191] [execute] - Not connected to cluster to put record
Jul 27 2015 04:23:37 UTC: ERROR(12536) [put.cc:191] [execute] - Not connected to cluster to put record
Jul 27 2015 04:23:37 UTC: ERROR(12536) [put.cc:191] [execute] - Not connected to cluster to put record
Jul 27 2015 04:23:37 UTC: ERROR(12536) [put.cc:191] [execute] - Not connected to cluster to put record
Jul 27 2015 04:23:37 UTC: ERROR(12536) [put.cc:191] [execute] - Not connected to cluster to put record
Jul 27 2015 04:23:37 UTC: ERROR(12536) [put.cc:191] [execute] - Not connected to cluster to put record
Jul 27 2015 04:23:37 UTC: ERROR(12536) [put.cc:191] [execute] - Not connected to cluster to put record
Jul 27 2015 04:23:37 UTC: ERROR(12536) [put.cc:191] [execute] - Not connected to cluster to put record
Jul 27 2015 04:23:37 UTC: ERROR(12536) [put.cc:191] [execute] - Not connected to cluster to put record
Jul 27 2015 04:23:37 UTC: ERROR(12536) [put.cc:191] [execute] - Not connected to cluster to put record
Jul 27 2015 04:23:37 UTC: ERROR(12536) [put.cc:191] [execute] - Not connected to cluster to put record
Jul 27 2015 04:23:37 UTC: ERROR(12536) [put.cc:191] [execute] - Not connected to cluster to put record
Jul 27 2015 04:23:37 UTC: ERROR(12536) [put.cc:191] [execute] - Not connected to cluster to put record
Jul 27 2015 04:23:37 UTC: ERROR(12536) [put.cc:191] [execute] - Not connected to cluster to put record
Jul 27 2015 04:23:37 UTC: ERROR(12536) [put.cc:191] [execute] - Not connected to cluster to put record
Jul 27 2015 04:23:37 UTC: ERROR(12536) [put.cc:191] [execute] - Not connected to cluster to put record
Jul 27 2015 04:23:37 UTC: ERROR(12536) [put.cc:191] [execute] - Not connected to cluster to put record
Jul 27 2015 04:23:37 UTC: ERROR(12536) [put.cc:191] [execute] - Not connected to cluster to put record
Jul 27 2015 04:23:37 UTC: ERROR(12536) [put.cc:191] [execute] - Not connected to cluster to put record
Jul 27 2015 04:23:37 UTC: ERROR(12536) [put.cc:191] [execute] - Not connected to cluster to put record
Jul 27 2015 04:23:37 UTC: ERROR(12536) [put.cc:191] [execute] - Not connected to cluster to put record
Jul 27 2015 04:23:37 UTC: ERROR(12536) [put.cc:191] [execute] - Not connected to cluster to put record
Jul 27 2015 04:23:37 UTC: ERROR(12536) [put.cc:191] [execute] - Not connected to cluster to put record
Jul 27 2015 04:23:37 UTC: ERROR(12536) [put.cc:191] [execute] - Not connected to cluster to put record
Jul 27 2015 04:23:37 UTC: ERROR(12536) [put.cc:191] [execute] - Not connected to cluster to put record
Jul 27 2015 04:23:37 UTC: ERROR(12536) [put.cc:191] [execute] - Not connected to cluster to put record
Jul 27 2015 04:23:37 UTC: ERROR(12536) [put.cc:191] [execute] - Not connected to cluster to put record
Jul 27 2015 04:23:37 UTC: ERROR(12536) [put.cc:191] [execute] - Not connected to cluster to put record
Jul 27 2015 04:23:37 UTC: ERROR(12536) [put.cc:191] [execute] - Not connected to cluster to put record
Jul 27 2015 04:23:37 UTC: ERROR(12536) [put.cc:191] [execute] - Not connected to cluster to put record
Jul 27 2015 04:23:37 UTC: ERROR(12536) [put.cc:191] [execute] - Not connected to cluster to put record
Jul 27 2015 04:23:37 UTC: ERROR(12536) [put.cc:191] [execute] - Not connected to cluster to put record
Jul 27 2015 04:23:37 UTC: ERROR(12536) [put.cc:191] [execute] - Not connected to cluster to put record
Jul 27 2015 04:23:37 UTC: ERROR(12536) [put.cc:191] [execute] - Not connected to cluster to put record
Jul 27 2015 04:23:37 UTC: ERROR(12536) [put.cc:191] [execute] - Not connected to cluster to put record
Jul 27 2015 04:23:37 UTC: ERROR(12536) [put.cc:191] [execute] - Not connected to cluster to put record
Jul 27 2015 04:23:37 UTC: ERROR(12536) [put.cc:191] [execute] - Not connected to cluster to put record
Jul 27 2015 04:23:37 UTC: ERROR(12536) [put.cc:191] [execute] - Not connected to cluster to put record
Jul 27 2015 04:23:37 UTC: ERROR(12536) [put.cc:191] [execute] - Not connected to cluster to put record
Jul 27 2015 04:23:37 UTC: ERROR(12536) [put.cc:191] [execute] - Not connected to cluster to put record
Jul 27 2015 04:23:37 UTC: ERROR(12536) [put.cc:191] [execute] - Not connected to cluster to put record
Jul 27 2015 04:23:37 UTC: ERROR(12536) [put.cc:191] [execute] - Not connected to cluster to put record
Jul 27 2015 04:23:37 UTC: ERROR(12536) [put.cc:191] [execute] - Not connected to cluster to put record
Jul 27 2015 04:23:37 UTC: ERROR(12536) [put.cc:191] [execute] - Not connected to cluster to put record
Jul 27 2015 04:23:37 UTC: ERROR(12536) [put.cc:191] [execute] - Not connected to cluster to put record
Jul 27 2015 04:23:37 UTC: ERROR(12536) [put.cc:191] [execute] - Not connected to cluster to put record
Jul 27 2015 04:23:37 UTC: ERROR(12536) [put.cc:191] [execute] - Not connected to cluster to put record
Jul 27 2015 04:23:37 UTC: ERROR(12536) [put.cc:191] [execute] - Not connected to cluster to put record
Jul 27 2015 04:23:37 UTC: ERROR(12536) [put.cc:191] [execute] - Not connected to cluster to put record
Jul 27 2015 04:23:37 UTC: ERROR(12536) [put.cc:191] [execute] - Not connected to cluster to put record
Jul 27 2015 04:23:37 UTC: ERROR(12536) [put.cc:191] [execute] - Not connected to cluster to put record
Jul 27 2015 04:23:37 UTC: ERROR(12536) [put.cc:191] [execute] - Not connected to cluster to put record
Jul 27 2015 04:23:37 UTC: ERROR(12536) [put.cc:191] [execute] - Not connected to cluster to put record
Jul 27 2015 04:23:37 UTC: ERROR(12536) [put.cc:191] [execute] - Not connected to cluster to put record
Jul 27 2015 04:23:37 UTC: ERROR(12536) [put.cc:191] [execute] - Not connected to cluster to put record
Jul 27 2015 04:23:37 UTC: ERROR(12536) [put.cc:191] [execute] - Not connected to cluster to put record
Jul 27 2015 04:23:37 UTC: ERROR(12536) [put.cc:191] [execute] - Not connected to cluster to put record
Jul 27 2015 04:23:37 UTC: ERROR(12536) [put.cc:191] [execute] - Not connected to cluster to put record
Jul 27 2015 04:23:37 UTC: ERROR(12536) [put.cc:191] [execute] - Not connected to cluster to put record
Jul 27 2015 04:23:37 UTC: ERROR(12536) [put.cc:191] [execute] - Not connected to cluster to put record
Jul 27 2015 04:23:37 UTC: ERROR(12536) [put.cc:191] [execute] - Not connected to cluster to put record
Jul 27 2015 04:23:37 UTC: ERROR(12536) [put.cc:191] [execute] - Not connected to cluster to put record
Jul 27 2015 04:23:37 UTC: ERROR(12536) [put.cc:191] [execute] - Not connected to cluster to put record
Jul 27 2015 04:23:37 UTC: ERROR(12536) [put.cc:191] [execute] - Not connected to cluster to put record
Jul 27 2015 04:23:37 UTC: ERROR(12536) [put.cc:191] [execute] - Not connected to cluster to put record
Jul 27 2015 04:23:37 UTC: ERROR(12536) [put.cc:191] [execute] - Not connected to cluster to put record
Jul 27 2015 04:23:37 UTC: ERROR(12536) [put.cc:191] [execute] - Not connected to cluster to put record
Jul 27 2015 04:23:37 UTC: ERROR(12536) [put.cc:191] [execute] - Not connected to cluster to put record
Jul 27 2015 04:23:37 UTC: ERROR(12536) [put.cc:191] [execute] - Not connected to cluster to put record
Jul 27 2015 04:23:37 UTC: ERROR(12536) [put.cc:191] [execute] - Not connected to cluster to put record
Jul 27 2015 04:23:37 UTC: ERROR(12536) [put.cc:191] [execute] - Not connected to cluster to put record
Jul 27 2015 04:23:37 UTC: ERROR(12536) [put.cc:191] [execute] - Not connected to cluster to put record
Jul 27 2015 04:23:37 UTC: ERROR(12536) [put.cc:191] [execute] - Not connected to cluster to put record
Jul 27 2015 04:23:37 UTC: ERROR(12536) [put.cc:191] [execute] - Not connected to cluster to put record
Jul 27 2015 04:23:37 UTC: ERROR(12536) [put.cc:191] [execute] - Not connected to cluster to put record
Jul 27 2015 04:23:37 UTC: ERROR(12536) [put.cc:191] [execute] - Not connected to cluster to put record
Jul 27 2015 04:23:37 UTC: ERROR(12536) [put.cc:191] [execute] - Not connected to cluster to put record
Jul 27 2015 04:23:37 UTC: ERROR(12536) [put.cc:191] [execute] - Not connected to cluster to put record
Jul 27 2015 04:23:37 UTC: ERROR(12536) [put.cc:191] [execute] - Not connected to cluster to put record
Jul 27 2015 04:23:37 UTC: ERROR(12536) [put.cc:191] [execute] - Not connected to cluster to put record
Jul 27 2015 04:23:37 UTC: ERROR(12536) [put.cc:191] [execute] - Not connected to cluster to put record
Jul 27 2015 04:23:37 UTC: ERROR(12536) [put.cc:191] [execute] - Not connected to cluster to put record
Jul 27 2015 04:23:37 UTC: ERROR(12536) [put.cc:191] [execute] - Not connected to cluster to put record
Jul 27 2015 04:23:37 UTC: ERROR(12536) [put.cc:191] [execute] - Not connected to cluster to put record
Jul 27 2015 04:23:37 UTC: ERROR(12536) [put.cc:191] [execute] - Not connected to cluster to put record
Jul 27 2015 04:23:37 UTC: ERROR(12536) [put.cc:191] [execute] - Not connected to cluster to put record
Jul 27 2015 04:23:37 UTC: ERROR(12536) [put.cc:191] [execute] - Not connected to cluster to put record
Jul 27 2015 04:23:37 UTC: ERROR(12536) [put.cc:191] [execute] - Not connected to cluster to put record
Jul 27 2015 04:23:37 UTC: ERROR(12536) [put.cc:191] [execute] - Not connected to cluster to put record
Jul 27 2015 04:23:37 UTC: ERROR(12536) [put.cc:191] [execute] - Not connected to cluster to put record
Jul 27 2015 04:23:37 UTC: ERROR(12536) [put.cc:191] [execute] - Not connected to cluster to put record
Jul 27 2015 04:23:37 UTC: ERROR(12536) [put.cc:191] [execute] - Not connected to cluster to put record
Jul 27 2015 04:23:37 UTC: ERROR(12536) [put.cc:191] [execute] - Not connected to cluster to put record
Jul 27 2015 04:23:37 UTC: ERROR(12536) [put.cc:191] [execute] - Not connected to cluster to put record
Jul 27 2015 04:23:37 UTC: ERROR(12536) [put.cc:191] [execute] - Not connected to cluster to put record
Jul 27 2015 04:23:37 UTC: ERROR(12536) [put.cc:191] [execute] - Not connected to cluster to put record
Jul 27 2015 04:23:37 UTC: ERROR(12536) [put.cc:191] [execute] - Not connected to cluster to put record
Jul 27 2015 04:23:37 UTC: ERROR(12536) [put.cc:191] [execute] - Not connected to cluster to put record
Jul 27 2015 04:23:37 UTC: ERROR(12536) [put.cc:191] [execute] - Not connected to cluster to put record
Jul 27 2015 04:23:37 UTC: ERROR(12536) [put.cc:191] [execute] - Not connected to cluster to put record
Jul 27 2015 04:23:37 UTC: ERROR(12536) [put.cc:191] [execute] - Not connected to cluster to put record
Jul 27 2015 04:23:37 UTC: ERROR(12536) [put.cc:191] [execute] - Not connected to cluster to put record
Jul 27 2015 04:23:37 UTC: ERROR(12536) [put.cc:191] [execute] - Not connected to cluster to put record
Jul 27 2015 04:23:37 UTC: ERROR(12536) [put.cc:191] [execute] - Not connected to cluster to put record
Jul 27 2015 04:23:37 UTC: ERROR(12536) [put.cc:191] [execute] - Not connected to cluster to put record
Jul 27 2015 04:23:37 UTC: ERROR(12536) [put.cc:191] [execute] - Not connected to cluster to put record
Jul 27 2015 04:23:37 UTC: ERROR(12536) [put.cc:191] [execute] - Not connected to cluster to put record
Jul 27 2015 04:23:37 UTC: ERROR(12536) [put.cc:191] [execute] - Not connected to cluster to put record
Jul 27 2015 04:23:37 UTC: ERROR(12536) [put.cc:191] [execute] - Not connected to cluster to put record
Jul 27 2015 04:23:37 UTC: ERROR(12536) [put.cc:191] [execute] - Not connected to cluster to put record
Jul 27 2015 04:23:37 UTC: ERROR(12536) [put.cc:191] [execute] - Not connected to cluster to put record
Jul 27 2015 04:23:37 UTC: ERROR(12536) [put.cc:191] [execute] - Not connected to cluster to put record
Jul 27 2015 04:23:37 UTC: ERROR(12536) [put.cc:191] [execute] - Not connected to cluster to put record
Jul 27 2015 04:23:37 UTC: ERROR(12536) [put.cc:191] [execute] - Not connected to cluster to put record
Jul 27 2015 04:23:37 UTC: ERROR(12536) [put.cc:191] [execute] - Not connected to cluster to put record
Jul 27 2015 04:23:37 UTC: ERROR(12536) [put.cc:191] [execute] - Not connected to cluster to put record
Jul 27 2015 04:23:37 UTC: ERROR(12536) [put.cc:191] [execute] - Not connected to cluster to put record
Jul 27 2015 04:23:37 UTC: ERROR(12536) [put.cc:191] [execute] - Not connected to cluster to put record
Jul 27 2015 04:23:37 UTC: ERROR(12536) [put.cc:191] [execute] - Not connected to cluster to put record
Jul 27 2015 04:23:37 UTC: ERROR(12536) [put.cc:191] [execute] - Not connected to cluster to put record
Jul 27 2015 04:23:37 UTC: ERROR(12536) [put.cc:191] [execute] - Not connected to cluster to put record
Jul 27 2015 04:23:37 UTC: ERROR(12536) [put.cc:191] [execute] - Not connected to cluster to put record
Jul 27 2015 04:23:37 UTC: ERROR(12536) [put.cc:191] [execute] - Not connected to cluster to put record
Jul 27 2015 04:23:37 UTC: ERROR(12536) [put.cc:191] [execute] - Not connected to cluster to put record
Jul 27 2015 04:23:37 UTC: ERROR(12536) [put.cc:191] [execute] - Not connected to cluster to put record
Jul 27 2015 04:23:37 UTC: ERROR(12536) [put.cc:191] [execute] - Not connected to cluster to put record
Jul 27 2015 04:23:37 UTC: ERROR(12536) [put.cc:191] [execute] - Not connected to cluster to put record
Jul 27 2015 04:23:37 UTC: ERROR(12536) [put.cc:191] [execute] - Not connected to cluster to put record
Jul 27 2015 04:23:37 UTC: ERROR(12536) [put.cc:191] [execute] - Not connected to cluster to put record
Jul 27 2015 04:23:37 UTC: ERROR(12536) [put.cc:191] [execute] - Not connected to cluster to put record
Jul 27 2015 04:23:37 UTC: ERROR(12536) [put.cc:191] [execute] - Not connected to cluster to put record
Jul 27 2015 04:23:37 UTC: ERROR(12536) [put.cc:191] [execute] - Not connected to cluster to put record
Jul 27 2015 04:23:37 UTC: ERROR(12536) [put.cc:191] [execute] - Not connected to cluster to put record
Jul 27 2015 04:23:37 UTC: ERROR(12536) [put.cc:191] [execute] - Not connected to cluster to put record
Jul 27 2015 04:23:37 UTC: ERROR(12536) [put.cc:191] [execute] - Not connected to cluster to put record
Jul 27 2015 04:23:37 UTC: ERROR(12536) [put.cc:191] [execute] - Not connected to cluster to put record
Jul 27 2015 04:23:37 UTC: ERROR(12536) [put.cc:191] [execute] - Not connected to cluster to put record
Jul 27 2015 04:23:37 UTC: ERROR(12536) [put.cc:191] [execute] - Not connected to cluster to put record
Jul 27 2015 04:23:37 UTC: ERROR(12536) [put.cc:191] [execute] - Not connected to cluster to put record
Jul 27 2015 04:23:37 UTC: ERROR(12536) [put.cc:191] [execute] - Not connected to cluster to put record
Jul 27 2015 04:23:37 UTC: ERROR(12536) [put.cc:191] [execute] - Not connected to cluster to put record
Jul 27 2015 04:23:37 UTC: ERROR(12536) [put.cc:191] [execute] - Not connected to cluster to put record
Jul 27 2015 04:23:37 UTC: ERROR(12536) [put.cc:191] [execute] - Not connected to cluster to put record
Jul 27 2015 04:23:37 UTC: ERROR(12536) [put.cc:191] [execute] - Not connected to cluster to put record
Jul 27 2015 04:23:37 UTC: ERROR(12536) [put.cc:191] [execute] - Not connected to cluster to put record
Jul 27 2015 04:23:37 UTC: ERROR(12536) [put.cc:191] [execute] - Not connected to cluster to put record
Jul 27 2015 04:23:37 UTC: ERROR(12536) [put.cc:191] [execute] - Not connected to cluster to put record
Jul 27 2015 04:23:37 UTC: ERROR(12536) [put.cc:191] [execute] - Not connected to cluster to put record
Jul 27 2015 04:23:37 UTC: ERROR(12536) [put.cc:191] [execute] - Not connected to cluster to put record
Jul 27 2015 04:23:37 UTC: ERROR(12536) [put.cc:191] [execute] - Not connected to cluster to put record
Jul 27 2015 04:23:37 UTC: ERROR(12536) [put.cc:191] [execute] - Not connected to cluster to put record
Jul 27 2015 04:23:37 UTC: ERROR(12536) [put.cc:191] [execute] - Not connected to cluster to put record
Jul 27 2015 04:23:37 UTC: ERROR(12536) [put.cc:191] [execute] - Not connected to cluster to put record
Jul 27 2015 04:23:37 UTC: ERROR(12536) [put.cc:191] [execute] - Not connected to cluster to put record
Jul 27 2015 04:23:37 UTC: ERROR(12536) [put.cc:191] [execute] - Not connected to cluster to put record
Jul 27 2015 04:23:37 UTC: ERROR(12536) [put.cc:191] [execute] - Not connected to cluster to put record
Jul 27 2015 04:23:37 UTC: ERROR(12536) [put.cc:191] [execute] - Not connected to cluster to put record
Jul 27 2015 04:23:37 UTC: ERROR(12536) [put.cc:191] [execute] - Not connected to cluster to put record
Jul 27 2015 04:23:37 UTC: ERROR(12536) [put.cc:191] [execute] - Not connected to cluster to put record
Jul 27 2015 04:23:37 UTC: ERROR(12536) [put.cc:191] [execute] - Not connected to cluster to put record
Jul 27 2015 04:23:37 UTC: ERROR(12536) [put.cc:191] [execute] - Not connected to cluster to put record
Jul 27 2015 04:23:37 UTC: ERROR(12536) [put.cc:191] [execute] - Not connected to cluster to put record
Jul 27 2015 04:23:37 UTC: ERROR(12536) [put.cc:191] [execute] - Not connected to cluster to put record
Jul 27 2015 04:23:37 UTC: ERROR(12536) [put.cc:191] [execute] - Not connected to cluster to put record
Jul 27 2015 04:23:37 UTC: ERROR(12536) [put.cc:191] [execute] - Not connected to cluster to put record
Jul 27 2015 04:23:37 UTC: ERROR(12536) [put.cc:191] [execute] - Not connected to cluster to put record
Jul 27 2015 04:23:37 UTC: ERROR(12536) [put.cc:191] [execute] - Not connected to cluster to put record
Jul 27 2015 04:23:37 UTC: ERROR(12536) [put.cc:191] [execute] - Not connected to cluster to put record
Jul 27 2015 04:23:37 UTC: ERROR(12536) [put.cc:191] [execute] - Not connected to cluster to put record
Jul 27 2015 04:23:37 UTC: ERROR(12536) [put.cc:191] [execute] - Not connected to cluster to put record
Jul 27 2015 04:23:37 UTC: ERROR(12536) [put.cc:191] [execute] - Not connected to cluster to put record
Jul 27 2015 04:23:37 UTC: ERROR(12536) [put.cc:191] [execute] - Not connected to cluster to put record
Jul 27 2015 04:23:37 UTC: ERROR(12536) [put.cc:191] [execute] - Not connected to cluster to put record
Jul 27 2015 04:23:37 UTC: ERROR(12536) [put.cc:191] [execute] - Not connected to cluster to put record
Jul 27 2015 04:23:37 UTC: ERROR(12536) [put.cc:191] [execute] - Not connected to cluster to put record
Jul 27 2015 04:23:37 UTC: ERROR(12536) [put.cc:191] [execute] - Not connected to cluster to put record
Jul 27 2015 04:23:37 UTC: ERROR(12536) [put.cc:191] [execute] - Not connected to cluster to put record
Jul 27 2015 04:23:37 UTC: ERROR(12536) [put.cc:191] [execute] - Not connected to cluster to put record
Jul 27 2015 04:23:37 UTC: ERROR(12536) [put.cc:191] [execute] - Not connected to cluster to put record
Jul 27 2015 04:23:37 UTC: ERROR(12536) [put.cc:191] [execute] - Not connected to cluster to put record
Jul 27 2015 04:23:37 UTC: ERROR(12536) [put.cc:191] [execute] - Not connected to cluster to put record
Jul 27 2015 04:23:37 UTC: ERROR(12536) [put.cc:191] [execute] - Not connected to cluster to put record
Jul 27 2015 04:23:37 UTC: ERROR(12536) [put.cc:191] [execute] - Not connected to cluster to put record
Jul 27 2015 04:23:37 UTC: ERROR(12536) [put.cc:191] [execute] - Not connected to cluster to put record
Jul 27 2015 04:23:37 UTC: ERROR(12536) [put.cc:191] [execute] - Not connected to cluster to put record
Jul 27 2015 04:23:37 UTC: ERROR(12536) [put.cc:191] [execute] - Not connected to cluster to put record
Jul 27 2015 04:23:37 UTC: ERROR(12536) [put.cc:191] [execute] - Not connected to cluster to put record
Jul 27 2015 04:23:37 UTC: ERROR(12536) [put.cc:191] [execute] - Not connected to cluster to put record
Jul 27 2015 04:23:37 UTC: ERROR(12536) [put.cc:191] [execute] - Not connected to cluster to put record
Jul 27 2015 04:23:37 UTC: ERROR(12536) [put.cc:191] [execute] - Not connected to cluster to put record
Jul 27 2015 04:23:37 UTC: ERROR(12536) [put.cc:191] [execute] - Not connected to cluster to put record
Jul 27 2015 04:23:37 UTC: ERROR(12536) [put.cc:191] [execute] - Not connected to cluster to put record
Jul 27 2015 04:23:37 UTC: ERROR(12536) [put.cc:191] [execute] - Not connected to cluster to put record
Jul 27 2015 04:23:37 UTC: ERROR(12536) [put.cc:191] [execute] - Not connected to cluster to put record
Jul 27 2015 04:23:37 UTC: ERROR(12536) [put.cc:191] [execute] - Not connected to cluster to put record
Jul 27 2015 04:23:37 UTC: ERROR(12536) [put.cc:191] [execute] - Not connected to cluster to put record
Jul 27 2015 04:23:37 UTC: ERROR(12536) [put.cc:191] [execute] - Not connected to cluster to put record
Jul 27 2015 04:23:37 UTC: ERROR(12536) [put.cc:191] [execute] - Not connected to cluster to put record
Jul 27 2015 04:23:37 UTC: ERROR(12536) [put.cc:191] [execute] - Not connected to cluster to put record
Jul 27 2015 04:23:37 UTC: ERROR(12536) [put.cc:191] [execute] - Not connected to cluster to put record
Jul 27 2015 04:23:37 UTC: ERROR(12536) [put.cc:191] [execute] - Not connected to cluster to put record
Jul 27 2015 04:23:37 UTC: ERROR(12536) [put.cc:191] [execute] - Not connected to cluster to put record
Jul 27 2015 04:23:37 UTC: ERROR(12536) [put.cc:191] [execute] - Not connected to cluster to put record
Jul 27 2015 04:23:37 UTC: ERROR(12536) [put.cc:191] [execute] - Not connected to cluster to put record
Jul 27 2015 04:23:37 UTC: ERROR(12536) [put.cc:191] [execute] - Not connected to cluster to put record
Jul 27 2015 04:23:37 UTC: ERROR(12536) [put.cc:191] [execute] - Not connected to cluster to put record
Jul 27 2015 04:23:37 UTC: ERROR(12536) [put.cc:191] [execute] - Not connected to cluster to put record
Jul 27 2015 04:23:37 UTC: ERROR(12536) [put.cc:191] [execute] - Not connected to cluster to put record
Jul 27 2015 04:23:37 UTC: ERROR(12536) [put.cc:191] [execute] - Not connected to cluster to put record
Jul 27 2015 04:23:37 UTC: ERROR(12536) [put.cc:191] [execute] - Not connected to cluster to put record
Jul 27 2015 04:23:37 UTC: ERROR(12536) [put.cc:191] [execute] - Not connected to cluster to put record
Jul 27 2015 04:23:37 UTC: ERROR(12536) [put.cc:191] [execute] - Not connected to cluster to put record
Jul 27 2015 04:23:37 UTC: ERROR(12536) [put.cc:191] [execute] - Not connected to cluster to put record
Jul 27 2015 04:23:37 UTC: ERROR(12536) [put.cc:191] [execute] - Not connected to cluster to put record
Jul 27 2015 04:23:37 UTC: ERROR(12536) [put.cc:191] [execute] - Not connected to cluster to put record
Jul 27 2015 04:23:37 UTC: ERROR(12536) [put.cc:191] [execute] - Not connected to cluster to put record
Jul 27 2015 04:23:37 UTC: ERROR(12536) [put.cc:191] [execute] - Not connected to cluster to put record
Jul 27 2015 04:23:37 UTC: ERROR(12536) [put.cc:191] [execute] - Not connected to cluster to put record
Jul 27 2015 04:23:37 UTC: ERROR(12536) [put.cc:191] [execute] - Not connected to cluster to put record
Jul 27 2015 04:23:37 UTC: ERROR(12536) [put.cc:191] [execute] - Not connected to cluster to put record
Jul 27 2015 04:23:37 UTC: ERROR(12536) [put.cc:191] [execute] - Not connected to cluster to put record
Jul 27 2015 04:23:37 UTC: ERROR(12536) [put.cc:191] [execute] - Not connected to cluster to put record
Jul 27 2015 04:23:37 UTC: ERROR(12536) [put.cc:191] [execute] - Not connected to cluster to put record
Jul 27 2015 04:23:37 UTC: ERROR(12536) [put.cc:191] [execute] - Not connected to cluster to put record
Jul 27 2015 04:23:37 UTC: ERROR(12536) [put.cc:191] [execute] - Not connected to cluster to put record
Jul 27 2015 04:23:37 UTC: ERROR(12536) [put.cc:191] [execute] - Not connected to cluster to put record
Jul 27 2015 04:23:37 UTC: ERROR(12536) [put.cc:191] [execute] - Not connected to cluster to put record
Jul 27 2015 04:23:37 UTC: ERROR(12536) [put.cc:191] [execute] - Not connected to cluster to put record
Jul 27 2015 04:23:37 UTC: ERROR(12536) [put.cc:191] [execute] - Not connected to cluster to put record
Jul 27 2015 04:23:37 UTC: ERROR(12536) [put.cc:191] [execute] - Not connected to cluster to put record
Jul 27 2015 04:23:37 UTC: ERROR(12536) [put.cc:191] [execute] - Not connected to cluster to put record
Jul 27 2015 04:23:37 UTC: ERROR(12536) [put.cc:191] [execute] - Not connected to cluster to put record
Jul 27 2015 04:23:37 UTC: ERROR(12536) [put.cc:191] [execute] - Not connected to cluster to put record
Jul 27 2015 04:23:37 UTC: ERROR(12536) [put.cc:191] [execute] - Not connected to cluster to put record
Jul 27 2015 04:23:37 UTC: ERROR(12536) [put.cc:191] [execute] - Not connected to cluster to put record
Jul 27 2015 04:23:37 UTC: ERROR(12536) [put.cc:191] [execute] - Not connected to cluster to put record
Jul 27 2015 04:23:37 UTC: ERROR(12536) [put.cc:191] [execute] - Not connected to cluster to put record
Jul 27 2015 04:23:37 UTC: ERROR(12536) [put.cc:191] [execute] - Not connected to cluster to put record
Jul 27 2015 04:23:37 UTC: ERROR(12536) [put.cc:191] [execute] - Not connected to cluster to put record
Jul 27 2015 04:23:37 UTC: ERROR(12536) [put.cc:191] [execute] - Not connected to cluster to put record
Jul 27 2015 04:23:37 UTC: ERROR(12536) [put.cc:191] [execute] - Not connected to cluster to put record
Jul 27 2015 04:23:37 UTC: ERROR(12536) [put.cc:191] [execute] - Not connected to cluster to put record
Jul 27 2015 04:23:37 UTC: ERROR(12536) [put.cc:191] [execute] - Not connected to cluster to put record
Jul 27 2015 04:23:37 UTC: ERROR(12536) [put.cc:191] [execute] - Not connected to cluster to put record
Jul 27 2015 04:23:37 UTC: ERROR(12536) [put.cc:191] [execute] - Not connected to cluster to put record
Jul 27 2015 04:23:37 UTC: ERROR(12536) [put.cc:191] [execute] - Not connected to cluster to put record
Jul 27 2015 04:23:37 UTC: ERROR(12536) [put.cc:191] [execute] - Not connected to cluster to put record
Jul 27 2015 04:23:37 UTC: ERROR(12536) [put.cc:191] [execute] - Not connected to cluster to put record
Jul 27 2015 04:23:37 UTC: ERROR(12536) [put.cc:191] [execute] - Not connected to cluster to put record
Jul 27 2015 04:23:37 UTC: ERROR(12536) [put.cc:191] [execute] - Not connected to cluster to put record
Jul 27 2015 04:23:37 UTC: ERROR(12536) [put.cc:191] [execute] - Not connected to cluster to put record
Jul 27 2015 04:23:37 UTC: ERROR(12536) [put.cc:191] [execute] - Not connected to cluster to put record
Jul 27 2015 04:23:37 UTC: ERROR(12536) [put.cc:191] [execute] - Not connected to cluster to put record
Jul 27 2015 04:23:37 UTC: ERROR(12536) [put.cc:191] [execute] - Not connected to cluster to put record
Jul 27 2015 04:23:37 UTC: ERROR(12536) [put.cc:191] [execute] - Not connected to cluster to put record
Jul 27 2015 04:23:37 UTC: ERROR(12536) [put.cc:191] [execute] - Not connected to cluster to put record
Jul 27 2015 04:23:37 UTC: ERROR(12536) [put.cc:191] [execute] - Not connected to cluster to put record
Jul 27 2015 04:23:37 UTC: ERROR(12536) [put.cc:191] [execute] - Not connected to cluster to put record
Jul 27 2015 04:23:37 UTC: ERROR(12536) [put.cc:191] [execute] - Not connected to cluster to put record
Jul 27 2015 04:23:37 UTC: ERROR(12536) [put.cc:191] [execute] - Not connected to cluster to put record
Jul 27 2015 04:23:37 UTC: ERROR(12536) [put.cc:191] [execute] - Not connected to cluster to put record
Jul 27 2015 04:23:37 UTC: ERROR(12536) [put.cc:191] [execute] - Not connected to cluster to put record
Jul 27 2015 04:23:37 UTC: ERROR(12536) [put.cc:191] [execute] - Not connected to cluster to put record
Jul 27 2015 04:23:37 UTC: ERROR(12536) [put.cc:191] [execute] - Not connected to cluster to put record
Jul 27 2015 04:23:37 UTC: ERROR(12536) [put.cc:191] [execute] - Not connected to cluster to put record
Jul 27 2015 04:23:37 UTC: ERROR(12536) [put.cc:191] [execute] - Not connected to cluster to put record
Jul 27 2015 04:23:37 UTC: ERROR(12536) [put.cc:191] [execute] - Not connected to cluster to put record
Jul 27 2015 04:23:37 UTC: ERROR(12536) [put.cc:191] [execute] - Not connected to cluster to put record
Jul 27 2015 04:23:37 UTC: ERROR(12536) [put.cc:191] [execute] - Not connected to cluster to put record
Jul 27 2015 04:23:37 UTC: ERROR(12536) [put.cc:191] [execute] - Not connected to cluster to put record
Jul 27 2015 04:23:37 UTC: ERROR(12536) [put.cc:191] [execute] - Not connected to cluster to put record
Jul 27 2015 04:23:37 UTC: ERROR(12536) [put.cc:191] [execute] - Not connected to cluster to put record
Jul 27 2015 04:23:37 UTC: ERROR(12536) [put.cc:191] [execute] - Not connected to cluster to put record
Jul 27 2015 04:23:37 UTC: ERROR(12536) [put.cc:191] [execute] - Not connected to cluster to put record
Jul 27 2015 04:23:37 UTC: ERROR(12536) [put.cc:191] [execute] - Not connected to cluster to put record
Jul 27 2015 04:23:37 UTC: ERROR(12536) [put.cc:191] [execute] - Not connected to cluster to put record
Jul 27 2015 04:23:37 UTC: ERROR(12536) [put.cc:191] [execute] - Not connected to cluster to put record
Jul 27 2015 04:23:37 UTC: ERROR(12536) [put.cc:191] [execute] - Not connected to cluster to put record
Jul 27 2015 04:23:37 UTC: ERROR(12536) [put.cc:191] [execute] - Not connected to cluster to put record
Jul 27 2015 04:23:37 UTC: ERROR(12536) [put.cc:191] [execute] - Not connected to cluster to put record
Jul 27 2015 04:23:37 UTC: ERROR(12536) [put.cc:191] [execute] - Not connected to cluster to put record
Jul 27 2015 04:23:37 UTC: ERROR(12536) [put.cc:191] [execute] - Not connected to cluster to put record
Jul 27 2015 04:23:37 UTC: ERROR(12536) [put.cc:191] [execute] - Not connected to cluster to put record
Jul 27 2015 04:23:37 UTC: ERROR(12536) [put.cc:191] [execute] - Not connected to cluster to put record
Jul 27 2015 04:23:37 UTC: ERROR(12536) [put.cc:191] [execute] - Not connected to cluster to put record
Jul 27 2015 04:23:37 UTC: ERROR(12536) [put.cc:191] [execute] - Not connected to cluster to put record
Jul 27 2015 04:23:37 UTC: ERROR(12536) [put.cc:191] [execute] - Not connected to cluster to put record
Jul 27 2015 04:23:37 UTC: ERROR(12536) [put.cc:191] [execute] - Not connected to cluster to put record
Jul 27 2015 04:23:37 UTC: ERROR(12536) [put.cc:191] [execute] - Not connected to cluster to put record
Jul 27 2015 04:23:37 UTC: ERROR(12536) [put.cc:191] [execute] - Not connected to cluster to put record
Jul 27 2015 04:23:37 UTC: ERROR(12536) [put.cc:191] [execute] - Not connected to cluster to put record
Jul 27 2015 04:23:37 UTC: ERROR(12536) [put.cc:191] [execute] - Not connected to cluster to put record
Jul 27 2015 04:23:37 UTC: ERROR(12536) [put.cc:191] [execute] - Not connected to cluster to put record
Jul 27 2015 04:23:37 UTC: ERROR(12536) [put.cc:191] [execute] - Not connected to cluster to put record
Jul 27 2015 04:23:37 UTC: ERROR(12536) [put.cc:191] [execute] - Not connected to cluster to put record
Jul 27 2015 04:23:37 UTC: ERROR(12536) [put.cc:191] [execute] - Not connected to cluster to put record
Jul 27 2015 04:23:37 UTC: ERROR(12536) [put.cc:191] [execute] - Not connected to cluster to put record
Jul 27 2015 04:23:37 UTC: ERROR(12536) [put.cc:191] [execute] - Not connected to cluster to put record
Jul 27 2015 04:23:37 UTC: ERROR(12536) [put.cc:191] [execute] - Not connected to cluster to put record
Jul 27 2015 04:23:37 UTC: ERROR(12536) [put.cc:191] [execute] - Not connected to cluster to put record
Jul 27 2015 04:23:37 UTC: ERROR(12536) [put.cc:191] [execute] - Not connected to cluster to put record
Jul 27 2015 04:23:37 UTC: ERROR(12536) [put.cc:191] [execute] - Not connected to cluster to put record
Jul 27 2015 04:23:37 UTC: ERROR(12536) [put.cc:191] [execute] - Not connected to cluster to put record
Jul 27 2015 04:23:37 UTC: ERROR(12536) [put.cc:191] [execute] - Not connected to cluster to put record
Jul 27 2015 04:23:37 UTC: ERROR(12536) [put.cc:191] [execute] - Not connected to cluster to put record
Jul 27 2015 04:23:37 UTC: ERROR(12536) [put.cc:191] [execute] - Not connected to cluster to put record
Jul 27 2015 04:23:37 UTC: ERROR(12536) [put.cc:191] [execute] - Not connected to cluster to put record
Jul 27 2015 04:23:37 UTC: ERROR(12536) [put.cc:191] [execute] - Not connected to cluster to put record
Jul 27 2015 04:23:37 UTC: ERROR(12536) [put.cc:191] [execute] - Not connected to cluster to put record
Jul 27 2015 04:23:37 UTC: ERROR(12536) [put.cc:191] [execute] - Not connected to cluster to put record
Jul 27 2015 04:23:37 UTC: ERROR(12536) [put.cc:191] [execute] - Not connected to cluster to put record
Jul 27 2015 04:23:37 UTC: ERROR(12536) [put.cc:191] [execute] - Not connected to cluster to put record
Jul 27 2015 04:23:37 UTC: ERROR(12536) [put.cc:191] [execute] - Not connected to cluster to put record
Jul 27 2015 04:23:37 UTC: ERROR(12536) [put.cc:191] [execute] - Not connected to cluster to put record
Jul 27 2015 04:23:37 UTC: ERROR(12536) [put.cc:191] [execute] - Not connected to cluster to put record
Jul 27 2015 04:23:37 UTC: ERROR(12536) [put.cc:191] [execute] - Not connected to cluster to put record
Jul 27 2015 04:23:37 UTC: ERROR(12536) [put.cc:191] [execute] - Not connected to cluster to put record
Jul 27 2015 04:23:37 UTC: ERROR(12536) [put.cc:191] [execute] - Not connected to cluster to put record
Jul 27 2015 04:23:37 UTC: ERROR(12536) [put.cc:191] [execute] - Not connected to cluster to put record
Jul 27 2015 04:23:37 UTC: ERROR(12536) [put.cc:191] [execute] - Not connected to cluster to put record
Jul 27 2015 04:23:37 UTC: ERROR(12536) [put.cc:191] [execute] - Not connected to cluster to put record
Jul 27 2015 04:23:37 UTC: ERROR(12536) [put.cc:191] [execute] - Not connected to cluster to put record
Jul 27 2015 04:23:37 UTC: ERROR(12536) [put.cc:191] [execute] - Not connected to cluster to put record
Jul 27 2015 04:23:37 UTC: ERROR(12536) [put.cc:191] [execute] - Not connected to cluster to put record
Jul 27 2015 04:23:37 UTC: ERROR(12536) [put.cc:191] [execute] - Not connected to cluster to put record
Jul 27 2015 04:23:37 UTC: ERROR(12536) [put.cc:191] [execute] - Not connected to cluster to put record
Jul 27 2015 04:23:37 UTC: ERROR(12536) [put.cc:191] [execute] - Not connected to cluster to put record
Jul 27 2015 04:23:37 UTC: ERROR(12536) [put.cc:191] [execute] - Not connected to cluster to put record
Jul 27 2015 04:23:37 UTC: ERROR(12536) [put.cc:191] [execute] - Not connected to cluster to put record
Jul 27 2015 04:23:37 UTC: ERROR(12536) [put.cc:191] [execute] - Not connected to cluster to put record
Jul 27 2015 04:23:37 UTC: ERROR(12536) [put.cc:191] [execute] - Not connected to cluster to put record
Jul 27 2015 04:23:37 UTC: ERROR(12536) [put.cc:191] [execute] - Not connected to cluster to put record
Jul 27 2015 04:23:37 UTC: ERROR(12536) [put.cc:191] [execute] - Not connected to cluster to put record
Jul 27 2015 04:23:37 UTC: ERROR(12536) [put.cc:191] [execute] - Not connected to cluster to put record
Jul 27 2015 04:23:37 UTC: ERROR(12536) [put.cc:191] [execute] - Not connected to cluster to put record
Jul 27 2015 04:23:37 UTC: ERROR(12536) [put.cc:191] [execute] - Not connected to cluster to put record
Jul 27 2015 04:23:37 UTC: ERROR(12536) [put.cc:191] [execute] - Not connected to cluster to put record
Jul 27 2015 04:23:37 UTC: ERROR(12536) [put.cc:191] [execute] - Not connected to cluster to put record
Jul 27 2015 04:23:37 UTC: ERROR(12536) [put.cc:191] [execute] - Not connected to cluster to put record
Jul 27 2015 04:23:37 UTC: ERROR(12536) [put.cc:191] [execute] - Not connected to cluster to put record
Jul 27 2015 04:23:37 UTC: ERROR(12536) [put.cc:191] [execute] - Not connected to cluster to put record
Jul 27 2015 04:23:37 UTC: ERROR(12536) [put.cc:191] [execute] - Not connected to cluster to put record
Jul 27 2015 04:23:37 UTC: ERROR(12536) [put.cc:191] [execute] - Not connected to cluster to put record
Jul 27 2015 04:23:37 UTC: ERROR(12536) [put.cc:191] [execute] - Not connected to cluster to put record
Jul 27 2015 04:23:37 UTC: ERROR(12536) [put.cc:191] [execute] - Not connected to cluster to put record
Jul 27 2015 04:23:37 UTC: ERROR(12536) [put.cc:191] [execute] - Not connected to cluster to put record
Jul 27 2015 04:23:37 UTC: ERROR(12536) [put.cc:191] [execute] - Not connected to cluster to put record
Jul 27 2015 04:23:37 UTC: ERROR(12536) [put.cc:191] [execute] - Not connected to cluster to put record
Jul 27 2015 04:23:37 UTC: ERROR(12536) [put.cc:191] [execute] - Not connected to cluster to put record
Jul 27 2015 04:23:37 UTC: ERROR(12536) [put.cc:191] [execute] - Not connected to cluster to put record
Jul 27 2015 04:23:37 UTC: ERROR(12536) [put.cc:191] [execute] - Not connected to cluster to put record
Jul 27 2015 04:23:37 UTC: ERROR(12536) [put.cc:191] [execute] - Not connected to cluster to put record
Jul 27 2015 04:23:37 UTC: ERROR(12536) [put.cc:191] [execute] - Not connected to cluster to put record
Jul 27 2015 04:23:37 UTC: ERROR(12536) [put.cc:191] [execute] - Not connected to cluster to put record
Jul 27 2015 04:23:37 UTC: ERROR(12536) [put.cc:191] [execute] - Not connected to cluster to put record
Jul 27 2015 04:23:37 UTC: ERROR(12536) [put.cc:191] [execute] - Not connected to cluster to put record
Jul 27 2015 04:23:37 UTC: ERROR(12536) [put.cc:191] [execute] - Not connected to cluster to put record
Jul 27 2015 04:23:37 UTC: ERROR(12536) [put.cc:191] [execute] - Not connected to cluster to put record
Jul 27 2015 04:23:37 UTC: ERROR(12536) [put.cc:191] [execute] - Not connected to cluster to put record
Jul 27 2015 04:23:37 UTC: ERROR(12536) [put.cc:191] [execute] - Not connected to cluster to put record
Jul 27 2015 04:23:37 UTC: ERROR(12536) [put.cc:191] [execute] - Not connected to cluster to put record
Jul 27 2015 04:23:37 UTC: ERROR(12536) [put.cc:191] [execute] - Not connected to cluster to put record
Jul 27 2015 04:23:37 UTC: ERROR(12536) [put.cc:191] [execute] - Not connected to cluster to put record
Jul 27 2015 04:23:37 UTC: ERROR(12536) [put.cc:191] [execute] - Not connected to cluster to put record
Jul 27 2015 04:23:37 UTC: ERROR(12536) [put.cc:191] [execute] - Not connected to cluster to put record
Jul 27 2015 04:23:37 UTC: ERROR(12536) [put.cc:191] [execute] - Not connected to cluster to put record
Jul 27 2015 04:23:37 UTC: ERROR(12536) [put.cc:191] [execute] - Not connected to cluster to put record
Jul 27 2015 04:23:37 UTC: ERROR(12536) [put.cc:191] [execute] - Not connected to cluster to put record
Jul 27 2015 04:23:37 UTC: ERROR(12536) [put.cc:191] [execute] - Not connected to cluster to put record
Jul 27 2015 04:23:37 UTC: ERROR(12536) [put.cc:191] [execute] - Not connected to cluster to put record
Jul 27 2015 04:23:37 UTC: ERROR(12536) [put.cc:191] [execute] - Not connected to cluster to put record
Jul 27 2015 04:23:37 UTC: ERROR(12536) [put.cc:191] [execute] - Not connected to cluster to put record
Jul 27 2015 04:23:37 UTC: ERROR(12536) [put.cc:191] [execute] - Not connected to cluster to put record
Jul 27 2015 04:23:37 UTC: ERROR(12536) [put.cc:191] [execute] - Not connected to cluster to put record
Jul 27 2015 04:23:37 UTC: ERROR(12536) [put.cc:191] [execute] - Not connected to cluster to put record
Jul 27 2015 04:23:37 UTC: ERROR(12536) [put.cc:191] [execute] - Not connected to cluster to put record
Jul 27 2015 04:23:37 UTC: ERROR(12536) [put.cc:191] [execute] - Not connected to cluster to put record
Jul 27 2015 04:23:37 UTC: ERROR(12536) [put.cc:191] [execute] - Not connected to cluster to put record
Jul 27 2015 04:23:37 UTC: ERROR(12536) [put.cc:191] [execute] - Not connected to cluster to put record
Jul 27 2015 04:23:37 UTC: ERROR(12536) [put.cc:191] [execute] - Not connected to cluster to put record
Jul 27 2015 04:23:37 UTC: ERROR(12536) [put.cc:191] [execute] - Not connected to cluster to put record
Jul 27 2015 04:23:37 UTC: ERROR(12536) [put.cc:191] [execute] - Not connected to cluster to put record
Jul 27 2015 04:23:37 UTC: ERROR(12536) [put.cc:191] [execute] - Not connected to cluster to put record
Jul 27 2015 04:23:37 UTC: ERROR(12536) [put.cc:191] [execute] - Not connected to cluster to put record
Jul 27 2015 04:23:37 UTC: ERROR(12536) [put.cc:191] [execute] - Not connected to cluster to put record
Jul 27 2015 04:23:37 UTC: ERROR(12536) [put.cc:191] [execute] - Not connected to cluster to put record
Jul 27 2015 04:23:37 UTC: ERROR(12536) [put.cc:191] [execute] - Not connected to cluster to put record
Jul 27 2015 04:23:37 UTC: ERROR(12536) [put.cc:191] [execute] - Not connected to cluster to put record
Jul 27 2015 04:23:37 UTC: ERROR(12536) [put.cc:191] [execute] - Not connected to cluster to put record
Jul 27 2015 04:23:37 UTC: ERROR(12536) [put.cc:191] [execute] - Not connected to cluster to put record
Jul 27 2015 04:23:37 UTC: ERROR(12536) [put.cc:191] [execute] - Not connected to cluster to put record
Jul 27 2015 04:23:37 UTC: ERROR(12536) [put.cc:191] [execute] - Not connected to cluster to put record
Jul 27 2015 04:23:37 UTC: ERROR(12536) [put.cc:191] [execute] - Not connected to cluster to put record
Jul 27 2015 04:23:37 UTC: ERROR(12536) [put.cc:191] [execute] - Not connected to cluster to put record
Jul 27 2015 04:23:37 UTC: ERROR(12536) [put.cc:191] [execute] - Not connected to cluster to put record
Jul 27 2015 04:23:37 UTC: ERROR(12536) [put.cc:191] [execute] - Not connected to cluster to put record
Jul 27 2015 04:23:37 UTC: ERROR(12536) [put.cc:191] [execute] - Not connected to cluster to put record
Jul 27 2015 04:23:37 UTC: ERROR(12536) [put.cc:191] [execute] - Not connected to cluster to put record
Jul 27 2015 04:23:37 UTC: ERROR(12536) [put.cc:191] [execute] - Not connected to cluster to put record
Jul 27 2015 04:23:37 UTC: ERROR(12536) [put.cc:191] [execute] - Not connected to cluster to put record
Jul 27 2015 04:23:37 UTC: ERROR(12536) [put.cc:191] [execute] - Not connected to cluster to put record
Jul 27 2015 04:23:37 UTC: ERROR(12536) [put.cc:191] [execute] - Not connected to cluster to put record
Jul 27 2015 04:23:37 UTC: ERROR(12536) [put.cc:191] [execute] - Not connected to cluster to put record
Jul 27 2015 04:23:37 UTC: ERROR(12536) [put.cc:191] [execute] - Not connected to cluster to put record
Jul 27 2015 04:23:37 UTC: ERROR(12536) [put.cc:191] [execute] - Not connected to cluster to put record
Jul 27 2015 04:23:37 UTC: ERROR(12536) [put.cc:191] [execute] - Not connected to cluster to put record
Jul 27 2015 04:23:37 UTC: ERROR(12536) [put.cc:191] [execute] - Not connected to cluster to put record
Jul 27 2015 04:23:37 UTC: ERROR(12536) [put.cc:191] [execute] - Not connected to cluster to put record
Jul 27 2015 04:23:37 UTC: ERROR(12536) [put.cc:191] [execute] - Not connected to cluster to put record
Jul 27 2015 04:23:37 UTC: ERROR(12536) [put.cc:191] [execute] - Not connected to cluster to put record
Jul 27 2015 04:23:37 UTC: ERROR(12536) [put.cc:191] [execute] - Not connected to cluster to put record
Jul 27 2015 04:23:37 UTC: ERROR(12536) [put.cc:191] [execute] - Not connected to cluster to put record
Jul 27 2015 04:23:37 UTC: ERROR(12536) [put.cc:191] [execute] - Not connected to cluster to put record
Jul 27 2015 04:23:37 UTC: ERROR(12536) [put.cc:191] [execute] - Not connected to cluster to put record
Jul 27 2015 04:23:37 UTC: ERROR(12536) [put.cc:191] [execute] - Not connected to cluster to put record
Jul 27 2015 04:23:37 UTC: ERROR(12536) [put.cc:191] [execute] - Not connected to cluster to put record
Jul 27 2015 04:23:37 UTC: ERROR(12536) [put.cc:191] [execute] - Not connected to cluster to put record
Jul 27 2015 04:23:37 UTC: ERROR(12536) [put.cc:191] [execute] - Not connected to cluster to put record
Jul 27 2015 04:23:37 UTC: ERROR(12536) [put.cc:191] [execute] - Not connected to cluster to put record
Jul 27 2015 04:23:37 UTC: ERROR(12536) [put.cc:191] [execute] - Not connected to cluster to put record
Jul 27 2015 04:23:37 UTC: ERROR(12536) [put.cc:191] [execute] - Not connected to cluster to put record
Jul 27 2015 04:23:37 UTC: ERROR(12536) [put.cc:191] [execute] - Not connected to cluster to put record
Jul 27 2015 04:23:37 UTC: ERROR(12536) [put.cc:191] [execute] - Not connected to cluster to put record
Jul 27 2015 04:23:37 UTC: ERROR(12536) [put.cc:191] [execute] - Not connected to cluster to put record
Jul 27 2015 04:23:37 UTC: ERROR(12536) [put.cc:191] [execute] - Not connected to cluster to put record
Jul 27 2015 04:23:37 UTC: ERROR(12536) [put.cc:191] [execute] - Not connected to cluster to put record
Jul 27 2015 04:23:37 UTC: ERROR(12536) [put.cc:191] [execute] - Not connected to cluster to put record
Jul 27 2015 04:23:37 UTC: ERROR(12536) [put.cc:191] [execute] - Not connected to cluster to put record
Jul 27 2015 04:23:37 UTC: ERROR(12536) [put.cc:191] [execute] - Not connected to cluster to put record
Jul 27 2015 04:23:37 UTC: ERROR(12536) [put.cc:191] [execute] - Not connected to cluster to put record
Jul 27 2015 04:23:37 UTC: ERROR(12536) [put.cc:191] [execute] - Not connected to cluster to put record
Jul 27 2015 04:23:37 UTC: ERROR(12536) [put.cc:191] [execute] - Not connected to cluster to put record
Jul 27 2015 04:23:37 UTC: ERROR(12536) [put.cc:191] [execute] - Not connected to cluster to put record
Jul 27 2015 04:23:37 UTC: ERROR(12536) [put.cc:191] [execute] - Not connected to cluster to put record
Jul 27 2015 04:23:37 UTC: ERROR(12536) [put.cc:191] [execute] - Not connected to cluster to put record
Jul 27 2015 04:23:37 UTC: ERROR(12536) [put.cc:191] [execute] - Not connected to cluster to put record
Jul 27 2015 04:23:37 UTC: ERROR(12536) [put.cc:191] [execute] - Not connected to cluster to put record
Jul 27 2015 04:23:37 UTC: ERROR(12536) [put.cc:191] [execute] - Not connected to cluster to put record
Jul 27 2015 04:23:37 UTC: ERROR(12536) [put.cc:191] [execute] - Not connected to cluster to put record
Jul 27 2015 04:23:37 UTC: ERROR(12536) [put.cc:191] [execute] - Not connected to cluster to put record
Jul 27 2015 04:23:37 UTC: ERROR(12536) [put.cc:191] [execute] - Not connected to cluster to put record
Jul 27 2015 04:23:37 UTC: ERROR(12536) [put.cc:191] [execute] - Not connected to cluster to put record
Jul 27 2015 04:23:37 UTC: ERROR(12536) [put.cc:191] [execute] - Not connected to cluster to put record
Jul 27 2015 04:23:37 UTC: ERROR(12536) [put.cc:191] [execute] - Not connected to cluster to put record
Jul 27 2015 04:23:37 UTC: ERROR(12536) [put.cc:191] [execute] - Not connected to cluster to put record
Jul 27 2015 04:23:37 UTC: ERROR(12536) [put.cc:191] [execute] - Not connected to cluster to put record
Jul 27 2015 04:23:37 UTC: ERROR(12536) [put.cc:191] [execute] - Not connected to cluster to put record
Jul 27 2015 04:23:37 UTC: ERROR(12536) [put.cc:191] [execute] - Not connected to cluster to put record
Jul 27 2015 04:23:37 UTC: ERROR(12536) [put.cc:191] [execute] - Not connected to cluster to put record
Jul 27 2015 04:23:37 UTC: ERROR(12536) [put.cc:191] [execute] - Not connected to cluster to put record
Jul 27 2015 04:23:37 UTC: ERROR(12536) [put.cc:191] [execute] - Not connected to cluster to put record
Jul 27 2015 04:23:37 UTC: ERROR(12536) [put.cc:191] [execute] - Not connected to cluster to put record
Jul 27 2015 04:23:37 UTC: ERROR(12536) [put.cc:191] [execute] - Not connected to cluster to put record
Jul 27 2015 04:23:37 UTC: ERROR(12536) [put.cc:191] [execute] - Not connected to cluster to put record
Jul 27 2015 04:23:37 UTC: ERROR(12536) [put.cc:191] [execute] - Not connected to cluster to put record
Jul 27 2015 04:23:37 UTC: ERROR(12536) [put.cc:191] [execute] - Not connected to cluster to put record
Jul 27 2015 04:23:37 UTC: ERROR(12536) [put.cc:191] [execute] - Not connected to cluster to put record
Jul 27 2015 04:23:37 UTC: ERROR(12536) [put.cc:191] [execute] - Not connected to cluster to put record
Jul 27 2015 04:23:37 UTC: ERROR(12536) [put.cc:191] [execute] - Not connected to cluster to put record
Jul 27 2015 04:23:37 UTC: ERROR(12536) [put.cc:191] [execute] - Not connected to cluster to put record
Jul 27 2015 04:23:37 UTC: ERROR(12536) [put.cc:191] [execute] - Not connected to cluster to put record
Jul 27 2015 04:23:37 UTC: ERROR(12536) [put.cc:191] [execute] - Not connected to cluster to put record
Jul 27 2015 04:23:37 UTC: ERROR(12536) [put.cc:191] [execute] - Not connected to cluster to put record
Jul 27 2015 04:23:37 UTC: ERROR(12536) [put.cc:191] [execute] - Not connected to cluster to put record
Jul 27 2015 04:23:37 UTC: ERROR(12536) [put.cc:191] [execute] - Not connected to cluster to put record
Jul 27 2015 04:23:37 UTC: ERROR(12536) [put.cc:191] [execute] - Not connected to cluster to put record
Jul 27 2015 04:23:37 UTC: ERROR(12536) [put.cc:191] [execute] - Not connected to cluster to put record
Jul 27 2015 04:23:37 UTC: ERROR(12536) [put.cc:191] [execute] - Not connected to cluster to put record
Jul 27 2015 04:23:37 UTC: ERROR(12536) [put.cc:191] [execute] - Not connected to cluster to put record
Jul 27 2015 04:23:37 UTC: ERROR(12536) [put.cc:191] [execute] - Not connected to cluster to put record
Jul 27 2015 04:23:37 UTC: ERROR(12536) [put.cc:191] [execute] - Not connected to cluster to put record
Jul 27 2015 04:23:37 UTC: ERROR(12536) [put.cc:191] [execute] - Not connected to cluster to put record
Jul 27 2015 04:23:37 UTC: ERROR(12536) [put.cc:191] [execute] - Not connected to cluster to put record
Jul 27 2015 04:23:37 UTC: ERROR(12536) [put.cc:191] [execute] - Not connected to cluster to put record
Jul 27 2015 04:23:37 UTC: ERROR(12536) [put.cc:191] [execute] - Not connected to cluster to put record
Jul 27 2015 04:23:37 UTC: ERROR(12536) [put.cc:191] [execute] - Not connected to cluster to put record
Jul 27 2015 04:23:37 UTC: ERROR(12536) [put.cc:191] [execute] - Not connected to cluster to put record
Jul 27 2015 04:23:37 UTC: ERROR(12536) [put.cc:191] [execute] - Not connected to cluster to put record
Jul 27 2015 04:23:37 UTC: ERROR(12536) [put.cc:191] [execute] - Not connected to cluster to put record
Jul 27 2015 04:23:37 UTC: ERROR(12536) [put.cc:191] [execute] - Not connected to cluster to put record
Jul 27 2015 04:23:37 UTC: ERROR(12536) [put.cc:191] [execute] - Not connected to cluster to put record
Jul 27 2015 04:23:37 UTC: ERROR(12536) [put.cc:191] [execute] - Not connected to cluster to put record
Jul 27 2015 04:23:37 UTC: ERROR(12536) [put.cc:191] [execute] - Not connected to cluster to put record
Jul 27 2015 04:23:37 UTC: ERROR(12536) [put.cc:191] [execute] - Not connected to cluster to put record
Jul 27 2015 04:23:37 UTC: ERROR(12536) [put.cc:191] [execute] - Not connected to cluster to put record
Jul 27 2015 04:23:37 UTC: ERROR(12536) [put.cc:191] [execute] - Not connected to cluster to put record
Jul 27 2015 04:23:37 UTC: ERROR(12536) [put.cc:191] [execute] - Not connected to cluster to put record
Jul 27 2015 04:23:37 UTC: ERROR(12536) [put.cc:191] [execute] - Not connected to cluster to put record
Jul 27 2015 04:23:37 UTC: ERROR(12536) [put.cc:191] [execute] - Not connected to cluster to put record
Jul 27 2015 04:23:37 UTC: ERROR(12536) [put.cc:191] [execute] - Not connected to cluster to put record
Jul 27 2015 04:23:37 UTC: ERROR(12536) [put.cc:191] [execute] - Not connected to cluster to put record
Jul 27 2015 04:23:37 UTC: ERROR(12536) [put.cc:191] [execute] - Not connected to cluster to put record
Jul 27 2015 04:23:37 UTC: ERROR(12536) [put.cc:191] [execute] - Not connected to cluster to put record
Jul 27 2015 04:23:37 UTC: ERROR(12536) [put.cc:191] [execute] - Not connected to cluster to put record
Jul 27 2015 04:23:37 UTC: ERROR(12536) [put.cc:191] [execute] - Not connected to cluster to put record
Jul 27 2015 04:23:37 UTC: ERROR(12536) [put.cc:191] [execute] - Not connected to cluster to put record
Jul 27 2015 04:23:37 UTC: ERROR(12536) [put.cc:191] [execute] - Not connected to cluster to put record
Jul 27 2015 04:23:37 UTC: ERROR(12536) [put.cc:191] [execute] - Not connected to cluster to put record
Jul 27 2015 04:23:37 UTC: ERROR(12536) [put.cc:191] [execute] - Not connected to cluster to put record
Jul 27 2015 04:23:37 UTC: ERROR(12536) [put.cc:191] [execute] - Not connected to cluster to put record
Jul 27 2015 04:23:37 UTC: ERROR(12536) [put.cc:191] [execute] - Not connected to cluster to put record
Jul 27 2015 04:23:37 UTC: ERROR(12536) [put.cc:191] [execute] - Not connected to cluster to put record
Jul 27 2015 04:23:37 UTC: ERROR(12536) [put.cc:191] [execute] - Not connected to cluster to put record
Jul 27 2015 04:23:37 UTC: ERROR(12536) [put.cc:191] [execute] - Not connected to cluster to put record
Jul 27 2015 04:23:37 UTC: ERROR(12536) [put.cc:191] [execute] - Not connected to cluster to put record
Jul 27 2015 04:23:37 UTC: ERROR(12536) [put.cc:191] [execute] - Not connected to cluster to put record
Jul 27 2015 04:23:37 UTC: ERROR(12536) [put.cc:191] [execute] - Not connected to cluster to put record
Jul 27 2015 04:23:37 UTC: ERROR(12536) [put.cc:191] [execute] - Not connected to cluster to put record
Jul 27 2015 04:23:37 UTC: ERROR(12536) [put.cc:191] [execute] - Not connected to cluster to put record
Jul 27 2015 04:23:37 UTC: ERROR(12536) [put.cc:191] [execute] - Not connected to cluster to put record
Jul 27 2015 04:23:37 UTC: ERROR(12536) [put.cc:191] [execute] - Not connected to cluster to put record
Jul 27 2015 04:23:37 UTC: ERROR(12536) [put.cc:191] [execute] - Not connected to cluster to put record
Jul 27 2015 04:23:37 UTC: ERROR(12536) [put.cc:191] [execute] - Not connected to cluster to put record
Jul 27 2015 04:23:37 UTC: ERROR(12536) [put.cc:191] [execute] - Not connected to cluster to put record
Jul 27 2015 04:23:37 UTC: ERROR(12536) [put.cc:191] [execute] - Not connected to cluster to put record
Jul 27 2015 04:23:37 UTC: ERROR(12536) [put.cc:191] [execute] - Not connected to cluster to put record
Jul 27 2015 04:23:37 UTC: ERROR(12536) [put.cc:191] [execute] - Not connected to cluster to put record
Jul 27 2015 04:23:37 UTC: ERROR(12536) [put.cc:191] [execute] - Not connected to cluster to put record
Jul 27 2015 04:23:37 UTC: ERROR(12536) [put.cc:191] [execute] - Not connected to cluster to put record
Jul 27 2015 04:23:37 UTC: ERROR(12536) [put.cc:191] [execute] - Not connected to cluster to put record
Jul 27 2015 04:23:37 UTC: ERROR(12536) [put.cc:191] [execute] - Not connected to cluster to put record
Jul 27 2015 04:23:37 UTC: ERROR(12536) [put.cc:191] [execute] - Not connected to cluster to put record
Jul 27 2015 04:23:37 UTC: ERROR(12536) [put.cc:191] [execute] - Not connected to cluster to put record
Jul 27 2015 04:23:37 UTC: ERROR(12536) [put.cc:191] [execute] - Not connected to cluster to put record
Jul 27 2015 04:23:37 UTC: ERROR(12536) [put.cc:191] [execute] - Not connected to cluster to put record
Jul 27 2015 04:23:37 UTC: ERROR(12536) [put.cc:191] [execute] - Not connected to cluster to put record
Jul 27 2015 04:23:37 UTC: ERROR(12536) [put.cc:191] [execute] - Not connected to cluster to put record
Jul 27 2015 04:23:37 UTC: ERROR(12536) [put.cc:191] [execute] - Not connected to cluster to put record
Jul 27 2015 04:23:37 UTC: ERROR(12536) [put.cc:191] [execute] - Not connected to cluster to put record
Jul 27 2015 04:23:37 UTC: ERROR(12536) [put.cc:191] [execute] - Not connected to cluster to put record
Jul 27 2015 04:23:37 UTC: ERROR(12536) [put.cc:191] [execute] - Not connected to cluster to put record
Jul 27 2015 04:23:37 UTC: ERROR(12536) [put.cc:191] [execute] - Not connected to cluster to put record
Jul 27 2015 04:23:37 UTC: ERROR(12536) [put.cc:191] [execute] - Not connected to cluster to put record
Jul 27 2015 04:23:37 UTC: ERROR(12536) [put.cc:191] [execute] - Not connected to cluster to put record
Jul 27 2015 04:23:37 UTC: ERROR(12536) [put.cc:191] [execute] - Not connected to cluster to put record
Jul 27 2015 04:23:37 UTC: ERROR(12536) [put.cc:191] [execute] - Not connected to cluster to put record
Jul 27 2015 04:23:37 UTC: ERROR(12536) [put.cc:191] [execute] - Not connected to cluster to put record
Jul 27 2015 04:23:37 UTC: ERROR(12536) [put.cc:191] [execute] - Not connected to cluster to put record
Jul 27 2015 04:23:37 UTC: ERROR(12536) [put.cc:191] [execute] - Not connected to cluster to put record
Jul 27 2015 04:23:37 UTC: ERROR(12536) [put.cc:191] [execute] - Not connected to cluster to put record
Jul 27 2015 04:23:37 UTC: ERROR(12536) [put.cc:191] [execute] - Not connected to cluster to put record
Jul 27 2015 04:23:37 UTC: ERROR(12536) [put.cc:191] [execute] - Not connected to cluster to put record
Jul 27 2015 04:23:37 UTC: ERROR(12536) [put.cc:191] [execute] - Not connected to cluster to put record
Jul 27 2015 04:23:37 UTC: ERROR(12536) [put.cc:191] [execute] - Not connected to cluster to put record
Jul 27 2015 04:23:37 UTC: ERROR(12536) [put.cc:191] [execute] - Not connected to cluster to put record
Jul 27 2015 04:23:37 UTC: ERROR(12536) [put.cc:191] [execute] - Not connected to cluster to put record
Jul 27 2015 04:23:37 UTC: ERROR(12536) [put.cc:191] [execute] - Not connected to cluster to put record
Jul 27 2015 04:23:37 UTC: ERROR(12536) [put.cc:191] [execute] - Not connected to cluster to put record
Jul 27 2015 04:23:37 UTC: ERROR(12536) [put.cc:191] [execute] - Not connected to cluster to put record
Jul 27 2015 04:23:37 UTC: ERROR(12536) [put.cc:191] [execute] - Not connected to cluster to put record
Jul 27 2015 04:23:37 UTC: ERROR(12536) [put.cc:191] [execute] - Not connected to cluster to put record
Jul 27 2015 04:23:37 UTC: ERROR(12536) [put.cc:191] [execute] - Not connected to cluster to put record
Jul 27 2015 04:23:37 UTC: ERROR(12536) [put.cc:191] [execute] - Not connected to cluster to put record
Jul 27 2015 04:23:37 UTC: ERROR(12536) [put.cc:191] [execute] - Not connected to cluster to put record
Jul 27 2015 04:23:37 UTC: ERROR(12536) [put.cc:191] [execute] - Not connected to cluster to put record
Jul 27 2015 04:23:37 UTC: ERROR(12536) [put.cc:191] [execute] - Not connected to cluster to put record
Jul 27 2015 04:23:37 UTC: ERROR(12536) [put.cc:191] [execute] - Not connected to cluster to put record
Jul 27 2015 04:23:37 UTC: ERROR(12536) [put.cc:191] [execute] - Not connected to cluster to put record
Jul 27 2015 04:23:37 UTC: ERROR(12536) [put.cc:191] [execute] - Not connected to cluster to put record
Jul 27 2015 04:23:37 UTC: ERROR(12536) [put.cc:191] [execute] - Not connected to cluster to put record
Jul 27 2015 04:23:37 UTC: ERROR(12536) [put.cc:191] [execute] - Not connected to cluster to put record
Jul 27 2015 04:23:37 UTC: ERROR(12536) [put.cc:191] [execute] - Not connected to cluster to put record
Jul 27 2015 04:23:37 UTC: ERROR(12536) [put.cc:191] [execute] - Not connected to cluster to put record
Jul 27 2015 04:23:37 UTC: ERROR(12536) [put.cc:191] [execute] - Not connected to cluster to put record
Jul 27 2015 04:23:37 UTC: ERROR(12536) [put.cc:191] [execute] - Not connected to cluster to put record
Jul 27 2015 04:23:37 UTC: ERROR(12536) [put.cc:191] [execute] - Not connected to cluster to put record
Jul 27 2015 04:23:37 UTC: ERROR(12536) [put.cc:191] [execute] - Not connected to cluster to put record
Jul 27 2015 04:23:37 UTC: ERROR(12536) [put.cc:191] [execute] - Not connected to cluster to put record
Jul 27 2015 04:23:37 UTC: ERROR(12536) [put.cc:191] [execute] - Not connected to cluster to put record
Jul 27 2015 04:23:37 UTC: ERROR(12536) [put.cc:191] [execute] - Not connected to cluster to put record
Jul 27 2015 04:23:37 UTC: ERROR(12536) [put.cc:191] [execute] - Not connected to cluster to put record
Jul 27 2015 04:23:37 UTC: ERROR(12536) [put.cc:191] [execute] - Not connected to cluster to put record
Jul 27 2015 04:23:37 UTC: ERROR(12536) [put.cc:191] [execute] - Not connected to cluster to put record
Jul 27 2015 04:23:37 UTC: ERROR(12536) [put.cc:191] [execute] - Not connected to cluster to put record
Jul 27 2015 04:23:37 UTC: ERROR(12536) [put.cc:191] [execute] - Not connected to cluster to put record
Jul 27 2015 04:23:37 UTC: ERROR(12536) [put.cc:191] [execute] - Not connected to cluster to put record
Jul 27 2015 04:23:37 UTC: ERROR(12536) [put.cc:191] [execute] - Not connected to cluster to put record
Jul 27 2015 04:23:37 UTC: ERROR(12536) [put.cc:191] [execute] - Not connected to cluster to put record
Jul 27 2015 04:23:37 UTC: ERROR(12536) [put.cc:191] [execute] - Not connected to cluster to put record
Jul 27 2015 04:23:37 UTC: ERROR(12536) [put.cc:191] [execute] - Not connected to cluster to put record
Jul 27 2015 04:23:37 UTC: ERROR(12536) [put.cc:191] [execute] - Not connected to cluster to put record
Jul 27 2015 04:23:37 UTC: ERROR(12536) [put.cc:191] [execute] - Not connected to cluster to put record
Jul 27 2015 04:23:37 UTC: ERROR(12536) [put.cc:191] [execute] - Not connected to cluster to put record
Jul 27 2015 04:23:37 UTC: ERROR(12536) [put.cc:191] [execute] - Not connected to cluster to put record
Jul 27 2015 04:23:37 UTC: ERROR(12536) [put.cc:191] [execute] - Not connected to cluster to put record
Jul 27 2015 04:23:37 UTC: ERROR(12536) [put.cc:191] [execute] - Not connected to cluster to put record
Jul 27 2015 04:23:37 UTC: ERROR(12536) [put.cc:191] [execute] - Not connected to cluster to put record
Jul 27 2015 04:23:37 UTC: ERROR(12536) [put.cc:191] [execute] - Not connected to cluster to put record
Jul 27 2015 04:23:37 UTC: ERROR(12536) [put.cc:191] [execute] - Not connected to cluster to put record
Jul 27 2015 04:23:37 UTC: ERROR(12536) [put.cc:191] [execute] - Not connected to cluster to put record
Jul 27 2015 04:23:37 UTC: ERROR(12536) [put.cc:191] [execute] - Not connected to cluster to put record
Jul 27 2015 04:23:37 UTC: ERROR(12536) [put.cc:191] [execute] - Not connected to cluster to put record
Jul 27 2015 04:23:37 UTC: ERROR(12536) [put.cc:191] [execute] - Not connected to cluster to put record
Jul 27 2015 04:23:37 UTC: ERROR(12536) [put.cc:191] [execute] - Not connected to cluster to put record
Jul 27 2015 04:23:37 UTC: ERROR(12536) [put.cc:191] [execute] - Not connected to cluster to put record
Jul 27 2015 04:23:37 UTC: ERROR(12536) [put.cc:191] [execute] - Not connected to cluster to put record
Jul 27 2015 04:23:37 UTC: ERROR(12536) [put.cc:191] [execute] - Not connected to cluster to put record
Jul 27 2015 04:23:37 UTC: ERROR(12536) [put.cc:191] [execute] - Not connected to cluster to put record
Jul 27 2015 04:23:37 UTC: ERROR(12536) [put.cc:191] [execute] - Not connected to cluster to put record
Jul 27 2015 04:23:37 UTC: ERROR(12536) [put.cc:191] [execute] - Not connected to cluster to put record
Jul 27 2015 04:23:37 UTC: ERROR(12536) [put.cc:191] [execute] - Not connected to cluster to put record
Jul 27 2015 04:23:37 UTC: ERROR(12536) [put.cc:191] [execute] - Not connected to cluster to put record
Jul 27 2015 04:23:37 UTC: ERROR(12536) [put.cc:191] [execute] - Not connected to cluster to put record
Jul 27 2015 04:23:37 UTC: ERROR(12536) [put.cc:191] [execute] - Not connected to cluster to put record
Jul 27 2015 04:23:37 UTC: ERROR(12536) [put.cc:191] [execute] - Not connected to cluster to put record
Jul 27 2015 04:23:37 UTC: ERROR(12536) [put.cc:191] [execute] - Not connected to cluster to put record
Jul 27 2015 04:23:37 UTC: ERROR(12536) [put.cc:191] [execute] - Not connected to cluster to put record
Jul 27 2015 04:23:37 UTC: ERROR(12536) [put.cc:191] [execute] - Not connected to cluster to put record
Jul 27 2015 04:23:37 UTC: ERROR(12536) [put.cc:191] [execute] - Not connected to cluster to put record
Jul 27 2015 04:23:37 UTC: ERROR(12536) [put.cc:191] [execute] - Not connected to cluster to put record
Jul 27 2015 04:23:37 UTC: ERROR(12536) [put.cc:191] [execute] - Not connected to cluster to put record
Jul 27 2015 04:23:37 UTC: ERROR(12536) [put.cc:191] [execute] - Not connected to cluster to put record
Jul 27 2015 04:23:37 UTC: ERROR(12536) [put.cc:191] [execute] - Not connected to cluster to put record
Jul 27 2015 04:23:37 UTC: ERROR(12536) [put.cc:191] [execute] - Not connected to cluster to put record
Jul 27 2015 04:23:37 UTC: ERROR(12536) [put.cc:191] [execute] - Not connected to cluster to put record
Jul 27 2015 04:23:37 UTC: ERROR(12536) [put.cc:191] [execute] - Not connected to cluster to put record
Jul 27 2015 04:23:37 UTC: ERROR(12536) [put.cc:191] [execute] - Not connected to cluster to put record
Jul 27 2015 04:23:37 UTC: ERROR(12536) [put.cc:191] [execute] - Not connected to cluster to put record
Jul 27 2015 04:23:37 UTC: ERROR(12536) [put.cc:191] [execute] - Not connected to cluster to put record
Jul 27 2015 04:23:37 UTC: ERROR(12536) [put.cc:191] [execute] - Not connected to cluster to put record
Jul 27 2015 04:23:37 UTC: ERROR(12536) [put.cc:191] [execute] - Not connected to cluster to put record
Jul 27 2015 04:23:37 UTC: ERROR(12536) [put.cc:191] [execute] - Not connected to cluster to put record
Jul 27 2015 04:23:37 UTC: ERROR(12536) [put.cc:191] [execute] - Not connected to cluster to put record
Jul 27 2015 04:23:37 UTC: ERROR(12536) [put.cc:191] [execute] - Not connected to cluster to put record
Jul 27 2015 04:23:37 UTC: ERROR(12536) [put.cc:191] [execute] - Not connected to cluster to put record
Jul 27 2015 04:23:37 UTC: ERROR(12536) [put.cc:191] [execute] - Not connected to cluster to put record
Jul 27 2015 04:23:37 UTC: ERROR(12536) [put.cc:191] [execute] - Not connected to cluster to put record
Jul 27 2015 04:23:37 UTC: ERROR(12536) [put.cc:191] [execute] - Not connected to cluster to put record
Jul 27 2015 04:23:37 UTC: ERROR(12536) [put.cc:191] [execute] - Not connected to cluster to put record
Jul 27 2015 04:23:37 UTC: ERROR(12536) [put.cc:191] [execute] - Not connected to cluster to put record
Jul 27 2015 04:23:37 UTC: ERROR(12536) [put.cc:191] [execute] - Not connected to cluster to put record
Jul 27 2015 04:23:37 UTC: ERROR(12536) [put.cc:191] [execute] - Not connected to cluster to put record
Jul 27 2015 04:23:37 UTC: ERROR(12536) [put.cc:191] [execute] - Not connected to cluster to put record
Jul 27 2015 04:23:37 UTC: ERROR(12536) [put.cc:191] [execute] - Not connected to cluster to put record
Jul 27 2015 04:23:37 UTC: ERROR(12536) [put.cc:191] [execute] - Not connected to cluster to put record
Jul 27 2015 04:23:37 UTC: ERROR(12536) [put.cc:191] [execute] - Not connected to cluster to put record
Jul 27 2015 04:23:37 UTC: ERROR(12536) [put.cc:191] [execute] - Not connected to cluster to put record
Jul 27 2015 04:23:37 UTC: ERROR(12536) [put.cc:191] [execute] - Not connected to cluster to put record
Jul 27 2015 04:23:37 UTC: ERROR(12536) [put.cc:191] [execute] - Not connected to cluster to put record
Jul 27 2015 04:23:37 UTC: ERROR(12536) [put.cc:191] [execute] - Not connected to cluster to put record
Jul 27 2015 04:23:37 UTC: ERROR(12536) [put.cc:191] [execute] - Not connected to cluster to put record
Jul 27 2015 04:23:37 UTC: ERROR(12536) [put.cc:191] [execute] - Not connected to cluster to put record
Jul 27 2015 04:23:37 UTC: ERROR(12536) [put.cc:191] [execute] - Not connected to cluster to put record
Jul 27 2015 04:23:37 UTC: ERROR(12536) [put.cc:191] [execute] - Not connected to cluster to put record
Jul 27 2015 04:23:37 UTC: ERROR(12536) [put.cc:191] [execute] - Not connected to cluster to put record
Jul 27 2015 04:23:37 UTC: ERROR(12536) [put.cc:191] [execute] - Not connected to cluster to put record
Jul 27 2015 04:23:37 UTC: ERROR(12536) [put.cc:191] [execute] - Not connected to cluster to put record
Jul 27 2015 04:23:37 UTC: ERROR(12536) [put.cc:191] [execute] - Not connected to cluster to put record
Jul 27 2015 04:23:37 UTC: ERROR(12536) [put.cc:191] [execute] - Not connected to cluster to put record
Jul 27 2015 04:23:37 UTC: ERROR(12536) [put.cc:191] [execute] - Not connected to cluster to put record
Jul 27 2015 04:23:37 UTC: ERROR(12536) [put.cc:191] [execute] - Not connected to cluster to put record
Jul 27 2015 04:23:37 UTC: ERROR(12536) [put.cc:191] [execute] - Not connected to cluster to put record
Jul 27 2015 04:23:37 UTC: ERROR(12536) [put.cc:191] [execute] - Not connected to cluster to put record
Jul 27 2015 04:23:37 UTC: ERROR(12536) [put.cc:191] [execute] - Not connected to cluster to put record
Jul 27 2015 04:23:37 UTC: ERROR(12536) [put.cc:191] [execute] - Not connected to cluster to put record
Jul 27 2015 04:23:37 UTC: ERROR(12536) [put.cc:191] [execute] - Not connected to cluster to put record
Jul 27 2015 04:23:37 UTC: ERROR(12536) [put.cc:191] [execute] - Not connected to cluster to put record
Jul 27 2015 04:23:37 UTC: ERROR(12536) [put.cc:191] [execute] - Not connected to cluster to put record
Jul 27 2015 04:23:37 UTC: ERROR(12536) [put.cc:191] [execute] - Not connected to cluster to put record
Jul 27 2015 04:23:37 UTC: ERROR(12536) [put.cc:191] [execute] - Not connected to cluster to put record
Jul 27 2015 04:23:37 UTC: ERROR(12536) [put.cc:191] [execute] - Not connected to cluster to put record
Jul 27 2015 04:23:37 UTC: ERROR(12536) [put.cc:191] [execute] - Not connected to cluster to put record
Jul 27 2015 04:23:37 UTC: ERROR(12536) [put.cc:191] [execute] - Not connected to cluster to put record
Jul 27 2015 04:23:37 UTC: ERROR(12536) [put.cc:191] [execute] - Not connected to cluster to put record
Jul 27 2015 04:23:37 UTC: ERROR(12536) [put.cc:191] [execute] - Not connected to cluster to put record
Jul 27 2015 04:23:37 UTC: ERROR(12536) [put.cc:191] [execute] - Not connected to cluster to put record
Jul 27 2015 04:23:37 UTC: ERROR(12536) [put.cc:191] [execute] - Not connected to cluster to put record
Jul 27 2015 04:23:37 UTC: ERROR(12536) [put.cc:191] [execute] - Not connected to cluster to put record
Jul 27 2015 04:23:37 UTC: ERROR(12536) [put.cc:191] [execute] - Not connected to cluster to put record
Jul 27 2015 04:23:37 UTC: ERROR(12536) [put.cc:191] [execute] - Not connected to cluster to put record
Jul 27 2015 04:23:37 UTC: ERROR(12536) [put.cc:191] [execute] - Not connected to cluster to put record
Jul 27 2015 04:23:37 UTC: ERROR(12536) [put.cc:191] [execute] - Not connected to cluster to put record
Jul 27 2015 04:23:37 UTC: ERROR(12536) [put.cc:191] [execute] - Not connected to cluster to put record
Jul 27 2015 04:23:37 UTC: ERROR(12536) [put.cc:191] [execute] - Not connected to cluster to put record
Jul 27 2015 04:23:37 UTC: ERROR(12536) [put.cc:191] [execute] - Not connected to cluster to put record
Jul 27 2015 04:23:37 UTC: ERROR(12536) [put.cc:191] [execute] - Not connected to cluster to put record
Jul 27 2015 04:23:37 UTC: ERROR(12536) [put.cc:191] [execute] - Not connected to cluster to put record
Jul 27 2015 04:23:37 UTC: ERROR(12536) [put.cc:191] [execute] - Not connected to cluster to put record
Jul 27 2015 04:23:37 UTC: ERROR(12536) [put.cc:191] [execute] - Not connected to cluster to put record
Jul 27 2015 04:23:37 UTC: ERROR(12536) [put.cc:191] [execute] - Not connected to cluster to put record
Jul 27 2015 04:23:37 UTC: ERROR(12536) [put.cc:191] [execute] - Not connected to cluster to put record
Jul 27 2015 04:23:37 UTC: ERROR(12536) [put.cc:191] [execute] - Not connected to cluster to put record
Jul 27 2015 04:23:37 UTC: ERROR(12536) [put.cc:191] [execute] - Not connected to cluster to put record
Jul 27 2015 04:23:37 UTC: ERROR(12536) [put.cc:191] [execute] - Not connected to cluster to put record
Jul 27 2015 04:23:37 UTC: ERROR(12536) [put.cc:191] [execute] - Not connected to cluster to put record
Jul 27 2015 04:23:37 UTC: ERROR(12536) [put.cc:191] [execute] - Not connected to cluster to put record
Jul 27 2015 04:23:37 UTC: ERROR(12536) [put.cc:191] [execute] - Not connected to cluster to put record
Jul 27 2015 04:23:37 UTC: ERROR(12536) [put.cc:191] [execute] - Not connected to cluster to put record
Jul 27 2015 04:23:37 UTC: ERROR(12536) [put.cc:191] [execute] - Not connected to cluster to put record
Jul 27 2015 04:23:37 UTC: ERROR(12536) [put.cc:191] [execute] - Not connected to cluster to put record
Jul 27 2015 04:23:37 UTC: ERROR(12536) [put.cc:191] [execute] - Not connected to cluster to put record
Jul 27 2015 04:23:37 UTC: ERROR(12536) [put.cc:191] [execute] - Not connected to cluster to put record
Jul 27 2015 04:23:37 UTC: ERROR(12536) [put.cc:191] [execute] - Not connected to cluster to put record
Jul 27 2015 04:23:37 UTC: ERROR(12536) [connect.cc:69] [Connect] - Connecting to Cluster Failed
Jul 27 2015 04:23:37 UTC: ERROR(12536) [put.cc:191] [execute] - Not connected to cluster to put record
Jul 27 2015 04:23:37 UTC: ERROR(12536) [put.cc:191] [execute] - Not connected to cluster to put record
Jul 27 2015 04:23:37 UTC: ERROR(12536) [put.cc:191] [execute] - Not connected to cluster to put record
Jul 27 2015 04:23:37 UTC: ERROR(12536) [put.cc:191] [execute] - Not connected to cluster to put record
Jul 27 2015 04:23:37 UTC: ERROR(12536) [put.cc:191] [execute] - Not connected to cluster to put record
Jul 27 2015 04:23:37 UTC: ERROR(12536) [put.cc:191] [execute] - Not connected to cluster to put record
Jul 27 2015 04:23:37 UTC: ERROR(12536) [put.cc:191] [execute] - Not connected to cluster to put record
Jul 27 2015 04:23:37 UTC: ERROR(12536) [put.cc:191] [execute] - Not connected to cluster to put record
Jul 27 2015 04:23:37 UTC: ERROR(12536) [put.cc:191] [execute] - Not connected to cluster to put record
Jul 27 2015 04:23:37 UTC: ERROR(12536) [put.cc:191] [execute] - Not connected to cluster to put record
Jul 27 2015 04:23:37 UTC: ERROR(12536) [batch_select.cc:226] [execute] - Cluster Object is NULL, can't perform the operation
Jul 27 2015 04:23:37 UTC: ERROR(12536) [put.cc:191] [execute] - Not connected to cluster to put record
Jul 27 2015 04:23:37 UTC: ERROR(12536) [put.cc:191] [execute] - Not connected to cluster to put record
Jul 27 2015 04:23:37 UTC: ERROR(12536) [put.cc:191] [execute] - Not connected to cluster to put record
Jul 27 2015 04:23:37 UTC: ERROR(12536) [put.cc:191] [execute] - Not connected to cluster to put record
Jul 27 2015 04:23:37 UTC: ERROR(12536) [put.cc:191] [execute] - Not connected to cluster to put record
Jul 27 2015 04:23:37 UTC: ERROR(12536) [put.cc:191] [execute] - Not connected to cluster to put record
Jul 27 2015 04:23:37 UTC: ERROR(12536) [put.cc:191] [execute] - Not connected to cluster to put record
Jul 27 2015 04:23:37 UTC: ERROR(12536) [put.cc:191] [execute] - Not connected to cluster to put record
Jul 27 2015 04:23:37 UTC: ERROR(12536) [put.cc:191] [execute] - Not connected to cluster to put record
Jul 27 2015 04:23:37 UTC: ERROR(12536) [put.cc:191] [execute] - Not connected to cluster to put record
Jul 27 2015 04:23:37 UTC: ERROR(12536) [put.cc:191] [execute] - Not connected to cluster to put record
Jul 27 2015 04:23:37 UTC: ERROR(12536) [put.cc:191] [execute] - Not connected to cluster to put record
Jul 27 2015 04:23:37 UTC: ERROR(12536) [put.cc:191] [execute] - Not connected to cluster to put record
Jul 27 2015 04:23:37 UTC: ERROR(12536) [put.cc:191] [execute] - Not connected to cluster to put record
Jul 27 2015 04:23:37 UTC: ERROR(12536) [put.cc:191] [execute] - Not connected to cluster to put record
Jul 27 2015 04:23:37 UTC: ERROR(12536) [put.cc:191] [execute] - Not connected to cluster to put record
Jul 27 2015 04:23:37 UTC: ERROR(12536) [put.cc:191] [execute] - Not connected to cluster to put record
Jul 27 2015 04:23:37 UTC: ERROR(12536) [put.cc:191] [execute] - Not connected to cluster to put record
Jul 27 2015 04:23:37 UTC: ERROR(12536) [put.cc:191] [execute] - Not connected to cluster to put record
Jul 27 2015 04:23:37 UTC: ERROR(12536) [put.cc:191] [execute] - Not connected to cluster to put record
Jul 27 2015 04:23:37 UTC: ERROR(12536) [put.cc:191] [execute] - Not connected to cluster to put record
Jul 27 2015 04:23:37 UTC: ERROR(12536) [put.cc:191] [execute] - Not connected to cluster to put record
Jul 27 2015 04:23:37 UTC: ERROR(12536) [put.cc:191] [execute] - Not connected to cluster to put record
Jul 27 2015 04:23:37 UTC: ERROR(12536) [put.cc:191] [execute] - Not connected to cluster to put record
Jul 27 2015 04:23:37 UTC: ERROR(12536) [put.cc:191] [execute] - Not connected to cluster to put record
Jul 27 2015 04:23:37 UTC: ERROR(12536) [put.cc:191] [execute] - Not connected to cluster to put record
Jul 27 2015 04:23:37 UTC: ERROR(12536) [put.cc:191] [execute] - Not connected to cluster to put record
Jul 27 2015 04:23:37 UTC: ERROR(12536) [put.cc:191] [execute] - Not connected to cluster to put record
Jul 27 2015 04:23:37 UTC: ERROR(12536) [put.cc:191] [execute] - Not connected to cluster to put record
Jul 27 2015 04:23:37 UTC: ERROR(12536) [put.cc:191] [execute] - Not connected to cluster to put record
Jul 27 2015 04:23:37 UTC: ERROR(12536) [put.cc:191] [execute] - Not connected to cluster to put record
Jul 27 2015 04:23:37 UTC: ERROR(12536) [put.cc:191] [execute] - Not connected to cluster to put record
Jul 27 2015 04:23:37 UTC: ERROR(12536) [put.cc:191] [execute] - Not connected to cluster to put record
Jul 27 2015 04:23:37 UTC: ERROR(12536) [put.cc:191] [execute] - Not connected to cluster to put record
Jul 27 2015 04:23:37 UTC: ERROR(12536) [put.cc:191] [execute] - Not connected to cluster to put record
Jul 27 2015 04:23:37 UTC: ERROR(12536) [put.cc:191] [execute] - Not connected to cluster to put record
Jul 27 2015 04:23:37 UTC: ERROR(12536) [put.cc:191] [execute] - Not connected to cluster to put record
Jul 27 2015 04:23:37 UTC: ERROR(12536) [put.cc:191] [execute] - Not connected to cluster to put record
Jul 27 2015 04:23:37 UTC: ERROR(12536) [put.cc:191] [execute] - Not connected to cluster to put record
Jul 27 2015 04:23:37 UTC: ERROR(12536) [put.cc:191] [execute] - Not connected to cluster to put record
Jul 27 2015 04:23:37 UTC: ERROR(12536) [put.cc:191] [execute] - Not connected to cluster to put record
Jul 27 2015 04:23:37 UTC: ERROR(12536) [put.cc:191] [execute] - Not connected to cluster to put record
Jul 27 2015 04:23:37 UTC: ERROR(12536) [put.cc:191] [execute] - Not connected to cluster to put record
Jul 27 2015 04:23:37 UTC: ERROR(12536) [put.cc:191] [execute] - Not connected to cluster to put record
Jul 27 2015 04:23:37 UTC: ERROR(12536) [put.cc:191] [execute] - Not connected to cluster to put record
Jul 27 2015 04:23:37 UTC: ERROR(12536) [put.cc:191] [execute] - Not connected to cluster to put record
Jul 27 2015 04:23:37 UTC: ERROR(12536) [put.cc:191] [execute] - Not connected to cluster to put record
Jul 27 2015 04:23:37 UTC: ERROR(12536) [put.cc:191] [execute] - Not connected to cluster to put record
Jul 27 2015 04:23:37 UTC: ERROR(12536) [put.cc:191] [execute] - Not connected to cluster to put record
Jul 27 2015 04:23:37 UTC: ERROR(12536) [put.cc:191] [execute] - Not connected to cluster to put record
Jul 27 2015 04:23:37 UTC: ERROR(12536) [put.cc:191] [execute] - Not connected to cluster to put record
Jul 27 2015 04:23:37 UTC: ERROR(12536) [put.cc:191] [execute] - Not connected to cluster to put record
Jul 27 2015 04:23:37 UTC: ERROR(12536) [put.cc:191] [execute] - Not connected to cluster to put record
Jul 27 2015 04:23:37 UTC: ERROR(12536) [put.cc:191] [execute] - Not connected to cluster to put record
Jul 27 2015 04:23:37 UTC: ERROR(12536) [put.cc:191] [execute] - Not connected to cluster to put record
Jul 27 2015 04:23:37 UTC: ERROR(12536) [put.cc:191] [execute] - Not connected to cluster to put record
Jul 27 2015 04:23:37 UTC: ERROR(12536) [put.cc:191] [execute] - Not connected to cluster to put record
Jul 27 2015 04:23:37 UTC: ERROR(12536) [put.cc:191] [execute] - Not connected to cluster to put record
Jul 27 2015 04:23:37 UTC: ERROR(12536) [put.cc:191] [execute] - Not connected to cluster to put record
Jul 27 2015 04:23:37 UTC: ERROR(12536) [put.cc:191] [execute] - Not connected to cluster to put record
Jul 27 2015 04:23:37 UTC: ERROR(12536) [put.cc:191] [execute] - Not connected to cluster to put record
Jul 27 2015 04:23:37 UTC: ERROR(12536) [put.cc:191] [execute] - Not connected to cluster to put record
Jul 27 2015 04:23:37 UTC: ERROR(12536) [put.cc:191] [execute] - Not connected to cluster to put record
Jul 27 2015 04:23:37 UTC: ERROR(12536) [put.cc:191] [execute] - Not connected to cluster to put record
Jul 27 2015 04:23:37 UTC: ERROR(12536) [put.cc:191] [execute] - Not connected to cluster to put record
Jul 27 2015 04:23:37 UTC: ERROR(12536) [put.cc:191] [execute] - Not connected to cluster to put record
Jul 27 2015 04:23:37 UTC: ERROR(12536) [put.cc:191] [execute] - Not connected to cluster to put record
Jul 27 2015 04:23:37 UTC: ERROR(12536) [put.cc:191] [execute] - Not connected to cluster to put record
Jul 27 2015 04:23:37 UTC: ERROR(12536) [put.cc:191] [execute] - Not connected to cluster to put record
Jul 27 2015 04:23:37 UTC: ERROR(12536) [put.cc:191] [execute] - Not connected to cluster to put record
Jul 27 2015 04:23:37 UTC: ERROR(12536) [put.cc:191] [execute] - Not connected to cluster to put record
Jul 27 2015 04:23:37 UTC: ERROR(12536) [put.cc:191] [execute] - Not connected to cluster to put record
Jul 27 2015 04:23:37 UTC: ERROR(12536) [put.cc:191] [execute] - Not connected to cluster to put record
Jul 27 2015 04:23:37 UTC: ERROR(12536) [put.cc:191] [execute] - Not connected to cluster to put record
Jul 27 2015 04:23:37 UTC: ERROR(12536) [put.cc:191] [execute] - Not connected to cluster to put record
Jul 27 2015 04:23:37 UTC: ERROR(12536) [put.cc:191] [execute] - Not connected to cluster to put record
Jul 27 2015 04:23:37 UTC: ERROR(12536) [put.cc:191] [execute] - Not connected to cluster to put record
Jul 27 2015 04:23:37 UTC: ERROR(12536) [put.cc:191] [execute] - Not connected to cluster to put record
Jul 27 2015 04:23:37 UTC: ERROR(12536) [put.cc:191] [execute] - Not connected to cluster to put record
Jul 27 2015 04:23:37 UTC: ERROR(12536) [put.cc:191] [execute] - Not connected to cluster to put record
Jul 27 2015 04:23:37 UTC: ERROR(12536) [put.cc:191] [execute] - Not connected to cluster to put record
Jul 27 2015 04:23:37 UTC: ERROR(12536) [put.cc:191] [execute] - Not connected to cluster to put record
Jul 27 2015 04:23:37 UTC: ERROR(12536) [put.cc:191] [execute] - Not connected to cluster to put record
Jul 27 2015 04:23:37 UTC: ERROR(12536) [put.cc:191] [execute] - Not connected to cluster to put record
Jul 27 2015 04:23:37 UTC: ERROR(12536) [put.cc:191] [execute] - Not connected to cluster to put record
Jul 27 2015 04:23:37 UTC: ERROR(12536) [put.cc:191] [execute] - Not connected to cluster to put record
Jul 27 2015 04:23:37 UTC: ERROR(12536) [put.cc:191] [execute] - Not connected to cluster to put record
Jul 27 2015 04:23:37 UTC: ERROR(12536) [put.cc:191] [execute] - Not connected to cluster to put record
Jul 27 2015 04:23:37 UTC: ERROR(12536) [put.cc:191] [execute] - Not connected to cluster to put record
Jul 27 2015 04:23:37 UTC: ERROR(12536) [put.cc:191] [execute] - Not connected to cluster to put record
Jul 27 2015 04:23:37 UTC: ERROR(12536) [put.cc:191] [execute] - Not connected to cluster to put record
Jul 27 2015 04:23:37 UTC: ERROR(12536) [put.cc:191] [execute] - Not connected to cluster to put record
Jul 27 2015 04:23:37 UTC: ERROR(12536) [put.cc:191] [execute] - Not connected to cluster to put record
Jul 27 2015 04:23:37 UTC: ERROR(12536) [put.cc:191] [execute] - Not connected to cluster to put record
Jul 27 2015 04:23:37 UTC: ERROR(12536) [put.cc:191] [execute] - Not connected to cluster to put record
Jul 27 2015 04:23:37 UTC: ERROR(12536) [put.cc:191] [execute] - Not connected to cluster to put record
Jul 27 2015 04:23:37 UTC: ERROR(12536) [put.cc:191] [execute] - Not connected to cluster to put record
Jul 27 2015 04:23:37 UTC: ERROR(12536) [put.cc:191] [execute] - Not connected to cluster to put record
Jul 27 2015 04:23:37 UTC: ERROR(12536) [put.cc:191] [execute] - Not connected to cluster to put record
Jul 27 2015 04:23:37 UTC: ERROR(12536) [put.cc:191] [execute] - Not connected to cluster to put record
Jul 27 2015 04:23:37 UTC: ERROR(12536) [put.cc:191] [execute] - Not connected to cluster to put record
Jul 27 2015 04:23:37 UTC: ERROR(12536) [put.cc:191] [execute] - Not connected to cluster to put record
Jul 27 2015 04:23:37 UTC: ERROR(12536) [put.cc:191] [execute] - Not connected to cluster to put record
Jul 27 2015 04:23:37 UTC: ERROR(12536) [put.cc:191] [execute] - Not connected to cluster to put record
Jul 27 2015 04:23:37 UTC: ERROR(12536) [put.cc:191] [execute] - Not connected to cluster to put record
Jul 27 2015 04:23:37 UTC: ERROR(12536) [put.cc:191] [execute] - Not connected to cluster to put record
Jul 27 2015 04:23:37 UTC: ERROR(12536) [put.cc:191] [execute] - Not connected to cluster to put record
Jul 27 2015 04:23:37 UTC: ERROR(12536) [put.cc:191] [execute] - Not connected to cluster to put record
Jul 27 2015 04:23:37 UTC: ERROR(12536) [put.cc:191] [execute] - Not connected to cluster to put record
Jul 27 2015 04:23:37 UTC: ERROR(12536) [put.cc:191] [execute] - Not connected to cluster to put record
Jul 27 2015 04:23:37 UTC: ERROR(12536) [put.cc:191] [execute] - Not connected to cluster to put record
Jul 27 2015 04:23:37 UTC: ERROR(12536) [put.cc:191] [execute] - Not connected to cluster to put record
Jul 27 2015 04:23:37 UTC: ERROR(12536) [put.cc:191] [execute] - Not connected to cluster to put record
Jul 27 2015 04:23:37 UTC: ERROR(12536) [put.cc:191] [execute] - Not connected to cluster to put record
Jul 27 2015 04:23:37 UTC: ERROR(12536) [put.cc:191] [execute] - Not connected to cluster to put record
Jul 27 2015 04:23:37 UTC: ERROR(12536) [put.cc:191] [execute] - Not connected to cluster to put record
Jul 27 2015 04:23:37 UTC: ERROR(12536) [put.cc:191] [execute] - Not connected to cluster to put record
Jul 27 2015 04:23:37 UTC: ERROR(12536) [put.cc:191] [execute] - Not connected to cluster to put record
Jul 27 2015 04:23:37 UTC: ERROR(12536) [put.cc:191] [execute] - Not connected to cluster to put record
Jul 27 2015 04:23:37 UTC: ERROR(12536) [put.cc:191] [execute] - Not connected to cluster to put record
Jul 27 2015 04:23:37 UTC: ERROR(12536) [put.cc:191] [execute] - Not connected to cluster to put record
Jul 27 2015 04:23:37 UTC: ERROR(12536) [put.cc:191] [execute] - Not connected to cluster to put record
Jul 27 2015 04:23:37 UTC: ERROR(12536) [put.cc:191] [execute] - Not connected to cluster to put record
Jul 27 2015 04:23:37 UTC: ERROR(12536) [put.cc:191] [execute] - Not connected to cluster to put record
Jul 27 2015 04:23:37 UTC: ERROR(12536) [put.cc:191] [execute] - Not connected to cluster to put record
Jul 27 2015 04:23:37 UTC: ERROR(12536) [put.cc:191] [execute] - Not connected to cluster to put record
Jul 27 2015 04:23:37 UTC: ERROR(12536) [put.cc:191] [execute] - Not connected to cluster to put record
Jul 27 2015 04:23:37 UTC: ERROR(12536) [put.cc:191] [execute] - Not connected to cluster to put record
Jul 27 2015 04:23:37 UTC: ERROR(12536) [put.cc:191] [execute] - Not connected to cluster to put record
Jul 27 2015 04:23:37 UTC: ERROR(12536) [put.cc:191] [execute] - Not connected to cluster to put record
Jul 27 2015 04:23:37 UTC: ERROR(12536) [put.cc:191] [execute] - Not connected to cluster to put record
Jul 27 2015 04:23:37 UTC: ERROR(12536) [put.cc:191] [execute] - Not connected to cluster to put record
Jul 27 2015 04:23:37 UTC: ERROR(12536) [put.cc:191] [execute] - Not connected to cluster to put record
Jul 27 2015 04:23:37 UTC: ERROR(12536) [put.cc:191] [execute] - Not connected to cluster to put record
Jul 27 2015 04:23:37 UTC: ERROR(12536) [put.cc:191] [execute] - Not connected to cluster to put record
Jul 27 2015 04:23:37 UTC: ERROR(12536) [put.cc:191] [execute] - Not connected to cluster to put record
Jul 27 2015 04:23:37 UTC: ERROR(12536) [put.cc:191] [execute] - Not connected to cluster to put record
Jul 27 2015 04:23:37 UTC: ERROR(12536) [put.cc:191] [execute] - Not connected to cluster to put record
Jul 27 2015 04:23:37 UTC: ERROR(12536) [put.cc:191] [execute] - Not connected to cluster to put record
Jul 27 2015 04:23:37 UTC: ERROR(12536) [put.cc:191] [execute] - Not connected to cluster to put record
Jul 27 2015 04:23:37 UTC: ERROR(12536) [put.cc:191] [execute] - Not connected to cluster to put record
Jul 27 2015 04:23:37 UTC: ERROR(12536) [put.cc:191] [execute] - Not connected to cluster to put record
Jul 27 2015 04:23:37 UTC: ERROR(12536) [put.cc:191] [execute] - Not connected to cluster to put record
Jul 27 2015 04:23:37 UTC: ERROR(12536) [put.cc:191] [execute] - Not connected to cluster to put record
Jul 27 2015 04:23:37 UTC: ERROR(12536) [put.cc:191] [execute] - Not connected to cluster to put record
Jul 27 2015 04:23:37 UTC: ERROR(12536) [put.cc:191] [execute] - Not connected to cluster to put record
Jul 27 2015 04:23:37 UTC: ERROR(12536) [put.cc:191] [execute] - Not connected to cluster to put record
Jul 27 2015 04:23:37 UTC: ERROR(12536) [put.cc:191] [execute] - Not connected to cluster to put record
Jul 27 2015 04:23:37 UTC: ERROR(12536) [put.cc:191] [execute] - Not connected to cluster to put record
Jul 27 2015 04:23:37 UTC: ERROR(12536) [put.cc:191] [execute] - Not connected to cluster to put record
Jul 27 2015 04:23:37 UTC: ERROR(12536) [put.cc:191] [execute] - Not connected to cluster to put record
Jul 27 2015 04:23:37 UTC: ERROR(12536) [put.cc:191] [execute] - Not connected to cluster to put record
Jul 27 2015 04:23:37 UTC: ERROR(12536) [put.cc:191] [execute] - Not connected to cluster to put record
Jul 27 2015 04:23:37 UTC: ERROR(12536) [put.cc:191] [execute] - Not connected to cluster to put record
Jul 27 2015 04:23:37 UTC: ERROR(12536) [put.cc:191] [execute] - Not connected to cluster to put record
Jul 27 2015 04:23:37 UTC: ERROR(12536) [put.cc:191] [execute] - Not connected to cluster to put record
Jul 27 2015 04:23:37 UTC: ERROR(12536) [put.cc:191] [execute] - Not connected to cluster to put record
Jul 27 2015 04:23:37 UTC: ERROR(12536) [put.cc:191] [execute] - Not connected to cluster to put record
Jul 27 2015 04:23:37 UTC: ERROR(12536) [put.cc:191] [execute] - Not connected to cluster to put record
Jul 27 2015 04:23:37 UTC: ERROR(12536) [put.cc:191] [execute] - Not connected to cluster to put record
Jul 27 2015 04:23:37 UTC: ERROR(12536) [put.cc:191] [execute] - Not connected to cluster to put record
Jul 27 2015 04:23:37 UTC: ERROR(12536) [put.cc:191] [execute] - Not connected to cluster to put record
Jul 27 2015 04:23:37 UTC: ERROR(12536) [put.cc:191] [execute] - Not connected to cluster to put record
Jul 27 2015 04:23:37 UTC: ERROR(12536) [put.cc:191] [execute] - Not connected to cluster to put record
Jul 27 2015 04:23:37 UTC: ERROR(12536) [put.cc:191] [execute] - Not connected to cluster to put record
Jul 27 2015 04:23:37 UTC: ERROR(12536) [put.cc:191] [execute] - Not connected to cluster to put record
Jul 27 2015 04:23:37 UTC: ERROR(12536) [put.cc:191] [execute] - Not connected to cluster to put record
Jul 27 2015 04:23:37 UTC: ERROR(12536) [put.cc:191] [execute] - Not connected to cluster to put record
Jul 27 2015 04:23:37 UTC: ERROR(12536) [put.cc:191] [execute] - Not connected to cluster to put record
Jul 27 2015 04:23:37 UTC: ERROR(12536) [put.cc:191] [execute] - Not connected to cluster to put record
Jul 27 2015 04:23:37 UTC: ERROR(12536) [put.cc:191] [execute] - Not connected to cluster to put record
Jul 27 2015 04:23:37 UTC: ERROR(12536) [put.cc:191] [execute] - Not connected to cluster to put record
Jul 27 2015 04:23:37 UTC: ERROR(12536) [put.cc:191] [execute] - Not connected to cluster to put record
Jul 27 2015 04:23:37 UTC: ERROR(12536) [put.cc:191] [execute] - Not connected to cluster to put record
Jul 27 2015 04:23:37 UTC: ERROR(12536) [put.cc:191] [execute] - Not connected to cluster to put record
Jul 27 2015 04:23:37 UTC: ERROR(12536) [put.cc:191] [execute] - Not connected to cluster to put record
Jul 27 2015 04:23:37 UTC: ERROR(12536) [put.cc:191] [execute] - Not connected to cluster to put record
Jul 27 2015 04:23:37 UTC: ERROR(12536) [put.cc:191] [execute] - Not connected to cluster to put record
Jul 27 2015 04:23:37 UTC: ERROR(12536) [put.cc:191] [execute] - Not connected to cluster to put record
Jul 27 2015 04:23:37 UTC: ERROR(12536) [put.cc:191] [execute] - Not connected to cluster to put record
Jul 27 2015 04:23:37 UTC: ERROR(12536) [put.cc:191] [execute] - Not connected to cluster to put record
Jul 27 2015 04:23:37 UTC: ERROR(12536) [put.cc:191] [execute] - Not connected to cluster to put record
Jul 27 2015 04:23:37 UTC: ERROR(12536) [put.cc:191] [execute] - Not connected to cluster to put record
Jul 27 2015 04:23:37 UTC: ERROR(12536) [put.cc:191] [execute] - Not connected to cluster to put record
Jul 27 2015 04:23:37 UTC: ERROR(12536) [put.cc:191] [execute] - Not connected to cluster to put record
Jul 27 2015 04:23:37 UTC: ERROR(12536) [put.cc:191] [execute] - Not connected to cluster to put record
Jul 27 2015 04:23:37 UTC: ERROR(12536) [put.cc:191] [execute] - Not connected to cluster to put record
Jul 27 2015 04:23:37 UTC: ERROR(12536) [put.cc:191] [execute] - Not connected to cluster to put record
Jul 27 2015 04:23:37 UTC: ERROR(12536) [put.cc:191] [execute] - Not connected to cluster to put record
Jul 27 2015 04:23:37 UTC: ERROR(12536) [put.cc:191] [execute] - Not connected to cluster to put record
Jul 27 2015 04:23:37 UTC: ERROR(12536) [put.cc:191] [execute] - Not connected to cluster to put record
Jul 27 2015 04:23:37 UTC: ERROR(12536) [put.cc:191] [execute] - Not connected to cluster to put record
Jul 27 2015 04:23:37 UTC: ERROR(12536) [put.cc:191] [execute] - Not connected to cluster to put record
Jul 27 2015 04:23:37 UTC: ERROR(12536) [put.cc:191] [execute] - Not connected to cluster to put record
Jul 27 2015 04:23:37 UTC: ERROR(12536) [put.cc:191] [execute] - Not connected to cluster to put record
Jul 27 2015 04:23:37 UTC: ERROR(12536) [put.cc:191] [execute] - Not connected to cluster to put record
Jul 27 2015 04:23:37 UTC: ERROR(12536) [put.cc:191] [execute] - Not connected to cluster to put record
Jul 27 2015 04:23:37 UTC: ERROR(12536) [put.cc:191] [execute] - Not connected to cluster to put record
Jul 27 2015 04:23:37 UTC: ERROR(12536) [put.cc:191] [execute] - Not connected to cluster to put record
Jul 27 2015 04:23:37 UTC: ERROR(12536) [put.cc:191] [execute] - Not connected to cluster to put record
Jul 27 2015 04:23:37 UTC: ERROR(12536) [put.cc:191] [execute] - Not connected to cluster to put record
Jul 27 2015 04:23:37 UTC: ERROR(12536) [put.cc:191] [execute] - Not connected to cluster to put record
Jul 27 2015 04:23:37 UTC: ERROR(12536) [put.cc:191] [execute] - Not connected to cluster to put record
Jul 27 2015 04:23:37 UTC: ERROR(12536) [put.cc:191] [execute] - Not connected to cluster to put record
Jul 27 2015 04:23:37 UTC: ERROR(12536) [put.cc:191] [execute] - Not connected to cluster to put record
Jul 27 2015 04:23:37 UTC: ERROR(12536) [put.cc:191] [execute] - Not connected to cluster to put record
Jul 27 2015 04:23:37 UTC: ERROR(12536) [put.cc:191] [execute] - Not connected to cluster to put record
Jul 27 2015 04:23:37 UTC: ERROR(12536) [put.cc:191] [execute] - Not connected to cluster to put record
Jul 27 2015 04:23:37 UTC: ERROR(12536) [put.cc:191] [execute] - Not connected to cluster to put record
Jul 27 2015 04:23:37 UTC: ERROR(12536) [put.cc:191] [execute] - Not connected to cluster to put record
Jul 27 2015 04:23:37 UTC: ERROR(12536) [put.cc:191] [execute] - Not connected to cluster to put record
Jul 27 2015 04:23:37 UTC: ERROR(12536) [put.cc:191] [execute] - Not connected to cluster to put record
Jul 27 2015 04:23:37 UTC: ERROR(12536) [put.cc:191] [execute] - Not connected to cluster to put record
Jul 27 2015 04:23:37 UTC: ERROR(12536) [put.cc:191] [execute] - Not connected to cluster to put record
Jul 27 2015 04:23:37 UTC: ERROR(12536) [put.cc:191] [execute] - Not connected to cluster to put record
Jul 27 2015 04:23:37 UTC: ERROR(12536) [put.cc:191] [execute] - Not connected to cluster to put record
Jul 27 2015 04:23:37 UTC: ERROR(12536) [put.cc:191] [execute] - Not connected to cluster to put record
Jul 27 2015 04:23:37 UTC: ERROR(12536) [put.cc:191] [execute] - Not connected to cluster to put record
Jul 27 2015 04:23:37 UTC: ERROR(12536) [put.cc:191] [execute] - Not connected to cluster to put record
Jul 27 2015 04:23:37 UTC: ERROR(12536) [put.cc:191] [execute] - Not connected to cluster to put record
Jul 27 2015 04:23:37 UTC: ERROR(12536) [put.cc:191] [execute] - Not connected to cluster to put record
Jul 27 2015 04:23:37 UTC: ERROR(12536) [put.cc:191] [execute] - Not connected to cluster to put record
Jul 27 2015 04:23:37 UTC: ERROR(12536) [put.cc:191] [execute] - Not connected to cluster to put record
Jul 27 2015 04:23:37 UTC: ERROR(12536) [put.cc:191] [execute] - Not connected to cluster to put record
Jul 27 2015 04:23:37 UTC: ERROR(12536) [put.cc:191] [execute] - Not connected to cluster to put record
Jul 27 2015 04:23:37 UTC: ERROR(12536) [put.cc:191] [execute] - Not connected to cluster to put record
Jul 27 2015 04:23:37 UTC: ERROR(12536) [put.cc:191] [execute] - Not connected to cluster to put record
Jul 27 2015 04:23:37 UTC: ERROR(12536) [put.cc:191] [execute] - Not connected to cluster to put record
Jul 27 2015 04:23:37 UTC: ERROR(12536) [put.cc:191] [execute] - Not connected to cluster to put record
Jul 27 2015 04:23:37 UTC: ERROR(12536) [put.cc:191] [execute] - Not connected to cluster to put record
Jul 27 2015 04:23:37 UTC: ERROR(12536) [put.cc:191] [execute] - Not connected to cluster to put record
Jul 27 2015 04:23:37 UTC: ERROR(12536) [put.cc:191] [execute] - Not connected to cluster to put record
Jul 27 2015 04:23:37 UTC: ERROR(12536) [put.cc:191] [execute] - Not connected to cluster to put record
Jul 27 2015 04:23:37 UTC: ERROR(12536) [put.cc:191] [execute] - Not connected to cluster to put record
Jul 27 2015 04:23:37 UTC: ERROR(12536) [put.cc:191] [execute] - Not connected to cluster to put record
Jul 27 2015 04:23:37 UTC: ERROR(12536) [put.cc:191] [execute] - Not connected to cluster to put record
Jul 27 2015 04:23:37 UTC: ERROR(12536) [put.cc:191] [execute] - Not connected to cluster to put record
Jul 27 2015 04:23:37 UTC: ERROR(12536) [put.cc:191] [execute] - Not connected to cluster to put record
Jul 27 2015 04:23:37 UTC: ERROR(12536) [put.cc:191] [execute] - Not connected to cluster to put record
Jul 27 2015 04:23:37 UTC: ERROR(12536) [put.cc:191] [execute] - Not connected to cluster to put record
Jul 27 2015 04:23:37 UTC: ERROR(12536) [put.cc:191] [execute] - Not connected to cluster to put record
Jul 27 2015 04:23:37 UTC: ERROR(12536) [put.cc:191] [execute] - Not connected to cluster to put record
Jul 27 2015 04:23:37 UTC: ERROR(12536) [put.cc:191] [execute] - Not connected to cluster to put record
Jul 27 2015 04:23:37 UTC: ERROR(12536) [put.cc:191] [execute] - Not connected to cluster to put record
Jul 27 2015 04:23:37 UTC: ERROR(12536) [put.cc:191] [execute] - Not connected to cluster to put record
Jul 27 2015 04:23:37 UTC: ERROR(12536) [put.cc:191] [execute] - Not connected to cluster to put record
Jul 27 2015 04:23:37 UTC: ERROR(12536) [put.cc:191] [execute] - Not connected to cluster to put record
Jul 27 2015 04:23:37 UTC: ERROR(12536) [put.cc:191] [execute] - Not connected to cluster to put record
Jul 27 2015 04:23:37 UTC: ERROR(12536) [put.cc:191] [execute] - Not connected to cluster to put record
Jul 27 2015 04:23:37 UTC: ERROR(12536) [put.cc:191] [execute] - Not connected to cluster to put record
Jul 27 2015 04:23:37 UTC: ERROR(12536) [put.cc:191] [execute] - Not connected to cluster to put record
Jul 27 2015 04:23:37 UTC: ERROR(12536) [put.cc:191] [execute] - Not connected to cluster to put record
Jul 27 2015 04:23:37 UTC: ERROR(12536) [put.cc:191] [execute] - Not connected to cluster to put record
Jul 27 2015 04:23:37 UTC: ERROR(12536) [put.cc:191] [execute] - Not connected to cluster to put record
Jul 27 2015 04:23:37 UTC: ERROR(12536) [put.cc:191] [execute] - Not connected to cluster to put record
Jul 27 2015 04:23:37 UTC: ERROR(12536) [put.cc:191] [execute] - Not connected to cluster to put record
Jul 27 2015 04:23:37 UTC: ERROR(12536) [put.cc:191] [execute] - Not connected to cluster to put record
Jul 27 2015 04:23:37 UTC: ERROR(12536) [put.cc:191] [execute] - Not connected to cluster to put record
Jul 27 2015 04:23:37 UTC: ERROR(12536) [put.cc:191] [execute] - Not connected to cluster to put record
Jul 27 2015 04:23:37 UTC: ERROR(12536) [put.cc:191] [execute] - Not connected to cluster to put record
Jul 27 2015 04:23:37 UTC: ERROR(12536) [put.cc:191] [execute] - Not connected to cluster to put record
Jul 27 2015 04:23:37 UTC: ERROR(12536) [put.cc:191] [execute] - Not connected to cluster to put record
Jul 27 2015 04:23:37 UTC: ERROR(12536) [put.cc:191] [execute] - Not connected to cluster to put record
Jul 27 2015 04:23:37 UTC: ERROR(12536) [put.cc:191] [execute] - Not connected to cluster to put record
Jul 27 2015 04:23:37 UTC: ERROR(12536) [put.cc:191] [execute] - Not connected to cluster to put record
Jul 27 2015 04:23:37 UTC: ERROR(12536) [put.cc:191] [execute] - Not connected to cluster to put record
Jul 27 2015 04:23:37 UTC: ERROR(12536) [put.cc:191] [execute] - Not connected to cluster to put record
Jul 27 2015 04:23:37 UTC: ERROR(12536) [put.cc:191] [execute] - Not connected to cluster to put record
Jul 27 2015 04:23:37 UTC: ERROR(12536) [put.cc:191] [execute] - Not connected to cluster to put record
Jul 27 2015 04:23:37 UTC: ERROR(12536) [put.cc:191] [execute] - Not connected to cluster to put record
Jul 27 2015 04:23:37 UTC: ERROR(12536) [put.cc:191] [execute] - Not connected to cluster to put record
Jul 27 2015 04:23:37 UTC: ERROR(12536) [put.cc:191] [execute] - Not connected to cluster to put record
Jul 27 2015 04:23:37 UTC: ERROR(12536) [put.cc:191] [execute] - Not connected to cluster to put record
Jul 27 2015 04:23:37 UTC: ERROR(12536) [put.cc:191] [execute] - Not connected to cluster to put record
Jul 27 2015 04:23:37 UTC: ERROR(12536) [put.cc:191] [execute] - Not connected to cluster to put record
Jul 27 2015 04:23:37 UTC: ERROR(12536) [put.cc:191] [execute] - Not connected to cluster to put record
Jul 27 2015 04:23:37 UTC: ERROR(12536) [put.cc:191] [execute] - Not connected to cluster to put record
Jul 27 2015 04:23:37 UTC: ERROR(12536) [put.cc:191] [execute] - Not connected to cluster to put record
Jul 27 2015 04:23:37 UTC: ERROR(12536) [put.cc:191] [execute] - Not connected to cluster to put record
Jul 27 2015 04:23:37 UTC: ERROR(12536) [put.cc:191] [execute] - Not connected to cluster to put record
Jul 27 2015 04:23:37 UTC: ERROR(12536) [put.cc:191] [execute] - Not connected to cluster to put record
Jul 27 2015 04:23:37 UTC: ERROR(12536) [put.cc:191] [execute] - Not connected to cluster to put record
Jul 27 2015 04:23:37 UTC: ERROR(12536) [put.cc:191] [execute] - Not connected to cluster to put record
Jul 27 2015 04:23:37 UTC: ERROR(12536) [put.cc:191] [execute] - Not connected to cluster to put record
Jul 27 2015 04:23:37 UTC: ERROR(12536) [put.cc:191] [execute] - Not connected to cluster to put record
Jul 27 2015 04:23:37 UTC: ERROR(12536) [put.cc:191] [execute] - Not connected to cluster to put record
Jul 27 2015 04:23:37 UTC: ERROR(12536) [put.cc:191] [execute] - Not connected to cluster to put record
Jul 27 2015 04:23:37 UTC: ERROR(12536) [put.cc:191] [execute] - Not connected to cluster to put record
Jul 27 2015 04:23:37 UTC: ERROR(12536) [put.cc:191] [execute] - Not connected to cluster to put record
Jul 27 2015 04:23:37 UTC: ERROR(12536) [put.cc:191] [execute] - Not connected to cluster to put record
Jul 27 2015 04:23:37 UTC: ERROR(12536) [put.cc:191] [execute] - Not connected to cluster to put record
Jul 27 2015 04:23:37 UTC: ERROR(12536) [put.cc:191] [execute] - Not connected to cluster to put record
Jul 27 2015 04:23:37 UTC: ERROR(12536) [put.cc:191] [execute] - Not connected to cluster to put record
Jul 27 2015 04:23:37 UTC: ERROR(12536) [put.cc:191] [execute] - Not connected to cluster to put record
Jul 27 2015 04:23:37 UTC: ERROR(12536) [put.cc:191] [execute] - Not connected to cluster to put record
Jul 27 2015 04:23:37 UTC: ERROR(12536) [put.cc:191] [execute] - Not connected to cluster to put record
Jul 27 2015 04:23:37 UTC: ERROR(12536) [put.cc:191] [execute] - Not connected to cluster to put record
Jul 27 2015 04:23:37 UTC: ERROR(12536) [put.cc:191] [execute] - Not connected to cluster to put record
Jul 27 2015 04:23:37 UTC: ERROR(12536) [put.cc:191] [execute] - Not connected to cluster to put record
Jul 27 2015 04:23:37 UTC: ERROR(12536) [put.cc:191] [execute] - Not connected to cluster to put record
Jul 27 2015 04:23:37 UTC: ERROR(12536) [put.cc:191] [execute] - Not connected to cluster to put record
Jul 27 2015 04:23:37 UTC: ERROR(12536) [put.cc:191] [execute] - Not connected to cluster to put record
Jul 27 2015 04:23:37 UTC: ERROR(12536) [put.cc:191] [execute] - Not connected to cluster to put record
Jul 27 2015 04:23:37 UTC: ERROR(12536) [put.cc:191] [execute] - Not connected to cluster to put record
Jul 27 2015 04:23:37 UTC: ERROR(12536) [put.cc:191] [execute] - Not connected to cluster to put record
Jul 27 2015 04:23:37 UTC: ERROR(12536) [put.cc:191] [execute] - Not connected to cluster to put record
Jul 27 2015 04:23:37 UTC: ERROR(12536) [put.cc:191] [execute] - Not connected to cluster to put record
Jul 27 2015 04:23:37 UTC: ERROR(12536) [put.cc:191] [execute] - Not connected to cluster to put record
Jul 27 2015 04:23:37 UTC: ERROR(12536) [put.cc:191] [execute] - Not connected to cluster to put record
Jul 27 2015 04:23:37 UTC: ERROR(12536) [put.cc:191] [execute] - Not connected to cluster to put record
Jul 27 2015 04:23:37 UTC: ERROR(12536) [put.cc:191] [execute] - Not connected to cluster to put record
Jul 27 2015 04:23:37 UTC: ERROR(12536) [put.cc:191] [execute] - Not connected to cluster to put record
Jul 27 2015 04:23:37 UTC: ERROR(12536) [put.cc:191] [execute] - Not connected to cluster to put record
Jul 27 2015 04:23:37 UTC: ERROR(12536) [put.cc:191] [execute] - Not connected to cluster to put record
Jul 27 2015 04:23:37 UTC: ERROR(12536) [put.cc:191] [execute] - Not connected to cluster to put record
Jul 27 2015 04:23:37 UTC: ERROR(12536) [put.cc:191] [execute] - Not connected to cluster to put record
Jul 27 2015 04:23:37 UTC: ERROR(12536) [put.cc:191] [execute] - Not connected to cluster to put record
Jul 27 2015 04:23:37 UTC: ERROR(12536) [put.cc:191] [execute] - Not connected to cluster to put record
Jul 27 2015 04:23:37 UTC: ERROR(12536) [put.cc:191] [execute] - Not connected to cluster to put record
Jul 27 2015 04:23:37 UTC: ERROR(12536) [put.cc:191] [execute] - Not connected to cluster to put record
Jul 27 2015 04:23:37 UTC: ERROR(12536) [put.cc:191] [execute] - Not connected to cluster to put record
Jul 27 2015 04:23:37 UTC: ERROR(12536) [put.cc:191] [execute] - Not connected to cluster to put record
Jul 27 2015 04:23:37 UTC: ERROR(12536) [put.cc:191] [execute] - Not connected to cluster to put record
Jul 27 2015 04:23:37 UTC: ERROR(12536) [put.cc:191] [execute] - Not connected to cluster to put record
Jul 27 2015 04:23:37 UTC: ERROR(12536) [put.cc:191] [execute] - Not connected to cluster to put record
Jul 27 2015 04:23:37 UTC: ERROR(12536) [put.cc:191] [execute] - Not connected to cluster to put record
Jul 27 2015 04:23:37 UTC: ERROR(12536) [put.cc:191] [execute] - Not connected to cluster to put record
Jul 27 2015 04:23:37 UTC: ERROR(12536) [put.cc:191] [execute] - Not connected to cluster to put record
Jul 27 2015 04:23:37 UTC: ERROR(12536) [put.cc:191] [execute] - Not connected to cluster to put record
Jul 27 2015 04:23:37 UTC: ERROR(12536) [put.cc:191] [execute] - Not connected to cluster to put record
Jul 27 2015 04:23:37 UTC: ERROR(12536) [put.cc:191] [execute] - Not connected to cluster to put record
Jul 27 2015 04:23:37 UTC: ERROR(12536) [put.cc:191] [execute] - Not connected to cluster to put record
Jul 27 2015 04:23:37 UTC: ERROR(12536) [put.cc:191] [execute] - Not connected to cluster to put record
Jul 27 2015 04:23:37 UTC: ERROR(12536) [put.cc:191] [execute] - Not connected to cluster to put record
Jul 27 2015 04:23:37 UTC: ERROR(12536) [put.cc:191] [execute] - Not connected to cluster to put record
Jul 27 2015 04:23:37 UTC: ERROR(12536) [put.cc:191] [execute] - Not connected to cluster to put record
Jul 27 2015 04:23:37 UTC: ERROR(12536) [put.cc:191] [execute] - Not connected to cluster to put record
Jul 27 2015 04:23:37 UTC: ERROR(12536) [put.cc:191] [execute] - Not connected to cluster to put record
Jul 27 2015 04:23:37 UTC: ERROR(12536) [put.cc:191] [execute] - Not connected to cluster to put record
Jul 27 2015 04:23:37 UTC: ERROR(12536) [put.cc:191] [execute] - Not connected to cluster to put record
Jul 27 2015 04:23:37 UTC: ERROR(12536) [put.cc:191] [execute] - Not connected to cluster to put record
Jul 27 2015 04:23:37 UTC: ERROR(12536) [put.cc:191] [execute] - Not connected to cluster to put record
Jul 27 2015 04:23:37 UTC: ERROR(12536) [put.cc:191] [execute] - Not connected to cluster to put record
Jul 27 2015 04:23:37 UTC: ERROR(12536) [put.cc:191] [execute] - Not connected to cluster to put record
Jul 27 2015 04:23:37 UTC: ERROR(12536) [put.cc:191] [execute] - Not connected to cluster to put record
Jul 27 2015 04:23:37 UTC: ERROR(12536) [put.cc:191] [execute] - Not connected to cluster to put record
Jul 27 2015 04:23:37 UTC: ERROR(12536) [put.cc:191] [execute] - Not connected to cluster to put record
Jul 27 2015 04:23:37 UTC: ERROR(12536) [put.cc:191] [execute] - Not connected to cluster to put record
Jul 27 2015 04:23:37 UTC: ERROR(12536) [put.cc:191] [execute] - Not connected to cluster to put record
Jul 27 2015 04:23:37 UTC: ERROR(12536) [put.cc:191] [execute] - Not connected to cluster to put record
Jul 27 2015 04:23:37 UTC: ERROR(12536) [put.cc:191] [execute] - Not connected to cluster to put record
Jul 27 2015 04:23:37 UTC: ERROR(12536) [put.cc:191] [execute] - Not connected to cluster to put record
Jul 27 2015 04:23:37 UTC: ERROR(12536) [put.cc:191] [execute] - Not connected to cluster to put record
Jul 27 2015 04:23:37 UTC: ERROR(12536) [put.cc:191] [execute] - Not connected to cluster to put record
Jul 27 2015 04:23:37 UTC: ERROR(12536) [put.cc:191] [execute] - Not connected to cluster to put record
Jul 27 2015 04:23:37 UTC: ERROR(12536) [put.cc:191] [execute] - Not connected to cluster to put record
Jul 27 2015 04:23:37 UTC: ERROR(12536) [put.cc:191] [execute] - Not connected to cluster to put record
Jul 27 2015 04:23:37 UTC: ERROR(12536) [put.cc:191] [execute] - Not connected to cluster to put record
Jul 27 2015 04:23:37 UTC: ERROR(12536) [put.cc:191] [execute] - Not connected to cluster to put record
Jul 27 2015 04:23:37 UTC: ERROR(12536) [put.cc:191] [execute] - Not connected to cluster to put record
Jul 27 2015 04:23:37 UTC: ERROR(12536) [put.cc:191] [execute] - Not connected to cluster to put record
Jul 27 2015 04:23:37 UTC: ERROR(12536) [put.cc:191] [execute] - Not connected to cluster to put record
Jul 27 2015 04:23:37 UTC: ERROR(12536) [put.cc:191] [execute] - Not connected to cluster to put record
Jul 27 2015 04:23:37 UTC: ERROR(12536) [put.cc:191] [execute] - Not connected to cluster to put record
Jul 27 2015 04:23:37 UTC: ERROR(12536) [put.cc:191] [execute] - Not connected to cluster to put record
Jul 27 2015 04:23:37 UTC: ERROR(12536) [put.cc:191] [execute] - Not connected to cluster to put record
Jul 27 2015 04:23:37 UTC: ERROR(12536) [put.cc:191] [execute] - Not connected to cluster to put record
Jul 27 2015 04:23:37 UTC: ERROR(12536) [put.cc:191] [execute] - Not connected to cluster to put record
Jul 27 2015 04:23:37 UTC: ERROR(12536) [put.cc:191] [execute] - Not connected to cluster to put record
Jul 27 2015 04:23:37 UTC: ERROR(12536) [put.cc:191] [execute] - Not connected to cluster to put record
Jul 27 2015 04:23:37 UTC: ERROR(12536) [put.cc:191] [execute] - Not connected to cluster to put record
Jul 27 2015 04:23:37 UTC: ERROR(12536) [put.cc:191] [execute] - Not connected to cluster to put record
Jul 27 2015 04:23:37 UTC: ERROR(12536) [put.cc:191] [execute] - Not connected to cluster to put record
Jul 27 2015 04:23:37 UTC: ERROR(12536) [put.cc:191] [execute] - Not connected to cluster to put record
Jul 27 2015 04:23:37 UTC: ERROR(12536) [put.cc:191] [execute] - Not connected to cluster to put record
Jul 27 2015 04:23:37 UTC: ERROR(12536) [put.cc:191] [execute] - Not connected to cluster to put record
Jul 27 2015 04:23:37 UTC: ERROR(12536) [put.cc:191] [execute] - Not connected to cluster to put record
Jul 27 2015 04:23:37 UTC: ERROR(12536) [put.cc:191] [execute] - Not connected to cluster to put record
Jul 27 2015 04:23:37 UTC: ERROR(12536) [put.cc:191] [execute] - Not connected to cluster to put record
Jul 27 2015 04:23:37 UTC: ERROR(12536) [put.cc:191] [execute] - Not connected to cluster to put record
Jul 27 2015 04:23:37 UTC: ERROR(12536) [put.cc:191] [execute] - Not connected to cluster to put record
Jul 27 2015 04:23:37 UTC: ERROR(12536) [put.cc:191] [execute] - Not connected to cluster to put record
Jul 27 2015 04:23:37 UTC: ERROR(12536) [put.cc:191] [execute] - Not connected to cluster to put record
Jul 27 2015 04:23:37 UTC: ERROR(12536) [put.cc:191] [execute] - Not connected to cluster to put record
Jul 27 2015 04:23:37 UTC: ERROR(12536) [put.cc:191] [execute] - Not connected to cluster to put record
Jul 27 2015 04:23:37 UTC: ERROR(12536) [put.cc:191] [execute] - Not connected to cluster to put record
Jul 27 2015 04:23:37 UTC: ERROR(12536) [put.cc:191] [execute] - Not connected to cluster to put record
Jul 27 2015 04:23:37 UTC: ERROR(12536) [put.cc:191] [execute] - Not connected to cluster to put record
Jul 27 2015 04:23:37 UTC: ERROR(12536) [put.cc:191] [execute] - Not connected to cluster to put record
Jul 27 2015 04:23:37 UTC: ERROR(12536) [put.cc:191] [execute] - Not connected to cluster to put record
Jul 27 2015 04:23:37 UTC: ERROR(12536) [put.cc:191] [execute] - Not connected to cluster to put record
Jul 27 2015 04:23:37 UTC: ERROR(12536) [put.cc:191] [execute] - Not connected to cluster to put record
Jul 27 2015 04:23:37 UTC: ERROR(12536) [put.cc:191] [execute] - Not connected to cluster to put record
Jul 27 2015 04:23:37 UTC: ERROR(12536) [put.cc:191] [execute] - Not connected to cluster to put record
Jul 27 2015 04:23:37 UTC: ERROR(12536) [put.cc:191] [execute] - Not connected to cluster to put record
Jul 27 2015 04:23:37 UTC: ERROR(12536) [put.cc:191] [execute] - Not connected to cluster to put record
Jul 27 2015 04:23:37 UTC: ERROR(12536) [put.cc:191] [execute] - Not connected to cluster to put record
Jul 27 2015 04:23:37 UTC: ERROR(12536) [put.cc:191] [execute] - Not connected to cluster to put record
Jul 27 2015 04:23:37 UTC: ERROR(12536) [put.cc:191] [execute] - Not connected to cluster to put record
Jul 27 2015 04:23:37 UTC: ERROR(12536) [put.cc:191] [execute] - Not connected to cluster to put record
Jul 27 2015 04:23:37 UTC: ERROR(12536) [put.cc:191] [execute] - Not connected to cluster to put record
Jul 27 2015 04:23:37 UTC: ERROR(12536) [put.cc:191] [execute] - Not connected to cluster to put record
Jul 27 2015 04:23:37 UTC: ERROR(12536) [put.cc:191] [execute] - Not connected to cluster to put record
Jul 27 2015 04:23:37 UTC: ERROR(12536) [put.cc:191] [execute] - Not connected to cluster to put record
Jul 27 2015 04:23:37 UTC: ERROR(12536) [put.cc:191] [execute] - Not connected to cluster to put record
Jul 27 2015 04:23:37 UTC: ERROR(12536) [put.cc:191] [execute] - Not connected to cluster to put record
Jul 27 2015 04:23:37 UTC: ERROR(12536) [put.cc:191] [execute] - Not connected to cluster to put record
Jul 27 2015 04:23:37 UTC: ERROR(12536) [put.cc:191] [execute] - Not connected to cluster to put record
Jul 27 2015 04:23:37 UTC: ERROR(12536) [put.cc:191] [execute] - Not connected to cluster to put record
Jul 27 2015 04:23:37 UTC: ERROR(12536) [put.cc:191] [execute] - Not connected to cluster to put record
Jul 27 2015 04:23:37 UTC: ERROR(12536) [put.cc:191] [execute] - Not connected to cluster to put record
Jul 27 2015 04:23:37 UTC: ERROR(12536) [put.cc:191] [execute] - Not connected to cluster to put record
Jul 27 2015 04:23:37 UTC: ERROR(12536) [put.cc:191] [execute] - Not connected to cluster to put record
Jul 27 2015 04:23:37 UTC: ERROR(12536) [put.cc:191] [execute] - Not connected to cluster to put record
Jul 27 2015 04:23:37 UTC: ERROR(12536) [put.cc:191] [execute] - Not connected to cluster to put record
Jul 27 2015 04:23:37 UTC: ERROR(12536) [put.cc:191] [execute] - Not connected to cluster to put record
Jul 27 2015 04:23:37 UTC: ERROR(12536) [put.cc:191] [execute] - Not connected to cluster to put record
Jul 27 2015 04:23:37 UTC: ERROR(12536) [put.cc:191] [execute] - Not connected to cluster to put record
Jul 27 2015 04:23:37 UTC: ERROR(12536) [put.cc:191] [execute] - Not connected to cluster to put record
Jul 27 2015 04:23:37 UTC: ERROR(12536) [put.cc:191] [execute] - Not connected to cluster to put record
Jul 27 2015 04:23:37 UTC: ERROR(12536) [put.cc:191] [execute] - Not connected to cluster to put record
Jul 27 2015 04:23:37 UTC: ERROR(12536) [put.cc:191] [execute] - Not connected to cluster to put record
Jul 27 2015 04:23:37 UTC: ERROR(12536) [put.cc:191] [execute] - Not connected to cluster to put record
Jul 27 2015 04:23:37 UTC: ERROR(12536) [put.cc:191] [execute] - Not connected to cluster to put record
Jul 27 2015 04:23:37 UTC: ERROR(12536) [put.cc:191] [execute] - Not connected to cluster to put record
Jul 27 2015 04:23:37 UTC: ERROR(12536) [put.cc:191] [execute] - Not connected to cluster to put record
Jul 27 2015 04:23:37 UTC: ERROR(12536) [put.cc:191] [execute] - Not connected to cluster to put record
Jul 27 2015 04:23:37 UTC: ERROR(12536) [put.cc:191] [execute] - Not connected to cluster to put record
Jul 27 2015 04:23:37 UTC: ERROR(12536) [put.cc:191] [execute] - Not connected to cluster to put record
Jul 27 2015 04:23:37 UTC: ERROR(12536) [put.cc:191] [execute] - Not connected to cluster to put record
Jul 27 2015 04:23:37 UTC: ERROR(12536) [put.cc:191] [execute] - Not connected to cluster to put record
Jul 27 2015 04:23:37 UTC: ERROR(12536) [put.cc:191] [execute] - Not connected to cluster to put record
Jul 27 2015 04:23:37 UTC: ERROR(12536) [put.cc:191] [execute] - Not connected to cluster to put record
Jul 27 2015 04:23:37 UTC: ERROR(12536) [put.cc:191] [execute] - Not connected to cluster to put record
Jul 27 2015 04:23:37 UTC: ERROR(12536) [put.cc:191] [execute] - Not connected to cluster to put record
Jul 27 2015 04:23:37 UTC: ERROR(12536) [put.cc:191] [execute] - Not connected to cluster to put record
Jul 27 2015 04:23:37 UTC: ERROR(12536) [put.cc:191] [execute] - Not connected to cluster to put record
Jul 27 2015 04:23:37 UTC: ERROR(12536) [put.cc:191] [execute] - Not connected to cluster to put record
Jul 27 2015 04:23:37 UTC: ERROR(12536) [put.cc:191] [execute] - Not connected to cluster to put record
Jul 27 2015 04:23:37 UTC: ERROR(12536) [put.cc:191] [execute] - Not connected to cluster to put record
Jul 27 2015 04:23:37 UTC: ERROR(12536) [put.cc:191] [execute] - Not connected to cluster to put record
Jul 27 2015 04:23:37 UTC: ERROR(12536) [put.cc:191] [execute] - Not connected to cluster to put record
Jul 27 2015 04:23:37 UTC: ERROR(12536) [put.cc:191] [execute] - Not connected to cluster to put record
Jul 27 2015 04:23:37 UTC: ERROR(12536) [put.cc:191] [execute] - Not connected to cluster to put record
Jul 27 2015 04:23:37 UTC: ERROR(12536) [put.cc:191] [execute] - Not connected to cluster to put record
Jul 27 2015 04:23:37 UTC: ERROR(12536) [put.cc:191] [execute] - Not connected to cluster to put record
Jul 27 2015 04:23:37 UTC: ERROR(12536) [put.cc:191] [execute] - Not connected to cluster to put record
Jul 27 2015 04:23:37 UTC: ERROR(12536) [put.cc:191] [execute] - Not connected to cluster to put record
Jul 27 2015 04:23:37 UTC: ERROR(12536) [put.cc:191] [execute] - Not connected to cluster to put record
Jul 27 2015 04:23:37 UTC: ERROR(12536) [put.cc:191] [execute] - Not connected to cluster to put record
Jul 27 2015 04:23:37 UTC: ERROR(12536) [put.cc:191] [execute] - Not connected to cluster to put record
Jul 27 2015 04:23:37 UTC: ERROR(12536) [put.cc:191] [execute] - Not connected to cluster to put record
Jul 27 2015 04:23:37 UTC: ERROR(12536) [put.cc:191] [execute] - Not connected to cluster to put record
Jul 27 2015 04:23:37 UTC: ERROR(12536) [put.cc:191] [execute] - Not connected to cluster to put record
Jul 27 2015 04:23:37 UTC: ERROR(12536) [put.cc:191] [execute] - Not connected to cluster to put record
Jul 27 2015 04:23:37 UTC: ERROR(12536) [put.cc:191] [execute] - Not connected to cluster to put record
Jul 27 2015 04:23:37 UTC: ERROR(12536) [put.cc:191] [execute] - Not connected to cluster to put record
Jul 27 2015 04:23:37 UTC: ERROR(12536) [put.cc:191] [execute] - Not connected to cluster to put record
Jul 27 2015 04:23:37 UTC: ERROR(12536) [put.cc:191] [execute] - Not connected to cluster to put record
Jul 27 2015 04:23:37 UTC: ERROR(12536) [put.cc:191] [execute] - Not connected to cluster to put record
Jul 27 2015 04:23:37 UTC: ERROR(12536) [put.cc:191] [execute] - Not connected to cluster to put record
Jul 27 2015 04:23:37 UTC: ERROR(12536) [put.cc:191] [execute] - Not connected to cluster to put record
Jul 27 2015 04:23:37 UTC: ERROR(12536) [put.cc:191] [execute] - Not connected to cluster to put record
Jul 27 2015 04:23:37 UTC: ERROR(12536) [put.cc:191] [execute] - Not connected to cluster to put record
Jul 27 2015 04:23:37 UTC: ERROR(12536) [put.cc:191] [execute] - Not connected to cluster to put record
Jul 27 2015 04:23:37 UTC: ERROR(12536) [put.cc:191] [execute] - Not connected to cluster to put record
Jul 27 2015 04:23:37 UTC: ERROR(12536) [put.cc:191] [execute] - Not connected to cluster to put record
Jul 27 2015 04:23:37 UTC: ERROR(12536) [put.cc:191] [execute] - Not connected to cluster to put record
Jul 27 2015 04:23:37 UTC: ERROR(12536) [put.cc:191] [execute] - Not connected to cluster to put record
Jul 27 2015 04:23:37 UTC: ERROR(12536) [put.cc:191] [execute] - Not connected to cluster to put record
Jul 27 2015 04:23:37 UTC: ERROR(12536) [put.cc:191] [execute] - Not connected to cluster to put record
Jul 27 2015 04:23:37 UTC: ERROR(12536) [put.cc:191] [execute] - Not connected to cluster to put record
Jul 27 2015 04:23:37 UTC: ERROR(12536) [put.cc:191] [execute] - Not connected to cluster to put record
Jul 27 2015 04:23:37 UTC: ERROR(12536) [put.cc:191] [execute] - Not connected to cluster to put record
Jul 27 2015 04:23:37 UTC: ERROR(12536) [put.cc:191] [execute] - Not connected to cluster to put record
Jul 27 2015 04:23:37 UTC: ERROR(12536) [put.cc:191] [execute] - Not connected to cluster to put record
Jul 27 2015 04:23:37 UTC: ERROR(12536) [put.cc:191] [execute] - Not connected to cluster to put record
Jul 27 2015 04:23:37 UTC: ERROR(12536) [put.cc:191] [execute] - Not connected to cluster to put record
Jul 27 2015 04:23:37 UTC: ERROR(12536) [put.cc:191] [execute] - Not connected to cluster to put record
Jul 27 2015 04:23:37 UTC: ERROR(12536) [put.cc:191] [execute] - Not connected to cluster to put record
Jul 27 2015 04:23:37 UTC: ERROR(12536) [put.cc:191] [execute] - Not connected to cluster to put record
Jul 27 2015 04:23:37 UTC: ERROR(12536) [put.cc:191] [execute] - Not connected to cluster to put record
Jul 27 2015 04:23:37 UTC: ERROR(12536) [put.cc:191] [execute] - Not connected to cluster to put record
Jul 27 2015 04:23:37 UTC: ERROR(12536) [put.cc:191] [execute] - Not connected to cluster to put record
Jul 27 2015 04:23:37 UTC: ERROR(12536) [put.cc:191] [execute] - Not connected to cluster to put record
Jul 27 2015 04:23:37 UTC: ERROR(12536) [put.cc:191] [execute] - Not connected to cluster to put record
Jul 27 2015 04:23:37 UTC: ERROR(12536) [put.cc:191] [execute] - Not connected to cluster to put record
Jul 27 2015 04:23:37 UTC: ERROR(12536) [put.cc:191] [execute] - Not connected to cluster to put record
Jul 27 2015 04:23:37 UTC: ERROR(12536) [put.cc:191] [execute] - Not connected to cluster to put record
Jul 27 2015 04:23:37 UTC: ERROR(12536) [put.cc:191] [execute] - Not connected to cluster to put record
Jul 27 2015 04:23:37 UTC: ERROR(12536) [put.cc:191] [execute] - Not connected to cluster to put record
Jul 27 2015 04:23:37 UTC: ERROR(12536) [put.cc:191] [execute] - Not connected to cluster to put record
Jul 27 2015 04:23:37 UTC: ERROR(12536) [put.cc:191] [execute] - Not connected to cluster to put record
Jul 27 2015 04:23:37 UTC: ERROR(12536) [put.cc:191] [execute] - Not connected to cluster to put record
Jul 27 2015 04:23:37 UTC: ERROR(12536) [put.cc:191] [execute] - Not connected to cluster to put record
Jul 27 2015 04:23:37 UTC: ERROR(12536) [put.cc:191] [execute] - Not connected to cluster to put record
Jul 27 2015 04:23:37 UTC: ERROR(12536) [put.cc:191] [execute] - Not connected to cluster to put record
Jul 27 2015 04:23:37 UTC: ERROR(12536) [put.cc:191] [execute] - Not connected to cluster to put record
Jul 27 2015 04:23:37 UTC: ERROR(12536) [put.cc:191] [execute] - Not connected to cluster to put record
Jul 27 2015 04:23:37 UTC: ERROR(12536) [put.cc:191] [execute] - Not connected to cluster to put record
Jul 27 2015 04:23:37 UTC: ERROR(12536) [put.cc:191] [execute] - Not connected to cluster to put record
Jul 27 2015 04:23:37 UTC: ERROR(12536) [put.cc:191] [execute] - Not connected to cluster to put record
Jul 27 2015 04:23:37 UTC: ERROR(12536) [put.cc:191] [execute] - Not connected to cluster to put record
Jul 27 2015 04:23:37 UTC: ERROR(12536) [put.cc:191] [execute] - Not connected to cluster to put record
Jul 27 2015 04:23:37 UTC: ERROR(12536) [put.cc:191] [execute] - Not connected to cluster to put record
Jul 27 2015 04:23:37 UTC: ERROR(12536) [put.cc:191] [execute] - Not connected to cluster to put record
Jul 27 2015 04:23:37 UTC: ERROR(12536) [put.cc:191] [execute] - Not connected to cluster to put record
Jul 27 2015 04:23:37 UTC: ERROR(12536) [put.cc:191] [execute] - Not connected to cluster to put record
Jul 27 2015 04:23:37 UTC: ERROR(12536) [put.cc:191] [execute] - Not connected to cluster to put record
Jul 27 2015 04:23:37 UTC: ERROR(12536) [put.cc:191] [execute] - Not connected to cluster to put record
Jul 27 2015 04:23:37 UTC: ERROR(12536) [put.cc:191] [execute] - Not connected to cluster to put record
Jul 27 2015 04:23:37 UTC: ERROR(12536) [put.cc:191] [execute] - Not connected to cluster to put record
Jul 27 2015 04:23:37 UTC: ERROR(12536) [put.cc:191] [execute] - Not connected to cluster to put record
Jul 27 2015 04:23:37 UTC: ERROR(12536) [put.cc:191] [execute] - Not connected to cluster to put record
Jul 27 2015 04:23:37 UTC: ERROR(12536) [put.cc:191] [execute] - Not connected to cluster to put record
Jul 27 2015 04:23:37 UTC: ERROR(12536) [put.cc:191] [execute] - Not connected to cluster to put record
Jul 27 2015 04:23:37 UTC: ERROR(12536) [put.cc:191] [execute] - Not connected to cluster to put record
Jul 27 2015 04:23:37 UTC: ERROR(12536) [put.cc:191] [execute] - Not connected to cluster to put record
Jul 27 2015 04:23:37 UTC: ERROR(12536) [put.cc:191] [execute] - Not connected to cluster to put record
Jul 27 2015 04:23:37 UTC: ERROR(12536) [put.cc:191] [execute] - Not connected to cluster to put record
Jul 27 2015 04:23:37 UTC: ERROR(12536) [put.cc:191] [execute] - Not connected to cluster to put record
Jul 27 2015 04:23:37 UTC: ERROR(12536) [put.cc:191] [execute] - Not connected to cluster to put record
Jul 27 2015 04:23:37 UTC: ERROR(12536) [put.cc:191] [execute] - Not connected to cluster to put record
Jul 27 2015 04:23:37 UTC: ERROR(12536) [put.cc:191] [execute] - Not connected to cluster to put record
Jul 27 2015 04:23:37 UTC: ERROR(12536) [put.cc:191] [execute] - Not connected to cluster to put record
Jul 27 2015 04:23:37 UTC: ERROR(12536) [put.cc:191] [execute] - Not connected to cluster to put record
Jul 27 2015 04:23:37 UTC: ERROR(12536) [put.cc:191] [execute] - Not connected to cluster to put record
Jul 27 2015 04:23:37 UTC: ERROR(12536) [put.cc:191] [execute] - Not connected to cluster to put record
Jul 27 2015 04:23:37 UTC: ERROR(12536) [put.cc:191] [execute] - Not connected to cluster to put record
Jul 27 2015 04:23:37 UTC: ERROR(12536) [put.cc:191] [execute] - Not connected to cluster to put record
Jul 27 2015 04:23:37 UTC: ERROR(12536) [put.cc:191] [execute] - Not connected to cluster to put record
Jul 27 2015 04:23:37 UTC: ERROR(12536) [put.cc:191] [execute] - Not connected to cluster to put record
Jul 27 2015 04:23:37 UTC: ERROR(12536) [put.cc:191] [execute] - Not connected to cluster to put record
Jul 27 2015 04:23:37 UTC: ERROR(12536) [put.cc:191] [execute] - Not connected to cluster to put record
Jul 27 2015 04:23:37 UTC: ERROR(12536) [put.cc:191] [execute] - Not connected to cluster to put record
Jul 27 2015 04:23:37 UTC: ERROR(12536) [put.cc:191] [execute] - Not connected to cluster to put record
Jul 27 2015 04:23:37 UTC: ERROR(12536) [put.cc:191] [execute] - Not connected to cluster to put record
Jul 27 2015 04:23:37 UTC: ERROR(12536) [put.cc:191] [execute] - Not connected to cluster to put record
Jul 27 2015 04:23:37 UTC: ERROR(12536) [put.cc:191] [execute] - Not connected to cluster to put record
Jul 27 2015 04:23:37 UTC: ERROR(12536) [put.cc:191] [execute] - Not connected to cluster to put record
Jul 27 2015 04:23:37 UTC: ERROR(12536) [put.cc:191] [execute] - Not connected to cluster to put record
Jul 27 2015 04:23:37 UTC: ERROR(12536) [put.cc:191] [execute] - Not connected to cluster to put record
Jul 27 2015 04:23:37 UTC: ERROR(12536) [put.cc:191] [execute] - Not connected to cluster to put record
Jul 27 2015 04:23:37 UTC: ERROR(12536) [put.cc:191] [execute] - Not connected to cluster to put record
Jul 27 2015 04:23:37 UTC: ERROR(12536) [put.cc:191] [execute] - Not connected to cluster to put record
Jul 27 2015 04:23:37 UTC: ERROR(12536) [put.cc:191] [execute] - Not connected to cluster to put record
Jul 27 2015 04:23:37 UTC: ERROR(12536) [put.cc:191] [execute] - Not connected to cluster to put record
Jul 27 2015 04:23:37 UTC: ERROR(12536) [put.cc:191] [execute] - Not connected to cluster to put record
Jul 27 2015 04:23:37 UTC: ERROR(12536) [put.cc:191] [execute] - Not connected to cluster to put record
Jul 27 2015 04:23:37 UTC: ERROR(12536) [put.cc:191] [execute] - Not connected to cluster to put record
Jul 27 2015 04:23:37 UTC: ERROR(12536) [put.cc:191] [execute] - Not connected to cluster to put record
Jul 27 2015 04:23:37 UTC: ERROR(12536) [put.cc:191] [execute] - Not connected to cluster to put record
Jul 27 2015 04:23:37 UTC: ERROR(12536) [put.cc:191] [execute] - Not connected to cluster to put record
Jul 27 2015 04:23:37 UTC: ERROR(12536) [put.cc:191] [execute] - Not connected to cluster to put record
Jul 27 2015 04:23:37 UTC: ERROR(12536) [put.cc:191] [execute] - Not connected to cluster to put record
Jul 27 2015 04:23:37 UTC: ERROR(12536) [put.cc:191] [execute] - Not connected to cluster to put record
Jul 27 2015 04:23:37 UTC: ERROR(12536) [put.cc:191] [execute] - Not connected to cluster to put record
Jul 27 2015 04:23:37 UTC: ERROR(12536) [put.cc:191] [execute] - Not connected to cluster to put record
Jul 27 2015 04:23:37 UTC: ERROR(12536) [put.cc:191] [execute] - Not connected to cluster to put record
Jul 27 2015 04:23:37 UTC: ERROR(12536) [put.cc:191] [execute] - Not connected to cluster to put record
Jul 27 2015 04:23:37 UTC: ERROR(12536) [put.cc:191] [execute] - Not connected to cluster to put record
Jul 27 2015 04:23:37 UTC: ERROR(12536) [put.cc:191] [execute] - Not connected to cluster to put record
Jul 27 2015 04:23:37 UTC: ERROR(12536) [put.cc:191] [execute] - Not connected to cluster to put record
Jul 27 2015 04:23:37 UTC: ERROR(12536) [put.cc:191] [execute] - Not connected to cluster to put record
Jul 27 2015 04:23:37 UTC: ERROR(12536) [put.cc:191] [execute] - Not connected to cluster to put record
Jul 27 2015 04:23:37 UTC: ERROR(12536) [put.cc:191] [execute] - Not connected to cluster to put record
Jul 27 2015 04:23:37 UTC: ERROR(12536) [put.cc:191] [execute] - Not connected to cluster to put record
Jul 27 2015 04:23:37 UTC: ERROR(12536) [put.cc:191] [execute] - Not connected to cluster to put record
Jul 27 2015 04:23:37 UTC: ERROR(12536) [put.cc:191] [execute] - Not connected to cluster to put record
Jul 27 2015 04:23:37 UTC: ERROR(12536) [put.cc:191] [execute] - Not connected to cluster to put record
Jul 27 2015 04:23:37 UTC: ERROR(12536) [put.cc:191] [execute] - Not connected to cluster to put record
Jul 27 2015 04:23:37 UTC: ERROR(12536) [put.cc:191] [execute] - Not connected to cluster to put record
Jul 27 2015 04:23:37 UTC: ERROR(12536) [put.cc:191] [execute] - Not connected to cluster to put record
Jul 27 2015 04:23:37 UTC: ERROR(12536) [put.cc:191] [execute] - Not connected to cluster to put record
Jul 27 2015 04:23:37 UTC: ERROR(12536) [put.cc:191] [execute] - Not connected to cluster to put record
Jul 27 2015 04:23:37 UTC: ERROR(12536) [put.cc:191] [execute] - Not connected to cluster to put record
Jul 27 2015 04:23:37 UTC: ERROR(12536) [put.cc:191] [execute] - Not connected to cluster to put record
Jul 27 2015 04:23:37 UTC: ERROR(12536) [put.cc:191] [execute] - Not connected to cluster to put record
Jul 27 2015 04:23:37 UTC: ERROR(12536) [put.cc:191] [execute] - Not connected to cluster to put record
Jul 27 2015 04:23:37 UTC: ERROR(12536) [put.cc:191] [execute] - Not connected to cluster to put record
Jul 27 2015 04:23:37 UTC: ERROR(12536) [put.cc:191] [execute] - Not connected to cluster to put record
Jul 27 2015 04:23:37 UTC: ERROR(12536) [put.cc:191] [execute] - Not connected to cluster to put record
Jul 27 2015 04:23:37 UTC: ERROR(12536) [put.cc:191] [execute] - Not connected to cluster to put record
Jul 27 2015 04:23:37 UTC: ERROR(12536) [put.cc:191] [execute] - Not connected to cluster to put record
Jul 27 2015 04:23:37 UTC: ERROR(12536) [put.cc:191] [execute] - Not connected to cluster to put record
Jul 27 2015 04:23:37 UTC: ERROR(12536) [put.cc:191] [execute] - Not connected to cluster to put record
Jul 27 2015 04:23:37 UTC: ERROR(12536) [put.cc:191] [execute] - Not connected to cluster to put record
Jul 27 2015 04:23:37 UTC: ERROR(12536) [put.cc:191] [execute] - Not connected to cluster to put record
Jul 27 2015 04:23:37 UTC: ERROR(12536) [put.cc:191] [execute] - Not connected to cluster to put record
Jul 27 2015 04:23:37 UTC: ERROR(12536) [put.cc:191] [execute] - Not connected to cluster to put record
Jul 27 2015 04:23:37 UTC: ERROR(12536) [put.cc:191] [execute] - Not connected to cluster to put record
Jul 27 2015 04:23:37 UTC: ERROR(12536) [put.cc:191] [execute] - Not connected to cluster to put record
Jul 27 2015 04:23:37 UTC: ERROR(12536) [put.cc:191] [execute] - Not connected to cluster to put record
Jul 27 2015 04:23:37 UTC: ERROR(12536) [put.cc:191] [execute] - Not connected to cluster to put record
Jul 27 2015 04:23:37 UTC: ERROR(12536) [put.cc:191] [execute] - Not connected to cluster to put record
Jul 27 2015 04:23:37 UTC: ERROR(12536) [put.cc:191] [execute] - Not connected to cluster to put record
Jul 27 2015 04:23:37 UTC: ERROR(12536) [put.cc:191] [execute] - Not connected to cluster to put record
Jul 27 2015 04:23:37 UTC: ERROR(12536) [put.cc:191] [execute] - Not connected to cluster to put record
Jul 27 2015 04:23:37 UTC: ERROR(12536) [put.cc:191] [execute] - Not connected to cluster to put record
Jul 27 2015 04:23:37 UTC: ERROR(12536) [put.cc:191] [execute] - Not connected to cluster to put record
Jul 27 2015 04:23:37 UTC: ERROR(12536) [put.cc:191] [execute] - Not connected to cluster to put record
Jul 27 2015 04:23:37 UTC: ERROR(12536) [put.cc:191] [execute] - Not connected to cluster to put record
Jul 27 2015 04:23:37 UTC: ERROR(12536) [put.cc:191] [execute] - Not connected to cluster to put record
Jul 27 2015 04:23:37 UTC: ERROR(12536) [put.cc:191] [execute] - Not connected to cluster to put record
Jul 27 2015 04:23:37 UTC: ERROR(12536) [put.cc:191] [execute] - Not connected to cluster to put record
Jul 27 2015 04:23:37 UTC: ERROR(12536) [put.cc:191] [execute] - Not connected to cluster to put record
Jul 27 2015 04:23:37 UTC: ERROR(12536) [put.cc:191] [execute] - Not connected to cluster to put record
Jul 27 2015 04:23:37 UTC: ERROR(12536) [put.cc:191] [execute] - Not connected to cluster to put record
Jul 27 2015 04:23:37 UTC: ERROR(12536) [put.cc:191] [execute] - Not connected to cluster to put record
Jul 27 2015 04:23:37 UTC: ERROR(12536) [put.cc:191] [execute] - Not connected to cluster to put record
Jul 27 2015 04:23:37 UTC: ERROR(12536) [put.cc:191] [execute] - Not connected to cluster to put record
Jul 27 2015 04:23:37 UTC: ERROR(12536) [put.cc:191] [execute] - Not connected to cluster to put record
Jul 27 2015 04:23:37 UTC: ERROR(12536) [put.cc:191] [execute] - Not connected to cluster to put record
Jul 27 2015 04:23:37 UTC: ERROR(12536) [put.cc:191] [execute] - Not connected to cluster to put record
Jul 27 2015 04:23:37 UTC: ERROR(12536) [put.cc:191] [execute] - Not connected to cluster to put record
Jul 27 2015 04:23:37 UTC: ERROR(12536) [put.cc:191] [execute] - Not connected to cluster to put record
Jul 27 2015 04:23:37 UTC: ERROR(12536) [put.cc:191] [execute] - Not connected to cluster to put record
Jul 27 2015 04:23:37 UTC: ERROR(12536) [put.cc:191] [execute] - Not connected to cluster to put record
Jul 27 2015 04:23:37 UTC: ERROR(12536) [put.cc:191] [execute] - Not connected to cluster to put record
Jul 27 2015 04:23:37 UTC: ERROR(12536) [put.cc:191] [execute] - Not connected to cluster to put record
Jul 27 2015 04:23:37 UTC: ERROR(12536) [put.cc:191] [execute] - Not connected to cluster to put record
Jul 27 2015 04:23:37 UTC: ERROR(12536) [put.cc:191] [execute] - Not connected to cluster to put record
Jul 27 2015 04:23:37 UTC: ERROR(12536) [put.cc:191] [execute] - Not connected to cluster to put record
Jul 27 2015 04:23:37 UTC: ERROR(12536) [put.cc:191] [execute] - Not connected to cluster to put record
Jul 27 2015 04:23:37 UTC: ERROR(12536) [put.cc:191] [execute] - Not connected to cluster to put record
Jul 27 2015 04:23:37 UTC: ERROR(12536) [put.cc:191] [execute] - Not connected to cluster to put record
Jul 27 2015 04:23:37 UTC: ERROR(12536) [put.cc:191] [execute] - Not connected to cluster to put record
Jul 27 2015 04:23:37 UTC: ERROR(12536) [put.cc:191] [execute] - Not connected to cluster to put record
Jul 27 2015 04:23:37 UTC: ERROR(12536) [put.cc:191] [execute] - Not connected to cluster to put record
Jul 27 2015 04:23:37 UTC: ERROR(12536) [put.cc:191] [execute] - Not connected to cluster to put record
Jul 27 2015 04:23:37 UTC: ERROR(12536) [put.cc:191] [execute] - Not connected to cluster to put record
Jul 27 2015 04:23:37 UTC: ERROR(12536) [put.cc:191] [execute] - Not connected to cluster to put record
Jul 27 2015 04:23:37 UTC: ERROR(12536) [put.cc:191] [execute] - Not connected to cluster to put record
Jul 27 2015 04:23:37 UTC: ERROR(12536) [put.cc:191] [execute] - Not connected to cluster to put record
Jul 27 2015 04:23:37 UTC: ERROR(12536) [put.cc:191] [execute] - Not connected to cluster to put record
Jul 27 2015 04:23:37 UTC: ERROR(12536) [put.cc:191] [execute] - Not connected to cluster to put record
Jul 27 2015 04:23:37 UTC: ERROR(12536) [put.cc:191] [execute] - Not connected to cluster to put record
Jul 27 2015 04:23:37 UTC: ERROR(12536) [put.cc:191] [execute] - Not connected to cluster to put record
Jul 27 2015 04:23:37 UTC: ERROR(12536) [put.cc:191] [execute] - Not connected to cluster to put record
Jul 27 2015 04:23:37 UTC: ERROR(12536) [put.cc:191] [execute] - Not connected to cluster to put record
Jul 27 2015 04:23:37 UTC: ERROR(12536) [put.cc:191] [execute] - Not connected to cluster to put record
Jul 27 2015 04:23:37 UTC: ERROR(12536) [put.cc:191] [execute] - Not connected to cluster to put record
Jul 27 2015 04:23:37 UTC: ERROR(12536) [put.cc:191] [execute] - Not connected to cluster to put record
Jul 27 2015 04:23:37 UTC: ERROR(12536) [put.cc:191] [execute] - Not connected to cluster to put record
Jul 27 2015 04:23:37 UTC: ERROR(12536) [put.cc:191] [execute] - Not connected to cluster to put record
Jul 27 2015 04:23:37 UTC: ERROR(12536) [put.cc:191] [execute] - Not connected to cluster to put record
Jul 27 2015 04:23:37 UTC: ERROR(12536) [put.cc:191] [execute] - Not connected to cluster to put record
Jul 27 2015 04:23:37 UTC: ERROR(12536) [put.cc:191] [execute] - Not connected to cluster to put record
Jul 27 2015 04:23:37 UTC: ERROR(12536) [put.cc:191] [execute] - Not connected to cluster to put record
Jul 27 2015 04:23:37 UTC: ERROR(12536) [put.cc:191] [execute] - Not connected to cluster to put record
Jul 27 2015 04:23:37 UTC: ERROR(12536) [put.cc:191] [execute] - Not connected to cluster to put record
Jul 27 2015 04:23:37 UTC: ERROR(12536) [put.cc:191] [execute] - Not connected to cluster to put record
Jul 27 2015 04:23:37 UTC: ERROR(12536) [put.cc:191] [execute] - Not connected to cluster to put record
Jul 27 2015 04:23:37 UTC: ERROR(12536) [put.cc:191] [execute] - Not connected to cluster to put record
Jul 27 2015 04:23:37 UTC: ERROR(12536) [put.cc:191] [execute] - Not connected to cluster to put record
Jul 27 2015 04:23:37 UTC: ERROR(12536) [put.cc:191] [execute] - Not connected to cluster to put record
Jul 27 2015 04:23:37 UTC: ERROR(12536) [put.cc:191] [execute] - Not connected to cluster to put record
Jul 27 2015 04:23:37 UTC: ERROR(12536) [put.cc:191] [execute] - Not connected to cluster to put record
Jul 27 2015 04:23:37 UTC: ERROR(12536) [put.cc:191] [execute] - Not connected to cluster to put record
Jul 27 2015 04:23:37 UTC: ERROR(12536) [put.cc:191] [execute] - Not connected to cluster to put record
Jul 27 2015 04:23:37 UTC: ERROR(12536) [put.cc:191] [execute] - Not connected to cluster to put record
Jul 27 2015 04:23:37 UTC: ERROR(12536) [put.cc:191] [execute] - Not connected to cluster to put record
Jul 27 2015 04:23:37 UTC: ERROR(12536) [put.cc:191] [execute] - Not connected to cluster to put record
Jul 27 2015 04:23:37 UTC: ERROR(12536) [put.cc:191] [execute] - Not connected to cluster to put record
Jul 27 2015 04:23:37 UTC: ERROR(12536) [put.cc:191] [execute] - Not connected to cluster to put record
Jul 27 2015 04:23:37 UTC: ERROR(12536) [put.cc:191] [execute] - Not connected to cluster to put record
Jul 27 2015 04:23:37 UTC: ERROR(12536) [put.cc:191] [execute] - Not connected to cluster to put record
Jul 27 2015 04:23:37 UTC: ERROR(12536) [put.cc:191] [execute] - Not connected to cluster to put record
Jul 27 2015 04:23:37 UTC: ERROR(12536) [put.cc:191] [execute] - Not connected to cluster to put record
Jul 27 2015 04:23:37 UTC: ERROR(12536) [put.cc:191] [execute] - Not connected to cluster to put record
Jul 27 2015 04:23:37 UTC: ERROR(12536) [put.cc:191] [execute] - Not connected to cluster to put record
Jul 27 2015 04:23:37 UTC: ERROR(12536) [put.cc:191] [execute] - Not connected to cluster to put record
Jul 27 2015 04:23:37 UTC: ERROR(12536) [put.cc:191] [execute] - Not connected to cluster to put record
Jul 27 2015 04:23:37 UTC: ERROR(12536) [put.cc:191] [execute] - Not connected to cluster to put record
Jul 27 2015 04:23:37 UTC: ERROR(12536) [put.cc:191] [execute] - Not connected to cluster to put record
Jul 27 2015 04:23:37 UTC: ERROR(12536) [put.cc:191] [execute] - Not connected to cluster to put record
Jul 27 2015 04:23:37 UTC: ERROR(12536) [put.cc:191] [execute] - Not connected to cluster to put record
Jul 27 2015 04:23:37 UTC: ERROR(12536) [put.cc:191] [execute] - Not connected to cluster to put record
Jul 27 2015 04:23:37 UTC: ERROR(12536) [put.cc:191] [execute] - Not connected to cluster to put record
Jul 27 2015 04:23:37 UTC: ERROR(12536) [put.cc:191] [execute] - Not connected to cluster to put record
Jul 27 2015 04:23:37 UTC: ERROR(12536) [put.cc:191] [execute] - Not connected to cluster to put record
Jul 27 2015 04:23:37 UTC: ERROR(12536) [put.cc:191] [execute] - Not connected to cluster to put record
Jul 27 2015 04:23:37 UTC: ERROR(12536) [put.cc:191] [execute] - Not connected to cluster to put record
Jul 27 2015 04:23:37 UTC: ERROR(12536) [put.cc:191] [execute] - Not connected to cluster to put record
Jul 27 2015 04:23:37 UTC: ERROR(12536) [put.cc:191] [execute] - Not connected to cluster to put record
Jul 27 2015 04:23:37 UTC: ERROR(12536) [put.cc:191] [execute] - Not connected to cluster to put record
Jul 27 2015 04:23:37 UTC: ERROR(12536) [put.cc:191] [execute] - Not connected to cluster to put record
Jul 27 2015 04:23:37 UTC: ERROR(12536) [put.cc:191] [execute] - Not connected to cluster to put record
Jul 27 2015 04:23:37 UTC: ERROR(12536) [put.cc:191] [execute] - Not connected to cluster to put record
Jul 27 2015 04:23:37 UTC: ERROR(12536) [put.cc:191] [execute] - Not connected to cluster to put record
Jul 27 2015 04:23:37 UTC: ERROR(12536) [put.cc:191] [execute] - Not connected to cluster to put record
Jul 27 2015 04:23:37 UTC: ERROR(12536) [put.cc:191] [execute] - Not connected to cluster to put record
Jul 27 2015 04:23:37 UTC: ERROR(12536) [put.cc:191] [execute] - Not connected to cluster to put record
Jul 27 2015 04:23:37 UTC: ERROR(12536) [put.cc:191] [execute] - Not connected to cluster to put record
Jul 27 2015 04:23:37 UTC: ERROR(12536) [put.cc:191] [execute] - Not connected to cluster to put record
Jul 27 2015 04:23:37 UTC: ERROR(12536) [put.cc:191] [execute] - Not connected to cluster to put record
Jul 27 2015 04:23:37 UTC: ERROR(12536) [put.cc:191] [execute] - Not connected to cluster to put record
Jul 27 2015 04:23:37 UTC: ERROR(12536) [put.cc:191] [execute] - Not connected to cluster to put record
Jul 27 2015 04:23:37 UTC: ERROR(12536) [put.cc:191] [execute] - Not connected to cluster to put record
Jul 27 2015 04:23:37 UTC: ERROR(12536) [put.cc:191] [execute] - Not connected to cluster to put record
Jul 27 2015 04:23:37 UTC: ERROR(12536) [put.cc:191] [execute] - Not connected to cluster to put record
Jul 27 2015 04:23:37 UTC: ERROR(12536) [put.cc:191] [execute] - Not connected to cluster to put record
Jul 27 2015 04:23:37 UTC: ERROR(12536) [put.cc:191] [execute] - Not connected to cluster to put record
Jul 27 2015 04:23:37 UTC: ERROR(12536) [put.cc:191] [execute] - Not connected to cluster to put record
Jul 27 2015 04:23:37 UTC: ERROR(12536) [put.cc:191] [execute] - Not connected to cluster to put record
Jul 27 2015 04:23:37 UTC: ERROR(12536) [put.cc:191] [execute] - Not connected to cluster to put record
Jul 27 2015 04:23:37 UTC: ERROR(12536) [put.cc:191] [execute] - Not connected to cluster to put record
Jul 27 2015 04:23:37 UTC: ERROR(12536) [put.cc:191] [execute] - Not connected to cluster to put record
Jul 27 2015 04:23:37 UTC: ERROR(12536) [put.cc:191] [execute] - Not connected to cluster to put record
Jul 27 2015 04:23:37 UTC: ERROR(12536) [put.cc:191] [execute] - Not connected to cluster to put record
Jul 27 2015 04:23:37 UTC: ERROR(12536) [put.cc:191] [execute] - Not connected to cluster to put record
Jul 27 2015 04:23:37 UTC: ERROR(12536) [put.cc:191] [execute] - Not connected to cluster to put record
Jul 27 2015 04:23:37 UTC: ERROR(12536) [put.cc:191] [execute] - Not connected to cluster to put record
Jul 27 2015 04:23:37 UTC: ERROR(12536) [put.cc:191] [execute] - Not connected to cluster to put record
Jul 27 2015 04:23:37 UTC: ERROR(12536) [put.cc:191] [execute] - Not connected to cluster to put record
Jul 27 2015 04:23:37 UTC: ERROR(12536) [put.cc:191] [execute] - Not connected to cluster to put record
Jul 27 2015 04:23:37 UTC: ERROR(12536) [put.cc:191] [execute] - Not connected to cluster to put record
Jul 27 2015 04:23:37 UTC: ERROR(12536) [put.cc:191] [execute] - Not connected to cluster to put record
Jul 27 2015 04:23:37 UTC: ERROR(12536) [put.cc:191] [execute] - Not connected to cluster to put record
Jul 27 2015 04:23:37 UTC: ERROR(12536) [put.cc:191] [execute] - Not connected to cluster to put record
Jul 27 2015 04:23:37 UTC: ERROR(12536) [put.cc:191] [execute] - Not connected to cluster to put record
Jul 27 2015 04:23:37 UTC: ERROR(12536) [put.cc:191] [execute] - Not connected to cluster to put record
Jul 27 2015 04:23:37 UTC: ERROR(12536) [put.cc:191] [execute] - Not connected to cluster to put record
Jul 27 2015 04:23:37 UTC: ERROR(12536) [put.cc:191] [execute] - Not connected to cluster to put record
Jul 27 2015 04:23:37 UTC: ERROR(12536) [put.cc:191] [execute] - Not connected to cluster to put record
Jul 27 2015 04:23:37 UTC: ERROR(12536) [put.cc:191] [execute] - Not connected to cluster to put record
Jul 27 2015 04:23:37 UTC: ERROR(12536) [put.cc:191] [execute] - Not connected to cluster to put record
Jul 27 2015 04:23:37 UTC: ERROR(12536) [put.cc:191] [execute] - Not connected to cluster to put record
Jul 27 2015 04:23:37 UTC: ERROR(12536) [put.cc:191] [execute] - Not connected to cluster to put record
Jul 27 2015 04:23:37 UTC: ERROR(12536) [put.cc:191] [execute] - Not connected to cluster to put record
Jul 27 2015 04:23:37 UTC: ERROR(12536) [put.cc:191] [execute] - Not connected to cluster to put record
Jul 27 2015 04:23:37 UTC: ERROR(12536) [put.cc:191] [execute] - Not connected to cluster to put record
Jul 27 2015 04:23:37 UTC: ERROR(12536) [put.cc:191] [execute] - Not connected to cluster to put record
Jul 27 2015 04:23:37 UTC: ERROR(12536) [put.cc:191] [execute] - Not connected to cluster to put record
Jul 27 2015 04:23:37 UTC: ERROR(12536) [put.cc:191] [execute] - Not connected to cluster to put record
Jul 27 2015 04:23:37 UTC: ERROR(12536) [put.cc:191] [execute] - Not connected to cluster to put record
Jul 27 2015 04:23:37 UTC: ERROR(12536) [put.cc:191] [execute] - Not connected to cluster to put record
Jul 27 2015 04:23:37 UTC: ERROR(12536) [put.cc:191] [execute] - Not connected to cluster to put record
Jul 27 2015 04:23:37 UTC: ERROR(12536) [put.cc:191] [execute] - Not connected to cluster to put record
Jul 27 2015 04:23:37 UTC: ERROR(12536) [put.cc:191] [execute] - Not connected to cluster to put record
Jul 27 2015 04:23:37 UTC: ERROR(12536) [put.cc:191] [execute] - Not connected to cluster to put record
Jul 27 2015 04:23:37 UTC: ERROR(12536) [put.cc:191] [execute] - Not connected to cluster to put record
Jul 27 2015 04:23:37 UTC: ERROR(12536) [put.cc:191] [execute] - Not connected to cluster to put record
Jul 27 2015 04:23:37 UTC: ERROR(12536) [put.cc:191] [execute] - Not connected to cluster to put record
Jul 27 2015 04:23:37 UTC: ERROR(12536) [put.cc:191] [execute] - Not connected to cluster to put record
Jul 27 2015 04:23:37 UTC: ERROR(12536) [put.cc:191] [execute] - Not connected to cluster to put record
Jul 27 2015 04:23:37 UTC: ERROR(12536) [put.cc:191] [execute] - Not connected to cluster to put record
Jul 27 2015 04:23:37 UTC: ERROR(12536) [put.cc:191] [execute] - Not connected to cluster to put record
Jul 27 2015 04:23:37 UTC: ERROR(12536) [put.cc:191] [execute] - Not connected to cluster to put record
Jul 27 2015 04:23:37 UTC: ERROR(12536) [put.cc:191] [execute] - Not connected to cluster to put record
Jul 27 2015 04:23:37 UTC: ERROR(12536) [put.cc:191] [execute] - Not connected to cluster to put record
Jul 27 2015 04:23:37 UTC: ERROR(12536) [put.cc:191] [execute] - Not connected to cluster to put record
Jul 27 2015 04:23:37 UTC: ERROR(12536) [put.cc:191] [execute] - Not connected to cluster to put record
Jul 27 2015 04:23:37 UTC: ERROR(12536) [put.cc:191] [execute] - Not connected to cluster to put record
Jul 27 2015 04:23:37 UTC: ERROR(12536) [put.cc:191] [execute] - Not connected to cluster to put record
Jul 27 2015 04:23:37 UTC: ERROR(12536) [put.cc:191] [execute] - Not connected to cluster to put record
Jul 27 2015 04:23:37 UTC: ERROR(12536) [put.cc:191] [execute] - Not connected to cluster to put record
Jul 27 2015 04:23:37 UTC: ERROR(12536) [put.cc:191] [execute] - Not connected to cluster to put record
Jul 27 2015 04:23:37 UTC: ERROR(12536) [put.cc:191] [execute] - Not connected to cluster to put record
Jul 27 2015 04:23:37 UTC: ERROR(12536) [put.cc:191] [execute] - Not connected to cluster to put record
Jul 27 2015 04:23:37 UTC: ERROR(12536) [put.cc:191] [execute] - Not connected to cluster to put record
Jul 27 2015 04:23:37 UTC: ERROR(12536) [put.cc:191] [execute] - Not connected to cluster to put record
Jul 27 2015 04:23:37 UTC: ERROR(12536) [put.cc:191] [execute] - Not connected to cluster to put record
Jul 27 2015 04:23:37 UTC: ERROR(12536) [put.cc:191] [execute] - Not connected to cluster to put record
Jul 27 2015 04:23:37 UTC: ERROR(12536) [put.cc:191] [execute] - Not connected to cluster to put record
Jul 27 2015 04:23:37 UTC: ERROR(12536) [put.cc:191] [execute] - Not connected to cluster to put record
Jul 27 2015 04:23:37 UTC: ERROR(12536) [put.cc:191] [execute] - Not connected to cluster to put record
Jul 27 2015 04:23:37 UTC: ERROR(12536) [put.cc:191] [execute] - Not connected to cluster to put record
Jul 27 2015 04:23:37 UTC: ERROR(12536) [put.cc:191] [execute] - Not connected to cluster to put record
Jul 27 2015 04:23:37 UTC: ERROR(12536) [put.cc:191] [execute] - Not connected to cluster to put record
Jul 27 2015 04:23:37 UTC: ERROR(12536) [put.cc:191] [execute] - Not connected to cluster to put record
Jul 27 2015 04:23:37 UTC: ERROR(12536) [put.cc:191] [execute] - Not connected to cluster to put record
Jul 27 2015 04:23:37 UTC: ERROR(12536) [put.cc:191] [execute] - Not connected to cluster to put record
Jul 27 2015 04:23:37 UTC: ERROR(12536) [put.cc:191] [execute] - Not connected to cluster to put record
Jul 27 2015 04:23:37 UTC: ERROR(12536) [put.cc:191] [execute] - Not connected to cluster to put record
Jul 27 2015 04:23:37 UTC: ERROR(12536) [put.cc:191] [execute] - Not connected to cluster to put record
Jul 27 2015 04:23:37 UTC: ERROR(12536) [put.cc:191] [execute] - Not connected to cluster to put record
Jul 27 2015 04:23:37 UTC: ERROR(12536) [put.cc:191] [execute] - Not connected to cluster to put record
Jul 27 2015 04:23:37 UTC: ERROR(12536) [put.cc:191] [execute] - Not connected to cluster to put record
Jul 27 2015 04:23:37 UTC: ERROR(12536) [put.cc:191] [execute] - Not connected to cluster to put record
Jul 27 2015 04:23:37 UTC: ERROR(12536) [put.cc:191] [execute] - Not connected to cluster to put record
Jul 27 2015 04:23:37 UTC: ERROR(12536) [put.cc:191] [execute] - Not connected to cluster to put record
Jul 27 2015 04:23:37 UTC: ERROR(12536) [put.cc:191] [execute] - Not connected to cluster to put record
Jul 27 2015 04:23:37 UTC: ERROR(12536) [put.cc:191] [execute] - Not connected to cluster to put record
Jul 27 2015 04:23:37 UTC: ERROR(12536) [put.cc:191] [execute] - Not connected to cluster to put record
Jul 27 2015 04:23:37 UTC: ERROR(12536) [put.cc:191] [execute] - Not connected to cluster to put record
Jul 27 2015 04:23:37 UTC: ERROR(12536) [put.cc:191] [execute] - Not connected to cluster to put record
Jul 27 2015 04:23:37 UTC: ERROR(12536) [put.cc:191] [execute] - Not connected to cluster to put record
Jul 27 2015 04:23:37 UTC: ERROR(12536) [put.cc:191] [execute] - Not connected to cluster to put record
Jul 27 2015 04:23:37 UTC: ERROR(12536) [put.cc:191] [execute] - Not connected to cluster to put record
Jul 27 2015 04:23:37 UTC: ERROR(12536) [put.cc:191] [execute] - Not connected to cluster to put record
Jul 27 2015 04:23:37 UTC: ERROR(12536) [put.cc:191] [execute] - Not connected to cluster to put record
Jul 27 2015 04:23:37 UTC: ERROR(12536) [put.cc:191] [execute] - Not connected to cluster to put record
Jul 27 2015 04:23:37 UTC: ERROR(12536) [put.cc:191] [execute] - Not connected to cluster to put record
Jul 27 2015 04:23:37 UTC: ERROR(12536) [put.cc:191] [execute] - Not connected to cluster to put record
Jul 27 2015 04:23:37 UTC: ERROR(12536) [put.cc:191] [execute] - Not connected to cluster to put record
Jul 27 2015 04:23:37 UTC: ERROR(12536) [put.cc:191] [execute] - Not connected to cluster to put record
Jul 27 2015 04:23:37 UTC: ERROR(12536) [put.cc:191] [execute] - Not connected to cluster to put record
Jul 27 2015 04:23:37 UTC: ERROR(12536) [put.cc:191] [execute] - Not connected to cluster to put record
Jul 27 2015 04:23:37 UTC: ERROR(12536) [put.cc:191] [execute] - Not connected to cluster to put record
Jul 27 2015 04:23:37 UTC: ERROR(12536) [put.cc:191] [execute] - Not connected to cluster to put record
Jul 27 2015 04:23:37 UTC: ERROR(12536) [put.cc:191] [execute] - Not connected to cluster to put record
Jul 27 2015 04:23:37 UTC: ERROR(12536) [put.cc:191] [execute] - Not connected to cluster to put record
Jul 27 2015 04:23:37 UTC: ERROR(12536) [put.cc:191] [execute] - Not connected to cluster to put record
Jul 27 2015 04:23:37 UTC: ERROR(12536) [put.cc:191] [execute] - Not connected to cluster to put record
Jul 27 2015 04:23:37 UTC: ERROR(12536) [put.cc:191] [execute] - Not connected to cluster to put record
Jul 27 2015 04:23:37 UTC: ERROR(12536) [put.cc:191] [execute] - Not connected to cluster to put record
Jul 27 2015 04:23:37 UTC: ERROR(12536) [put.cc:191] [execute] - Not connected to cluster to put record
Jul 27 2015 04:23:37 UTC: ERROR(12536) [put.cc:191] [execute] - Not connected to cluster to put record
Jul 27 2015 04:23:37 UTC: ERROR(12536) [put.cc:191] [execute] - Not connected to cluster to put record
Jul 27 2015 04:23:37 UTC: ERROR(12536) [put.cc:191] [execute] - Not connected to cluster to put record
Jul 27 2015 04:23:37 UTC: ERROR(12536) [put.cc:191] [execute] - Not connected to cluster to put record
Jul 27 2015 04:23:37 UTC: ERROR(12536) [put.cc:191] [execute] - Not connected to cluster to put record
Jul 27 2015 04:23:37 UTC: ERROR(12536) [put.cc:191] [execute] - Not connected to cluster to put record
Jul 27 2015 04:23:37 UTC: ERROR(12536) [put.cc:191] [execute] - Not connected to cluster to put record
Jul 27 2015 04:23:37 UTC: ERROR(12536) [put.cc:191] [execute] - Not connected to cluster to put record
Jul 27 2015 04:23:37 UTC: ERROR(12536) [put.cc:191] [execute] - Not connected to cluster to put record
Jul 27 2015 04:23:37 UTC: ERROR(12536) [put.cc:191] [execute] - Not connected to cluster to put record
Jul 27 2015 04:23:37 UTC: ERROR(12536) [put.cc:191] [execute] - Not connected to cluster to put record
Jul 27 2015 04:23:37 UTC: ERROR(12536) [put.cc:191] [execute] - Not connected to cluster to put record
Jul 27 2015 04:23:37 UTC: ERROR(12536) [put.cc:191] [execute] - Not connected to cluster to put record
Jul 27 2015 04:23:37 UTC: ERROR(12536) [put.cc:191] [execute] - Not connected to cluster to put record
Jul 27 2015 04:23:37 UTC: ERROR(12536) [put.cc:191] [execute] - Not connected to cluster to put record
Jul 27 2015 04:23:37 UTC: ERROR(12536) [put.cc:191] [execute] - Not connected to cluster to put record
Jul 27 2015 04:23:37 UTC: ERROR(12536) [put.cc:191] [execute] - Not connected to cluster to put record
Jul 27 2015 04:23:37 UTC: ERROR(12536) [put.cc:191] [execute] - Not connected to cluster to put record
Jul 27 2015 04:23:37 UTC: ERROR(12536) [put.cc:191] [execute] - Not connected to cluster to put record
Jul 27 2015 04:23:37 UTC: ERROR(12536) [put.cc:191] [execute] - Not connected to cluster to put record
Jul 27 2015 04:23:37 UTC: ERROR(12536) [put.cc:191] [execute] - Not connected to cluster to put record
Jul 27 2015 04:23:37 UTC: ERROR(12536) [put.cc:191] [execute] - Not connected to cluster to put record
Jul 27 2015 04:23:37 UTC: ERROR(12536) [put.cc:191] [execute] - Not connected to cluster to put record
Jul 27 2015 04:23:37 UTC: ERROR(12536) [put.cc:191] [execute] - Not connected to cluster to put record
Jul 27 2015 04:23:37 UTC: ERROR(12536) [put.cc:191] [execute] - Not connected to cluster to put record
Jul 27 2015 04:23:37 UTC: ERROR(12536) [put.cc:191] [execute] - Not connected to cluster to put record
Jul 27 2015 04:23:37 UTC: ERROR(12536) [put.cc:191] [execute] - Not connected to cluster to put record
Jul 27 2015 04:23:37 UTC: ERROR(12536) [put.cc:191] [execute] - Not connected to cluster to put record
Jul 27 2015 04:23:37 UTC: ERROR(12536) [put.cc:191] [execute] - Not connected to cluster to put record
Jul 27 2015 04:23:37 UTC: ERROR(12536) [put.cc:191] [execute] - Not connected to cluster to put record
Jul 27 2015 04:23:37 UTC: ERROR(12536) [put.cc:191] [execute] - Not connected to cluster to put record
Jul 27 2015 04:23:37 UTC: ERROR(12536) [put.cc:191] [execute] - Not connected to cluster to put record
Jul 27 2015 04:23:37 UTC: ERROR(12536) [put.cc:191] [execute] - Not connected to cluster to put record
Jul 27 2015 04:23:37 UTC: ERROR(12536) [put.cc:191] [execute] - Not connected to cluster to put record
Jul 27 2015 04:23:37 UTC: ERROR(12536) [put.cc:191] [execute] - Not connected to cluster to put record
Jul 27 2015 04:23:37 UTC: ERROR(12536) [put.cc:191] [execute] - Not connected to cluster to put record
Jul 27 2015 04:23:37 UTC: ERROR(12536) [put.cc:191] [execute] - Not connected to cluster to put record
Jul 27 2015 04:23:37 UTC: ERROR(12536) [put.cc:191] [execute] - Not connected to cluster to put record
Jul 27 2015 04:23:37 UTC: ERROR(12536) [put.cc:191] [execute] - Not connected to cluster to put record
Jul 27 2015 04:23:37 UTC: ERROR(12536) [put.cc:191] [execute] - Not connected to cluster to put record
Jul 27 2015 04:23:37 UTC: ERROR(12536) [put.cc:191] [execute] - Not connected to cluster to put record
Jul 27 2015 04:23:37 UTC: ERROR(12536) [put.cc:191] [execute] - Not connected to cluster to put record
Jul 27 2015 04:23:37 UTC: ERROR(12536) [put.cc:191] [execute] - Not connected to cluster to put record
Jul 27 2015 04:23:37 UTC: ERROR(12536) [put.cc:191] [execute] - Not connected to cluster to put record
Jul 27 2015 04:23:37 UTC: ERROR(12536) [put.cc:191] [execute] - Not connected to cluster to put record
Jul 27 2015 04:23:37 UTC: ERROR(12536) [put.cc:191] [execute] - Not connected to cluster to put record
Jul 27 2015 04:23:37 UTC: ERROR(12536) [put.cc:191] [execute] - Not connected to cluster to put record
Jul 27 2015 04:23:37 UTC: ERROR(12536) [put.cc:191] [execute] - Not connected to cluster to put record
Jul 27 2015 04:23:37 UTC: ERROR(12536) [put.cc:191] [execute] - Not connected to cluster to put record
Jul 27 2015 04:23:37 UTC: ERROR(12536) [put.cc:191] [execute] - Not connected to cluster to put record
Jul 27 2015 04:23:37 UTC: ERROR(12536) [put.cc:191] [execute] - Not connected to cluster to put record
Jul 27 2015 04:23:37 UTC: ERROR(12536) [put.cc:191] [execute] - Not connected to cluster to put record
Jul 27 2015 04:23:37 UTC: ERROR(12536) [put.cc:191] [execute] - Not connected to cluster to put record
Jul 27 2015 04:23:37 UTC: ERROR(12536) [put.cc:191] [execute] - Not connected to cluster to put record
Jul 27 2015 04:23:37 UTC: ERROR(12536) [put.cc:191] [execute] - Not connected to cluster to put record
Jul 27 2015 04:23:37 UTC: ERROR(12536) [put.cc:191] [execute] - Not connected to cluster to put record
Jul 27 2015 04:23:37 UTC: ERROR(12536) [put.cc:191] [execute] - Not connected to cluster to put record
Jul 27 2015 04:23:37 UTC: ERROR(12536) [put.cc:191] [execute] - Not connected to cluster to put record
Jul 27 2015 04:23:37 UTC: ERROR(12536) [put.cc:191] [execute] - Not connected to cluster to put record
Jul 27 2015 04:23:37 UTC: ERROR(12536) [put.cc:191] [execute] - Not connected to cluster to put record
Jul 27 2015 04:23:37 UTC: ERROR(12536) [put.cc:191] [execute] - Not connected to cluster to put record
Jul 27 2015 04:23:37 UTC: ERROR(12536) [put.cc:191] [execute] - Not connected to cluster to put record
Jul 27 2015 04:23:37 UTC: ERROR(12536) [put.cc:191] [execute] - Not connected to cluster to put record
Jul 27 2015 04:23:37 UTC: ERROR(12536) [put.cc:191] [execute] - Not connected to cluster to put record
Jul 27 2015 04:23:37 UTC: ERROR(12536) [put.cc:191] [execute] - Not connected to cluster to put record
Jul 27 2015 04:23:37 UTC: ERROR(12536) [put.cc:191] [execute] - Not connected to cluster to put record
Jul 27 2015 04:23:37 UTC: ERROR(12536) [put.cc:191] [execute] - Not connected to cluster to put record
Jul 27 2015 04:23:37 UTC: ERROR(12536) [put.cc:191] [execute] - Not connected to cluster to put record
Jul 27 2015 04:23:37 UTC: ERROR(12536) [put.cc:191] [execute] - Not connected to cluster to put record
Jul 27 2015 04:23:37 UTC: ERROR(12536) [put.cc:191] [execute] - Not connected to cluster to put record
Jul 27 2015 04:23:37 UTC: ERROR(12536) [put.cc:191] [execute] - Not connected to cluster to put record
Jul 27 2015 04:23:37 UTC: ERROR(12536) [put.cc:191] [execute] - Not connected to cluster to put record
Jul 27 2015 04:23:37 UTC: ERROR(12536) [put.cc:191] [execute] - Not connected to cluster to put record
Jul 27 2015 04:23:37 UTC: ERROR(12536) [put.cc:191] [execute] - Not connected to cluster to put record
Jul 27 2015 04:23:37 UTC: ERROR(12536) [put.cc:191] [execute] - Not connected to cluster to put record
Jul 27 2015 04:23:37 UTC: ERROR(12536) [put.cc:191] [execute] - Not connected to cluster to put record
Jul 27 2015 04:23:37 UTC: ERROR(12536) [put.cc:191] [execute] - Not connected to cluster to put record
Jul 27 2015 04:23:37 UTC: ERROR(12536) [put.cc:191] [execute] - Not connected to cluster to put record
Jul 27 2015 04:23:37 UTC: ERROR(12536) [put.cc:191] [execute] - Not connected to cluster to put record
Jul 27 2015 04:23:37 UTC: ERROR(12536) [put.cc:191] [execute] - Not connected to cluster to put record
Jul 27 2015 04:23:37 UTC: ERROR(12536) [put.cc:191] [execute] - Not connected to cluster to put record
Jul 27 2015 04:23:37 UTC: ERROR(12536) [put.cc:191] [execute] - Not connected to cluster to put record
Jul 27 2015 04:23:37 UTC: ERROR(12536) [put.cc:191] [execute] - Not connected to cluster to put record
Jul 27 2015 04:23:37 UTC: ERROR(12536) [put.cc:191] [execute] - Not connected to cluster to put record
Jul 27 2015 04:23:37 UTC: ERROR(12536) [put.cc:191] [execute] - Not connected to cluster to put record
Jul 27 2015 04:23:37 UTC: ERROR(12536) [put.cc:191] [execute] - Not connected to cluster to put record
Jul 27 2015 04:23:37 UTC: ERROR(12536) [put.cc:191] [execute] - Not connected to cluster to put record
Jul 27 2015 04:23:37 UTC: ERROR(12536) [put.cc:191] [execute] - Not connected to cluster to put record
Jul 27 2015 04:23:37 UTC: ERROR(12536) [put.cc:191] [execute] - Not connected to cluster to put record
Jul 27 2015 04:23:37 UTC: ERROR(12536) [put.cc:191] [execute] - Not connected to cluster to put record
Jul 27 2015 04:23:37 UTC: ERROR(12536) [put.cc:191] [execute] - Not connected to cluster to put record
Jul 27 2015 04:23:37 UTC: ERROR(12536) [put.cc:191] [execute] - Not connected to cluster to put record
Jul 27 2015 04:23:37 UTC: ERROR(12536) [put.cc:191] [execute] - Not connected to cluster to put record
Jul 27 2015 04:23:37 UTC: ERROR(12536) [put.cc:191] [execute] - Not connected to cluster to put record
Jul 27 2015 04:23:37 UTC: ERROR(12536) [put.cc:191] [execute] - Not connected to cluster to put record
Jul 27 2015 04:23:37 UTC: ERROR(12536) [put.cc:191] [execute] - Not connected to cluster to put record
Jul 27 2015 04:23:37 UTC: ERROR(12536) [put.cc:191] [execute] - Not connected to cluster to put record
Jul 27 2015 04:23:37 UTC: ERROR(12536) [put.cc:191] [execute] - Not connected to cluster to put record
Jul 27 2015 04:23:37 UTC: ERROR(12536) [put.cc:191] [execute] - Not connected to cluster to put record
Jul 27 2015 04:23:37 UTC: ERROR(12536) [put.cc:191] [execute] - Not connected to cluster to put record
Jul 27 2015 04:23:37 UTC: ERROR(12536) [put.cc:191] [execute] - Not connected to cluster to put record
Jul 27 2015 04:23:37 UTC: ERROR(12536) [put.cc:191] [execute] - Not connected to cluster to put record
Jul 27 2015 04:23:37 UTC: ERROR(12536) [put.cc:191] [execute] - Not connected to cluster to put record
Jul 27 2015 04:23:37 UTC: ERROR(12536) [put.cc:191] [execute] - Not connected to cluster to put record
Jul 27 2015 04:23:37 UTC: ERROR(12536) [put.cc:191] [execute] - Not connected to cluster to put record
Jul 27 2015 04:23:37 UTC: ERROR(12536) [put.cc:191] [execute] - Not connected to cluster to put record
Jul 27 2015 04:23:37 UTC: ERROR(12536) [put.cc:191] [execute] - Not connected to cluster to put record
Jul 27 2015 04:23:37 UTC: ERROR(12536) [put.cc:191] [execute] - Not connected to cluster to put record
Jul 27 2015 04:23:37 UTC: ERROR(12536) [put.cc:191] [execute] - Not connected to cluster to put record
Jul 27 2015 04:23:37 UTC: ERROR(12536) [put.cc:191] [execute] - Not connected to cluster to put record
Jul 27 2015 04:23:37 UTC: ERROR(12536) [put.cc:191] [execute] - Not connected to cluster to put record
Jul 27 2015 04:23:37 UTC: ERROR(12536) [put.cc:191] [execute] - Not connected to cluster to put record
Jul 27 2015 04:23:37 UTC: ERROR(12536) [put.cc:191] [execute] - Not connected to cluster to put record
Jul 27 2015 04:23:37 UTC: ERROR(12536) [put.cc:191] [execute] - Not connected to cluster to put record
Jul 27 2015 04:23:37 UTC: ERROR(12536) [put.cc:191] [execute] - Not connected to cluster to put record
Jul 27 2015 04:23:37 UTC: ERROR(12536) [put.cc:191] [execute] - Not connected to cluster to put record
Jul 27 2015 04:23:37 UTC: ERROR(12536) [put.cc:191] [execute] - Not connected to cluster to put record
Jul 27 2015 04:23:37 UTC: ERROR(12536) [put.cc:191] [execute] - Not connected to cluster to put record
Jul 27 2015 04:23:37 UTC: ERROR(12536) [put.cc:191] [execute] - Not connected to cluster to put record
Jul 27 2015 04:23:37 UTC: ERROR(12536) [put.cc:191] [execute] - Not connected to cluster to put record
Jul 27 2015 04:23:37 UTC: ERROR(12536) [put.cc:191] [execute] - Not connected to cluster to put record
Jul 27 2015 04:23:37 UTC: ERROR(12536) [put.cc:191] [execute] - Not connected to cluster to put record
Jul 27 2015 04:23:37 UTC: ERROR(12536) [put.cc:191] [execute] - Not connected to cluster to put record
Jul 27 2015 04:23:37 UTC: ERROR(12536) [put.cc:191] [execute] - Not connected to cluster to put record
Jul 27 2015 04:23:37 UTC: ERROR(12536) [put.cc:191] [execute] - Not connected to cluster to put record
Jul 27 2015 04:23:37 UTC: ERROR(12536) [put.cc:191] [execute] - Not connected to cluster to put record
Jul 27 2015 04:23:37 UTC: ERROR(12536) [put.cc:191] [execute] - Not connected to cluster to put record
Jul 27 2015 04:23:37 UTC: ERROR(12536) [put.cc:191] [execute] - Not connected to cluster to put record
Jul 27 2015 04:23:37 UTC: ERROR(12536) [put.cc:191] [execute] - Not connected to cluster to put record
Jul 27 2015 04:23:37 UTC: ERROR(12536) [put.cc:191] [execute] - Not connected to cluster to put record
Jul 27 2015 04:23:37 UTC: ERROR(12536) [put.cc:191] [execute] - Not connected to cluster to put record
Jul 27 2015 04:23:37 UTC: ERROR(12536) [put.cc:191] [execute] - Not connected to cluster to put record
Jul 27 2015 04:23:37 UTC: ERROR(12536) [put.cc:191] [execute] - Not connected to cluster to put record
Jul 27 2015 04:23:37 UTC: ERROR(12536) [put.cc:191] [execute] - Not connected to cluster to put record
Jul 27 2015 04:23:37 UTC: ERROR(12536) [put.cc:191] [execute] - Not connected to cluster to put record
Jul 27 2015 04:23:37 UTC: ERROR(12536) [put.cc:191] [execute] - Not connected to cluster to put record
Jul 27 2015 04:23:37 UTC: ERROR(12536) [put.cc:191] [execute] - Not connected to cluster to put record
Jul 27 2015 04:23:37 UTC: ERROR(12536) [put.cc:191] [execute] - Not connected to cluster to put record
Jul 27 2015 04:23:37 UTC: ERROR(12536) [put.cc:191] [execute] - Not connected to cluster to put record
Jul 27 2015 04:23:37 UTC: ERROR(12536) [put.cc:191] [execute] - Not connected to cluster to put record
Jul 27 2015 04:23:37 UTC: ERROR(12536) [put.cc:191] [execute] - Not connected to cluster to put record
Jul 27 2015 04:23:37 UTC: ERROR(12536) [put.cc:191] [execute] - Not connected to cluster to put record
Jul 27 2015 04:23:37 UTC: ERROR(12536) [put.cc:191] [execute] - Not connected to cluster to put record
Jul 27 2015 04:23:37 UTC: ERROR(12536) [put.cc:191] [execute] - Not connected to cluster to put record
Jul 27 2015 04:23:37 UTC: ERROR(12536) [put.cc:191] [execute] - Not connected to cluster to put record
Jul 27 2015 04:23:37 UTC: ERROR(12536) [put.cc:191] [execute] - Not connected to cluster to put record
Jul 27 2015 04:23:37 UTC: ERROR(12536) [put.cc:191] [execute] - Not connected to cluster to put record
Jul 27 2015 04:23:37 UTC: ERROR(12536) [put.cc:191] [execute] - Not connected to cluster to put record
Jul 27 2015 04:23:37 UTC: ERROR(12536) [put.cc:191] [execute] - Not connected to cluster to put record
Jul 27 2015 04:23:37 UTC: ERROR(12536) [put.cc:191] [execute] - Not connected to cluster to put record
Jul 27 2015 04:23:37 UTC: ERROR(12536) [put.cc:191] [execute] - Not connected to cluster to put record
Jul 27 2015 04:23:37 UTC: ERROR(12536) [put.cc:191] [execute] - Not connected to cluster to put record
Jul 27 2015 04:23:37 UTC: ERROR(12536) [put.cc:191] [execute] - Not connected to cluster to put record
Jul 27 2015 04:23:37 UTC: ERROR(12536) [put.cc:191] [execute] - Not connected to cluster to put record
Jul 27 2015 04:23:37 UTC: ERROR(12536) [put.cc:191] [execute] - Not connected to cluster to put record
Jul 27 2015 04:23:37 UTC: ERROR(12536) [put.cc:191] [execute] - Not connected to cluster to put record
Jul 27 2015 04:23:37 UTC: ERROR(12536) [put.cc:191] [execute] - Not connected to cluster to put record
Jul 27 2015 04:23:37 UTC: ERROR(12536) [put.cc:191] [execute] - Not connected to cluster to put record
Jul 27 2015 04:23:37 UTC: ERROR(12536) [put.cc:191] [execute] - Not connected to cluster to put record
Jul 27 2015 04:23:37 UTC: ERROR(12536) [put.cc:191] [execute] - Not connected to cluster to put record
Jul 27 2015 04:23:37 UTC: ERROR(12536) [put.cc:191] [execute] - Not connected to cluster to put record
Jul 27 2015 04:23:37 UTC: ERROR(12536) [put.cc:191] [execute] - Not connected to cluster to put record
Jul 27 2015 04:23:37 UTC: ERROR(12536) [put.cc:191] [execute] - Not connected to cluster to put record
Jul 27 2015 04:23:37 UTC: ERROR(12536) [put.cc:191] [execute] - Not connected to cluster to put record
Jul 27 2015 04:23:37 UTC: ERROR(12536) [put.cc:191] [execute] - Not connected to cluster to put record
Jul 27 2015 04:23:37 UTC: ERROR(12536) [put.cc:191] [execute] - Not connected to cluster to put record
Jul 27 2015 04:23:37 UTC: ERROR(12536) [put.cc:191] [execute] - Not connected to cluster to put record
Jul 27 2015 04:23:37 UTC: ERROR(12536) [put.cc:191] [execute] - Not connected to cluster to put record
Jul 27 2015 04:23:37 UTC: ERROR(12536) [put.cc:191] [execute] - Not connected to cluster to put record
Jul 27 2015 04:23:37 UTC: ERROR(12536) [put.cc:191] [execute] - Not connected to cluster to put record
Jul 27 2015 04:23:37 UTC: ERROR(12536) [put.cc:191] [execute] - Not connected to cluster to put record
Jul 27 2015 04:23:37 UTC: ERROR(12536) [put.cc:191] [execute] - Not connected to cluster to put record
Jul 27 2015 04:23:37 UTC: ERROR(12536) [put.cc:191] [execute] - Not connected to cluster to put record
Jul 27 2015 04:23:37 UTC: ERROR(12536) [put.cc:191] [execute] - Not connected to cluster to put record
Jul 27 2015 04:23:37 UTC: ERROR(12536) [put.cc:191] [execute] - Not connected to cluster to put record
Jul 27 2015 04:23:37 UTC: ERROR(12536) [put.cc:191] [execute] - Not connected to cluster to put record
Jul 27 2015 04:23:37 UTC: ERROR(12536) [put.cc:191] [execute] - Not connected to cluster to put record
Jul 27 2015 04:23:37 UTC: ERROR(12536) [put.cc:191] [execute] - Not connected to cluster to put record
Jul 27 2015 04:23:37 UTC: ERROR(12536) [put.cc:191] [execute] - Not connected to cluster to put record
Jul 27 2015 04:23:37 UTC: ERROR(12536) [put.cc:191] [execute] - Not connected to cluster to put record
Jul 27 2015 04:23:37 UTC: ERROR(12536) [put.cc:191] [execute] - Not connected to cluster to put record
Jul 27 2015 04:23:37 UTC: ERROR(12536) [put.cc:191] [execute] - Not connected to cluster to put record
Jul 27 2015 04:23:37 UTC: ERROR(12536) [put.cc:191] [execute] - Not connected to cluster to put record
Jul 27 2015 04:23:37 UTC: ERROR(12536) [put.cc:191] [execute] - Not connected to cluster to put record
Jul 27 2015 04:23:37 UTC: ERROR(12536) [put.cc:191] [execute] - Not connected to cluster to put record
Jul 27 2015 04:23:37 UTC: ERROR(12536) [put.cc:191] [execute] - Not connected to cluster to put record
Jul 27 2015 04:23:37 UTC: ERROR(12536) [put.cc:191] [execute] - Not connected to cluster to put record
Jul 27 2015 04:23:37 UTC: ERROR(12536) [put.cc:191] [execute] - Not connected to cluster to put record
Jul 27 2015 04:23:37 UTC: ERROR(12536) [put.cc:191] [execute] - Not connected to cluster to put record
Jul 27 2015 04:23:37 UTC: ERROR(12536) [put.cc:191] [execute] - Not connected to cluster to put record
Jul 27 2015 04:23:37 UTC: ERROR(12536) [put.cc:191] [execute] - Not connected to cluster to put record
Jul 27 2015 04:23:37 UTC: ERROR(12536) [put.cc:191] [execute] - Not connected to cluster to put record
Jul 27 2015 04:23:37 UTC: ERROR(12536) [connect.cc:69] [Connect] - Connecting to Cluster Failed
Jul 27 2015 04:23:37 UTC: ERROR(12536) [udf_register.cc:268] [execute] - Not connected to cluster to put record
Jul 27 2015 04:23:50 UTC: ERROR(12540) [connect.cc:69] [Connect] - Connecting to Cluster Failed
Jul 27 2015 04:23:50 UTC: ERROR(12540) [put.cc:191] [execute] - Not connected to cluster to put record
Jul 27 2015 04:23:50 UTC: ERROR(12540) [put.cc:191] [execute] - Not connected to cluster to put record
Jul 27 2015 04:23:50 UTC: ERROR(12540) [put.cc:191] [execute] - Not connected to cluster to put record
Jul 27 2015 04:23:50 UTC: ERROR(12540) [put.cc:191] [execute] - Not connected to cluster to put record
Jul 27 2015 04:23:50 UTC: ERROR(12540) [put.cc:191] [execute] - Not connected to cluster to put record
Jul 27 2015 04:23:50 UTC: ERROR(12540) [put.cc:191] [execute] - Not connected to cluster to put record
Jul 27 2015 04:23:50 UTC: ERROR(12540) [put.cc:191] [execute] - Not connected to cluster to put record
Jul 27 2015 04:23:50 UTC: ERROR(12540) [put.cc:191] [execute] - Not connected to cluster to put record
Jul 27 2015 04:23:50 UTC: ERROR(12540) [put.cc:191] [execute] - Not connected to cluster to put record
Jul 27 2015 04:23:50 UTC: ERROR(12540) [put.cc:191] [execute] - Not connected to cluster to put record
Jul 27 2015 04:24:38 UTC: ERROR(12543) [connect.cc:69] [Connect] - Connecting to Cluster Failed
Jul 27 2015 04:25:42 UTC: ERROR(12543) [put.cc:191] [execute] - Not connected to cluster to put record
Jul 27 2015 04:25:45 UTC: ERROR(12543) [put.cc:191] [execute] - Not connected to cluster to put record
Jul 27 2015 04:25:46 UTC: ERROR(12543) [put.cc:191] [execute] - Not connected to cluster to put record
Jul 27 2015 04:25:47 UTC: ERROR(12543) [put.cc:191] [execute] - Not connected to cluster to put record
Jul 27 2015 04:25:49 UTC: ERROR(12543) [put.cc:191] [execute] - Not connected to cluster to put record
Jul 27 2015 04:25:50 UTC: ERROR(12543) [put.cc:191] [execute] - Not connected to cluster to put record
Jul 27 2015 04:25:51 UTC: ERROR(12543) [put.cc:191] [execute] - Not connected to cluster to put record
Jul 27 2015 04:25:53 UTC: ERROR(12543) [put.cc:191] [execute] - Not connected to cluster to put record
Jul 27 2015 04:25:56 UTC: ERROR(12543) [put.cc:191] [execute] - Not connected to cluster to put record
Jul 27 2015 04:25:56 UTC: ERROR(12543) [put.cc:191] [execute] - Not connected to cluster to put record
Jul 27 2015 04:27:55 UTC: ERROR(12559) [conversions.cc:885] [recordbins_from_jsobject] - Bin value passed for bin bin_un is undefined
Jul 27 2015 04:27:55 UTC: ERROR(12559) [put.cc:120] [prepare] - Parsing as_record(C structure) from record object failed
Jul 27 2015 04:27:55 UTC: ERROR(12559) [conversions.cc:810] [asval_from_jsobject] - Boolean datatype is not supported
Jul 27 2015 04:27:55 UTC: ERROR(12559) [put.cc:120] [prepare] - Parsing as_record(C structure) from record object failed
Jul 27 2015 04:27:55 UTC: ERROR(12559) [conversions.cc:1417] [key_from_jsobject] - The key value cannot be undefined
Jul 27 2015 04:27:55 UTC: ERROR(12559) [put.cc:107] [prepare] - Parsing as_key(C structure) from key object failed
Jul 27 2015 04:27:57 UTC: ERROR(12559) [conversions.cc:1453] [key_from_jsobject] - The Key object must have a " key " entry 
Jul 27 2015 04:27:57 UTC: ERROR(12559) [select.cc:110] [prepare] - Parsing of key (C structure) from key object failed
Jul 27 2015 04:28:23 UTC: ERROR(12574) [conversions.cc:885] [recordbins_from_jsobject] - Bin value passed for bin bin_un is undefined
Jul 27 2015 04:28:23 UTC: ERROR(12574) [put.cc:120] [prepare] - Parsing as_record(C structure) from record object failed
Jul 27 2015 04:28:23 UTC: ERROR(12574) [conversions.cc:810] [asval_from_jsobject] - Boolean datatype is not supported
Jul 27 2015 04:28:23 UTC: ERROR(12574) [put.cc:120] [prepare] - Parsing as_record(C structure) from record object failed
Jul 27 2015 04:28:23 UTC: ERROR(12574) [conversions.cc:1417] [key_from_jsobject] - The key value cannot be undefined
Jul 27 2015 04:28:23 UTC: ERROR(12574) [put.cc:107] [prepare] - Parsing as_key(C structure) from key object failed
Jul 27 2015 04:28:25 UTC: ERROR(12574) [conversions.cc:1453] [key_from_jsobject] - The Key object must have a " key " entry 
Jul 27 2015 04:28:25 UTC: ERROR(12574) [select.cc:110] [prepare] - Parsing of key (C structure) from key object failed
Jul 27 2015 04:29:24 UTC: ERROR(12584) [conversions.cc:885] [recordbins_from_jsobject] - Bin value passed for bin bin_un is undefined
Jul 27 2015 04:29:24 UTC: ERROR(12584) [put.cc:120] [prepare] - Parsing as_record(C structure) from record object failed
Jul 27 2015 04:29:24 UTC: ERROR(12584) [conversions.cc:810] [asval_from_jsobject] - Boolean datatype is not supported
Jul 27 2015 04:29:24 UTC: ERROR(12584) [put.cc:120] [prepare] - Parsing as_record(C structure) from record object failed
Jul 27 2015 04:29:24 UTC: ERROR(12584) [conversions.cc:1417] [key_from_jsobject] - The key value cannot be undefined
Jul 27 2015 04:29:24 UTC: ERROR(12584) [put.cc:107] [prepare] - Parsing as_key(C structure) from key object failed
Jul 27 2015 04:29:26 UTC: ERROR(12584) [conversions.cc:1453] [key_from_jsobject] - The Key object must have a " key " entry 
Jul 27 2015 04:29:26 UTC: ERROR(12584) [select.cc:110] [prepare] - Parsing of key (C structure) from key object failed
Jul 27 2015 04:30:17 UTC: ERROR(12589) [connect.cc:69] [Connect] - Connecting to Cluster Failed
Jul 27 2015 04:30:17 UTC: ERROR(12589) [put.cc:191] [execute] - Not connected to cluster to put record
Jul 27 2015 04:30:17 UTC: ERROR(12589) [put.cc:191] [execute] - Not connected to cluster to put record
Jul 27 2015 04:30:17 UTC: ERROR(12589) [put.cc:191] [execute] - Not connected to cluster to put record
Jul 27 2015 04:30:17 UTC: ERROR(12589) [put.cc:191] [execute] - Not connected to cluster to put record
Jul 27 2015 04:30:17 UTC: ERROR(12589) [put.cc:191] [execute] - Not connected to cluster to put record
Jul 27 2015 04:30:17 UTC: ERROR(12589) [put.cc:191] [execute] - Not connected to cluster to put record
Jul 27 2015 04:30:17 UTC: ERROR(12589) [put.cc:191] [execute] - Not connected to cluster to put record
Jul 27 2015 04:30:17 UTC: ERROR(12589) [put.cc:191] [execute] - Not connected to cluster to put record
Jul 27 2015 04:30:17 UTC: ERROR(12589) [put.cc:191] [execute] - Not connected to cluster to put record
Jul 27 2015 04:30:17 UTC: ERROR(12589) [put.cc:191] [execute] - Not connected to cluster to put record
Jul 27 2015 04:30:17 UTC: ERROR(12589) [put.cc:191] [execute] - Not connected to cluster to put record
Jul 27 2015 04:30:17 UTC: ERROR(12589) [put.cc:191] [execute] - Not connected to cluster to put record
Jul 27 2015 04:30:17 UTC: ERROR(12589) [put.cc:191] [execute] - Not connected to cluster to put record
Jul 27 2015 04:30:17 UTC: ERROR(12589) [put.cc:191] [execute] - Not connected to cluster to put record
Jul 27 2015 04:30:17 UTC: ERROR(12589) [put.cc:191] [execute] - Not connected to cluster to put record
Jul 27 2015 04:30:17 UTC: ERROR(12589) [put.cc:191] [execute] - Not connected to cluster to put record
Jul 27 2015 04:30:17 UTC: ERROR(12589) [put.cc:191] [execute] - Not connected to cluster to put record
Jul 27 2015 04:30:17 UTC: ERROR(12589) [put.cc:191] [execute] - Not connected to cluster to put record
Jul 27 2015 04:30:17 UTC: ERROR(12589) [put.cc:191] [execute] - Not connected to cluster to put record
Jul 27 2015 04:30:17 UTC: ERROR(12589) [put.cc:191] [execute] - Not connected to cluster to put record
Jul 27 2015 04:30:17 UTC: ERROR(12589) [put.cc:191] [execute] - Not connected to cluster to put record
Jul 27 2015 04:30:17 UTC: ERROR(12589) [put.cc:191] [execute] - Not connected to cluster to put record
Jul 27 2015 04:30:17 UTC: ERROR(12589) [put.cc:191] [execute] - Not connected to cluster to put record
Jul 27 2015 04:30:17 UTC: ERROR(12589) [put.cc:191] [execute] - Not connected to cluster to put record
Jul 27 2015 04:30:17 UTC: ERROR(12589) [put.cc:191] [execute] - Not connected to cluster to put record
Jul 27 2015 04:30:17 UTC: ERROR(12589) [put.cc:191] [execute] - Not connected to cluster to put record
Jul 27 2015 04:30:17 UTC: ERROR(12589) [put.cc:191] [execute] - Not connected to cluster to put record
Jul 27 2015 04:30:17 UTC: ERROR(12589) [put.cc:191] [execute] - Not connected to cluster to put record
Jul 27 2015 04:30:17 UTC: ERROR(12589) [put.cc:191] [execute] - Not connected to cluster to put record
Jul 27 2015 04:30:17 UTC: ERROR(12589) [put.cc:191] [execute] - Not connected to cluster to put record
Jul 27 2015 04:30:17 UTC: ERROR(12589) [put.cc:191] [execute] - Not connected to cluster to put record
Jul 27 2015 04:30:17 UTC: ERROR(12589) [put.cc:191] [execute] - Not connected to cluster to put record
Jul 27 2015 04:30:17 UTC: ERROR(12589) [put.cc:191] [execute] - Not connected to cluster to put record
Jul 27 2015 04:30:17 UTC: ERROR(12589) [put.cc:191] [execute] - Not connected to cluster to put record
Jul 27 2015 04:30:17 UTC: ERROR(12589) [put.cc:191] [execute] - Not connected to cluster to put record
Jul 27 2015 04:30:17 UTC: ERROR(12589) [put.cc:191] [execute] - Not connected to cluster to put record
Jul 27 2015 04:30:17 UTC: ERROR(12589) [put.cc:191] [execute] - Not connected to cluster to put record
Jul 27 2015 04:30:17 UTC: ERROR(12589) [put.cc:191] [execute] - Not connected to cluster to put record
Jul 27 2015 04:30:17 UTC: ERROR(12589) [put.cc:191] [execute] - Not connected to cluster to put record
Jul 27 2015 04:30:17 UTC: ERROR(12589) [put.cc:191] [execute] - Not connected to cluster to put record
Jul 27 2015 04:30:17 UTC: ERROR(12589) [put.cc:191] [execute] - Not connected to cluster to put record
Jul 27 2015 04:30:17 UTC: ERROR(12589) [put.cc:191] [execute] - Not connected to cluster to put record
Jul 27 2015 04:30:17 UTC: ERROR(12589) [put.cc:191] [execute] - Not connected to cluster to put record
Jul 27 2015 04:30:17 UTC: ERROR(12589) [put.cc:191] [execute] - Not connected to cluster to put record
Jul 27 2015 04:30:17 UTC: ERROR(12589) [put.cc:191] [execute] - Not connected to cluster to put record
Jul 27 2015 04:30:17 UTC: ERROR(12589) [put.cc:191] [execute] - Not connected to cluster to put record
Jul 27 2015 04:30:17 UTC: ERROR(12589) [put.cc:191] [execute] - Not connected to cluster to put record
Jul 27 2015 04:30:17 UTC: ERROR(12589) [put.cc:191] [execute] - Not connected to cluster to put record
Jul 27 2015 04:30:17 UTC: ERROR(12589) [put.cc:191] [execute] - Not connected to cluster to put record
Jul 27 2015 04:30:17 UTC: ERROR(12589) [put.cc:191] [execute] - Not connected to cluster to put record
Jul 27 2015 04:30:17 UTC: ERROR(12589) [put.cc:191] [execute] - Not connected to cluster to put record
Jul 27 2015 04:30:17 UTC: ERROR(12589) [put.cc:191] [execute] - Not connected to cluster to put record
Jul 27 2015 04:30:17 UTC: ERROR(12589) [put.cc:191] [execute] - Not connected to cluster to put record
Jul 27 2015 04:30:17 UTC: ERROR(12589) [put.cc:191] [execute] - Not connected to cluster to put record
Jul 27 2015 04:30:17 UTC: ERROR(12589) [put.cc:191] [execute] - Not connected to cluster to put record
Jul 27 2015 04:30:17 UTC: ERROR(12589) [put.cc:191] [execute] - Not connected to cluster to put record
Jul 27 2015 04:30:17 UTC: ERROR(12589) [put.cc:191] [execute] - Not connected to cluster to put record
Jul 27 2015 04:30:17 UTC: ERROR(12589) [put.cc:191] [execute] - Not connected to cluster to put record
Jul 27 2015 04:30:17 UTC: ERROR(12589) [put.cc:191] [execute] - Not connected to cluster to put record
Jul 27 2015 04:30:17 UTC: ERROR(12589) [put.cc:191] [execute] - Not connected to cluster to put record
Jul 27 2015 04:30:17 UTC: ERROR(12589) [put.cc:191] [execute] - Not connected to cluster to put record
Jul 27 2015 04:30:17 UTC: ERROR(12589) [put.cc:191] [execute] - Not connected to cluster to put record
Jul 27 2015 04:30:17 UTC: ERROR(12589) [put.cc:191] [execute] - Not connected to cluster to put record
Jul 27 2015 04:30:17 UTC: ERROR(12589) [put.cc:191] [execute] - Not connected to cluster to put record
Jul 27 2015 04:30:17 UTC: ERROR(12589) [put.cc:191] [execute] - Not connected to cluster to put record
Jul 27 2015 04:30:17 UTC: ERROR(12589) [put.cc:191] [execute] - Not connected to cluster to put record
Jul 27 2015 04:30:17 UTC: ERROR(12589) [put.cc:191] [execute] - Not connected to cluster to put record
Jul 27 2015 04:30:17 UTC: ERROR(12589) [put.cc:191] [execute] - Not connected to cluster to put record
Jul 27 2015 04:30:17 UTC: ERROR(12589) [put.cc:191] [execute] - Not connected to cluster to put record
Jul 27 2015 04:30:17 UTC: ERROR(12589) [put.cc:191] [execute] - Not connected to cluster to put record
Jul 27 2015 04:30:17 UTC: ERROR(12589) [put.cc:191] [execute] - Not connected to cluster to put record
Jul 27 2015 04:30:17 UTC: ERROR(12589) [put.cc:191] [execute] - Not connected to cluster to put record
Jul 27 2015 04:30:17 UTC: ERROR(12589) [put.cc:191] [execute] - Not connected to cluster to put record
Jul 27 2015 04:30:17 UTC: ERROR(12589) [put.cc:191] [execute] - Not connected to cluster to put record
Jul 27 2015 04:30:17 UTC: ERROR(12589) [put.cc:191] [execute] - Not connected to cluster to put record
Jul 27 2015 04:30:17 UTC: ERROR(12589) [put.cc:191] [execute] - Not connected to cluster to put record
Jul 27 2015 04:30:17 UTC: ERROR(12589) [put.cc:191] [execute] - Not connected to cluster to put record
Jul 27 2015 04:30:17 UTC: ERROR(12589) [put.cc:191] [execute] - Not connected to cluster to put record
Jul 27 2015 04:30:17 UTC: ERROR(12589) [put.cc:191] [execute] - Not connected to cluster to put record
Jul 27 2015 04:30:17 UTC: ERROR(12589) [put.cc:191] [execute] - Not connected to cluster to put record
Jul 27 2015 04:30:17 UTC: ERROR(12589) [put.cc:191] [execute] - Not connected to cluster to put record
Jul 27 2015 04:30:17 UTC: ERROR(12589) [put.cc:191] [execute] - Not connected to cluster to put record
Jul 27 2015 04:30:17 UTC: ERROR(12589) [put.cc:191] [execute] - Not connected to cluster to put record
Jul 27 2015 04:30:17 UTC: ERROR(12589) [put.cc:191] [execute] - Not connected to cluster to put record
Jul 27 2015 04:30:17 UTC: ERROR(12589) [put.cc:191] [execute] - Not connected to cluster to put record
Jul 27 2015 04:30:17 UTC: ERROR(12589) [put.cc:191] [execute] - Not connected to cluster to put record
Jul 27 2015 04:30:17 UTC: ERROR(12589) [put.cc:191] [execute] - Not connected to cluster to put record
Jul 27 2015 04:30:17 UTC: ERROR(12589) [put.cc:191] [execute] - Not connected to cluster to put record
Jul 27 2015 04:30:17 UTC: ERROR(12589) [put.cc:191] [execute] - Not connected to cluster to put record
Jul 27 2015 04:30:17 UTC: ERROR(12589) [put.cc:191] [execute] - Not connected to cluster to put record
Jul 27 2015 04:30:17 UTC: ERROR(12589) [put.cc:191] [execute] - Not connected to cluster to put record
Jul 27 2015 04:30:17 UTC: ERROR(12589) [put.cc:191] [execute] - Not connected to cluster to put record
Jul 27 2015 04:30:17 UTC: ERROR(12589) [put.cc:191] [execute] - Not connected to cluster to put record
Jul 27 2015 04:30:17 UTC: ERROR(12589) [put.cc:191] [execute] - Not connected to cluster to put record
Jul 27 2015 04:30:17 UTC: ERROR(12589) [put.cc:191] [execute] - Not connected to cluster to put record
Jul 27 2015 04:30:17 UTC: ERROR(12589) [put.cc:191] [execute] - Not connected to cluster to put record
Jul 27 2015 04:30:17 UTC: ERROR(12589) [put.cc:191] [execute] - Not connected to cluster to put record
Jul 27 2015 04:30:17 UTC: ERROR(12589) [put.cc:191] [execute] - Not connected to cluster to put record
Jul 27 2015 04:30:17 UTC: ERROR(12589) [put.cc:191] [execute] - Not connected to cluster to put record
Jul 27 2015 04:30:17 UTC: ERROR(12589) [put.cc:191] [execute] - Not connected to cluster to put record
Jul 27 2015 04:30:17 UTC: ERROR(12589) [put.cc:191] [execute] - Not connected to cluster to put record
Jul 27 2015 04:30:17 UTC: ERROR(12589) [put.cc:191] [execute] - Not connected to cluster to put record
Jul 27 2015 04:30:17 UTC: ERROR(12589) [put.cc:191] [execute] - Not connected to cluster to put record
Jul 27 2015 04:30:17 UTC: ERROR(12589) [put.cc:191] [execute] - Not connected to cluster to put record
Jul 27 2015 04:30:17 UTC: ERROR(12589) [put.cc:191] [execute] - Not connected to cluster to put record
Jul 27 2015 04:30:17 UTC: ERROR(12589) [put.cc:191] [execute] - Not connected to cluster to put record
Jul 27 2015 04:30:17 UTC: ERROR(12589) [put.cc:191] [execute] - Not connected to cluster to put record
Jul 27 2015 04:30:17 UTC: ERROR(12589) [put.cc:191] [execute] - Not connected to cluster to put record
Jul 27 2015 04:30:17 UTC: ERROR(12589) [put.cc:191] [execute] - Not connected to cluster to put record
Jul 27 2015 04:30:17 UTC: ERROR(12589) [put.cc:191] [execute] - Not connected to cluster to put record
Jul 27 2015 04:30:17 UTC: ERROR(12589) [put.cc:191] [execute] - Not connected to cluster to put record
Jul 27 2015 04:30:17 UTC: ERROR(12589) [put.cc:191] [execute] - Not connected to cluster to put record
Jul 27 2015 04:30:17 UTC: ERROR(12589) [put.cc:191] [execute] - Not connected to cluster to put record
Jul 27 2015 04:30:17 UTC: ERROR(12589) [put.cc:191] [execute] - Not connected to cluster to put record
Jul 27 2015 04:30:17 UTC: ERROR(12589) [put.cc:191] [execute] - Not connected to cluster to put record
Jul 27 2015 04:30:17 UTC: ERROR(12589) [put.cc:191] [execute] - Not connected to cluster to put record
Jul 27 2015 04:30:17 UTC: ERROR(12589) [put.cc:191] [execute] - Not connected to cluster to put record
Jul 27 2015 04:30:17 UTC: ERROR(12589) [put.cc:191] [execute] - Not connected to cluster to put record
Jul 27 2015 04:30:17 UTC: ERROR(12589) [put.cc:191] [execute] - Not connected to cluster to put record
Jul 27 2015 04:30:17 UTC: ERROR(12589) [put.cc:191] [execute] - Not connected to cluster to put record
Jul 27 2015 04:30:17 UTC: ERROR(12589) [put.cc:191] [execute] - Not connected to cluster to put record
Jul 27 2015 04:30:17 UTC: ERROR(12589) [put.cc:191] [execute] - Not connected to cluster to put record
Jul 27 2015 04:30:17 UTC: ERROR(12589) [put.cc:191] [execute] - Not connected to cluster to put record
Jul 27 2015 04:30:17 UTC: ERROR(12589) [put.cc:191] [execute] - Not connected to cluster to put record
Jul 27 2015 04:30:17 UTC: ERROR(12589) [put.cc:191] [execute] - Not connected to cluster to put record
Jul 27 2015 04:30:17 UTC: ERROR(12589) [put.cc:191] [execute] - Not connected to cluster to put record
Jul 27 2015 04:30:17 UTC: ERROR(12589) [put.cc:191] [execute] - Not connected to cluster to put record
Jul 27 2015 04:30:17 UTC: ERROR(12589) [put.cc:191] [execute] - Not connected to cluster to put record
Jul 27 2015 04:30:17 UTC: ERROR(12589) [put.cc:191] [execute] - Not connected to cluster to put record
Jul 27 2015 04:30:17 UTC: ERROR(12589) [put.cc:191] [execute] - Not connected to cluster to put record
Jul 27 2015 04:30:17 UTC: ERROR(12589) [put.cc:191] [execute] - Not connected to cluster to put record
Jul 27 2015 04:30:17 UTC: ERROR(12589) [put.cc:191] [execute] - Not connected to cluster to put record
Jul 27 2015 04:30:17 UTC: ERROR(12589) [put.cc:191] [execute] - Not connected to cluster to put record
Jul 27 2015 04:30:17 UTC: ERROR(12589) [put.cc:191] [execute] - Not connected to cluster to put record
Jul 27 2015 04:30:17 UTC: ERROR(12589) [put.cc:191] [execute] - Not connected to cluster to put record
Jul 27 2015 04:30:17 UTC: ERROR(12589) [put.cc:191] [execute] - Not connected to cluster to put record
Jul 27 2015 04:30:17 UTC: ERROR(12589) [put.cc:191] [execute] - Not connected to cluster to put record
Jul 27 2015 04:30:17 UTC: ERROR(12589) [put.cc:191] [execute] - Not connected to cluster to put record
Jul 27 2015 04:30:17 UTC: ERROR(12589) [put.cc:191] [execute] - Not connected to cluster to put record
Jul 27 2015 04:30:17 UTC: ERROR(12589) [put.cc:191] [execute] - Not connected to cluster to put record
Jul 27 2015 04:30:17 UTC: ERROR(12589) [put.cc:191] [execute] - Not connected to cluster to put record
Jul 27 2015 04:30:17 UTC: ERROR(12589) [put.cc:191] [execute] - Not connected to cluster to put record
Jul 27 2015 04:30:17 UTC: ERROR(12589) [put.cc:191] [execute] - Not connected to cluster to put record
Jul 27 2015 04:30:17 UTC: ERROR(12589) [put.cc:191] [execute] - Not connected to cluster to put record
Jul 27 2015 04:30:17 UTC: ERROR(12589) [put.cc:191] [execute] - Not connected to cluster to put record
Jul 27 2015 04:30:17 UTC: ERROR(12589) [put.cc:191] [execute] - Not connected to cluster to put record
Jul 27 2015 04:30:17 UTC: ERROR(12589) [put.cc:191] [execute] - Not connected to cluster to put record
Jul 27 2015 04:30:17 UTC: ERROR(12589) [put.cc:191] [execute] - Not connected to cluster to put record
Jul 27 2015 04:30:17 UTC: ERROR(12589) [put.cc:191] [execute] - Not connected to cluster to put record
Jul 27 2015 04:30:17 UTC: ERROR(12589) [put.cc:191] [execute] - Not connected to cluster to put record
Jul 27 2015 04:30:17 UTC: ERROR(12589) [put.cc:191] [execute] - Not connected to cluster to put record
Jul 27 2015 04:30:17 UTC: ERROR(12589) [put.cc:191] [execute] - Not connected to cluster to put record
Jul 27 2015 04:30:17 UTC: ERROR(12589) [put.cc:191] [execute] - Not connected to cluster to put record
Jul 27 2015 04:30:17 UTC: ERROR(12589) [put.cc:191] [execute] - Not connected to cluster to put record
Jul 27 2015 04:30:17 UTC: ERROR(12589) [put.cc:191] [execute] - Not connected to cluster to put record
Jul 27 2015 04:30:17 UTC: ERROR(12589) [put.cc:191] [execute] - Not connected to cluster to put record
Jul 27 2015 04:30:17 UTC: ERROR(12589) [put.cc:191] [execute] - Not connected to cluster to put record
Jul 27 2015 04:30:17 UTC: ERROR(12589) [put.cc:191] [execute] - Not connected to cluster to put record
Jul 27 2015 04:30:17 UTC: ERROR(12589) [put.cc:191] [execute] - Not connected to cluster to put record
Jul 27 2015 04:30:17 UTC: ERROR(12589) [put.cc:191] [execute] - Not connected to cluster to put record
Jul 27 2015 04:30:17 UTC: ERROR(12589) [put.cc:191] [execute] - Not connected to cluster to put record
Jul 27 2015 04:30:17 UTC: ERROR(12589) [put.cc:191] [execute] - Not connected to cluster to put record
Jul 27 2015 04:30:17 UTC: ERROR(12589) [put.cc:191] [execute] - Not connected to cluster to put record
Jul 27 2015 04:30:17 UTC: ERROR(12589) [put.cc:191] [execute] - Not connected to cluster to put record
Jul 27 2015 04:30:17 UTC: ERROR(12589) [put.cc:191] [execute] - Not connected to cluster to put record
Jul 27 2015 04:30:17 UTC: ERROR(12589) [put.cc:191] [execute] - Not connected to cluster to put record
Jul 27 2015 04:30:17 UTC: ERROR(12589) [put.cc:191] [execute] - Not connected to cluster to put record
Jul 27 2015 04:30:17 UTC: ERROR(12589) [put.cc:191] [execute] - Not connected to cluster to put record
Jul 27 2015 04:30:17 UTC: ERROR(12589) [put.cc:191] [execute] - Not connected to cluster to put record
Jul 27 2015 04:30:17 UTC: ERROR(12589) [put.cc:191] [execute] - Not connected to cluster to put record
Jul 27 2015 04:30:17 UTC: ERROR(12589) [put.cc:191] [execute] - Not connected to cluster to put record
Jul 27 2015 04:30:17 UTC: ERROR(12589) [put.cc:191] [execute] - Not connected to cluster to put record
Jul 27 2015 04:30:17 UTC: ERROR(12589) [put.cc:191] [execute] - Not connected to cluster to put record
Jul 27 2015 04:30:17 UTC: ERROR(12589) [put.cc:191] [execute] - Not connected to cluster to put record
Jul 27 2015 04:30:17 UTC: ERROR(12589) [put.cc:191] [execute] - Not connected to cluster to put record
Jul 27 2015 04:30:17 UTC: ERROR(12589) [put.cc:191] [execute] - Not connected to cluster to put record
Jul 27 2015 04:30:17 UTC: ERROR(12589) [put.cc:191] [execute] - Not connected to cluster to put record
Jul 27 2015 04:30:17 UTC: ERROR(12589) [put.cc:191] [execute] - Not connected to cluster to put record
Jul 27 2015 04:30:17 UTC: ERROR(12589) [put.cc:191] [execute] - Not connected to cluster to put record
Jul 27 2015 04:30:17 UTC: ERROR(12589) [put.cc:191] [execute] - Not connected to cluster to put record
Jul 27 2015 04:30:17 UTC: ERROR(12589) [put.cc:191] [execute] - Not connected to cluster to put record
Jul 27 2015 04:30:17 UTC: ERROR(12589) [put.cc:191] [execute] - Not connected to cluster to put record
Jul 27 2015 04:30:17 UTC: ERROR(12589) [put.cc:191] [execute] - Not connected to cluster to put record
Jul 27 2015 04:30:17 UTC: ERROR(12589) [put.cc:191] [execute] - Not connected to cluster to put record
Jul 27 2015 04:30:17 UTC: ERROR(12589) [put.cc:191] [execute] - Not connected to cluster to put record
Jul 27 2015 04:30:17 UTC: ERROR(12589) [put.cc:191] [execute] - Not connected to cluster to put record
Jul 27 2015 04:30:17 UTC: ERROR(12589) [put.cc:191] [execute] - Not connected to cluster to put record
Jul 27 2015 04:30:17 UTC: ERROR(12589) [put.cc:191] [execute] - Not connected to cluster to put record
Jul 27 2015 04:30:17 UTC: ERROR(12589) [put.cc:191] [execute] - Not connected to cluster to put record
Jul 27 2015 04:30:17 UTC: ERROR(12589) [put.cc:191] [execute] - Not connected to cluster to put record
Jul 27 2015 04:30:17 UTC: ERROR(12589) [put.cc:191] [execute] - Not connected to cluster to put record
Jul 27 2015 04:30:17 UTC: ERROR(12589) [put.cc:191] [execute] - Not connected to cluster to put record
Jul 27 2015 04:30:17 UTC: ERROR(12589) [put.cc:191] [execute] - Not connected to cluster to put record
Jul 27 2015 04:30:17 UTC: ERROR(12589) [put.cc:191] [execute] - Not connected to cluster to put record
Jul 27 2015 04:30:17 UTC: ERROR(12589) [put.cc:191] [execute] - Not connected to cluster to put record
Jul 27 2015 04:30:17 UTC: ERROR(12589) [put.cc:191] [execute] - Not connected to cluster to put record
Jul 27 2015 04:30:17 UTC: ERROR(12589) [put.cc:191] [execute] - Not connected to cluster to put record
Jul 27 2015 04:30:17 UTC: ERROR(12589) [put.cc:191] [execute] - Not connected to cluster to put record
Jul 27 2015 04:30:17 UTC: ERROR(12589) [put.cc:191] [execute] - Not connected to cluster to put record
Jul 27 2015 04:30:17 UTC: ERROR(12589) [put.cc:191] [execute] - Not connected to cluster to put record
Jul 27 2015 04:30:17 UTC: ERROR(12589) [put.cc:191] [execute] - Not connected to cluster to put record
Jul 27 2015 04:30:17 UTC: ERROR(12589) [put.cc:191] [execute] - Not connected to cluster to put record
Jul 27 2015 04:30:17 UTC: ERROR(12589) [put.cc:191] [execute] - Not connected to cluster to put record
Jul 27 2015 04:30:17 UTC: ERROR(12589) [put.cc:191] [execute] - Not connected to cluster to put record
Jul 27 2015 04:30:17 UTC: ERROR(12589) [put.cc:191] [execute] - Not connected to cluster to put record
Jul 27 2015 04:30:17 UTC: ERROR(12589) [put.cc:191] [execute] - Not connected to cluster to put record
Jul 27 2015 04:30:17 UTC: ERROR(12589) [put.cc:191] [execute] - Not connected to cluster to put record
Jul 27 2015 04:30:17 UTC: ERROR(12589) [put.cc:191] [execute] - Not connected to cluster to put record
Jul 27 2015 04:30:17 UTC: ERROR(12589) [put.cc:191] [execute] - Not connected to cluster to put record
Jul 27 2015 04:30:17 UTC: ERROR(12589) [put.cc:191] [execute] - Not connected to cluster to put record
Jul 27 2015 04:30:17 UTC: ERROR(12589) [put.cc:191] [execute] - Not connected to cluster to put record
Jul 27 2015 04:30:17 UTC: ERROR(12589) [put.cc:191] [execute] - Not connected to cluster to put record
Jul 27 2015 04:30:17 UTC: ERROR(12589) [put.cc:191] [execute] - Not connected to cluster to put record
Jul 27 2015 04:30:17 UTC: ERROR(12589) [put.cc:191] [execute] - Not connected to cluster to put record
Jul 27 2015 04:30:17 UTC: ERROR(12589) [put.cc:191] [execute] - Not connected to cluster to put record
Jul 27 2015 04:30:17 UTC: ERROR(12589) [put.cc:191] [execute] - Not connected to cluster to put record
Jul 27 2015 04:30:17 UTC: ERROR(12589) [put.cc:191] [execute] - Not connected to cluster to put record
Jul 27 2015 04:30:17 UTC: ERROR(12589) [put.cc:191] [execute] - Not connected to cluster to put record
Jul 27 2015 04:30:17 UTC: ERROR(12589) [put.cc:191] [execute] - Not connected to cluster to put record
Jul 27 2015 04:30:17 UTC: ERROR(12589) [put.cc:191] [execute] - Not connected to cluster to put record
Jul 27 2015 04:30:17 UTC: ERROR(12589) [put.cc:191] [execute] - Not connected to cluster to put record
Jul 27 2015 04:30:17 UTC: ERROR(12589) [put.cc:191] [execute] - Not connected to cluster to put record
Jul 27 2015 04:30:17 UTC: ERROR(12589) [put.cc:191] [execute] - Not connected to cluster to put record
Jul 27 2015 04:30:17 UTC: ERROR(12589) [put.cc:191] [execute] - Not connected to cluster to put record
Jul 27 2015 04:30:17 UTC: ERROR(12589) [put.cc:191] [execute] - Not connected to cluster to put record
Jul 27 2015 04:30:17 UTC: ERROR(12589) [put.cc:191] [execute] - Not connected to cluster to put record
Jul 27 2015 04:30:17 UTC: ERROR(12589) [put.cc:191] [execute] - Not connected to cluster to put record
Jul 27 2015 04:30:17 UTC: ERROR(12589) [put.cc:191] [execute] - Not connected to cluster to put record
Jul 27 2015 04:30:17 UTC: ERROR(12589) [put.cc:191] [execute] - Not connected to cluster to put record
Jul 27 2015 04:30:17 UTC: ERROR(12589) [put.cc:191] [execute] - Not connected to cluster to put record
Jul 27 2015 04:30:17 UTC: ERROR(12589) [put.cc:191] [execute] - Not connected to cluster to put record
Jul 27 2015 04:30:17 UTC: ERROR(12589) [put.cc:191] [execute] - Not connected to cluster to put record
Jul 27 2015 04:30:17 UTC: ERROR(12589) [put.cc:191] [execute] - Not connected to cluster to put record
Jul 27 2015 04:30:17 UTC: ERROR(12589) [put.cc:191] [execute] - Not connected to cluster to put record
Jul 27 2015 04:30:17 UTC: ERROR(12589) [put.cc:191] [execute] - Not connected to cluster to put record
Jul 27 2015 04:30:17 UTC: ERROR(12589) [put.cc:191] [execute] - Not connected to cluster to put record
Jul 27 2015 04:30:17 UTC: ERROR(12589) [put.cc:191] [execute] - Not connected to cluster to put record
Jul 27 2015 04:30:17 UTC: ERROR(12589) [put.cc:191] [execute] - Not connected to cluster to put record
Jul 27 2015 04:30:17 UTC: ERROR(12589) [put.cc:191] [execute] - Not connected to cluster to put record
Jul 27 2015 04:30:17 UTC: ERROR(12589) [put.cc:191] [execute] - Not connected to cluster to put record
Jul 27 2015 04:30:17 UTC: ERROR(12589) [put.cc:191] [execute] - Not connected to cluster to put record
Jul 27 2015 04:30:17 UTC: ERROR(12589) [put.cc:191] [execute] - Not connected to cluster to put record
Jul 27 2015 04:30:17 UTC: ERROR(12589) [put.cc:191] [execute] - Not connected to cluster to put record
Jul 27 2015 04:30:17 UTC: ERROR(12589) [put.cc:191] [execute] - Not connected to cluster to put record
Jul 27 2015 04:30:17 UTC: ERROR(12589) [put.cc:191] [execute] - Not connected to cluster to put record
Jul 27 2015 04:30:17 UTC: ERROR(12589) [put.cc:191] [execute] - Not connected to cluster to put record
Jul 27 2015 04:30:17 UTC: ERROR(12589) [put.cc:191] [execute] - Not connected to cluster to put record
Jul 27 2015 04:30:17 UTC: ERROR(12589) [put.cc:191] [execute] - Not connected to cluster to put record
Jul 27 2015 04:30:17 UTC: ERROR(12589) [put.cc:191] [execute] - Not connected to cluster to put record
Jul 27 2015 04:30:17 UTC: ERROR(12589) [put.cc:191] [execute] - Not connected to cluster to put record
Jul 27 2015 04:30:17 UTC: ERROR(12589) [put.cc:191] [execute] - Not connected to cluster to put record
Jul 27 2015 04:30:17 UTC: ERROR(12589) [put.cc:191] [execute] - Not connected to cluster to put record
Jul 27 2015 04:30:17 UTC: ERROR(12589) [put.cc:191] [execute] - Not connected to cluster to put record
Jul 27 2015 04:30:17 UTC: ERROR(12589) [put.cc:191] [execute] - Not connected to cluster to put record
Jul 27 2015 04:30:17 UTC: ERROR(12589) [put.cc:191] [execute] - Not connected to cluster to put record
Jul 27 2015 04:30:17 UTC: ERROR(12589) [put.cc:191] [execute] - Not connected to cluster to put record
Jul 27 2015 04:30:17 UTC: ERROR(12589) [put.cc:191] [execute] - Not connected to cluster to put record
Jul 27 2015 04:30:17 UTC: ERROR(12589) [put.cc:191] [execute] - Not connected to cluster to put record
Jul 27 2015 04:30:17 UTC: ERROR(12589) [put.cc:191] [execute] - Not connected to cluster to put record
Jul 27 2015 04:30:17 UTC: ERROR(12589) [put.cc:191] [execute] - Not connected to cluster to put record
Jul 27 2015 04:30:17 UTC: ERROR(12589) [put.cc:191] [execute] - Not connected to cluster to put record
Jul 27 2015 04:30:17 UTC: ERROR(12589) [put.cc:191] [execute] - Not connected to cluster to put record
Jul 27 2015 04:30:17 UTC: ERROR(12589) [put.cc:191] [execute] - Not connected to cluster to put record
Jul 27 2015 04:30:17 UTC: ERROR(12589) [put.cc:191] [execute] - Not connected to cluster to put record
Jul 27 2015 04:30:17 UTC: ERROR(12589) [put.cc:191] [execute] - Not connected to cluster to put record
Jul 27 2015 04:30:17 UTC: ERROR(12589) [put.cc:191] [execute] - Not connected to cluster to put record
Jul 27 2015 04:30:17 UTC: ERROR(12589) [put.cc:191] [execute] - Not connected to cluster to put record
Jul 27 2015 04:30:17 UTC: ERROR(12589) [put.cc:191] [execute] - Not connected to cluster to put record
Jul 27 2015 04:30:17 UTC: ERROR(12589) [put.cc:191] [execute] - Not connected to cluster to put record
Jul 27 2015 04:30:17 UTC: ERROR(12589) [put.cc:191] [execute] - Not connected to cluster to put record
Jul 27 2015 04:30:17 UTC: ERROR(12589) [put.cc:191] [execute] - Not connected to cluster to put record
Jul 27 2015 04:30:17 UTC: ERROR(12589) [put.cc:191] [execute] - Not connected to cluster to put record
Jul 27 2015 04:30:17 UTC: ERROR(12589) [put.cc:191] [execute] - Not connected to cluster to put record
Jul 27 2015 04:30:17 UTC: ERROR(12589) [put.cc:191] [execute] - Not connected to cluster to put record
Jul 27 2015 04:30:17 UTC: ERROR(12589) [put.cc:191] [execute] - Not connected to cluster to put record
Jul 27 2015 04:30:17 UTC: ERROR(12589) [put.cc:191] [execute] - Not connected to cluster to put record
Jul 27 2015 04:30:17 UTC: ERROR(12589) [put.cc:191] [execute] - Not connected to cluster to put record
Jul 27 2015 04:30:17 UTC: ERROR(12589) [put.cc:191] [execute] - Not connected to cluster to put record
Jul 27 2015 04:30:17 UTC: ERROR(12589) [put.cc:191] [execute] - Not connected to cluster to put record
Jul 27 2015 04:30:17 UTC: ERROR(12589) [put.cc:191] [execute] - Not connected to cluster to put record
Jul 27 2015 04:30:17 UTC: ERROR(12589) [put.cc:191] [execute] - Not connected to cluster to put record
Jul 27 2015 04:30:17 UTC: ERROR(12589) [put.cc:191] [execute] - Not connected to cluster to put record
Jul 27 2015 04:30:17 UTC: ERROR(12589) [put.cc:191] [execute] - Not connected to cluster to put record
Jul 27 2015 04:30:17 UTC: ERROR(12589) [put.cc:191] [execute] - Not connected to cluster to put record
Jul 27 2015 04:30:17 UTC: ERROR(12589) [put.cc:191] [execute] - Not connected to cluster to put record
Jul 27 2015 04:30:17 UTC: ERROR(12589) [put.cc:191] [execute] - Not connected to cluster to put record
Jul 27 2015 04:30:17 UTC: ERROR(12589) [put.cc:191] [execute] - Not connected to cluster to put record
Jul 27 2015 04:30:17 UTC: ERROR(12589) [put.cc:191] [execute] - Not connected to cluster to put record
Jul 27 2015 04:30:17 UTC: ERROR(12589) [put.cc:191] [execute] - Not connected to cluster to put record
Jul 27 2015 04:30:17 UTC: ERROR(12589) [put.cc:191] [execute] - Not connected to cluster to put record
Jul 27 2015 04:30:17 UTC: ERROR(12589) [put.cc:191] [execute] - Not connected to cluster to put record
Jul 27 2015 04:30:17 UTC: ERROR(12589) [put.cc:191] [execute] - Not connected to cluster to put record
Jul 27 2015 04:30:17 UTC: ERROR(12589) [put.cc:191] [execute] - Not connected to cluster to put record
Jul 27 2015 04:30:17 UTC: ERROR(12589) [put.cc:191] [execute] - Not connected to cluster to put record
Jul 27 2015 04:30:17 UTC: ERROR(12589) [put.cc:191] [execute] - Not connected to cluster to put record
Jul 27 2015 04:30:17 UTC: ERROR(12589) [put.cc:191] [execute] - Not connected to cluster to put record
Jul 27 2015 04:30:17 UTC: ERROR(12589) [put.cc:191] [execute] - Not connected to cluster to put record
Jul 27 2015 04:30:17 UTC: ERROR(12589) [put.cc:191] [execute] - Not connected to cluster to put record
Jul 27 2015 04:30:17 UTC: ERROR(12589) [put.cc:191] [execute] - Not connected to cluster to put record
Jul 27 2015 04:30:17 UTC: ERROR(12589) [put.cc:191] [execute] - Not connected to cluster to put record
Jul 27 2015 04:30:17 UTC: ERROR(12589) [put.cc:191] [execute] - Not connected to cluster to put record
Jul 27 2015 04:30:17 UTC: ERROR(12589) [put.cc:191] [execute] - Not connected to cluster to put record
Jul 27 2015 04:30:17 UTC: ERROR(12589) [put.cc:191] [execute] - Not connected to cluster to put record
Jul 27 2015 04:30:17 UTC: ERROR(12589) [put.cc:191] [execute] - Not connected to cluster to put record
Jul 27 2015 04:30:17 UTC: ERROR(12589) [put.cc:191] [execute] - Not connected to cluster to put record
Jul 27 2015 04:30:17 UTC: ERROR(12589) [put.cc:191] [execute] - Not connected to cluster to put record
Jul 27 2015 04:30:17 UTC: ERROR(12589) [put.cc:191] [execute] - Not connected to cluster to put record
Jul 27 2015 04:30:17 UTC: ERROR(12589) [put.cc:191] [execute] - Not connected to cluster to put record
Jul 27 2015 04:30:17 UTC: ERROR(12589) [put.cc:191] [execute] - Not connected to cluster to put record
Jul 27 2015 04:30:17 UTC: ERROR(12589) [put.cc:191] [execute] - Not connected to cluster to put record
Jul 27 2015 04:30:17 UTC: ERROR(12589) [put.cc:191] [execute] - Not connected to cluster to put record
Jul 27 2015 04:30:17 UTC: ERROR(12589) [put.cc:191] [execute] - Not connected to cluster to put record
Jul 27 2015 04:30:17 UTC: ERROR(12589) [put.cc:191] [execute] - Not connected to cluster to put record
Jul 27 2015 04:30:17 UTC: ERROR(12589) [put.cc:191] [execute] - Not connected to cluster to put record
Jul 27 2015 04:30:17 UTC: ERROR(12589) [put.cc:191] [execute] - Not connected to cluster to put record
Jul 27 2015 04:30:17 UTC: ERROR(12589) [put.cc:191] [execute] - Not connected to cluster to put record
Jul 27 2015 04:30:17 UTC: ERROR(12589) [put.cc:191] [execute] - Not connected to cluster to put record
Jul 27 2015 04:30:17 UTC: ERROR(12589) [put.cc:191] [execute] - Not connected to cluster to put record
Jul 27 2015 04:30:17 UTC: ERROR(12589) [put.cc:191] [execute] - Not connected to cluster to put record
Jul 27 2015 04:30:17 UTC: ERROR(12589) [put.cc:191] [execute] - Not connected to cluster to put record
Jul 27 2015 04:30:17 UTC: ERROR(12589) [put.cc:191] [execute] - Not connected to cluster to put record
Jul 27 2015 04:30:17 UTC: ERROR(12589) [put.cc:191] [execute] - Not connected to cluster to put record
Jul 27 2015 04:30:17 UTC: ERROR(12589) [put.cc:191] [execute] - Not connected to cluster to put record
Jul 27 2015 04:30:17 UTC: ERROR(12589) [put.cc:191] [execute] - Not connected to cluster to put record
Jul 27 2015 04:30:17 UTC: ERROR(12589) [put.cc:191] [execute] - Not connected to cluster to put record
Jul 27 2015 04:30:17 UTC: ERROR(12589) [put.cc:191] [execute] - Not connected to cluster to put record
Jul 27 2015 04:30:17 UTC: ERROR(12589) [put.cc:191] [execute] - Not connected to cluster to put record
Jul 27 2015 04:30:17 UTC: ERROR(12589) [put.cc:191] [execute] - Not connected to cluster to put record
Jul 27 2015 04:30:17 UTC: ERROR(12589) [put.cc:191] [execute] - Not connected to cluster to put record
Jul 27 2015 04:30:17 UTC: ERROR(12589) [put.cc:191] [execute] - Not connected to cluster to put record
Jul 27 2015 04:30:17 UTC: ERROR(12589) [put.cc:191] [execute] - Not connected to cluster to put record
Jul 27 2015 04:30:17 UTC: ERROR(12589) [put.cc:191] [execute] - Not connected to cluster to put record
Jul 27 2015 04:30:17 UTC: ERROR(12589) [put.cc:191] [execute] - Not connected to cluster to put record
Jul 27 2015 04:30:17 UTC: ERROR(12589) [put.cc:191] [execute] - Not connected to cluster to put record
Jul 27 2015 04:30:17 UTC: ERROR(12589) [put.cc:191] [execute] - Not connected to cluster to put record
Jul 27 2015 04:30:17 UTC: ERROR(12589) [put.cc:191] [execute] - Not connected to cluster to put record
Jul 27 2015 04:30:17 UTC: ERROR(12589) [put.cc:191] [execute] - Not connected to cluster to put record
Jul 27 2015 04:30:17 UTC: ERROR(12589) [put.cc:191] [execute] - Not connected to cluster to put record
Jul 27 2015 04:30:17 UTC: ERROR(12589) [put.cc:191] [execute] - Not connected to cluster to put record
Jul 27 2015 04:30:17 UTC: ERROR(12589) [put.cc:191] [execute] - Not connected to cluster to put record
Jul 27 2015 04:30:17 UTC: ERROR(12589) [put.cc:191] [execute] - Not connected to cluster to put record
Jul 27 2015 04:30:17 UTC: ERROR(12589) [put.cc:191] [execute] - Not connected to cluster to put record
Jul 27 2015 04:30:17 UTC: ERROR(12589) [put.cc:191] [execute] - Not connected to cluster to put record
Jul 27 2015 04:30:17 UTC: ERROR(12589) [put.cc:191] [execute] - Not connected to cluster to put record
Jul 27 2015 04:30:17 UTC: ERROR(12589) [put.cc:191] [execute] - Not connected to cluster to put record
Jul 27 2015 04:30:17 UTC: ERROR(12589) [put.cc:191] [execute] - Not connected to cluster to put record
Jul 27 2015 04:30:17 UTC: ERROR(12589) [put.cc:191] [execute] - Not connected to cluster to put record
Jul 27 2015 04:30:17 UTC: ERROR(12589) [put.cc:191] [execute] - Not connected to cluster to put record
Jul 27 2015 04:30:17 UTC: ERROR(12589) [put.cc:191] [execute] - Not connected to cluster to put record
Jul 27 2015 04:30:17 UTC: ERROR(12589) [put.cc:191] [execute] - Not connected to cluster to put record
Jul 27 2015 04:30:17 UTC: ERROR(12589) [put.cc:191] [execute] - Not connected to cluster to put record
Jul 27 2015 04:30:17 UTC: ERROR(12589) [put.cc:191] [execute] - Not connected to cluster to put record
Jul 27 2015 04:30:17 UTC: ERROR(12589) [put.cc:191] [execute] - Not connected to cluster to put record
Jul 27 2015 04:30:17 UTC: ERROR(12589) [put.cc:191] [execute] - Not connected to cluster to put record
Jul 27 2015 04:30:17 UTC: ERROR(12589) [put.cc:191] [execute] - Not connected to cluster to put record
Jul 27 2015 04:30:17 UTC: ERROR(12589) [put.cc:191] [execute] - Not connected to cluster to put record
Jul 27 2015 04:30:17 UTC: ERROR(12589) [put.cc:191] [execute] - Not connected to cluster to put record
Jul 27 2015 04:30:17 UTC: ERROR(12589) [put.cc:191] [execute] - Not connected to cluster to put record
Jul 27 2015 04:30:17 UTC: ERROR(12589) [put.cc:191] [execute] - Not connected to cluster to put record
Jul 27 2015 04:30:17 UTC: ERROR(12589) [put.cc:191] [execute] - Not connected to cluster to put record
Jul 27 2015 04:30:17 UTC: ERROR(12589) [put.cc:191] [execute] - Not connected to cluster to put record
Jul 27 2015 04:30:17 UTC: ERROR(12589) [put.cc:191] [execute] - Not connected to cluster to put record
Jul 27 2015 04:30:17 UTC: ERROR(12589) [put.cc:191] [execute] - Not connected to cluster to put record
Jul 27 2015 04:30:17 UTC: ERROR(12589) [put.cc:191] [execute] - Not connected to cluster to put record
Jul 27 2015 04:30:17 UTC: ERROR(12589) [put.cc:191] [execute] - Not connected to cluster to put record
Jul 27 2015 04:30:17 UTC: ERROR(12589) [put.cc:191] [execute] - Not connected to cluster to put record
Jul 27 2015 04:30:17 UTC: ERROR(12589) [put.cc:191] [execute] - Not connected to cluster to put record
Jul 27 2015 04:30:17 UTC: ERROR(12589) [put.cc:191] [execute] - Not connected to cluster to put record
Jul 27 2015 04:30:17 UTC: ERROR(12589) [put.cc:191] [execute] - Not connected to cluster to put record
Jul 27 2015 04:30:17 UTC: ERROR(12589) [put.cc:191] [execute] - Not connected to cluster to put record
Jul 27 2015 04:30:17 UTC: ERROR(12589) [put.cc:191] [execute] - Not connected to cluster to put record
Jul 27 2015 04:30:17 UTC: ERROR(12589) [put.cc:191] [execute] - Not connected to cluster to put record
Jul 27 2015 04:30:17 UTC: ERROR(12589) [put.cc:191] [execute] - Not connected to cluster to put record
Jul 27 2015 04:30:17 UTC: ERROR(12589) [put.cc:191] [execute] - Not connected to cluster to put record
Jul 27 2015 04:30:17 UTC: ERROR(12589) [put.cc:191] [execute] - Not connected to cluster to put record
Jul 27 2015 04:30:17 UTC: ERROR(12589) [put.cc:191] [execute] - Not connected to cluster to put record
Jul 27 2015 04:30:17 UTC: ERROR(12589) [put.cc:191] [execute] - Not connected to cluster to put record
Jul 27 2015 04:30:17 UTC: ERROR(12589) [put.cc:191] [execute] - Not connected to cluster to put record
Jul 27 2015 04:30:17 UTC: ERROR(12589) [put.cc:191] [execute] - Not connected to cluster to put record
Jul 27 2015 04:30:17 UTC: ERROR(12589) [put.cc:191] [execute] - Not connected to cluster to put record
Jul 27 2015 04:30:17 UTC: ERROR(12589) [put.cc:191] [execute] - Not connected to cluster to put record
Jul 27 2015 04:30:17 UTC: ERROR(12589) [put.cc:191] [execute] - Not connected to cluster to put record
Jul 27 2015 04:30:17 UTC: ERROR(12589) [put.cc:191] [execute] - Not connected to cluster to put record
Jul 27 2015 04:30:17 UTC: ERROR(12589) [put.cc:191] [execute] - Not connected to cluster to put record
Jul 27 2015 04:30:17 UTC: ERROR(12589) [put.cc:191] [execute] - Not connected to cluster to put record
Jul 27 2015 04:30:17 UTC: ERROR(12589) [put.cc:191] [execute] - Not connected to cluster to put record
Jul 27 2015 04:30:17 UTC: ERROR(12589) [put.cc:191] [execute] - Not connected to cluster to put record
Jul 27 2015 04:30:17 UTC: ERROR(12589) [put.cc:191] [execute] - Not connected to cluster to put record
Jul 27 2015 04:30:17 UTC: ERROR(12589) [put.cc:191] [execute] - Not connected to cluster to put record
Jul 27 2015 04:30:17 UTC: ERROR(12589) [put.cc:191] [execute] - Not connected to cluster to put record
Jul 27 2015 04:30:17 UTC: ERROR(12589) [put.cc:191] [execute] - Not connected to cluster to put record
Jul 27 2015 04:30:17 UTC: ERROR(12589) [put.cc:191] [execute] - Not connected to cluster to put record
Jul 27 2015 04:30:17 UTC: ERROR(12589) [put.cc:191] [execute] - Not connected to cluster to put record
Jul 27 2015 04:30:17 UTC: ERROR(12589) [put.cc:191] [execute] - Not connected to cluster to put record
Jul 27 2015 04:30:17 UTC: ERROR(12589) [put.cc:191] [execute] - Not connected to cluster to put record
Jul 27 2015 04:30:17 UTC: ERROR(12589) [put.cc:191] [execute] - Not connected to cluster to put record
Jul 27 2015 04:30:17 UTC: ERROR(12589) [put.cc:191] [execute] - Not connected to cluster to put record
Jul 27 2015 04:30:17 UTC: ERROR(12589) [put.cc:191] [execute] - Not connected to cluster to put record
Jul 27 2015 04:30:17 UTC: ERROR(12589) [put.cc:191] [execute] - Not connected to cluster to put record
Jul 27 2015 04:30:17 UTC: ERROR(12589) [put.cc:191] [execute] - Not connected to cluster to put record
Jul 27 2015 04:30:17 UTC: ERROR(12589) [put.cc:191] [execute] - Not connected to cluster to put record
Jul 27 2015 04:30:17 UTC: ERROR(12589) [put.cc:191] [execute] - Not connected to cluster to put record
Jul 27 2015 04:30:17 UTC: ERROR(12589) [put.cc:191] [execute] - Not connected to cluster to put record
Jul 27 2015 04:30:17 UTC: ERROR(12589) [put.cc:191] [execute] - Not connected to cluster to put record
Jul 27 2015 04:30:17 UTC: ERROR(12589) [put.cc:191] [execute] - Not connected to cluster to put record
Jul 27 2015 04:30:17 UTC: ERROR(12589) [put.cc:191] [execute] - Not connected to cluster to put record
Jul 27 2015 04:30:17 UTC: ERROR(12589) [put.cc:191] [execute] - Not connected to cluster to put record
Jul 27 2015 04:30:17 UTC: ERROR(12589) [put.cc:191] [execute] - Not connected to cluster to put record
Jul 27 2015 04:30:17 UTC: ERROR(12589) [put.cc:191] [execute] - Not connected to cluster to put record
Jul 27 2015 04:30:17 UTC: ERROR(12589) [put.cc:191] [execute] - Not connected to cluster to put record
Jul 27 2015 04:30:17 UTC: ERROR(12589) [put.cc:191] [execute] - Not connected to cluster to put record
Jul 27 2015 04:30:17 UTC: ERROR(12589) [put.cc:191] [execute] - Not connected to cluster to put record
Jul 27 2015 04:30:17 UTC: ERROR(12589) [put.cc:191] [execute] - Not connected to cluster to put record
Jul 27 2015 04:30:17 UTC: ERROR(12589) [put.cc:191] [execute] - Not connected to cluster to put record
Jul 27 2015 04:30:17 UTC: ERROR(12589) [put.cc:191] [execute] - Not connected to cluster to put record
Jul 27 2015 04:30:17 UTC: ERROR(12589) [put.cc:191] [execute] - Not connected to cluster to put record
Jul 27 2015 04:30:17 UTC: ERROR(12589) [put.cc:191] [execute] - Not connected to cluster to put record
Jul 27 2015 04:30:17 UTC: ERROR(12589) [put.cc:191] [execute] - Not connected to cluster to put record
Jul 27 2015 04:30:17 UTC: ERROR(12589) [put.cc:191] [execute] - Not connected to cluster to put record
Jul 27 2015 04:30:17 UTC: ERROR(12589) [put.cc:191] [execute] - Not connected to cluster to put record
Jul 27 2015 04:30:17 UTC: ERROR(12589) [put.cc:191] [execute] - Not connected to cluster to put record
Jul 27 2015 04:30:17 UTC: ERROR(12589) [put.cc:191] [execute] - Not connected to cluster to put record
Jul 27 2015 04:30:17 UTC: ERROR(12589) [put.cc:191] [execute] - Not connected to cluster to put record
Jul 27 2015 04:30:17 UTC: ERROR(12589) [put.cc:191] [execute] - Not connected to cluster to put record
Jul 27 2015 04:30:17 UTC: ERROR(12589) [put.cc:191] [execute] - Not connected to cluster to put record
Jul 27 2015 04:30:17 UTC: ERROR(12589) [put.cc:191] [execute] - Not connected to cluster to put record
Jul 27 2015 04:30:17 UTC: ERROR(12589) [put.cc:191] [execute] - Not connected to cluster to put record
Jul 27 2015 04:30:17 UTC: ERROR(12589) [put.cc:191] [execute] - Not connected to cluster to put record
Jul 27 2015 04:30:17 UTC: ERROR(12589) [put.cc:191] [execute] - Not connected to cluster to put record
Jul 27 2015 04:30:17 UTC: ERROR(12589) [put.cc:191] [execute] - Not connected to cluster to put record
Jul 27 2015 04:30:17 UTC: ERROR(12589) [put.cc:191] [execute] - Not connected to cluster to put record
Jul 27 2015 04:30:17 UTC: ERROR(12589) [put.cc:191] [execute] - Not connected to cluster to put record
Jul 27 2015 04:30:17 UTC: ERROR(12589) [put.cc:191] [execute] - Not connected to cluster to put record
Jul 27 2015 04:30:17 UTC: ERROR(12589) [put.cc:191] [execute] - Not connected to cluster to put record
Jul 27 2015 04:30:17 UTC: ERROR(12589) [put.cc:191] [execute] - Not connected to cluster to put record
Jul 27 2015 04:30:17 UTC: ERROR(12589) [put.cc:191] [execute] - Not connected to cluster to put record
Jul 27 2015 04:30:17 UTC: ERROR(12589) [put.cc:191] [execute] - Not connected to cluster to put record
Jul 27 2015 04:30:17 UTC: ERROR(12589) [put.cc:191] [execute] - Not connected to cluster to put record
Jul 27 2015 04:30:17 UTC: ERROR(12589) [put.cc:191] [execute] - Not connected to cluster to put record
Jul 27 2015 04:30:17 UTC: ERROR(12589) [put.cc:191] [execute] - Not connected to cluster to put record
Jul 27 2015 04:30:17 UTC: ERROR(12589) [put.cc:191] [execute] - Not connected to cluster to put record
Jul 27 2015 04:30:17 UTC: ERROR(12589) [put.cc:191] [execute] - Not connected to cluster to put record
Jul 27 2015 04:30:17 UTC: ERROR(12589) [put.cc:191] [execute] - Not connected to cluster to put record
Jul 27 2015 04:30:17 UTC: ERROR(12589) [put.cc:191] [execute] - Not connected to cluster to put record
Jul 27 2015 04:30:17 UTC: ERROR(12589) [put.cc:191] [execute] - Not connected to cluster to put record
Jul 27 2015 04:30:17 UTC: ERROR(12589) [put.cc:191] [execute] - Not connected to cluster to put record
Jul 27 2015 04:30:17 UTC: ERROR(12589) [put.cc:191] [execute] - Not connected to cluster to put record
Jul 27 2015 04:30:17 UTC: ERROR(12589) [put.cc:191] [execute] - Not connected to cluster to put record
Jul 27 2015 04:30:17 UTC: ERROR(12589) [put.cc:191] [execute] - Not connected to cluster to put record
Jul 27 2015 04:30:17 UTC: ERROR(12589) [put.cc:191] [execute] - Not connected to cluster to put record
Jul 27 2015 04:30:17 UTC: ERROR(12589) [put.cc:191] [execute] - Not connected to cluster to put record
Jul 27 2015 04:30:17 UTC: ERROR(12589) [put.cc:191] [execute] - Not connected to cluster to put record
Jul 27 2015 04:30:17 UTC: ERROR(12589) [put.cc:191] [execute] - Not connected to cluster to put record
Jul 27 2015 04:30:17 UTC: ERROR(12589) [put.cc:191] [execute] - Not connected to cluster to put record
Jul 27 2015 04:30:17 UTC: ERROR(12589) [put.cc:191] [execute] - Not connected to cluster to put record
Jul 27 2015 04:30:17 UTC: ERROR(12589) [put.cc:191] [execute] - Not connected to cluster to put record
Jul 27 2015 04:30:17 UTC: ERROR(12589) [put.cc:191] [execute] - Not connected to cluster to put record
Jul 27 2015 04:30:17 UTC: ERROR(12589) [put.cc:191] [execute] - Not connected to cluster to put record
Jul 27 2015 04:30:17 UTC: ERROR(12589) [put.cc:191] [execute] - Not connected to cluster to put record
Jul 27 2015 04:30:17 UTC: ERROR(12589) [put.cc:191] [execute] - Not connected to cluster to put record
Jul 27 2015 04:30:17 UTC: ERROR(12589) [put.cc:191] [execute] - Not connected to cluster to put record
Jul 27 2015 04:30:17 UTC: ERROR(12589) [put.cc:191] [execute] - Not connected to cluster to put record
Jul 27 2015 04:30:17 UTC: ERROR(12589) [put.cc:191] [execute] - Not connected to cluster to put record
Jul 27 2015 04:30:17 UTC: ERROR(12589) [put.cc:191] [execute] - Not connected to cluster to put record
Jul 27 2015 04:30:17 UTC: ERROR(12589) [put.cc:191] [execute] - Not connected to cluster to put record
Jul 27 2015 04:30:17 UTC: ERROR(12589) [put.cc:191] [execute] - Not connected to cluster to put record
Jul 27 2015 04:30:17 UTC: ERROR(12589) [put.cc:191] [execute] - Not connected to cluster to put record
Jul 27 2015 04:30:17 UTC: ERROR(12589) [put.cc:191] [execute] - Not connected to cluster to put record
Jul 27 2015 04:30:17 UTC: ERROR(12589) [put.cc:191] [execute] - Not connected to cluster to put record
Jul 27 2015 04:30:17 UTC: ERROR(12589) [put.cc:191] [execute] - Not connected to cluster to put record
Jul 27 2015 04:30:17 UTC: ERROR(12589) [put.cc:191] [execute] - Not connected to cluster to put record
Jul 27 2015 04:30:17 UTC: ERROR(12589) [put.cc:191] [execute] - Not connected to cluster to put record
Jul 27 2015 04:30:17 UTC: ERROR(12589) [put.cc:191] [execute] - Not connected to cluster to put record
Jul 27 2015 04:30:17 UTC: ERROR(12589) [put.cc:191] [execute] - Not connected to cluster to put record
Jul 27 2015 04:30:17 UTC: ERROR(12589) [put.cc:191] [execute] - Not connected to cluster to put record
Jul 27 2015 04:30:17 UTC: ERROR(12589) [put.cc:191] [execute] - Not connected to cluster to put record
Jul 27 2015 04:30:17 UTC: ERROR(12589) [put.cc:191] [execute] - Not connected to cluster to put record
Jul 27 2015 04:30:17 UTC: ERROR(12589) [put.cc:191] [execute] - Not connected to cluster to put record
Jul 27 2015 04:30:17 UTC: ERROR(12589) [put.cc:191] [execute] - Not connected to cluster to put record
Jul 27 2015 04:30:17 UTC: ERROR(12589) [put.cc:191] [execute] - Not connected to cluster to put record
Jul 27 2015 04:30:17 UTC: ERROR(12589) [put.cc:191] [execute] - Not connected to cluster to put record
Jul 27 2015 04:30:17 UTC: ERROR(12589) [put.cc:191] [execute] - Not connected to cluster to put record
Jul 27 2015 04:30:17 UTC: ERROR(12589) [put.cc:191] [execute] - Not connected to cluster to put record
Jul 27 2015 04:30:17 UTC: ERROR(12589) [put.cc:191] [execute] - Not connected to cluster to put record
Jul 27 2015 04:30:17 UTC: ERROR(12589) [put.cc:191] [execute] - Not connected to cluster to put record
Jul 27 2015 04:30:17 UTC: ERROR(12589) [put.cc:191] [execute] - Not connected to cluster to put record
Jul 27 2015 04:30:17 UTC: ERROR(12589) [put.cc:191] [execute] - Not connected to cluster to put record
Jul 27 2015 04:30:17 UTC: ERROR(12589) [put.cc:191] [execute] - Not connected to cluster to put record
Jul 27 2015 04:30:17 UTC: ERROR(12589) [put.cc:191] [execute] - Not connected to cluster to put record
Jul 27 2015 04:30:17 UTC: ERROR(12589) [put.cc:191] [execute] - Not connected to cluster to put record
Jul 27 2015 04:30:17 UTC: ERROR(12589) [put.cc:191] [execute] - Not connected to cluster to put record
Jul 27 2015 04:30:17 UTC: ERROR(12589) [put.cc:191] [execute] - Not connected to cluster to put record
Jul 27 2015 04:30:17 UTC: ERROR(12589) [put.cc:191] [execute] - Not connected to cluster to put record
Jul 27 2015 04:30:17 UTC: ERROR(12589) [put.cc:191] [execute] - Not connected to cluster to put record
Jul 27 2015 04:30:17 UTC: ERROR(12589) [put.cc:191] [execute] - Not connected to cluster to put record
Jul 27 2015 04:30:17 UTC: ERROR(12589) [put.cc:191] [execute] - Not connected to cluster to put record
Jul 27 2015 04:30:17 UTC: ERROR(12589) [put.cc:191] [execute] - Not connected to cluster to put record
Jul 27 2015 04:30:17 UTC: ERROR(12589) [put.cc:191] [execute] - Not connected to cluster to put record
Jul 27 2015 04:30:17 UTC: ERROR(12589) [put.cc:191] [execute] - Not connected to cluster to put record
Jul 27 2015 04:30:17 UTC: ERROR(12589) [put.cc:191] [execute] - Not connected to cluster to put record
Jul 27 2015 04:30:17 UTC: ERROR(12589) [put.cc:191] [execute] - Not connected to cluster to put record
Jul 27 2015 04:30:17 UTC: ERROR(12589) [put.cc:191] [execute] - Not connected to cluster to put record
Jul 27 2015 04:30:17 UTC: ERROR(12589) [put.cc:191] [execute] - Not connected to cluster to put record
Jul 27 2015 04:30:17 UTC: ERROR(12589) [put.cc:191] [execute] - Not connected to cluster to put record
Jul 27 2015 04:30:17 UTC: ERROR(12589) [put.cc:191] [execute] - Not connected to cluster to put record
Jul 27 2015 04:30:17 UTC: ERROR(12589) [put.cc:191] [execute] - Not connected to cluster to put record
Jul 27 2015 04:30:17 UTC: ERROR(12589) [put.cc:191] [execute] - Not connected to cluster to put record
Jul 27 2015 04:30:17 UTC: ERROR(12589) [put.cc:191] [execute] - Not connected to cluster to put record
Jul 27 2015 04:30:17 UTC: ERROR(12589) [put.cc:191] [execute] - Not connected to cluster to put record
Jul 27 2015 04:30:17 UTC: ERROR(12589) [put.cc:191] [execute] - Not connected to cluster to put record
Jul 27 2015 04:30:17 UTC: ERROR(12589) [put.cc:191] [execute] - Not connected to cluster to put record
Jul 27 2015 04:30:17 UTC: ERROR(12589) [put.cc:191] [execute] - Not connected to cluster to put record
Jul 27 2015 04:30:17 UTC: ERROR(12589) [put.cc:191] [execute] - Not connected to cluster to put record
Jul 27 2015 04:30:17 UTC: ERROR(12589) [put.cc:191] [execute] - Not connected to cluster to put record
Jul 27 2015 04:30:17 UTC: ERROR(12589) [put.cc:191] [execute] - Not connected to cluster to put record
Jul 27 2015 04:30:17 UTC: ERROR(12589) [put.cc:191] [execute] - Not connected to cluster to put record
Jul 27 2015 04:30:17 UTC: ERROR(12589) [put.cc:191] [execute] - Not connected to cluster to put record
Jul 27 2015 04:30:17 UTC: ERROR(12589) [put.cc:191] [execute] - Not connected to cluster to put record
Jul 27 2015 04:30:17 UTC: ERROR(12589) [put.cc:191] [execute] - Not connected to cluster to put record
Jul 27 2015 04:30:17 UTC: ERROR(12589) [put.cc:191] [execute] - Not connected to cluster to put record
Jul 27 2015 04:30:17 UTC: ERROR(12589) [put.cc:191] [execute] - Not connected to cluster to put record
Jul 27 2015 04:30:17 UTC: ERROR(12589) [put.cc:191] [execute] - Not connected to cluster to put record
Jul 27 2015 04:30:17 UTC: ERROR(12589) [put.cc:191] [execute] - Not connected to cluster to put record
Jul 27 2015 04:30:17 UTC: ERROR(12589) [put.cc:191] [execute] - Not connected to cluster to put record
Jul 27 2015 04:30:17 UTC: ERROR(12589) [put.cc:191] [execute] - Not connected to cluster to put record
Jul 27 2015 04:30:17 UTC: ERROR(12589) [put.cc:191] [execute] - Not connected to cluster to put record
Jul 27 2015 04:30:17 UTC: ERROR(12589) [put.cc:191] [execute] - Not connected to cluster to put record
Jul 27 2015 04:30:17 UTC: ERROR(12589) [put.cc:191] [execute] - Not connected to cluster to put record
Jul 27 2015 04:30:17 UTC: ERROR(12589) [put.cc:191] [execute] - Not connected to cluster to put record
Jul 27 2015 04:30:17 UTC: ERROR(12589) [put.cc:191] [execute] - Not connected to cluster to put record
Jul 27 2015 04:30:17 UTC: ERROR(12589) [put.cc:191] [execute] - Not connected to cluster to put record
Jul 27 2015 04:30:17 UTC: ERROR(12589) [put.cc:191] [execute] - Not connected to cluster to put record
Jul 27 2015 04:30:17 UTC: ERROR(12589) [put.cc:191] [execute] - Not connected to cluster to put record
Jul 27 2015 04:30:17 UTC: ERROR(12589) [put.cc:191] [execute] - Not connected to cluster to put record
Jul 27 2015 04:30:17 UTC: ERROR(12589) [put.cc:191] [execute] - Not connected to cluster to put record
Jul 27 2015 04:30:17 UTC: ERROR(12589) [put.cc:191] [execute] - Not connected to cluster to put record
Jul 27 2015 04:30:17 UTC: ERROR(12589) [put.cc:191] [execute] - Not connected to cluster to put record
Jul 27 2015 04:30:17 UTC: ERROR(12589) [put.cc:191] [execute] - Not connected to cluster to put record
Jul 27 2015 04:30:17 UTC: ERROR(12589) [put.cc:191] [execute] - Not connected to cluster to put record
Jul 27 2015 04:30:17 UTC: ERROR(12589) [put.cc:191] [execute] - Not connected to cluster to put record
Jul 27 2015 04:30:17 UTC: ERROR(12589) [put.cc:191] [execute] - Not connected to cluster to put record
Jul 27 2015 04:30:17 UTC: ERROR(12589) [put.cc:191] [execute] - Not connected to cluster to put record
Jul 27 2015 04:30:17 UTC: ERROR(12589) [put.cc:191] [execute] - Not connected to cluster to put record
Jul 27 2015 04:30:17 UTC: ERROR(12589) [put.cc:191] [execute] - Not connected to cluster to put record
Jul 27 2015 04:30:17 UTC: ERROR(12589) [put.cc:191] [execute] - Not connected to cluster to put record
Jul 27 2015 04:30:17 UTC: ERROR(12589) [put.cc:191] [execute] - Not connected to cluster to put record
Jul 27 2015 04:30:17 UTC: ERROR(12589) [put.cc:191] [execute] - Not connected to cluster to put record
Jul 27 2015 04:30:17 UTC: ERROR(12589) [put.cc:191] [execute] - Not connected to cluster to put record
Jul 27 2015 04:30:17 UTC: ERROR(12589) [put.cc:191] [execute] - Not connected to cluster to put record
Jul 27 2015 04:30:17 UTC: ERROR(12589) [put.cc:191] [execute] - Not connected to cluster to put record
Jul 27 2015 04:30:17 UTC: ERROR(12589) [put.cc:191] [execute] - Not connected to cluster to put record
Jul 27 2015 04:30:17 UTC: ERROR(12589) [put.cc:191] [execute] - Not connected to cluster to put record
Jul 27 2015 04:30:17 UTC: ERROR(12589) [put.cc:191] [execute] - Not connected to cluster to put record
Jul 27 2015 04:30:17 UTC: ERROR(12589) [put.cc:191] [execute] - Not connected to cluster to put record
Jul 27 2015 04:30:17 UTC: ERROR(12589) [put.cc:191] [execute] - Not connected to cluster to put record
Jul 27 2015 04:30:17 UTC: ERROR(12589) [put.cc:191] [execute] - Not connected to cluster to put record
Jul 27 2015 04:30:17 UTC: ERROR(12589) [put.cc:191] [execute] - Not connected to cluster to put record
Jul 27 2015 04:30:17 UTC: ERROR(12589) [put.cc:191] [execute] - Not connected to cluster to put record
Jul 27 2015 04:30:17 UTC: ERROR(12589) [put.cc:191] [execute] - Not connected to cluster to put record
Jul 27 2015 04:30:17 UTC: ERROR(12589) [put.cc:191] [execute] - Not connected to cluster to put record
Jul 27 2015 04:30:17 UTC: ERROR(12589) [put.cc:191] [execute] - Not connected to cluster to put record
Jul 27 2015 04:30:17 UTC: ERROR(12589) [put.cc:191] [execute] - Not connected to cluster to put record
Jul 27 2015 04:30:17 UTC: ERROR(12589) [put.cc:191] [execute] - Not connected to cluster to put record
Jul 27 2015 04:30:17 UTC: ERROR(12589) [put.cc:191] [execute] - Not connected to cluster to put record
Jul 27 2015 04:30:17 UTC: ERROR(12589) [put.cc:191] [execute] - Not connected to cluster to put record
Jul 27 2015 04:30:17 UTC: ERROR(12589) [put.cc:191] [execute] - Not connected to cluster to put record
Jul 27 2015 04:30:17 UTC: ERROR(12589) [put.cc:191] [execute] - Not connected to cluster to put record
Jul 27 2015 04:30:17 UTC: ERROR(12589) [put.cc:191] [execute] - Not connected to cluster to put record
Jul 27 2015 04:30:17 UTC: ERROR(12589) [put.cc:191] [execute] - Not connected to cluster to put record
Jul 27 2015 04:30:17 UTC: ERROR(12589) [put.cc:191] [execute] - Not connected to cluster to put record
Jul 27 2015 04:30:17 UTC: ERROR(12589) [put.cc:191] [execute] - Not connected to cluster to put record
Jul 27 2015 04:30:17 UTC: ERROR(12589) [put.cc:191] [execute] - Not connected to cluster to put record
Jul 27 2015 04:30:17 UTC: ERROR(12589) [put.cc:191] [execute] - Not connected to cluster to put record
Jul 27 2015 04:30:17 UTC: ERROR(12589) [put.cc:191] [execute] - Not connected to cluster to put record
Jul 27 2015 04:30:17 UTC: ERROR(12589) [put.cc:191] [execute] - Not connected to cluster to put record
Jul 27 2015 04:30:17 UTC: ERROR(12589) [put.cc:191] [execute] - Not connected to cluster to put record
Jul 27 2015 04:30:17 UTC: ERROR(12589) [put.cc:191] [execute] - Not connected to cluster to put record
Jul 27 2015 04:30:17 UTC: ERROR(12589) [put.cc:191] [execute] - Not connected to cluster to put record
Jul 27 2015 04:30:17 UTC: ERROR(12589) [put.cc:191] [execute] - Not connected to cluster to put record
Jul 27 2015 04:30:17 UTC: ERROR(12589) [put.cc:191] [execute] - Not connected to cluster to put record
Jul 27 2015 04:30:17 UTC: ERROR(12589) [put.cc:191] [execute] - Not connected to cluster to put record
Jul 27 2015 04:30:17 UTC: ERROR(12589) [put.cc:191] [execute] - Not connected to cluster to put record
Jul 27 2015 04:30:17 UTC: ERROR(12589) [put.cc:191] [execute] - Not connected to cluster to put record
Jul 27 2015 04:30:17 UTC: ERROR(12589) [put.cc:191] [execute] - Not connected to cluster to put record
Jul 27 2015 04:30:17 UTC: ERROR(12589) [put.cc:191] [execute] - Not connected to cluster to put record
Jul 27 2015 04:30:17 UTC: ERROR(12589) [put.cc:191] [execute] - Not connected to cluster to put record
Jul 27 2015 04:30:17 UTC: ERROR(12589) [put.cc:191] [execute] - Not connected to cluster to put record
Jul 27 2015 04:30:17 UTC: ERROR(12589) [put.cc:191] [execute] - Not connected to cluster to put record
Jul 27 2015 04:30:17 UTC: ERROR(12589) [put.cc:191] [execute] - Not connected to cluster to put record
Jul 27 2015 04:30:17 UTC: ERROR(12589) [put.cc:191] [execute] - Not connected to cluster to put record
Jul 27 2015 04:30:17 UTC: ERROR(12589) [put.cc:191] [execute] - Not connected to cluster to put record
Jul 27 2015 04:30:17 UTC: ERROR(12589) [put.cc:191] [execute] - Not connected to cluster to put record
Jul 27 2015 04:30:17 UTC: ERROR(12589) [put.cc:191] [execute] - Not connected to cluster to put record
Jul 27 2015 04:30:17 UTC: ERROR(12589) [put.cc:191] [execute] - Not connected to cluster to put record
Jul 27 2015 04:30:17 UTC: ERROR(12589) [put.cc:191] [execute] - Not connected to cluster to put record
Jul 27 2015 04:30:17 UTC: ERROR(12589) [put.cc:191] [execute] - Not connected to cluster to put record
Jul 27 2015 04:30:17 UTC: ERROR(12589) [put.cc:191] [execute] - Not connected to cluster to put record
Jul 27 2015 04:30:17 UTC: ERROR(12589) [put.cc:191] [execute] - Not connected to cluster to put record
Jul 27 2015 04:30:17 UTC: ERROR(12589) [put.cc:191] [execute] - Not connected to cluster to put record
Jul 27 2015 04:30:17 UTC: ERROR(12589) [put.cc:191] [execute] - Not connected to cluster to put record
Jul 27 2015 04:30:17 UTC: ERROR(12589) [put.cc:191] [execute] - Not connected to cluster to put record
Jul 27 2015 04:30:17 UTC: ERROR(12589) [put.cc:191] [execute] - Not connected to cluster to put record
Jul 27 2015 04:30:17 UTC: ERROR(12589) [put.cc:191] [execute] - Not connected to cluster to put record
Jul 27 2015 04:30:17 UTC: ERROR(12589) [put.cc:191] [execute] - Not connected to cluster to put record
Jul 27 2015 04:30:17 UTC: ERROR(12589) [put.cc:191] [execute] - Not connected to cluster to put record
Jul 27 2015 04:30:17 UTC: ERROR(12589) [put.cc:191] [execute] - Not connected to cluster to put record
Jul 27 2015 04:30:17 UTC: ERROR(12589) [put.cc:191] [execute] - Not connected to cluster to put record
Jul 27 2015 04:30:17 UTC: ERROR(12589) [put.cc:191] [execute] - Not connected to cluster to put record
Jul 27 2015 04:30:17 UTC: ERROR(12589) [put.cc:191] [execute] - Not connected to cluster to put record
Jul 27 2015 04:30:17 UTC: ERROR(12589) [put.cc:191] [execute] - Not connected to cluster to put record
Jul 27 2015 04:30:17 UTC: ERROR(12589) [put.cc:191] [execute] - Not connected to cluster to put record
Jul 27 2015 04:30:17 UTC: ERROR(12589) [put.cc:191] [execute] - Not connected to cluster to put record
Jul 27 2015 04:30:17 UTC: ERROR(12589) [put.cc:191] [execute] - Not connected to cluster to put record
Jul 27 2015 04:30:17 UTC: ERROR(12589) [put.cc:191] [execute] - Not connected to cluster to put record
Jul 27 2015 04:30:17 UTC: ERROR(12589) [put.cc:191] [execute] - Not connected to cluster to put record
Jul 27 2015 04:30:17 UTC: ERROR(12589) [put.cc:191] [execute] - Not connected to cluster to put record
Jul 27 2015 04:30:17 UTC: ERROR(12589) [put.cc:191] [execute] - Not connected to cluster to put record
Jul 27 2015 04:30:17 UTC: ERROR(12589) [put.cc:191] [execute] - Not connected to cluster to put record
Jul 27 2015 04:30:17 UTC: ERROR(12589) [put.cc:191] [execute] - Not connected to cluster to put record
Jul 27 2015 04:30:17 UTC: ERROR(12589) [put.cc:191] [execute] - Not connected to cluster to put record
Jul 27 2015 04:30:17 UTC: ERROR(12589) [put.cc:191] [execute] - Not connected to cluster to put record
Jul 27 2015 04:30:17 UTC: ERROR(12589) [put.cc:191] [execute] - Not connected to cluster to put record
Jul 27 2015 04:30:17 UTC: ERROR(12589) [put.cc:191] [execute] - Not connected to cluster to put record
Jul 27 2015 04:30:17 UTC: ERROR(12589) [put.cc:191] [execute] - Not connected to cluster to put record
Jul 27 2015 04:30:17 UTC: ERROR(12589) [put.cc:191] [execute] - Not connected to cluster to put record
Jul 27 2015 04:30:17 UTC: ERROR(12589) [put.cc:191] [execute] - Not connected to cluster to put record
Jul 27 2015 04:30:17 UTC: ERROR(12589) [put.cc:191] [execute] - Not connected to cluster to put record
Jul 27 2015 04:30:17 UTC: ERROR(12589) [put.cc:191] [execute] - Not connected to cluster to put record
Jul 27 2015 04:30:17 UTC: ERROR(12589) [put.cc:191] [execute] - Not connected to cluster to put record
Jul 27 2015 04:30:17 UTC: ERROR(12589) [put.cc:191] [execute] - Not connected to cluster to put record
Jul 27 2015 04:30:17 UTC: ERROR(12589) [put.cc:191] [execute] - Not connected to cluster to put record
Jul 27 2015 04:30:17 UTC: ERROR(12589) [put.cc:191] [execute] - Not connected to cluster to put record
Jul 27 2015 04:30:17 UTC: ERROR(12589) [put.cc:191] [execute] - Not connected to cluster to put record
Jul 27 2015 04:30:17 UTC: ERROR(12589) [put.cc:191] [execute] - Not connected to cluster to put record
Jul 27 2015 04:30:17 UTC: ERROR(12589) [put.cc:191] [execute] - Not connected to cluster to put record
Jul 27 2015 04:30:17 UTC: ERROR(12589) [put.cc:191] [execute] - Not connected to cluster to put record
Jul 27 2015 04:30:17 UTC: ERROR(12589) [put.cc:191] [execute] - Not connected to cluster to put record
Jul 27 2015 04:30:17 UTC: ERROR(12589) [put.cc:191] [execute] - Not connected to cluster to put record
Jul 27 2015 04:30:17 UTC: ERROR(12589) [put.cc:191] [execute] - Not connected to cluster to put record
Jul 27 2015 04:30:17 UTC: ERROR(12589) [put.cc:191] [execute] - Not connected to cluster to put record
Jul 27 2015 04:30:17 UTC: ERROR(12589) [put.cc:191] [execute] - Not connected to cluster to put record
Jul 27 2015 04:30:17 UTC: ERROR(12589) [put.cc:191] [execute] - Not connected to cluster to put record
Jul 27 2015 04:30:17 UTC: ERROR(12589) [put.cc:191] [execute] - Not connected to cluster to put record
Jul 27 2015 04:30:17 UTC: ERROR(12589) [put.cc:191] [execute] - Not connected to cluster to put record
Jul 27 2015 04:30:17 UTC: ERROR(12589) [put.cc:191] [execute] - Not connected to cluster to put record
Jul 27 2015 04:30:17 UTC: ERROR(12589) [put.cc:191] [execute] - Not connected to cluster to put record
Jul 27 2015 04:30:17 UTC: ERROR(12589) [put.cc:191] [execute] - Not connected to cluster to put record
Jul 27 2015 04:30:17 UTC: ERROR(12589) [put.cc:191] [execute] - Not connected to cluster to put record
Jul 27 2015 04:30:17 UTC: ERROR(12589) [put.cc:191] [execute] - Not connected to cluster to put record
Jul 27 2015 04:30:17 UTC: ERROR(12589) [put.cc:191] [execute] - Not connected to cluster to put record
Jul 27 2015 04:30:17 UTC: ERROR(12589) [put.cc:191] [execute] - Not connected to cluster to put record
Jul 27 2015 04:30:17 UTC: ERROR(12589) [put.cc:191] [execute] - Not connected to cluster to put record
Jul 27 2015 04:30:17 UTC: ERROR(12589) [put.cc:191] [execute] - Not connected to cluster to put record
Jul 27 2015 04:30:17 UTC: ERROR(12589) [put.cc:191] [execute] - Not connected to cluster to put record
Jul 27 2015 04:30:17 UTC: ERROR(12589) [put.cc:191] [execute] - Not connected to cluster to put record
Jul 27 2015 04:30:17 UTC: ERROR(12589) [put.cc:191] [execute] - Not connected to cluster to put record
Jul 27 2015 04:30:17 UTC: ERROR(12589) [put.cc:191] [execute] - Not connected to cluster to put record
Jul 27 2015 04:30:17 UTC: ERROR(12589) [put.cc:191] [execute] - Not connected to cluster to put record
Jul 27 2015 04:30:17 UTC: ERROR(12589) [put.cc:191] [execute] - Not connected to cluster to put record
Jul 27 2015 04:30:17 UTC: ERROR(12589) [put.cc:191] [execute] - Not connected to cluster to put record
Jul 27 2015 04:30:17 UTC: ERROR(12589) [put.cc:191] [execute] - Not connected to cluster to put record
Jul 27 2015 04:30:17 UTC: ERROR(12589) [put.cc:191] [execute] - Not connected to cluster to put record
Jul 27 2015 04:30:17 UTC: ERROR(12589) [put.cc:191] [execute] - Not connected to cluster to put record
Jul 27 2015 04:30:17 UTC: ERROR(12589) [put.cc:191] [execute] - Not connected to cluster to put record
Jul 27 2015 04:30:17 UTC: ERROR(12589) [put.cc:191] [execute] - Not connected to cluster to put record
Jul 27 2015 04:30:17 UTC: ERROR(12589) [put.cc:191] [execute] - Not connected to cluster to put record
Jul 27 2015 04:30:17 UTC: ERROR(12589) [put.cc:191] [execute] - Not connected to cluster to put record
Jul 27 2015 04:30:17 UTC: ERROR(12589) [put.cc:191] [execute] - Not connected to cluster to put record
Jul 27 2015 04:30:17 UTC: ERROR(12589) [put.cc:191] [execute] - Not connected to cluster to put record
Jul 27 2015 04:30:17 UTC: ERROR(12589) [put.cc:191] [execute] - Not connected to cluster to put record
Jul 27 2015 04:30:17 UTC: ERROR(12589) [put.cc:191] [execute] - Not connected to cluster to put record
Jul 27 2015 04:30:17 UTC: ERROR(12589) [put.cc:191] [execute] - Not connected to cluster to put record
Jul 27 2015 04:30:17 UTC: ERROR(12589) [put.cc:191] [execute] - Not connected to cluster to put record
Jul 27 2015 04:30:17 UTC: ERROR(12589) [put.cc:191] [execute] - Not connected to cluster to put record
Jul 27 2015 04:30:17 UTC: ERROR(12589) [put.cc:191] [execute] - Not connected to cluster to put record
Jul 27 2015 04:30:17 UTC: ERROR(12589) [put.cc:191] [execute] - Not connected to cluster to put record
Jul 27 2015 04:30:17 UTC: ERROR(12589) [put.cc:191] [execute] - Not connected to cluster to put record
Jul 27 2015 04:30:17 UTC: ERROR(12589) [put.cc:191] [execute] - Not connected to cluster to put record
Jul 27 2015 04:30:17 UTC: ERROR(12589) [put.cc:191] [execute] - Not connected to cluster to put record
Jul 27 2015 04:30:17 UTC: ERROR(12589) [put.cc:191] [execute] - Not connected to cluster to put record
Jul 27 2015 04:30:17 UTC: ERROR(12589) [put.cc:191] [execute] - Not connected to cluster to put record
Jul 27 2015 04:30:17 UTC: ERROR(12589) [put.cc:191] [execute] - Not connected to cluster to put record
Jul 27 2015 04:30:17 UTC: ERROR(12589) [put.cc:191] [execute] - Not connected to cluster to put record
Jul 27 2015 04:30:17 UTC: ERROR(12589) [put.cc:191] [execute] - Not connected to cluster to put record
Jul 27 2015 04:30:17 UTC: ERROR(12589) [put.cc:191] [execute] - Not connected to cluster to put record
Jul 27 2015 04:30:17 UTC: ERROR(12589) [put.cc:191] [execute] - Not connected to cluster to put record
Jul 27 2015 04:30:17 UTC: ERROR(12589) [put.cc:191] [execute] - Not connected to cluster to put record
Jul 27 2015 04:30:17 UTC: ERROR(12589) [put.cc:191] [execute] - Not connected to cluster to put record
Jul 27 2015 04:30:17 UTC: ERROR(12589) [put.cc:191] [execute] - Not connected to cluster to put record
Jul 27 2015 04:30:17 UTC: ERROR(12589) [put.cc:191] [execute] - Not connected to cluster to put record
Jul 27 2015 04:30:17 UTC: ERROR(12589) [put.cc:191] [execute] - Not connected to cluster to put record
Jul 27 2015 04:30:17 UTC: ERROR(12589) [put.cc:191] [execute] - Not connected to cluster to put record
Jul 27 2015 04:30:17 UTC: ERROR(12589) [put.cc:191] [execute] - Not connected to cluster to put record
Jul 27 2015 04:30:17 UTC: ERROR(12589) [put.cc:191] [execute] - Not connected to cluster to put record
Jul 27 2015 04:30:17 UTC: ERROR(12589) [put.cc:191] [execute] - Not connected to cluster to put record
Jul 27 2015 04:30:17 UTC: ERROR(12589) [put.cc:191] [execute] - Not connected to cluster to put record
Jul 27 2015 04:30:17 UTC: ERROR(12589) [put.cc:191] [execute] - Not connected to cluster to put record
Jul 27 2015 04:30:17 UTC: ERROR(12589) [put.cc:191] [execute] - Not connected to cluster to put record
Jul 27 2015 04:30:17 UTC: ERROR(12589) [put.cc:191] [execute] - Not connected to cluster to put record
Jul 27 2015 04:30:17 UTC: ERROR(12589) [put.cc:191] [execute] - Not connected to cluster to put record
Jul 27 2015 04:30:17 UTC: ERROR(12589) [put.cc:191] [execute] - Not connected to cluster to put record
Jul 27 2015 04:30:17 UTC: ERROR(12589) [put.cc:191] [execute] - Not connected to cluster to put record
Jul 27 2015 04:30:17 UTC: ERROR(12589) [put.cc:191] [execute] - Not connected to cluster to put record
Jul 27 2015 04:30:17 UTC: ERROR(12589) [put.cc:191] [execute] - Not connected to cluster to put record
Jul 27 2015 04:30:17 UTC: ERROR(12589) [put.cc:191] [execute] - Not connected to cluster to put record
Jul 27 2015 04:30:17 UTC: ERROR(12589) [put.cc:191] [execute] - Not connected to cluster to put record
Jul 27 2015 04:30:17 UTC: ERROR(12589) [put.cc:191] [execute] - Not connected to cluster to put record
Jul 27 2015 04:30:17 UTC: ERROR(12589) [put.cc:191] [execute] - Not connected to cluster to put record
Jul 27 2015 04:30:17 UTC: ERROR(12589) [put.cc:191] [execute] - Not connected to cluster to put record
Jul 27 2015 04:30:17 UTC: ERROR(12589) [put.cc:191] [execute] - Not connected to cluster to put record
Jul 27 2015 04:30:17 UTC: ERROR(12589) [put.cc:191] [execute] - Not connected to cluster to put record
Jul 27 2015 04:30:17 UTC: ERROR(12589) [put.cc:191] [execute] - Not connected to cluster to put record
Jul 27 2015 04:30:17 UTC: ERROR(12589) [put.cc:191] [execute] - Not connected to cluster to put record
Jul 27 2015 04:30:17 UTC: ERROR(12589) [put.cc:191] [execute] - Not connected to cluster to put record
Jul 27 2015 04:30:17 UTC: ERROR(12589) [put.cc:191] [execute] - Not connected to cluster to put record
Jul 27 2015 04:30:17 UTC: ERROR(12589) [put.cc:191] [execute] - Not connected to cluster to put record
Jul 27 2015 04:30:17 UTC: ERROR(12589) [put.cc:191] [execute] - Not connected to cluster to put record
Jul 27 2015 04:30:17 UTC: ERROR(12589) [put.cc:191] [execute] - Not connected to cluster to put record
Jul 27 2015 04:30:17 UTC: ERROR(12589) [put.cc:191] [execute] - Not connected to cluster to put record
Jul 27 2015 04:30:17 UTC: ERROR(12589) [put.cc:191] [execute] - Not connected to cluster to put record
Jul 27 2015 04:30:17 UTC: ERROR(12589) [put.cc:191] [execute] - Not connected to cluster to put record
Jul 27 2015 04:30:17 UTC: ERROR(12589) [put.cc:191] [execute] - Not connected to cluster to put record
Jul 27 2015 04:30:17 UTC: ERROR(12589) [put.cc:191] [execute] - Not connected to cluster to put record
Jul 27 2015 04:30:17 UTC: ERROR(12589) [put.cc:191] [execute] - Not connected to cluster to put record
Jul 27 2015 04:30:17 UTC: ERROR(12589) [put.cc:191] [execute] - Not connected to cluster to put record
Jul 27 2015 04:30:17 UTC: ERROR(12589) [put.cc:191] [execute] - Not connected to cluster to put record
Jul 27 2015 04:30:17 UTC: ERROR(12589) [put.cc:191] [execute] - Not connected to cluster to put record
Jul 27 2015 04:30:17 UTC: ERROR(12589) [put.cc:191] [execute] - Not connected to cluster to put record
Jul 27 2015 04:30:17 UTC: ERROR(12589) [put.cc:191] [execute] - Not connected to cluster to put record
Jul 27 2015 04:30:17 UTC: ERROR(12589) [put.cc:191] [execute] - Not connected to cluster to put record
Jul 27 2015 04:30:17 UTC: ERROR(12589) [put.cc:191] [execute] - Not connected to cluster to put record
Jul 27 2015 04:30:17 UTC: ERROR(12589) [put.cc:191] [execute] - Not connected to cluster to put record
Jul 27 2015 04:30:17 UTC: ERROR(12589) [put.cc:191] [execute] - Not connected to cluster to put record
Jul 27 2015 04:30:17 UTC: ERROR(12589) [put.cc:191] [execute] - Not connected to cluster to put record
Jul 27 2015 04:30:17 UTC: ERROR(12589) [put.cc:191] [execute] - Not connected to cluster to put record
Jul 27 2015 04:30:17 UTC: ERROR(12589) [put.cc:191] [execute] - Not connected to cluster to put record
Jul 27 2015 04:30:17 UTC: ERROR(12589) [put.cc:191] [execute] - Not connected to cluster to put record
Jul 27 2015 04:30:17 UTC: ERROR(12589) [put.cc:191] [execute] - Not connected to cluster to put record
Jul 27 2015 04:30:17 UTC: ERROR(12589) [put.cc:191] [execute] - Not connected to cluster to put record
Jul 27 2015 04:30:17 UTC: ERROR(12589) [put.cc:191] [execute] - Not connected to cluster to put record
Jul 27 2015 04:30:17 UTC: ERROR(12589) [put.cc:191] [execute] - Not connected to cluster to put record
Jul 27 2015 04:30:17 UTC: ERROR(12589) [put.cc:191] [execute] - Not connected to cluster to put record
Jul 27 2015 04:30:17 UTC: ERROR(12589) [put.cc:191] [execute] - Not connected to cluster to put record
Jul 27 2015 04:30:17 UTC: ERROR(12589) [put.cc:191] [execute] - Not connected to cluster to put record
Jul 27 2015 04:30:17 UTC: ERROR(12589) [put.cc:191] [execute] - Not connected to cluster to put record
Jul 27 2015 04:30:17 UTC: ERROR(12589) [put.cc:191] [execute] - Not connected to cluster to put record
Jul 27 2015 04:30:17 UTC: ERROR(12589) [put.cc:191] [execute] - Not connected to cluster to put record
Jul 27 2015 04:30:17 UTC: ERROR(12589) [put.cc:191] [execute] - Not connected to cluster to put record
Jul 27 2015 04:30:17 UTC: ERROR(12589) [put.cc:191] [execute] - Not connected to cluster to put record
Jul 27 2015 04:30:17 UTC: ERROR(12589) [put.cc:191] [execute] - Not connected to cluster to put record
Jul 27 2015 04:30:17 UTC: ERROR(12589) [put.cc:191] [execute] - Not connected to cluster to put record
Jul 27 2015 04:30:17 UTC: ERROR(12589) [put.cc:191] [execute] - Not connected to cluster to put record
Jul 27 2015 04:30:17 UTC: ERROR(12589) [put.cc:191] [execute] - Not connected to cluster to put record
Jul 27 2015 04:30:17 UTC: ERROR(12589) [put.cc:191] [execute] - Not connected to cluster to put record
Jul 27 2015 04:30:17 UTC: ERROR(12589) [put.cc:191] [execute] - Not connected to cluster to put record
Jul 27 2015 04:30:17 UTC: ERROR(12589) [put.cc:191] [execute] - Not connected to cluster to put record
Jul 27 2015 04:30:17 UTC: ERROR(12589) [put.cc:191] [execute] - Not connected to cluster to put record
Jul 27 2015 04:30:17 UTC: ERROR(12589) [put.cc:191] [execute] - Not connected to cluster to put record
Jul 27 2015 04:30:17 UTC: ERROR(12589) [put.cc:191] [execute] - Not connected to cluster to put record
Jul 27 2015 04:30:17 UTC: ERROR(12589) [put.cc:191] [execute] - Not connected to cluster to put record
Jul 27 2015 04:30:17 UTC: ERROR(12589) [put.cc:191] [execute] - Not connected to cluster to put record
Jul 27 2015 04:30:17 UTC: ERROR(12589) [put.cc:191] [execute] - Not connected to cluster to put record
Jul 27 2015 04:30:17 UTC: ERROR(12589) [put.cc:191] [execute] - Not connected to cluster to put record
Jul 27 2015 04:30:17 UTC: ERROR(12589) [put.cc:191] [execute] - Not connected to cluster to put record
Jul 27 2015 04:30:17 UTC: ERROR(12589) [put.cc:191] [execute] - Not connected to cluster to put record
Jul 27 2015 04:30:17 UTC: ERROR(12589) [put.cc:191] [execute] - Not connected to cluster to put record
Jul 27 2015 04:30:17 UTC: ERROR(12589) [put.cc:191] [execute] - Not connected to cluster to put record
Jul 27 2015 04:30:17 UTC: ERROR(12589) [put.cc:191] [execute] - Not connected to cluster to put record
Jul 27 2015 04:30:17 UTC: ERROR(12589) [put.cc:191] [execute] - Not connected to cluster to put record
Jul 27 2015 04:30:17 UTC: ERROR(12589) [put.cc:191] [execute] - Not connected to cluster to put record
Jul 27 2015 04:30:17 UTC: ERROR(12589) [put.cc:191] [execute] - Not connected to cluster to put record
Jul 27 2015 04:30:17 UTC: ERROR(12589) [put.cc:191] [execute] - Not connected to cluster to put record
Jul 27 2015 04:30:17 UTC: ERROR(12589) [put.cc:191] [execute] - Not connected to cluster to put record
Jul 27 2015 04:30:17 UTC: ERROR(12589) [put.cc:191] [execute] - Not connected to cluster to put record
Jul 27 2015 04:30:17 UTC: ERROR(12589) [put.cc:191] [execute] - Not connected to cluster to put record
Jul 27 2015 04:30:17 UTC: ERROR(12589) [put.cc:191] [execute] - Not connected to cluster to put record
Jul 27 2015 04:30:17 UTC: ERROR(12589) [put.cc:191] [execute] - Not connected to cluster to put record
Jul 27 2015 04:30:17 UTC: ERROR(12589) [put.cc:191] [execute] - Not connected to cluster to put record
Jul 27 2015 04:30:17 UTC: ERROR(12589) [put.cc:191] [execute] - Not connected to cluster to put record
Jul 27 2015 04:30:17 UTC: ERROR(12589) [put.cc:191] [execute] - Not connected to cluster to put record
Jul 27 2015 04:30:17 UTC: ERROR(12589) [put.cc:191] [execute] - Not connected to cluster to put record
Jul 27 2015 04:30:17 UTC: ERROR(12589) [put.cc:191] [execute] - Not connected to cluster to put record
Jul 27 2015 04:30:17 UTC: ERROR(12589) [put.cc:191] [execute] - Not connected to cluster to put record
Jul 27 2015 04:30:17 UTC: ERROR(12589) [put.cc:191] [execute] - Not connected to cluster to put record
Jul 27 2015 04:30:17 UTC: ERROR(12589) [put.cc:191] [execute] - Not connected to cluster to put record
Jul 27 2015 04:30:17 UTC: ERROR(12589) [put.cc:191] [execute] - Not connected to cluster to put record
Jul 27 2015 04:30:17 UTC: ERROR(12589) [put.cc:191] [execute] - Not connected to cluster to put record
Jul 27 2015 04:30:17 UTC: ERROR(12589) [put.cc:191] [execute] - Not connected to cluster to put record
Jul 27 2015 04:30:17 UTC: ERROR(12589) [put.cc:191] [execute] - Not connected to cluster to put record
Jul 27 2015 04:30:17 UTC: ERROR(12589) [put.cc:191] [execute] - Not connected to cluster to put record
Jul 27 2015 04:30:17 UTC: ERROR(12589) [put.cc:191] [execute] - Not connected to cluster to put record
Jul 27 2015 04:30:17 UTC: ERROR(12589) [put.cc:191] [execute] - Not connected to cluster to put record
Jul 27 2015 04:30:17 UTC: ERROR(12589) [put.cc:191] [execute] - Not connected to cluster to put record
Jul 27 2015 04:30:17 UTC: ERROR(12589) [put.cc:191] [execute] - Not connected to cluster to put record
Jul 27 2015 04:30:17 UTC: ERROR(12589) [put.cc:191] [execute] - Not connected to cluster to put record
Jul 27 2015 04:30:17 UTC: ERROR(12589) [put.cc:191] [execute] - Not connected to cluster to put record
Jul 27 2015 04:30:17 UTC: ERROR(12589) [put.cc:191] [execute] - Not connected to cluster to put record
Jul 27 2015 04:30:17 UTC: ERROR(12589) [put.cc:191] [execute] - Not connected to cluster to put record
Jul 27 2015 04:30:17 UTC: ERROR(12589) [put.cc:191] [execute] - Not connected to cluster to put record
Jul 27 2015 04:30:17 UTC: ERROR(12589) [put.cc:191] [execute] - Not connected to cluster to put record
Jul 27 2015 04:30:17 UTC: ERROR(12589) [put.cc:191] [execute] - Not connected to cluster to put record
Jul 27 2015 04:30:17 UTC: ERROR(12589) [put.cc:191] [execute] - Not connected to cluster to put record
Jul 27 2015 04:30:17 UTC: ERROR(12589) [put.cc:191] [execute] - Not connected to cluster to put record
Jul 27 2015 04:30:17 UTC: ERROR(12589) [put.cc:191] [execute] - Not connected to cluster to put record
Jul 27 2015 04:30:17 UTC: ERROR(12589) [put.cc:191] [execute] - Not connected to cluster to put record
Jul 27 2015 04:30:17 UTC: ERROR(12589) [put.cc:191] [execute] - Not connected to cluster to put record
Jul 27 2015 04:30:17 UTC: ERROR(12589) [put.cc:191] [execute] - Not connected to cluster to put record
Jul 27 2015 04:30:17 UTC: ERROR(12589) [put.cc:191] [execute] - Not connected to cluster to put record
Jul 27 2015 04:30:17 UTC: ERROR(12589) [put.cc:191] [execute] - Not connected to cluster to put record
Jul 27 2015 04:30:17 UTC: ERROR(12589) [put.cc:191] [execute] - Not connected to cluster to put record
Jul 27 2015 04:30:17 UTC: ERROR(12589) [put.cc:191] [execute] - Not connected to cluster to put record
Jul 27 2015 04:30:17 UTC: ERROR(12589) [put.cc:191] [execute] - Not connected to cluster to put record
Jul 27 2015 04:30:17 UTC: ERROR(12589) [put.cc:191] [execute] - Not connected to cluster to put record
Jul 27 2015 04:30:17 UTC: ERROR(12589) [put.cc:191] [execute] - Not connected to cluster to put record
Jul 27 2015 04:30:17 UTC: ERROR(12589) [put.cc:191] [execute] - Not connected to cluster to put record
Jul 27 2015 04:30:17 UTC: ERROR(12589) [put.cc:191] [execute] - Not connected to cluster to put record
Jul 27 2015 04:30:17 UTC: ERROR(12589) [put.cc:191] [execute] - Not connected to cluster to put record
Jul 27 2015 04:30:17 UTC: ERROR(12589) [put.cc:191] [execute] - Not connected to cluster to put record
Jul 27 2015 04:30:17 UTC: ERROR(12589) [put.cc:191] [execute] - Not connected to cluster to put record
Jul 27 2015 04:30:17 UTC: ERROR(12589) [put.cc:191] [execute] - Not connected to cluster to put record
Jul 27 2015 04:30:17 UTC: ERROR(12589) [put.cc:191] [execute] - Not connected to cluster to put record
Jul 27 2015 04:30:17 UTC: ERROR(12589) [put.cc:191] [execute] - Not connected to cluster to put record
Jul 27 2015 04:30:17 UTC: ERROR(12589) [put.cc:191] [execute] - Not connected to cluster to put record
Jul 27 2015 04:30:17 UTC: ERROR(12589) [put.cc:191] [execute] - Not connected to cluster to put record
Jul 27 2015 04:30:17 UTC: ERROR(12589) [put.cc:191] [execute] - Not connected to cluster to put record
Jul 27 2015 04:30:17 UTC: ERROR(12589) [put.cc:191] [execute] - Not connected to cluster to put record
Jul 27 2015 04:30:17 UTC: ERROR(12589) [put.cc:191] [execute] - Not connected to cluster to put record
Jul 27 2015 04:30:17 UTC: ERROR(12589) [put.cc:191] [execute] - Not connected to cluster to put record
Jul 27 2015 04:30:17 UTC: ERROR(12589) [put.cc:191] [execute] - Not connected to cluster to put record
Jul 27 2015 04:30:17 UTC: ERROR(12589) [put.cc:191] [execute] - Not connected to cluster to put record
Jul 27 2015 04:30:17 UTC: ERROR(12589) [put.cc:191] [execute] - Not connected to cluster to put record
Jul 27 2015 04:30:17 UTC: ERROR(12589) [put.cc:191] [execute] - Not connected to cluster to put record
Jul 27 2015 04:30:17 UTC: ERROR(12589) [put.cc:191] [execute] - Not connected to cluster to put record
Jul 27 2015 04:30:17 UTC: ERROR(12589) [put.cc:191] [execute] - Not connected to cluster to put record
Jul 27 2015 04:30:17 UTC: ERROR(12589) [put.cc:191] [execute] - Not connected to cluster to put record
Jul 27 2015 04:30:17 UTC: ERROR(12589) [put.cc:191] [execute] - Not connected to cluster to put record
Jul 27 2015 04:30:17 UTC: ERROR(12589) [put.cc:191] [execute] - Not connected to cluster to put record
Jul 27 2015 04:30:17 UTC: ERROR(12589) [put.cc:191] [execute] - Not connected to cluster to put record
Jul 27 2015 04:30:17 UTC: ERROR(12589) [put.cc:191] [execute] - Not connected to cluster to put record
Jul 27 2015 04:30:17 UTC: ERROR(12589) [put.cc:191] [execute] - Not connected to cluster to put record
Jul 27 2015 04:30:17 UTC: ERROR(12589) [put.cc:191] [execute] - Not connected to cluster to put record
Jul 27 2015 04:30:17 UTC: ERROR(12589) [put.cc:191] [execute] - Not connected to cluster to put record
Jul 27 2015 04:30:17 UTC: ERROR(12589) [put.cc:191] [execute] - Not connected to cluster to put record
Jul 27 2015 04:30:17 UTC: ERROR(12589) [put.cc:191] [execute] - Not connected to cluster to put record
Jul 27 2015 04:30:17 UTC: ERROR(12589) [put.cc:191] [execute] - Not connected to cluster to put record
Jul 27 2015 04:30:17 UTC: ERROR(12589) [put.cc:191] [execute] - Not connected to cluster to put record
Jul 27 2015 04:30:17 UTC: ERROR(12589) [put.cc:191] [execute] - Not connected to cluster to put record
Jul 27 2015 04:30:17 UTC: ERROR(12589) [put.cc:191] [execute] - Not connected to cluster to put record
Jul 27 2015 04:30:17 UTC: ERROR(12589) [put.cc:191] [execute] - Not connected to cluster to put record
Jul 27 2015 04:30:17 UTC: ERROR(12589) [put.cc:191] [execute] - Not connected to cluster to put record
Jul 27 2015 04:30:17 UTC: ERROR(12589) [put.cc:191] [execute] - Not connected to cluster to put record
Jul 27 2015 04:30:17 UTC: ERROR(12589) [put.cc:191] [execute] - Not connected to cluster to put record
Jul 27 2015 04:30:17 UTC: ERROR(12589) [put.cc:191] [execute] - Not connected to cluster to put record
Jul 27 2015 04:30:17 UTC: ERROR(12589) [put.cc:191] [execute] - Not connected to cluster to put record
Jul 27 2015 04:30:17 UTC: ERROR(12589) [put.cc:191] [execute] - Not connected to cluster to put record
Jul 27 2015 04:30:17 UTC: ERROR(12589) [put.cc:191] [execute] - Not connected to cluster to put record
Jul 27 2015 04:30:17 UTC: ERROR(12589) [put.cc:191] [execute] - Not connected to cluster to put record
Jul 27 2015 04:30:17 UTC: ERROR(12589) [put.cc:191] [execute] - Not connected to cluster to put record
Jul 27 2015 04:30:17 UTC: ERROR(12589) [put.cc:191] [execute] - Not connected to cluster to put record
Jul 27 2015 04:30:17 UTC: ERROR(12589) [put.cc:191] [execute] - Not connected to cluster to put record
Jul 27 2015 04:30:17 UTC: ERROR(12589) [put.cc:191] [execute] - Not connected to cluster to put record
Jul 27 2015 04:30:17 UTC: ERROR(12589) [put.cc:191] [execute] - Not connected to cluster to put record
Jul 27 2015 04:30:17 UTC: ERROR(12589) [put.cc:191] [execute] - Not connected to cluster to put record
Jul 27 2015 04:30:17 UTC: ERROR(12589) [put.cc:191] [execute] - Not connected to cluster to put record
Jul 27 2015 04:30:17 UTC: ERROR(12589) [put.cc:191] [execute] - Not connected to cluster to put record
Jul 27 2015 04:30:17 UTC: ERROR(12589) [put.cc:191] [execute] - Not connected to cluster to put record
Jul 27 2015 04:30:17 UTC: ERROR(12589) [put.cc:191] [execute] - Not connected to cluster to put record
Jul 27 2015 04:30:17 UTC: ERROR(12589) [put.cc:191] [execute] - Not connected to cluster to put record
Jul 27 2015 04:30:17 UTC: ERROR(12589) [put.cc:191] [execute] - Not connected to cluster to put record
Jul 27 2015 04:30:17 UTC: ERROR(12589) [put.cc:191] [execute] - Not connected to cluster to put record
Jul 27 2015 04:30:17 UTC: ERROR(12589) [put.cc:191] [execute] - Not connected to cluster to put record
Jul 27 2015 04:30:17 UTC: ERROR(12589) [put.cc:191] [execute] - Not connected to cluster to put record
Jul 27 2015 04:30:17 UTC: ERROR(12589) [put.cc:191] [execute] - Not connected to cluster to put record
Jul 27 2015 04:30:17 UTC: ERROR(12589) [put.cc:191] [execute] - Not connected to cluster to put record
Jul 27 2015 04:30:17 UTC: ERROR(12589) [put.cc:191] [execute] - Not connected to cluster to put record
Jul 27 2015 04:30:17 UTC: ERROR(12589) [put.cc:191] [execute] - Not connected to cluster to put record
Jul 27 2015 04:30:17 UTC: ERROR(12589) [put.cc:191] [execute] - Not connected to cluster to put record
Jul 27 2015 04:30:17 UTC: ERROR(12589) [put.cc:191] [execute] - Not connected to cluster to put record
Jul 27 2015 04:30:17 UTC: ERROR(12589) [put.cc:191] [execute] - Not connected to cluster to put record
Jul 27 2015 04:30:17 UTC: ERROR(12589) [put.cc:191] [execute] - Not connected to cluster to put record
Jul 27 2015 04:30:17 UTC: ERROR(12589) [put.cc:191] [execute] - Not connected to cluster to put record
Jul 27 2015 04:30:17 UTC: ERROR(12589) [put.cc:191] [execute] - Not connected to cluster to put record
Jul 27 2015 04:30:17 UTC: ERROR(12589) [put.cc:191] [execute] - Not connected to cluster to put record
Jul 27 2015 04:30:17 UTC: ERROR(12589) [put.cc:191] [execute] - Not connected to cluster to put record
Jul 27 2015 04:30:17 UTC: ERROR(12589) [put.cc:191] [execute] - Not connected to cluster to put record
Jul 27 2015 04:30:17 UTC: ERROR(12589) [put.cc:191] [execute] - Not connected to cluster to put record
Jul 27 2015 04:30:17 UTC: ERROR(12589) [put.cc:191] [execute] - Not connected to cluster to put record
Jul 27 2015 04:30:17 UTC: ERROR(12589) [put.cc:191] [execute] - Not connected to cluster to put record
Jul 27 2015 04:30:17 UTC: ERROR(12589) [put.cc:191] [execute] - Not connected to cluster to put record
Jul 27 2015 04:30:17 UTC: ERROR(12589) [put.cc:191] [execute] - Not connected to cluster to put record
Jul 27 2015 04:30:17 UTC: ERROR(12589) [put.cc:191] [execute] - Not connected to cluster to put record
Jul 27 2015 04:30:17 UTC: ERROR(12589) [put.cc:191] [execute] - Not connected to cluster to put record
Jul 27 2015 04:30:17 UTC: ERROR(12589) [put.cc:191] [execute] - Not connected to cluster to put record
Jul 27 2015 04:30:17 UTC: ERROR(12589) [put.cc:191] [execute] - Not connected to cluster to put record
Jul 27 2015 04:30:17 UTC: ERROR(12589) [put.cc:191] [execute] - Not connected to cluster to put record
Jul 27 2015 04:30:17 UTC: ERROR(12589) [put.cc:191] [execute] - Not connected to cluster to put record
Jul 27 2015 04:30:17 UTC: ERROR(12589) [put.cc:191] [execute] - Not connected to cluster to put record
Jul 27 2015 04:30:17 UTC: ERROR(12589) [put.cc:191] [execute] - Not connected to cluster to put record
Jul 27 2015 04:30:17 UTC: ERROR(12589) [put.cc:191] [execute] - Not connected to cluster to put record
Jul 27 2015 04:30:17 UTC: ERROR(12589) [put.cc:191] [execute] - Not connected to cluster to put record
Jul 27 2015 04:30:17 UTC: ERROR(12589) [put.cc:191] [execute] - Not connected to cluster to put record
Jul 27 2015 04:30:17 UTC: ERROR(12589) [put.cc:191] [execute] - Not connected to cluster to put record
Jul 27 2015 04:30:17 UTC: ERROR(12589) [put.cc:191] [execute] - Not connected to cluster to put record
Jul 27 2015 04:30:17 UTC: ERROR(12589) [put.cc:191] [execute] - Not connected to cluster to put record
Jul 27 2015 04:30:17 UTC: ERROR(12589) [put.cc:191] [execute] - Not connected to cluster to put record
Jul 27 2015 04:30:17 UTC: ERROR(12589) [put.cc:191] [execute] - Not connected to cluster to put record
Jul 27 2015 04:30:17 UTC: ERROR(12589) [put.cc:191] [execute] - Not connected to cluster to put record
Jul 27 2015 04:30:17 UTC: ERROR(12589) [put.cc:191] [execute] - Not connected to cluster to put record
Jul 27 2015 04:30:17 UTC: ERROR(12589) [put.cc:191] [execute] - Not connected to cluster to put record
Jul 27 2015 04:30:17 UTC: ERROR(12589) [put.cc:191] [execute] - Not connected to cluster to put record
Jul 27 2015 04:30:17 UTC: ERROR(12589) [put.cc:191] [execute] - Not connected to cluster to put record
Jul 27 2015 04:30:17 UTC: ERROR(12589) [put.cc:191] [execute] - Not connected to cluster to put record
Jul 27 2015 04:30:17 UTC: ERROR(12589) [put.cc:191] [execute] - Not connected to cluster to put record
Jul 27 2015 04:30:17 UTC: ERROR(12589) [put.cc:191] [execute] - Not connected to cluster to put record
Jul 27 2015 04:30:17 UTC: ERROR(12589) [put.cc:191] [execute] - Not connected to cluster to put record
Jul 27 2015 04:30:17 UTC: ERROR(12589) [put.cc:191] [execute] - Not connected to cluster to put record
Jul 27 2015 04:30:17 UTC: ERROR(12589) [put.cc:191] [execute] - Not connected to cluster to put record
Jul 27 2015 04:30:17 UTC: ERROR(12589) [put.cc:191] [execute] - Not connected to cluster to put record
Jul 27 2015 04:30:17 UTC: ERROR(12589) [put.cc:191] [execute] - Not connected to cluster to put record
Jul 27 2015 04:30:17 UTC: ERROR(12589) [put.cc:191] [execute] - Not connected to cluster to put record
Jul 27 2015 04:30:17 UTC: ERROR(12589) [put.cc:191] [execute] - Not connected to cluster to put record
Jul 27 2015 04:30:17 UTC: ERROR(12589) [put.cc:191] [execute] - Not connected to cluster to put record
Jul 27 2015 04:30:17 UTC: ERROR(12589) [put.cc:191] [execute] - Not connected to cluster to put record
Jul 27 2015 04:30:17 UTC: ERROR(12589) [put.cc:191] [execute] - Not connected to cluster to put record
Jul 27 2015 04:30:17 UTC: ERROR(12589) [put.cc:191] [execute] - Not connected to cluster to put record
Jul 27 2015 04:30:17 UTC: ERROR(12589) [put.cc:191] [execute] - Not connected to cluster to put record
Jul 27 2015 04:30:17 UTC: ERROR(12589) [put.cc:191] [execute] - Not connected to cluster to put record
Jul 27 2015 04:30:17 UTC: ERROR(12589) [put.cc:191] [execute] - Not connected to cluster to put record
Jul 27 2015 04:30:17 UTC: ERROR(12589) [put.cc:191] [execute] - Not connected to cluster to put record
Jul 27 2015 04:30:17 UTC: ERROR(12589) [put.cc:191] [execute] - Not connected to cluster to put record
Jul 27 2015 04:30:17 UTC: ERROR(12589) [put.cc:191] [execute] - Not connected to cluster to put record
Jul 27 2015 04:30:17 UTC: ERROR(12589) [put.cc:191] [execute] - Not connected to cluster to put record
Jul 27 2015 04:30:17 UTC: ERROR(12589) [put.cc:191] [execute] - Not connected to cluster to put record
Jul 27 2015 04:30:17 UTC: ERROR(12589) [put.cc:191] [execute] - Not connected to cluster to put record
Jul 27 2015 04:30:17 UTC: ERROR(12589) [put.cc:191] [execute] - Not connected to cluster to put record
Jul 27 2015 04:30:17 UTC: ERROR(12589) [put.cc:191] [execute] - Not connected to cluster to put record
Jul 27 2015 04:30:17 UTC: ERROR(12589) [put.cc:191] [execute] - Not connected to cluster to put record
Jul 27 2015 04:30:17 UTC: ERROR(12589) [put.cc:191] [execute] - Not connected to cluster to put record
Jul 27 2015 04:30:17 UTC: ERROR(12589) [put.cc:191] [execute] - Not connected to cluster to put record
Jul 27 2015 04:30:17 UTC: ERROR(12589) [put.cc:191] [execute] - Not connected to cluster to put record
Jul 27 2015 04:30:17 UTC: ERROR(12589) [put.cc:191] [execute] - Not connected to cluster to put record
Jul 27 2015 04:30:17 UTC: ERROR(12589) [put.cc:191] [execute] - Not connected to cluster to put record
Jul 27 2015 04:30:17 UTC: ERROR(12589) [put.cc:191] [execute] - Not connected to cluster to put record
Jul 27 2015 04:30:17 UTC: ERROR(12589) [put.cc:191] [execute] - Not connected to cluster to put record
Jul 27 2015 04:30:17 UTC: ERROR(12589) [put.cc:191] [execute] - Not connected to cluster to put record
Jul 27 2015 04:30:17 UTC: ERROR(12589) [put.cc:191] [execute] - Not connected to cluster to put record
Jul 27 2015 04:30:17 UTC: ERROR(12589) [put.cc:191] [execute] - Not connected to cluster to put record
Jul 27 2015 04:30:17 UTC: ERROR(12589) [put.cc:191] [execute] - Not connected to cluster to put record
Jul 27 2015 04:30:17 UTC: ERROR(12589) [put.cc:191] [execute] - Not connected to cluster to put record
Jul 27 2015 04:30:17 UTC: ERROR(12589) [put.cc:191] [execute] - Not connected to cluster to put record
Jul 27 2015 04:30:17 UTC: ERROR(12589) [put.cc:191] [execute] - Not connected to cluster to put record
Jul 27 2015 04:30:17 UTC: ERROR(12589) [put.cc:191] [execute] - Not connected to cluster to put record
Jul 27 2015 04:30:17 UTC: ERROR(12589) [put.cc:191] [execute] - Not connected to cluster to put record
Jul 27 2015 04:30:17 UTC: ERROR(12589) [put.cc:191] [execute] - Not connected to cluster to put record
Jul 27 2015 04:30:17 UTC: ERROR(12589) [put.cc:191] [execute] - Not connected to cluster to put record
Jul 27 2015 04:30:17 UTC: ERROR(12589) [put.cc:191] [execute] - Not connected to cluster to put record
Jul 27 2015 04:30:17 UTC: ERROR(12589) [put.cc:191] [execute] - Not connected to cluster to put record
Jul 27 2015 04:30:17 UTC: ERROR(12589) [put.cc:191] [execute] - Not connected to cluster to put record
Jul 27 2015 04:30:17 UTC: ERROR(12589) [put.cc:191] [execute] - Not connected to cluster to put record
Jul 27 2015 04:30:17 UTC: ERROR(12589) [put.cc:191] [execute] - Not connected to cluster to put record
Jul 27 2015 04:30:17 UTC: ERROR(12589) [put.cc:191] [execute] - Not connected to cluster to put record
Jul 27 2015 04:30:17 UTC: ERROR(12589) [put.cc:191] [execute] - Not connected to cluster to put record
Jul 27 2015 04:30:17 UTC: ERROR(12589) [put.cc:191] [execute] - Not connected to cluster to put record
Jul 27 2015 04:30:17 UTC: ERROR(12589) [put.cc:191] [execute] - Not connected to cluster to put record
Jul 27 2015 04:30:17 UTC: ERROR(12589) [put.cc:191] [execute] - Not connected to cluster to put record
Jul 27 2015 04:30:17 UTC: ERROR(12589) [put.cc:191] [execute] - Not connected to cluster to put record
Jul 27 2015 04:30:17 UTC: ERROR(12589) [put.cc:191] [execute] - Not connected to cluster to put record
Jul 27 2015 04:30:17 UTC: ERROR(12589) [put.cc:191] [execute] - Not connected to cluster to put record
Jul 27 2015 04:30:17 UTC: ERROR(12589) [put.cc:191] [execute] - Not connected to cluster to put record
Jul 27 2015 04:30:17 UTC: ERROR(12589) [put.cc:191] [execute] - Not connected to cluster to put record
Jul 27 2015 04:30:17 UTC: ERROR(12589) [put.cc:191] [execute] - Not connected to cluster to put record
Jul 27 2015 04:30:17 UTC: ERROR(12589) [put.cc:191] [execute] - Not connected to cluster to put record
Jul 27 2015 04:30:17 UTC: ERROR(12589) [put.cc:191] [execute] - Not connected to cluster to put record
Jul 27 2015 04:30:17 UTC: ERROR(12589) [put.cc:191] [execute] - Not connected to cluster to put record
Jul 27 2015 04:30:17 UTC: ERROR(12589) [put.cc:191] [execute] - Not connected to cluster to put record
Jul 27 2015 04:30:17 UTC: ERROR(12589) [put.cc:191] [execute] - Not connected to cluster to put record
Jul 27 2015 04:30:17 UTC: ERROR(12589) [put.cc:191] [execute] - Not connected to cluster to put record
Jul 27 2015 04:30:17 UTC: ERROR(12589) [put.cc:191] [execute] - Not connected to cluster to put record
Jul 27 2015 04:30:17 UTC: ERROR(12589) [put.cc:191] [execute] - Not connected to cluster to put record
Jul 27 2015 04:30:17 UTC: ERROR(12589) [put.cc:191] [execute] - Not connected to cluster to put record
Jul 27 2015 04:30:17 UTC: ERROR(12589) [put.cc:191] [execute] - Not connected to cluster to put record
Jul 27 2015 04:30:17 UTC: ERROR(12589) [put.cc:191] [execute] - Not connected to cluster to put record
Jul 27 2015 04:30:17 UTC: ERROR(12589) [put.cc:191] [execute] - Not connected to cluster to put record
Jul 27 2015 04:30:17 UTC: ERROR(12589) [put.cc:191] [execute] - Not connected to cluster to put record
Jul 27 2015 04:30:17 UTC: ERROR(12589) [put.cc:191] [execute] - Not connected to cluster to put record
Jul 27 2015 04:30:17 UTC: ERROR(12589) [put.cc:191] [execute] - Not connected to cluster to put record
Jul 27 2015 04:30:17 UTC: ERROR(12589) [put.cc:191] [execute] - Not connected to cluster to put record
Jul 27 2015 04:30:17 UTC: ERROR(12589) [put.cc:191] [execute] - Not connected to cluster to put record
Jul 27 2015 04:30:17 UTC: ERROR(12589) [put.cc:191] [execute] - Not connected to cluster to put record
Jul 27 2015 04:30:17 UTC: ERROR(12589) [put.cc:191] [execute] - Not connected to cluster to put record
Jul 27 2015 04:30:17 UTC: ERROR(12589) [put.cc:191] [execute] - Not connected to cluster to put record
Jul 27 2015 04:30:17 UTC: ERROR(12589) [put.cc:191] [execute] - Not connected to cluster to put record
Jul 27 2015 04:30:17 UTC: ERROR(12589) [put.cc:191] [execute] - Not connected to cluster to put record
Jul 27 2015 04:30:17 UTC: ERROR(12589) [put.cc:191] [execute] - Not connected to cluster to put record
Jul 27 2015 04:30:17 UTC: ERROR(12589) [put.cc:191] [execute] - Not connected to cluster to put record
Jul 27 2015 04:30:17 UTC: ERROR(12589) [put.cc:191] [execute] - Not connected to cluster to put record
Jul 27 2015 04:30:17 UTC: ERROR(12589) [put.cc:191] [execute] - Not connected to cluster to put record
Jul 27 2015 04:30:17 UTC: ERROR(12589) [put.cc:191] [execute] - Not connected to cluster to put record
Jul 27 2015 04:30:17 UTC: ERROR(12589) [put.cc:191] [execute] - Not connected to cluster to put record
Jul 27 2015 04:30:17 UTC: ERROR(12589) [put.cc:191] [execute] - Not connected to cluster to put record
Jul 27 2015 04:30:17 UTC: ERROR(12589) [put.cc:191] [execute] - Not connected to cluster to put record
Jul 27 2015 04:30:17 UTC: ERROR(12589) [put.cc:191] [execute] - Not connected to cluster to put record
Jul 27 2015 04:30:17 UTC: ERROR(12589) [put.cc:191] [execute] - Not connected to cluster to put record
Jul 27 2015 04:30:17 UTC: ERROR(12589) [put.cc:191] [execute] - Not connected to cluster to put record
Jul 27 2015 04:30:17 UTC: ERROR(12589) [put.cc:191] [execute] - Not connected to cluster to put record
Jul 27 2015 04:30:17 UTC: ERROR(12589) [put.cc:191] [execute] - Not connected to cluster to put record
Jul 27 2015 04:30:17 UTC: ERROR(12589) [put.cc:191] [execute] - Not connected to cluster to put record
Jul 27 2015 04:30:17 UTC: ERROR(12589) [put.cc:191] [execute] - Not connected to cluster to put record
Jul 27 2015 04:30:17 UTC: ERROR(12589) [put.cc:191] [execute] - Not connected to cluster to put record
Jul 27 2015 04:30:17 UTC: ERROR(12589) [put.cc:191] [execute] - Not connected to cluster to put record
Jul 27 2015 04:30:17 UTC: ERROR(12589) [connect.cc:69] [Connect] - Connecting to Cluster Failed
Jul 27 2015 04:30:17 UTC: ERROR(12589) [put.cc:191] [execute] - Not connected to cluster to put record
Jul 27 2015 04:30:17 UTC: ERROR(12589) [put.cc:191] [execute] - Not connected to cluster to put record
Jul 27 2015 04:30:17 UTC: ERROR(12589) [put.cc:191] [execute] - Not connected to cluster to put record
Jul 27 2015 04:30:17 UTC: ERROR(12589) [put.cc:191] [execute] - Not connected to cluster to put record
Jul 27 2015 04:30:17 UTC: ERROR(12589) [put.cc:191] [execute] - Not connected to cluster to put record
Jul 27 2015 04:30:17 UTC: ERROR(12589) [put.cc:191] [execute] - Not connected to cluster to put record
Jul 27 2015 04:30:17 UTC: ERROR(12589) [put.cc:191] [execute] - Not connected to cluster to put record
Jul 27 2015 04:30:17 UTC: ERROR(12589) [put.cc:191] [execute] - Not connected to cluster to put record
Jul 27 2015 04:30:17 UTC: ERROR(12589) [put.cc:191] [execute] - Not connected to cluster to put record
Jul 27 2015 04:30:17 UTC: ERROR(12589) [put.cc:191] [execute] - Not connected to cluster to put record
Jul 27 2015 04:30:17 UTC: ERROR(12589) [batch_get.cc:200] [execute] - Cluster Object is NULL, can't perform the operation
Jul 27 2015 04:30:17 UTC: ERROR(12589) [put.cc:191] [execute] - Not connected to cluster to put record
Jul 27 2015 04:30:17 UTC: ERROR(12589) [put.cc:191] [execute] - Not connected to cluster to put record
Jul 27 2015 04:30:17 UTC: ERROR(12589) [put.cc:191] [execute] - Not connected to cluster to put record
Jul 27 2015 04:30:17 UTC: ERROR(12589) [put.cc:191] [execute] - Not connected to cluster to put record
Jul 27 2015 04:30:17 UTC: ERROR(12589) [put.cc:191] [execute] - Not connected to cluster to put record
Jul 27 2015 04:30:17 UTC: ERROR(12589) [put.cc:191] [execute] - Not connected to cluster to put record
Jul 27 2015 04:30:17 UTC: ERROR(12589) [put.cc:191] [execute] - Not connected to cluster to put record
Jul 27 2015 04:30:17 UTC: ERROR(12589) [put.cc:191] [execute] - Not connected to cluster to put record
Jul 27 2015 04:30:17 UTC: ERROR(12589) [put.cc:191] [execute] - Not connected to cluster to put record
Jul 27 2015 04:30:17 UTC: ERROR(12589) [put.cc:191] [execute] - Not connected to cluster to put record
Jul 27 2015 04:30:17 UTC: ERROR(12589) [put.cc:191] [execute] - Not connected to cluster to put record
Jul 27 2015 04:30:17 UTC: ERROR(12589) [put.cc:191] [execute] - Not connected to cluster to put record
Jul 27 2015 04:30:17 UTC: ERROR(12589) [put.cc:191] [execute] - Not connected to cluster to put record
Jul 27 2015 04:30:17 UTC: ERROR(12589) [put.cc:191] [execute] - Not connected to cluster to put record
Jul 27 2015 04:30:17 UTC: ERROR(12589) [put.cc:191] [execute] - Not connected to cluster to put record
Jul 27 2015 04:30:17 UTC: ERROR(12589) [put.cc:191] [execute] - Not connected to cluster to put record
Jul 27 2015 04:30:17 UTC: ERROR(12589) [put.cc:191] [execute] - Not connected to cluster to put record
Jul 27 2015 04:30:17 UTC: ERROR(12589) [put.cc:191] [execute] - Not connected to cluster to put record
Jul 27 2015 04:30:17 UTC: ERROR(12589) [put.cc:191] [execute] - Not connected to cluster to put record
Jul 27 2015 04:30:17 UTC: ERROR(12589) [put.cc:191] [execute] - Not connected to cluster to put record
Jul 27 2015 04:30:17 UTC: ERROR(12589) [put.cc:191] [execute] - Not connected to cluster to put record
Jul 27 2015 04:30:17 UTC: ERROR(12589) [put.cc:191] [execute] - Not connected to cluster to put record
Jul 27 2015 04:30:17 UTC: ERROR(12589) [put.cc:191] [execute] - Not connected to cluster to put record
Jul 27 2015 04:30:17 UTC: ERROR(12589) [put.cc:191] [execute] - Not connected to cluster to put record
Jul 27 2015 04:30:17 UTC: ERROR(12589) [put.cc:191] [execute] - Not connected to cluster to put record
Jul 27 2015 04:30:17 UTC: ERROR(12589) [put.cc:191] [execute] - Not connected to cluster to put record
Jul 27 2015 04:30:17 UTC: ERROR(12589) [put.cc:191] [execute] - Not connected to cluster to put record
Jul 27 2015 04:30:17 UTC: ERROR(12589) [put.cc:191] [execute] - Not connected to cluster to put record
Jul 27 2015 04:30:17 UTC: ERROR(12589) [put.cc:191] [execute] - Not connected to cluster to put record
Jul 27 2015 04:30:17 UTC: ERROR(12589) [put.cc:191] [execute] - Not connected to cluster to put record
Jul 27 2015 04:30:17 UTC: ERROR(12589) [put.cc:191] [execute] - Not connected to cluster to put record
Jul 27 2015 04:30:17 UTC: ERROR(12589) [put.cc:191] [execute] - Not connected to cluster to put record
Jul 27 2015 04:30:17 UTC: ERROR(12589) [put.cc:191] [execute] - Not connected to cluster to put record
Jul 27 2015 04:30:17 UTC: ERROR(12589) [put.cc:191] [execute] - Not connected to cluster to put record
Jul 27 2015 04:30:17 UTC: ERROR(12589) [put.cc:191] [execute] - Not connected to cluster to put record
Jul 27 2015 04:30:17 UTC: ERROR(12589) [put.cc:191] [execute] - Not connected to cluster to put record
Jul 27 2015 04:30:17 UTC: ERROR(12589) [put.cc:191] [execute] - Not connected to cluster to put record
Jul 27 2015 04:30:17 UTC: ERROR(12589) [put.cc:191] [execute] - Not connected to cluster to put record
Jul 27 2015 04:30:17 UTC: ERROR(12589) [put.cc:191] [execute] - Not connected to cluster to put record
Jul 27 2015 04:30:17 UTC: ERROR(12589) [put.cc:191] [execute] - Not connected to cluster to put record
Jul 27 2015 04:30:17 UTC: ERROR(12589) [put.cc:191] [execute] - Not connected to cluster to put record
Jul 27 2015 04:30:17 UTC: ERROR(12589) [put.cc:191] [execute] - Not connected to cluster to put record
Jul 27 2015 04:30:17 UTC: ERROR(12589) [put.cc:191] [execute] - Not connected to cluster to put record
Jul 27 2015 04:30:17 UTC: ERROR(12589) [put.cc:191] [execute] - Not connected to cluster to put record
Jul 27 2015 04:30:17 UTC: ERROR(12589) [put.cc:191] [execute] - Not connected to cluster to put record
Jul 27 2015 04:30:17 UTC: ERROR(12589) [put.cc:191] [execute] - Not connected to cluster to put record
Jul 27 2015 04:30:17 UTC: ERROR(12589) [put.cc:191] [execute] - Not connected to cluster to put record
Jul 27 2015 04:30:17 UTC: ERROR(12589) [put.cc:191] [execute] - Not connected to cluster to put record
Jul 27 2015 04:30:17 UTC: ERROR(12589) [put.cc:191] [execute] - Not connected to cluster to put record
Jul 27 2015 04:30:17 UTC: ERROR(12589) [put.cc:191] [execute] - Not connected to cluster to put record
Jul 27 2015 04:30:17 UTC: ERROR(12589) [put.cc:191] [execute] - Not connected to cluster to put record
Jul 27 2015 04:30:17 UTC: ERROR(12589) [put.cc:191] [execute] - Not connected to cluster to put record
Jul 27 2015 04:30:17 UTC: ERROR(12589) [put.cc:191] [execute] - Not connected to cluster to put record
Jul 27 2015 04:30:17 UTC: ERROR(12589) [put.cc:191] [execute] - Not connected to cluster to put record
Jul 27 2015 04:30:17 UTC: ERROR(12589) [put.cc:191] [execute] - Not connected to cluster to put record
Jul 27 2015 04:30:17 UTC: ERROR(12589) [put.cc:191] [execute] - Not connected to cluster to put record
Jul 27 2015 04:30:17 UTC: ERROR(12589) [put.cc:191] [execute] - Not connected to cluster to put record
Jul 27 2015 04:30:17 UTC: ERROR(12589) [put.cc:191] [execute] - Not connected to cluster to put record
Jul 27 2015 04:30:17 UTC: ERROR(12589) [put.cc:191] [execute] - Not connected to cluster to put record
Jul 27 2015 04:30:17 UTC: ERROR(12589) [put.cc:191] [execute] - Not connected to cluster to put record
Jul 27 2015 04:30:17 UTC: ERROR(12589) [put.cc:191] [execute] - Not connected to cluster to put record
Jul 27 2015 04:30:17 UTC: ERROR(12589) [put.cc:191] [execute] - Not connected to cluster to put record
Jul 27 2015 04:30:17 UTC: ERROR(12589) [put.cc:191] [execute] - Not connected to cluster to put record
Jul 27 2015 04:30:17 UTC: ERROR(12589) [put.cc:191] [execute] - Not connected to cluster to put record
Jul 27 2015 04:30:17 UTC: ERROR(12589) [put.cc:191] [execute] - Not connected to cluster to put record
Jul 27 2015 04:30:17 UTC: ERROR(12589) [put.cc:191] [execute] - Not connected to cluster to put record
Jul 27 2015 04:30:17 UTC: ERROR(12589) [put.cc:191] [execute] - Not connected to cluster to put record
Jul 27 2015 04:30:17 UTC: ERROR(12589) [put.cc:191] [execute] - Not connected to cluster to put record
Jul 27 2015 04:30:17 UTC: ERROR(12589) [put.cc:191] [execute] - Not connected to cluster to put record
Jul 27 2015 04:30:17 UTC: ERROR(12589) [put.cc:191] [execute] - Not connected to cluster to put record
Jul 27 2015 04:30:17 UTC: ERROR(12589) [put.cc:191] [execute] - Not connected to cluster to put record
Jul 27 2015 04:30:17 UTC: ERROR(12589) [put.cc:191] [execute] - Not connected to cluster to put record
Jul 27 2015 04:30:17 UTC: ERROR(12589) [put.cc:191] [execute] - Not connected to cluster to put record
Jul 27 2015 04:30:17 UTC: ERROR(12589) [put.cc:191] [execute] - Not connected to cluster to put record
Jul 27 2015 04:30:17 UTC: ERROR(12589) [put.cc:191] [execute] - Not connected to cluster to put record
Jul 27 2015 04:30:17 UTC: ERROR(12589) [put.cc:191] [execute] - Not connected to cluster to put record
Jul 27 2015 04:30:17 UTC: ERROR(12589) [put.cc:191] [execute] - Not connected to cluster to put record
Jul 27 2015 04:30:17 UTC: ERROR(12589) [put.cc:191] [execute] - Not connected to cluster to put record
Jul 27 2015 04:30:17 UTC: ERROR(12589) [put.cc:191] [execute] - Not connected to cluster to put record
Jul 27 2015 04:30:17 UTC: ERROR(12589) [put.cc:191] [execute] - Not connected to cluster to put record
Jul 27 2015 04:30:17 UTC: ERROR(12589) [put.cc:191] [execute] - Not connected to cluster to put record
Jul 27 2015 04:30:17 UTC: ERROR(12589) [put.cc:191] [execute] - Not connected to cluster to put record
Jul 27 2015 04:30:17 UTC: ERROR(12589) [put.cc:191] [execute] - Not connected to cluster to put record
Jul 27 2015 04:30:17 UTC: ERROR(12589) [put.cc:191] [execute] - Not connected to cluster to put record
Jul 27 2015 04:30:17 UTC: ERROR(12589) [put.cc:191] [execute] - Not connected to cluster to put record
Jul 27 2015 04:30:17 UTC: ERROR(12589) [put.cc:191] [execute] - Not connected to cluster to put record
Jul 27 2015 04:30:17 UTC: ERROR(12589) [put.cc:191] [execute] - Not connected to cluster to put record
Jul 27 2015 04:30:17 UTC: ERROR(12589) [put.cc:191] [execute] - Not connected to cluster to put record
Jul 27 2015 04:30:17 UTC: ERROR(12589) [put.cc:191] [execute] - Not connected to cluster to put record
Jul 27 2015 04:30:17 UTC: ERROR(12589) [put.cc:191] [execute] - Not connected to cluster to put record
Jul 27 2015 04:30:17 UTC: ERROR(12589) [put.cc:191] [execute] - Not connected to cluster to put record
Jul 27 2015 04:30:17 UTC: ERROR(12589) [put.cc:191] [execute] - Not connected to cluster to put record
Jul 27 2015 04:30:17 UTC: ERROR(12589) [put.cc:191] [execute] - Not connected to cluster to put record
Jul 27 2015 04:30:17 UTC: ERROR(12589) [put.cc:191] [execute] - Not connected to cluster to put record
Jul 27 2015 04:30:17 UTC: ERROR(12589) [put.cc:191] [execute] - Not connected to cluster to put record
Jul 27 2015 04:30:17 UTC: ERROR(12589) [put.cc:191] [execute] - Not connected to cluster to put record
Jul 27 2015 04:30:17 UTC: ERROR(12589) [put.cc:191] [execute] - Not connected to cluster to put record
Jul 27 2015 04:30:17 UTC: ERROR(12589) [put.cc:191] [execute] - Not connected to cluster to put record
Jul 27 2015 04:30:17 UTC: ERROR(12589) [put.cc:191] [execute] - Not connected to cluster to put record
Jul 27 2015 04:30:17 UTC: ERROR(12589) [put.cc:191] [execute] - Not connected to cluster to put record
Jul 27 2015 04:30:17 UTC: ERROR(12589) [put.cc:191] [execute] - Not connected to cluster to put record
Jul 27 2015 04:30:17 UTC: ERROR(12589) [put.cc:191] [execute] - Not connected to cluster to put record
Jul 27 2015 04:30:17 UTC: ERROR(12589) [put.cc:191] [execute] - Not connected to cluster to put record
Jul 27 2015 04:30:17 UTC: ERROR(12589) [put.cc:191] [execute] - Not connected to cluster to put record
Jul 27 2015 04:30:17 UTC: ERROR(12589) [put.cc:191] [execute] - Not connected to cluster to put record
Jul 27 2015 04:30:17 UTC: ERROR(12589) [put.cc:191] [execute] - Not connected to cluster to put record
Jul 27 2015 04:30:17 UTC: ERROR(12589) [put.cc:191] [execute] - Not connected to cluster to put record
Jul 27 2015 04:30:17 UTC: ERROR(12589) [put.cc:191] [execute] - Not connected to cluster to put record
Jul 27 2015 04:30:17 UTC: ERROR(12589) [put.cc:191] [execute] - Not connected to cluster to put record
Jul 27 2015 04:30:17 UTC: ERROR(12589) [put.cc:191] [execute] - Not connected to cluster to put record
Jul 27 2015 04:30:17 UTC: ERROR(12589) [put.cc:191] [execute] - Not connected to cluster to put record
Jul 27 2015 04:30:17 UTC: ERROR(12589) [put.cc:191] [execute] - Not connected to cluster to put record
Jul 27 2015 04:30:17 UTC: ERROR(12589) [put.cc:191] [execute] - Not connected to cluster to put record
Jul 27 2015 04:30:17 UTC: ERROR(12589) [put.cc:191] [execute] - Not connected to cluster to put record
Jul 27 2015 04:30:17 UTC: ERROR(12589) [put.cc:191] [execute] - Not connected to cluster to put record
Jul 27 2015 04:30:17 UTC: ERROR(12589) [put.cc:191] [execute] - Not connected to cluster to put record
Jul 27 2015 04:30:17 UTC: ERROR(12589) [put.cc:191] [execute] - Not connected to cluster to put record
Jul 27 2015 04:30:17 UTC: ERROR(12589) [put.cc:191] [execute] - Not connected to cluster to put record
Jul 27 2015 04:30:17 UTC: ERROR(12589) [put.cc:191] [execute] - Not connected to cluster to put record
Jul 27 2015 04:30:17 UTC: ERROR(12589) [put.cc:191] [execute] - Not connected to cluster to put record
Jul 27 2015 04:30:17 UTC: ERROR(12589) [put.cc:191] [execute] - Not connected to cluster to put record
Jul 27 2015 04:30:17 UTC: ERROR(12589) [put.cc:191] [execute] - Not connected to cluster to put record
Jul 27 2015 04:30:17 UTC: ERROR(12589) [put.cc:191] [execute] - Not connected to cluster to put record
Jul 27 2015 04:30:17 UTC: ERROR(12589) [put.cc:191] [execute] - Not connected to cluster to put record
Jul 27 2015 04:30:17 UTC: ERROR(12589) [put.cc:191] [execute] - Not connected to cluster to put record
Jul 27 2015 04:30:17 UTC: ERROR(12589) [put.cc:191] [execute] - Not connected to cluster to put record
Jul 27 2015 04:30:17 UTC: ERROR(12589) [put.cc:191] [execute] - Not connected to cluster to put record
Jul 27 2015 04:30:17 UTC: ERROR(12589) [put.cc:191] [execute] - Not connected to cluster to put record
Jul 27 2015 04:30:17 UTC: ERROR(12589) [put.cc:191] [execute] - Not connected to cluster to put record
Jul 27 2015 04:30:17 UTC: ERROR(12589) [put.cc:191] [execute] - Not connected to cluster to put record
Jul 27 2015 04:30:17 UTC: ERROR(12589) [put.cc:191] [execute] - Not connected to cluster to put record
Jul 27 2015 04:30:17 UTC: ERROR(12589) [put.cc:191] [execute] - Not connected to cluster to put record
Jul 27 2015 04:30:17 UTC: ERROR(12589) [put.cc:191] [execute] - Not connected to cluster to put record
Jul 27 2015 04:30:17 UTC: ERROR(12589) [put.cc:191] [execute] - Not connected to cluster to put record
Jul 27 2015 04:30:17 UTC: ERROR(12589) [put.cc:191] [execute] - Not connected to cluster to put record
Jul 27 2015 04:30:17 UTC: ERROR(12589) [put.cc:191] [execute] - Not connected to cluster to put record
Jul 27 2015 04:30:17 UTC: ERROR(12589) [put.cc:191] [execute] - Not connected to cluster to put record
Jul 27 2015 04:30:17 UTC: ERROR(12589) [put.cc:191] [execute] - Not connected to cluster to put record
Jul 27 2015 04:30:17 UTC: ERROR(12589) [put.cc:191] [execute] - Not connected to cluster to put record
Jul 27 2015 04:30:17 UTC: ERROR(12589) [put.cc:191] [execute] - Not connected to cluster to put record
Jul 27 2015 04:30:17 UTC: ERROR(12589) [put.cc:191] [execute] - Not connected to cluster to put record
Jul 27 2015 04:30:17 UTC: ERROR(12589) [put.cc:191] [execute] - Not connected to cluster to put record
Jul 27 2015 04:30:17 UTC: ERROR(12589) [put.cc:191] [execute] - Not connected to cluster to put record
Jul 27 2015 04:30:17 UTC: ERROR(12589) [put.cc:191] [execute] - Not connected to cluster to put record
Jul 27 2015 04:30:17 UTC: ERROR(12589) [put.cc:191] [execute] - Not connected to cluster to put record
Jul 27 2015 04:30:17 UTC: ERROR(12589) [put.cc:191] [execute] - Not connected to cluster to put record
Jul 27 2015 04:30:17 UTC: ERROR(12589) [put.cc:191] [execute] - Not connected to cluster to put record
Jul 27 2015 04:30:17 UTC: ERROR(12589) [put.cc:191] [execute] - Not connected to cluster to put record
Jul 27 2015 04:30:17 UTC: ERROR(12589) [put.cc:191] [execute] - Not connected to cluster to put record
Jul 27 2015 04:30:17 UTC: ERROR(12589) [put.cc:191] [execute] - Not connected to cluster to put record
Jul 27 2015 04:30:17 UTC: ERROR(12589) [put.cc:191] [execute] - Not connected to cluster to put record
Jul 27 2015 04:30:17 UTC: ERROR(12589) [put.cc:191] [execute] - Not connected to cluster to put record
Jul 27 2015 04:30:17 UTC: ERROR(12589) [put.cc:191] [execute] - Not connected to cluster to put record
Jul 27 2015 04:30:17 UTC: ERROR(12589) [put.cc:191] [execute] - Not connected to cluster to put record
Jul 27 2015 04:30:17 UTC: ERROR(12589) [put.cc:191] [execute] - Not connected to cluster to put record
Jul 27 2015 04:30:17 UTC: ERROR(12589) [put.cc:191] [execute] - Not connected to cluster to put record
Jul 27 2015 04:30:17 UTC: ERROR(12589) [put.cc:191] [execute] - Not connected to cluster to put record
Jul 27 2015 04:30:17 UTC: ERROR(12589) [put.cc:191] [execute] - Not connected to cluster to put record
Jul 27 2015 04:30:17 UTC: ERROR(12589) [put.cc:191] [execute] - Not connected to cluster to put record
Jul 27 2015 04:30:17 UTC: ERROR(12589) [put.cc:191] [execute] - Not connected to cluster to put record
Jul 27 2015 04:30:17 UTC: ERROR(12589) [put.cc:191] [execute] - Not connected to cluster to put record
Jul 27 2015 04:30:17 UTC: ERROR(12589) [put.cc:191] [execute] - Not connected to cluster to put record
Jul 27 2015 04:30:17 UTC: ERROR(12589) [put.cc:191] [execute] - Not connected to cluster to put record
Jul 27 2015 04:30:17 UTC: ERROR(12589) [put.cc:191] [execute] - Not connected to cluster to put record
Jul 27 2015 04:30:17 UTC: ERROR(12589) [put.cc:191] [execute] - Not connected to cluster to put record
Jul 27 2015 04:30:17 UTC: ERROR(12589) [put.cc:191] [execute] - Not connected to cluster to put record
Jul 27 2015 04:30:17 UTC: ERROR(12589) [put.cc:191] [execute] - Not connected to cluster to put record
Jul 27 2015 04:30:17 UTC: ERROR(12589) [put.cc:191] [execute] - Not connected to cluster to put record
Jul 27 2015 04:30:17 UTC: ERROR(12589) [put.cc:191] [execute] - Not connected to cluster to put record
Jul 27 2015 04:30:17 UTC: ERROR(12589) [put.cc:191] [execute] - Not connected to cluster to put record
Jul 27 2015 04:30:17 UTC: ERROR(12589) [put.cc:191] [execute] - Not connected to cluster to put record
Jul 27 2015 04:30:17 UTC: ERROR(12589) [put.cc:191] [execute] - Not connected to cluster to put record
Jul 27 2015 04:30:17 UTC: ERROR(12589) [put.cc:191] [execute] - Not connected to cluster to put record
Jul 27 2015 04:30:17 UTC: ERROR(12589) [put.cc:191] [execute] - Not connected to cluster to put record
Jul 27 2015 04:30:17 UTC: ERROR(12589) [put.cc:191] [execute] - Not connected to cluster to put record
Jul 27 2015 04:30:17 UTC: ERROR(12589) [put.cc:191] [execute] - Not connected to cluster to put record
Jul 27 2015 04:30:17 UTC: ERROR(12589) [put.cc:191] [execute] - Not connected to cluster to put record
Jul 27 2015 04:30:17 UTC: ERROR(12589) [put.cc:191] [execute] - Not connected to cluster to put record
Jul 27 2015 04:30:17 UTC: ERROR(12589) [put.cc:191] [execute] - Not connected to cluster to put record
Jul 27 2015 04:30:17 UTC: ERROR(12589) [put.cc:191] [execute] - Not connected to cluster to put record
Jul 27 2015 04:30:17 UTC: ERROR(12589) [put.cc:191] [execute] - Not connected to cluster to put record
Jul 27 2015 04:30:17 UTC: ERROR(12589) [put.cc:191] [execute] - Not connected to cluster to put record
Jul 27 2015 04:30:17 UTC: ERROR(12589) [put.cc:191] [execute] - Not connected to cluster to put record
Jul 27 2015 04:30:17 UTC: ERROR(12589) [put.cc:191] [execute] - Not connected to cluster to put record
Jul 27 2015 04:30:17 UTC: ERROR(12589) [put.cc:191] [execute] - Not connected to cluster to put record
Jul 27 2015 04:30:17 UTC: ERROR(12589) [put.cc:191] [execute] - Not connected to cluster to put record
Jul 27 2015 04:30:17 UTC: ERROR(12589) [put.cc:191] [execute] - Not connected to cluster to put record
Jul 27 2015 04:30:17 UTC: ERROR(12589) [put.cc:191] [execute] - Not connected to cluster to put record
Jul 27 2015 04:30:17 UTC: ERROR(12589) [put.cc:191] [execute] - Not connected to cluster to put record
Jul 27 2015 04:30:17 UTC: ERROR(12589) [put.cc:191] [execute] - Not connected to cluster to put record
Jul 27 2015 04:30:17 UTC: ERROR(12589) [put.cc:191] [execute] - Not connected to cluster to put record
Jul 27 2015 04:30:17 UTC: ERROR(12589) [put.cc:191] [execute] - Not connected to cluster to put record
Jul 27 2015 04:30:17 UTC: ERROR(12589) [put.cc:191] [execute] - Not connected to cluster to put record
Jul 27 2015 04:30:17 UTC: ERROR(12589) [put.cc:191] [execute] - Not connected to cluster to put record
Jul 27 2015 04:30:17 UTC: ERROR(12589) [put.cc:191] [execute] - Not connected to cluster to put record
Jul 27 2015 04:30:17 UTC: ERROR(12589) [put.cc:191] [execute] - Not connected to cluster to put record
Jul 27 2015 04:30:17 UTC: ERROR(12589) [put.cc:191] [execute] - Not connected to cluster to put record
Jul 27 2015 04:30:17 UTC: ERROR(12589) [put.cc:191] [execute] - Not connected to cluster to put record
Jul 27 2015 04:30:17 UTC: ERROR(12589) [put.cc:191] [execute] - Not connected to cluster to put record
Jul 27 2015 04:30:17 UTC: ERROR(12589) [put.cc:191] [execute] - Not connected to cluster to put record
Jul 27 2015 04:30:17 UTC: ERROR(12589) [put.cc:191] [execute] - Not connected to cluster to put record
Jul 27 2015 04:30:17 UTC: ERROR(12589) [put.cc:191] [execute] - Not connected to cluster to put record
Jul 27 2015 04:30:17 UTC: ERROR(12589) [put.cc:191] [execute] - Not connected to cluster to put record
Jul 27 2015 04:30:17 UTC: ERROR(12589) [put.cc:191] [execute] - Not connected to cluster to put record
Jul 27 2015 04:30:17 UTC: ERROR(12589) [put.cc:191] [execute] - Not connected to cluster to put record
Jul 27 2015 04:30:17 UTC: ERROR(12589) [put.cc:191] [execute] - Not connected to cluster to put record
Jul 27 2015 04:30:17 UTC: ERROR(12589) [put.cc:191] [execute] - Not connected to cluster to put record
Jul 27 2015 04:30:17 UTC: ERROR(12589) [put.cc:191] [execute] - Not connected to cluster to put record
Jul 27 2015 04:30:17 UTC: ERROR(12589) [put.cc:191] [execute] - Not connected to cluster to put record
Jul 27 2015 04:30:17 UTC: ERROR(12589) [put.cc:191] [execute] - Not connected to cluster to put record
Jul 27 2015 04:30:17 UTC: ERROR(12589) [put.cc:191] [execute] - Not connected to cluster to put record
Jul 27 2015 04:30:17 UTC: ERROR(12589) [put.cc:191] [execute] - Not connected to cluster to put record
Jul 27 2015 04:30:17 UTC: ERROR(12589) [put.cc:191] [execute] - Not connected to cluster to put record
Jul 27 2015 04:30:17 UTC: ERROR(12589) [put.cc:191] [execute] - Not connected to cluster to put record
Jul 27 2015 04:30:17 UTC: ERROR(12589) [put.cc:191] [execute] - Not connected to cluster to put record
Jul 27 2015 04:30:17 UTC: ERROR(12589) [put.cc:191] [execute] - Not connected to cluster to put record
Jul 27 2015 04:30:17 UTC: ERROR(12589) [put.cc:191] [execute] - Not connected to cluster to put record
Jul 27 2015 04:30:17 UTC: ERROR(12589) [put.cc:191] [execute] - Not connected to cluster to put record
Jul 27 2015 04:30:17 UTC: ERROR(12589) [put.cc:191] [execute] - Not connected to cluster to put record
Jul 27 2015 04:30:17 UTC: ERROR(12589) [put.cc:191] [execute] - Not connected to cluster to put record
Jul 27 2015 04:30:17 UTC: ERROR(12589) [put.cc:191] [execute] - Not connected to cluster to put record
Jul 27 2015 04:30:17 UTC: ERROR(12589) [put.cc:191] [execute] - Not connected to cluster to put record
Jul 27 2015 04:30:17 UTC: ERROR(12589) [put.cc:191] [execute] - Not connected to cluster to put record
Jul 27 2015 04:30:17 UTC: ERROR(12589) [put.cc:191] [execute] - Not connected to cluster to put record
Jul 27 2015 04:30:17 UTC: ERROR(12589) [put.cc:191] [execute] - Not connected to cluster to put record
Jul 27 2015 04:30:17 UTC: ERROR(12589) [put.cc:191] [execute] - Not connected to cluster to put record
Jul 27 2015 04:30:17 UTC: ERROR(12589) [put.cc:191] [execute] - Not connected to cluster to put record
Jul 27 2015 04:30:17 UTC: ERROR(12589) [put.cc:191] [execute] - Not connected to cluster to put record
Jul 27 2015 04:30:17 UTC: ERROR(12589) [put.cc:191] [execute] - Not connected to cluster to put record
Jul 27 2015 04:30:17 UTC: ERROR(12589) [put.cc:191] [execute] - Not connected to cluster to put record
Jul 27 2015 04:30:17 UTC: ERROR(12589) [put.cc:191] [execute] - Not connected to cluster to put record
Jul 27 2015 04:30:17 UTC: ERROR(12589) [put.cc:191] [execute] - Not connected to cluster to put record
Jul 27 2015 04:30:17 UTC: ERROR(12589) [put.cc:191] [execute] - Not connected to cluster to put record
Jul 27 2015 04:30:17 UTC: ERROR(12589) [put.cc:191] [execute] - Not connected to cluster to put record
Jul 27 2015 04:30:17 UTC: ERROR(12589) [put.cc:191] [execute] - Not connected to cluster to put record
Jul 27 2015 04:30:17 UTC: ERROR(12589) [put.cc:191] [execute] - Not connected to cluster to put record
Jul 27 2015 04:30:17 UTC: ERROR(12589) [put.cc:191] [execute] - Not connected to cluster to put record
Jul 27 2015 04:30:17 UTC: ERROR(12589) [put.cc:191] [execute] - Not connected to cluster to put record
Jul 27 2015 04:30:17 UTC: ERROR(12589) [put.cc:191] [execute] - Not connected to cluster to put record
Jul 27 2015 04:30:17 UTC: ERROR(12589) [put.cc:191] [execute] - Not connected to cluster to put record
Jul 27 2015 04:30:17 UTC: ERROR(12589) [put.cc:191] [execute] - Not connected to cluster to put record
Jul 27 2015 04:30:17 UTC: ERROR(12589) [put.cc:191] [execute] - Not connected to cluster to put record
Jul 27 2015 04:30:17 UTC: ERROR(12589) [put.cc:191] [execute] - Not connected to cluster to put record
Jul 27 2015 04:30:17 UTC: ERROR(12589) [put.cc:191] [execute] - Not connected to cluster to put record
Jul 27 2015 04:30:17 UTC: ERROR(12589) [put.cc:191] [execute] - Not connected to cluster to put record
Jul 27 2015 04:30:17 UTC: ERROR(12589) [put.cc:191] [execute] - Not connected to cluster to put record
Jul 27 2015 04:30:17 UTC: ERROR(12589) [put.cc:191] [execute] - Not connected to cluster to put record
Jul 27 2015 04:30:17 UTC: ERROR(12589) [put.cc:191] [execute] - Not connected to cluster to put record
Jul 27 2015 04:30:17 UTC: ERROR(12589) [put.cc:191] [execute] - Not connected to cluster to put record
Jul 27 2015 04:30:17 UTC: ERROR(12589) [put.cc:191] [execute] - Not connected to cluster to put record
Jul 27 2015 04:30:17 UTC: ERROR(12589) [put.cc:191] [execute] - Not connected to cluster to put record
Jul 27 2015 04:30:17 UTC: ERROR(12589) [put.cc:191] [execute] - Not connected to cluster to put record
Jul 27 2015 04:30:17 UTC: ERROR(12589) [put.cc:191] [execute] - Not connected to cluster to put record
Jul 27 2015 04:30:17 UTC: ERROR(12589) [put.cc:191] [execute] - Not connected to cluster to put record
Jul 27 2015 04:30:17 UTC: ERROR(12589) [put.cc:191] [execute] - Not connected to cluster to put record
Jul 27 2015 04:30:17 UTC: ERROR(12589) [put.cc:191] [execute] - Not connected to cluster to put record
Jul 27 2015 04:30:17 UTC: ERROR(12589) [put.cc:191] [execute] - Not connected to cluster to put record
Jul 27 2015 04:30:17 UTC: ERROR(12589) [put.cc:191] [execute] - Not connected to cluster to put record
Jul 27 2015 04:30:17 UTC: ERROR(12589) [put.cc:191] [execute] - Not connected to cluster to put record
Jul 27 2015 04:30:17 UTC: ERROR(12589) [put.cc:191] [execute] - Not connected to cluster to put record
Jul 27 2015 04:30:17 UTC: ERROR(12589) [put.cc:191] [execute] - Not connected to cluster to put record
Jul 27 2015 04:30:17 UTC: ERROR(12589) [put.cc:191] [execute] - Not connected to cluster to put record
Jul 27 2015 04:30:17 UTC: ERROR(12589) [put.cc:191] [execute] - Not connected to cluster to put record
Jul 27 2015 04:30:17 UTC: ERROR(12589) [put.cc:191] [execute] - Not connected to cluster to put record
Jul 27 2015 04:30:17 UTC: ERROR(12589) [put.cc:191] [execute] - Not connected to cluster to put record
Jul 27 2015 04:30:17 UTC: ERROR(12589) [put.cc:191] [execute] - Not connected to cluster to put record
Jul 27 2015 04:30:17 UTC: ERROR(12589) [put.cc:191] [execute] - Not connected to cluster to put record
Jul 27 2015 04:30:17 UTC: ERROR(12589) [put.cc:191] [execute] - Not connected to cluster to put record
Jul 27 2015 04:30:17 UTC: ERROR(12589) [put.cc:191] [execute] - Not connected to cluster to put record
Jul 27 2015 04:30:17 UTC: ERROR(12589) [put.cc:191] [execute] - Not connected to cluster to put record
Jul 27 2015 04:30:17 UTC: ERROR(12589) [put.cc:191] [execute] - Not connected to cluster to put record
Jul 27 2015 04:30:17 UTC: ERROR(12589) [put.cc:191] [execute] - Not connected to cluster to put record
Jul 27 2015 04:30:17 UTC: ERROR(12589) [put.cc:191] [execute] - Not connected to cluster to put record
Jul 27 2015 04:30:17 UTC: ERROR(12589) [put.cc:191] [execute] - Not connected to cluster to put record
Jul 27 2015 04:30:17 UTC: ERROR(12589) [put.cc:191] [execute] - Not connected to cluster to put record
Jul 27 2015 04:30:17 UTC: ERROR(12589) [put.cc:191] [execute] - Not connected to cluster to put record
Jul 27 2015 04:30:17 UTC: ERROR(12589) [put.cc:191] [execute] - Not connected to cluster to put record
Jul 27 2015 04:30:17 UTC: ERROR(12589) [put.cc:191] [execute] - Not connected to cluster to put record
Jul 27 2015 04:30:17 UTC: ERROR(12589) [put.cc:191] [execute] - Not connected to cluster to put record
Jul 27 2015 04:30:17 UTC: ERROR(12589) [put.cc:191] [execute] - Not connected to cluster to put record
Jul 27 2015 04:30:17 UTC: ERROR(12589) [put.cc:191] [execute] - Not connected to cluster to put record
Jul 27 2015 04:30:17 UTC: ERROR(12589) [put.cc:191] [execute] - Not connected to cluster to put record
Jul 27 2015 04:30:17 UTC: ERROR(12589) [put.cc:191] [execute] - Not connected to cluster to put record
Jul 27 2015 04:30:17 UTC: ERROR(12589) [put.cc:191] [execute] - Not connected to cluster to put record
Jul 27 2015 04:30:17 UTC: ERROR(12589) [put.cc:191] [execute] - Not connected to cluster to put record
Jul 27 2015 04:30:17 UTC: ERROR(12589) [put.cc:191] [execute] - Not connected to cluster to put record
Jul 27 2015 04:30:17 UTC: ERROR(12589) [put.cc:191] [execute] - Not connected to cluster to put record
Jul 27 2015 04:30:17 UTC: ERROR(12589) [put.cc:191] [execute] - Not connected to cluster to put record
Jul 27 2015 04:30:17 UTC: ERROR(12589) [put.cc:191] [execute] - Not connected to cluster to put record
Jul 27 2015 04:30:17 UTC: ERROR(12589) [put.cc:191] [execute] - Not connected to cluster to put record
Jul 27 2015 04:30:17 UTC: ERROR(12589) [put.cc:191] [execute] - Not connected to cluster to put record
Jul 27 2015 04:30:17 UTC: ERROR(12589) [put.cc:191] [execute] - Not connected to cluster to put record
Jul 27 2015 04:30:17 UTC: ERROR(12589) [put.cc:191] [execute] - Not connected to cluster to put record
Jul 27 2015 04:30:17 UTC: ERROR(12589) [put.cc:191] [execute] - Not connected to cluster to put record
Jul 27 2015 04:30:17 UTC: ERROR(12589) [put.cc:191] [execute] - Not connected to cluster to put record
Jul 27 2015 04:30:17 UTC: ERROR(12589) [put.cc:191] [execute] - Not connected to cluster to put record
Jul 27 2015 04:30:17 UTC: ERROR(12589) [put.cc:191] [execute] - Not connected to cluster to put record
Jul 27 2015 04:30:17 UTC: ERROR(12589) [put.cc:191] [execute] - Not connected to cluster to put record
Jul 27 2015 04:30:17 UTC: ERROR(12589) [put.cc:191] [execute] - Not connected to cluster to put record
Jul 27 2015 04:30:17 UTC: ERROR(12589) [put.cc:191] [execute] - Not connected to cluster to put record
Jul 27 2015 04:30:17 UTC: ERROR(12589) [put.cc:191] [execute] - Not connected to cluster to put record
Jul 27 2015 04:30:17 UTC: ERROR(12589) [put.cc:191] [execute] - Not connected to cluster to put record
Jul 27 2015 04:30:17 UTC: ERROR(12589) [put.cc:191] [execute] - Not connected to cluster to put record
Jul 27 2015 04:30:17 UTC: ERROR(12589) [put.cc:191] [execute] - Not connected to cluster to put record
Jul 27 2015 04:30:17 UTC: ERROR(12589) [put.cc:191] [execute] - Not connected to cluster to put record
Jul 27 2015 04:30:17 UTC: ERROR(12589) [put.cc:191] [execute] - Not connected to cluster to put record
Jul 27 2015 04:30:17 UTC: ERROR(12589) [put.cc:191] [execute] - Not connected to cluster to put record
Jul 27 2015 04:30:17 UTC: ERROR(12589) [put.cc:191] [execute] - Not connected to cluster to put record
Jul 27 2015 04:30:17 UTC: ERROR(12589) [put.cc:191] [execute] - Not connected to cluster to put record
Jul 27 2015 04:30:17 UTC: ERROR(12589) [put.cc:191] [execute] - Not connected to cluster to put record
Jul 27 2015 04:30:17 UTC: ERROR(12589) [put.cc:191] [execute] - Not connected to cluster to put record
Jul 27 2015 04:30:17 UTC: ERROR(12589) [put.cc:191] [execute] - Not connected to cluster to put record
Jul 27 2015 04:30:17 UTC: ERROR(12589) [put.cc:191] [execute] - Not connected to cluster to put record
Jul 27 2015 04:30:17 UTC: ERROR(12589) [put.cc:191] [execute] - Not connected to cluster to put record
Jul 27 2015 04:30:17 UTC: ERROR(12589) [put.cc:191] [execute] - Not connected to cluster to put record
Jul 27 2015 04:30:17 UTC: ERROR(12589) [put.cc:191] [execute] - Not connected to cluster to put record
Jul 27 2015 04:30:17 UTC: ERROR(12589) [put.cc:191] [execute] - Not connected to cluster to put record
Jul 27 2015 04:30:17 UTC: ERROR(12589) [put.cc:191] [execute] - Not connected to cluster to put record
Jul 27 2015 04:30:17 UTC: ERROR(12589) [put.cc:191] [execute] - Not connected to cluster to put record
Jul 27 2015 04:30:17 UTC: ERROR(12589) [put.cc:191] [execute] - Not connected to cluster to put record
Jul 27 2015 04:30:17 UTC: ERROR(12589) [put.cc:191] [execute] - Not connected to cluster to put record
Jul 27 2015 04:30:17 UTC: ERROR(12589) [put.cc:191] [execute] - Not connected to cluster to put record
Jul 27 2015 04:30:17 UTC: ERROR(12589) [put.cc:191] [execute] - Not connected to cluster to put record
Jul 27 2015 04:30:17 UTC: ERROR(12589) [put.cc:191] [execute] - Not connected to cluster to put record
Jul 27 2015 04:30:17 UTC: ERROR(12589) [put.cc:191] [execute] - Not connected to cluster to put record
Jul 27 2015 04:30:17 UTC: ERROR(12589) [put.cc:191] [execute] - Not connected to cluster to put record
Jul 27 2015 04:30:17 UTC: ERROR(12589) [put.cc:191] [execute] - Not connected to cluster to put record
Jul 27 2015 04:30:17 UTC: ERROR(12589) [put.cc:191] [execute] - Not connected to cluster to put record
Jul 27 2015 04:30:17 UTC: ERROR(12589) [put.cc:191] [execute] - Not connected to cluster to put record
Jul 27 2015 04:30:17 UTC: ERROR(12589) [put.cc:191] [execute] - Not connected to cluster to put record
Jul 27 2015 04:30:17 UTC: ERROR(12589) [put.cc:191] [execute] - Not connected to cluster to put record
Jul 27 2015 04:30:17 UTC: ERROR(12589) [put.cc:191] [execute] - Not connected to cluster to put record
Jul 27 2015 04:30:17 UTC: ERROR(12589) [put.cc:191] [execute] - Not connected to cluster to put record
Jul 27 2015 04:30:17 UTC: ERROR(12589) [put.cc:191] [execute] - Not connected to cluster to put record
Jul 27 2015 04:30:17 UTC: ERROR(12589) [put.cc:191] [execute] - Not connected to cluster to put record
Jul 27 2015 04:30:17 UTC: ERROR(12589) [put.cc:191] [execute] - Not connected to cluster to put record
Jul 27 2015 04:30:17 UTC: ERROR(12589) [put.cc:191] [execute] - Not connected to cluster to put record
Jul 27 2015 04:30:17 UTC: ERROR(12589) [put.cc:191] [execute] - Not connected to cluster to put record
Jul 27 2015 04:30:17 UTC: ERROR(12589) [put.cc:191] [execute] - Not connected to cluster to put record
Jul 27 2015 04:30:17 UTC: ERROR(12589) [put.cc:191] [execute] - Not connected to cluster to put record
Jul 27 2015 04:30:17 UTC: ERROR(12589) [put.cc:191] [execute] - Not connected to cluster to put record
Jul 27 2015 04:30:17 UTC: ERROR(12589) [put.cc:191] [execute] - Not connected to cluster to put record
Jul 27 2015 04:30:17 UTC: ERROR(12589) [put.cc:191] [execute] - Not connected to cluster to put record
Jul 27 2015 04:30:17 UTC: ERROR(12589) [put.cc:191] [execute] - Not connected to cluster to put record
Jul 27 2015 04:30:17 UTC: ERROR(12589) [put.cc:191] [execute] - Not connected to cluster to put record
Jul 27 2015 04:30:17 UTC: ERROR(12589) [put.cc:191] [execute] - Not connected to cluster to put record
Jul 27 2015 04:30:17 UTC: ERROR(12589) [put.cc:191] [execute] - Not connected to cluster to put record
Jul 27 2015 04:30:17 UTC: ERROR(12589) [put.cc:191] [execute] - Not connected to cluster to put record
Jul 27 2015 04:30:17 UTC: ERROR(12589) [put.cc:191] [execute] - Not connected to cluster to put record
Jul 27 2015 04:30:17 UTC: ERROR(12589) [put.cc:191] [execute] - Not connected to cluster to put record
Jul 27 2015 04:30:17 UTC: ERROR(12589) [put.cc:191] [execute] - Not connected to cluster to put record
Jul 27 2015 04:30:17 UTC: ERROR(12589) [put.cc:191] [execute] - Not connected to cluster to put record
Jul 27 2015 04:30:17 UTC: ERROR(12589) [put.cc:191] [execute] - Not connected to cluster to put record
Jul 27 2015 04:30:17 UTC: ERROR(12589) [put.cc:191] [execute] - Not connected to cluster to put record
Jul 27 2015 04:30:17 UTC: ERROR(12589) [put.cc:191] [execute] - Not connected to cluster to put record
Jul 27 2015 04:30:17 UTC: ERROR(12589) [put.cc:191] [execute] - Not connected to cluster to put record
Jul 27 2015 04:30:17 UTC: ERROR(12589) [put.cc:191] [execute] - Not connected to cluster to put record
Jul 27 2015 04:30:17 UTC: ERROR(12589) [put.cc:191] [execute] - Not connected to cluster to put record
Jul 27 2015 04:30:17 UTC: ERROR(12589) [put.cc:191] [execute] - Not connected to cluster to put record
Jul 27 2015 04:30:17 UTC: ERROR(12589) [put.cc:191] [execute] - Not connected to cluster to put record
Jul 27 2015 04:30:17 UTC: ERROR(12589) [put.cc:191] [execute] - Not connected to cluster to put record
Jul 27 2015 04:30:17 UTC: ERROR(12589) [put.cc:191] [execute] - Not connected to cluster to put record
Jul 27 2015 04:30:17 UTC: ERROR(12589) [put.cc:191] [execute] - Not connected to cluster to put record
Jul 27 2015 04:30:17 UTC: ERROR(12589) [put.cc:191] [execute] - Not connected to cluster to put record
Jul 27 2015 04:30:17 UTC: ERROR(12589) [put.cc:191] [execute] - Not connected to cluster to put record
Jul 27 2015 04:30:17 UTC: ERROR(12589) [put.cc:191] [execute] - Not connected to cluster to put record
Jul 27 2015 04:30:17 UTC: ERROR(12589) [put.cc:191] [execute] - Not connected to cluster to put record
Jul 27 2015 04:30:17 UTC: ERROR(12589) [put.cc:191] [execute] - Not connected to cluster to put record
Jul 27 2015 04:30:17 UTC: ERROR(12589) [put.cc:191] [execute] - Not connected to cluster to put record
Jul 27 2015 04:30:17 UTC: ERROR(12589) [put.cc:191] [execute] - Not connected to cluster to put record
Jul 27 2015 04:30:17 UTC: ERROR(12589) [put.cc:191] [execute] - Not connected to cluster to put record
Jul 27 2015 04:30:17 UTC: ERROR(12589) [put.cc:191] [execute] - Not connected to cluster to put record
Jul 27 2015 04:30:17 UTC: ERROR(12589) [put.cc:191] [execute] - Not connected to cluster to put record
Jul 27 2015 04:30:17 UTC: ERROR(12589) [put.cc:191] [execute] - Not connected to cluster to put record
Jul 27 2015 04:30:17 UTC: ERROR(12589) [put.cc:191] [execute] - Not connected to cluster to put record
Jul 27 2015 04:30:17 UTC: ERROR(12589) [put.cc:191] [execute] - Not connected to cluster to put record
Jul 27 2015 04:30:17 UTC: ERROR(12589) [put.cc:191] [execute] - Not connected to cluster to put record
Jul 27 2015 04:30:17 UTC: ERROR(12589) [put.cc:191] [execute] - Not connected to cluster to put record
Jul 27 2015 04:30:17 UTC: ERROR(12589) [put.cc:191] [execute] - Not connected to cluster to put record
Jul 27 2015 04:30:17 UTC: ERROR(12589) [put.cc:191] [execute] - Not connected to cluster to put record
Jul 27 2015 04:30:17 UTC: ERROR(12589) [put.cc:191] [execute] - Not connected to cluster to put record
Jul 27 2015 04:30:17 UTC: ERROR(12589) [put.cc:191] [execute] - Not connected to cluster to put record
Jul 27 2015 04:30:17 UTC: ERROR(12589) [put.cc:191] [execute] - Not connected to cluster to put record
Jul 27 2015 04:30:17 UTC: ERROR(12589) [put.cc:191] [execute] - Not connected to cluster to put record
Jul 27 2015 04:30:17 UTC: ERROR(12589) [put.cc:191] [execute] - Not connected to cluster to put record
Jul 27 2015 04:30:17 UTC: ERROR(12589) [put.cc:191] [execute] - Not connected to cluster to put record
Jul 27 2015 04:30:17 UTC: ERROR(12589) [put.cc:191] [execute] - Not connected to cluster to put record
Jul 27 2015 04:30:17 UTC: ERROR(12589) [put.cc:191] [execute] - Not connected to cluster to put record
Jul 27 2015 04:30:17 UTC: ERROR(12589) [put.cc:191] [execute] - Not connected to cluster to put record
Jul 27 2015 04:30:17 UTC: ERROR(12589) [put.cc:191] [execute] - Not connected to cluster to put record
Jul 27 2015 04:30:17 UTC: ERROR(12589) [put.cc:191] [execute] - Not connected to cluster to put record
Jul 27 2015 04:30:17 UTC: ERROR(12589) [put.cc:191] [execute] - Not connected to cluster to put record
Jul 27 2015 04:30:17 UTC: ERROR(12589) [put.cc:191] [execute] - Not connected to cluster to put record
Jul 27 2015 04:30:17 UTC: ERROR(12589) [put.cc:191] [execute] - Not connected to cluster to put record
Jul 27 2015 04:30:17 UTC: ERROR(12589) [put.cc:191] [execute] - Not connected to cluster to put record
Jul 27 2015 04:30:17 UTC: ERROR(12589) [put.cc:191] [execute] - Not connected to cluster to put record
Jul 27 2015 04:30:17 UTC: ERROR(12589) [put.cc:191] [execute] - Not connected to cluster to put record
Jul 27 2015 04:30:17 UTC: ERROR(12589) [put.cc:191] [execute] - Not connected to cluster to put record
Jul 27 2015 04:30:17 UTC: ERROR(12589) [put.cc:191] [execute] - Not connected to cluster to put record
Jul 27 2015 04:30:17 UTC: ERROR(12589) [put.cc:191] [execute] - Not connected to cluster to put record
Jul 27 2015 04:30:17 UTC: ERROR(12589) [put.cc:191] [execute] - Not connected to cluster to put record
Jul 27 2015 04:30:17 UTC: ERROR(12589) [put.cc:191] [execute] - Not connected to cluster to put record
Jul 27 2015 04:30:17 UTC: ERROR(12589) [put.cc:191] [execute] - Not connected to cluster to put record
Jul 27 2015 04:30:17 UTC: ERROR(12589) [put.cc:191] [execute] - Not connected to cluster to put record
Jul 27 2015 04:30:17 UTC: ERROR(12589) [put.cc:191] [execute] - Not connected to cluster to put record
Jul 27 2015 04:30:17 UTC: ERROR(12589) [put.cc:191] [execute] - Not connected to cluster to put record
Jul 27 2015 04:30:17 UTC: ERROR(12589) [put.cc:191] [execute] - Not connected to cluster to put record
Jul 27 2015 04:30:17 UTC: ERROR(12589) [put.cc:191] [execute] - Not connected to cluster to put record
Jul 27 2015 04:30:17 UTC: ERROR(12589) [put.cc:191] [execute] - Not connected to cluster to put record
Jul 27 2015 04:30:17 UTC: ERROR(12589) [put.cc:191] [execute] - Not connected to cluster to put record
Jul 27 2015 04:30:17 UTC: ERROR(12589) [put.cc:191] [execute] - Not connected to cluster to put record
Jul 27 2015 04:30:17 UTC: ERROR(12589) [put.cc:191] [execute] - Not connected to cluster to put record
Jul 27 2015 04:30:17 UTC: ERROR(12589) [put.cc:191] [execute] - Not connected to cluster to put record
Jul 27 2015 04:30:17 UTC: ERROR(12589) [put.cc:191] [execute] - Not connected to cluster to put record
Jul 27 2015 04:30:17 UTC: ERROR(12589) [put.cc:191] [execute] - Not connected to cluster to put record
Jul 27 2015 04:30:17 UTC: ERROR(12589) [put.cc:191] [execute] - Not connected to cluster to put record
Jul 27 2015 04:30:17 UTC: ERROR(12589) [put.cc:191] [execute] - Not connected to cluster to put record
Jul 27 2015 04:30:17 UTC: ERROR(12589) [put.cc:191] [execute] - Not connected to cluster to put record
Jul 27 2015 04:30:17 UTC: ERROR(12589) [put.cc:191] [execute] - Not connected to cluster to put record
Jul 27 2015 04:30:17 UTC: ERROR(12589) [put.cc:191] [execute] - Not connected to cluster to put record
Jul 27 2015 04:30:17 UTC: ERROR(12589) [put.cc:191] [execute] - Not connected to cluster to put record
Jul 27 2015 04:30:17 UTC: ERROR(12589) [put.cc:191] [execute] - Not connected to cluster to put record
Jul 27 2015 04:30:17 UTC: ERROR(12589) [put.cc:191] [execute] - Not connected to cluster to put record
Jul 27 2015 04:30:17 UTC: ERROR(12589) [put.cc:191] [execute] - Not connected to cluster to put record
Jul 27 2015 04:30:17 UTC: ERROR(12589) [put.cc:191] [execute] - Not connected to cluster to put record
Jul 27 2015 04:30:17 UTC: ERROR(12589) [put.cc:191] [execute] - Not connected to cluster to put record
Jul 27 2015 04:30:17 UTC: ERROR(12589) [put.cc:191] [execute] - Not connected to cluster to put record
Jul 27 2015 04:30:17 UTC: ERROR(12589) [put.cc:191] [execute] - Not connected to cluster to put record
Jul 27 2015 04:30:17 UTC: ERROR(12589) [put.cc:191] [execute] - Not connected to cluster to put record
Jul 27 2015 04:30:17 UTC: ERROR(12589) [put.cc:191] [execute] - Not connected to cluster to put record
Jul 27 2015 04:30:17 UTC: ERROR(12589) [put.cc:191] [execute] - Not connected to cluster to put record
Jul 27 2015 04:30:17 UTC: ERROR(12589) [put.cc:191] [execute] - Not connected to cluster to put record
Jul 27 2015 04:30:17 UTC: ERROR(12589) [put.cc:191] [execute] - Not connected to cluster to put record
Jul 27 2015 04:30:17 UTC: ERROR(12589) [put.cc:191] [execute] - Not connected to cluster to put record
Jul 27 2015 04:30:17 UTC: ERROR(12589) [put.cc:191] [execute] - Not connected to cluster to put record
Jul 27 2015 04:30:17 UTC: ERROR(12589) [put.cc:191] [execute] - Not connected to cluster to put record
Jul 27 2015 04:30:17 UTC: ERROR(12589) [put.cc:191] [execute] - Not connected to cluster to put record
Jul 27 2015 04:30:17 UTC: ERROR(12589) [put.cc:191] [execute] - Not connected to cluster to put record
Jul 27 2015 04:30:17 UTC: ERROR(12589) [put.cc:191] [execute] - Not connected to cluster to put record
Jul 27 2015 04:30:17 UTC: ERROR(12589) [put.cc:191] [execute] - Not connected to cluster to put record
Jul 27 2015 04:30:17 UTC: ERROR(12589) [put.cc:191] [execute] - Not connected to cluster to put record
Jul 27 2015 04:30:17 UTC: ERROR(12589) [put.cc:191] [execute] - Not connected to cluster to put record
Jul 27 2015 04:30:17 UTC: ERROR(12589) [put.cc:191] [execute] - Not connected to cluster to put record
Jul 27 2015 04:30:17 UTC: ERROR(12589) [put.cc:191] [execute] - Not connected to cluster to put record
Jul 27 2015 04:30:17 UTC: ERROR(12589) [put.cc:191] [execute] - Not connected to cluster to put record
Jul 27 2015 04:30:17 UTC: ERROR(12589) [put.cc:191] [execute] - Not connected to cluster to put record
Jul 27 2015 04:30:17 UTC: ERROR(12589) [put.cc:191] [execute] - Not connected to cluster to put record
Jul 27 2015 04:30:17 UTC: ERROR(12589) [put.cc:191] [execute] - Not connected to cluster to put record
Jul 27 2015 04:30:17 UTC: ERROR(12589) [put.cc:191] [execute] - Not connected to cluster to put record
Jul 27 2015 04:30:17 UTC: ERROR(12589) [put.cc:191] [execute] - Not connected to cluster to put record
Jul 27 2015 04:30:17 UTC: ERROR(12589) [put.cc:191] [execute] - Not connected to cluster to put record
Jul 27 2015 04:30:17 UTC: ERROR(12589) [put.cc:191] [execute] - Not connected to cluster to put record
Jul 27 2015 04:30:17 UTC: ERROR(12589) [put.cc:191] [execute] - Not connected to cluster to put record
Jul 27 2015 04:30:17 UTC: ERROR(12589) [put.cc:191] [execute] - Not connected to cluster to put record
Jul 27 2015 04:30:17 UTC: ERROR(12589) [put.cc:191] [execute] - Not connected to cluster to put record
Jul 27 2015 04:30:17 UTC: ERROR(12589) [put.cc:191] [execute] - Not connected to cluster to put record
Jul 27 2015 04:30:17 UTC: ERROR(12589) [put.cc:191] [execute] - Not connected to cluster to put record
Jul 27 2015 04:30:17 UTC: ERROR(12589) [put.cc:191] [execute] - Not connected to cluster to put record
Jul 27 2015 04:30:17 UTC: ERROR(12589) [put.cc:191] [execute] - Not connected to cluster to put record
Jul 27 2015 04:30:17 UTC: ERROR(12589) [put.cc:191] [execute] - Not connected to cluster to put record
Jul 27 2015 04:30:17 UTC: ERROR(12589) [put.cc:191] [execute] - Not connected to cluster to put record
Jul 27 2015 04:30:17 UTC: ERROR(12589) [put.cc:191] [execute] - Not connected to cluster to put record
Jul 27 2015 04:30:17 UTC: ERROR(12589) [put.cc:191] [execute] - Not connected to cluster to put record
Jul 27 2015 04:30:17 UTC: ERROR(12589) [put.cc:191] [execute] - Not connected to cluster to put record
Jul 27 2015 04:30:17 UTC: ERROR(12589) [put.cc:191] [execute] - Not connected to cluster to put record
Jul 27 2015 04:30:17 UTC: ERROR(12589) [put.cc:191] [execute] - Not connected to cluster to put record
Jul 27 2015 04:30:17 UTC: ERROR(12589) [put.cc:191] [execute] - Not connected to cluster to put record
Jul 27 2015 04:30:17 UTC: ERROR(12589) [put.cc:191] [execute] - Not connected to cluster to put record
Jul 27 2015 04:30:17 UTC: ERROR(12589) [put.cc:191] [execute] - Not connected to cluster to put record
Jul 27 2015 04:30:17 UTC: ERROR(12589) [put.cc:191] [execute] - Not connected to cluster to put record
Jul 27 2015 04:30:17 UTC: ERROR(12589) [put.cc:191] [execute] - Not connected to cluster to put record
Jul 27 2015 04:30:17 UTC: ERROR(12589) [put.cc:191] [execute] - Not connected to cluster to put record
Jul 27 2015 04:30:17 UTC: ERROR(12589) [put.cc:191] [execute] - Not connected to cluster to put record
Jul 27 2015 04:30:17 UTC: ERROR(12589) [put.cc:191] [execute] - Not connected to cluster to put record
Jul 27 2015 04:30:17 UTC: ERROR(12589) [put.cc:191] [execute] - Not connected to cluster to put record
Jul 27 2015 04:30:17 UTC: ERROR(12589) [put.cc:191] [execute] - Not connected to cluster to put record
Jul 27 2015 04:30:17 UTC: ERROR(12589) [put.cc:191] [execute] - Not connected to cluster to put record
Jul 27 2015 04:30:17 UTC: ERROR(12589) [put.cc:191] [execute] - Not connected to cluster to put record
Jul 27 2015 04:30:17 UTC: ERROR(12589) [put.cc:191] [execute] - Not connected to cluster to put record
Jul 27 2015 04:30:17 UTC: ERROR(12589) [put.cc:191] [execute] - Not connected to cluster to put record
Jul 27 2015 04:30:17 UTC: ERROR(12589) [put.cc:191] [execute] - Not connected to cluster to put record
Jul 27 2015 04:30:17 UTC: ERROR(12589) [put.cc:191] [execute] - Not connected to cluster to put record
Jul 27 2015 04:30:17 UTC: ERROR(12589) [put.cc:191] [execute] - Not connected to cluster to put record
Jul 27 2015 04:30:17 UTC: ERROR(12589) [put.cc:191] [execute] - Not connected to cluster to put record
Jul 27 2015 04:30:17 UTC: ERROR(12589) [put.cc:191] [execute] - Not connected to cluster to put record
Jul 27 2015 04:30:17 UTC: ERROR(12589) [put.cc:191] [execute] - Not connected to cluster to put record
Jul 27 2015 04:30:17 UTC: ERROR(12589) [put.cc:191] [execute] - Not connected to cluster to put record
Jul 27 2015 04:30:17 UTC: ERROR(12589) [put.cc:191] [execute] - Not connected to cluster to put record
Jul 27 2015 04:30:17 UTC: ERROR(12589) [put.cc:191] [execute] - Not connected to cluster to put record
Jul 27 2015 04:30:17 UTC: ERROR(12589) [put.cc:191] [execute] - Not connected to cluster to put record
Jul 27 2015 04:30:17 UTC: ERROR(12589) [put.cc:191] [execute] - Not connected to cluster to put record
Jul 27 2015 04:30:17 UTC: ERROR(12589) [put.cc:191] [execute] - Not connected to cluster to put record
Jul 27 2015 04:30:17 UTC: ERROR(12589) [put.cc:191] [execute] - Not connected to cluster to put record
Jul 27 2015 04:30:17 UTC: ERROR(12589) [put.cc:191] [execute] - Not connected to cluster to put record
Jul 27 2015 04:30:17 UTC: ERROR(12589) [put.cc:191] [execute] - Not connected to cluster to put record
Jul 27 2015 04:30:17 UTC: ERROR(12589) [put.cc:191] [execute] - Not connected to cluster to put record
Jul 27 2015 04:30:17 UTC: ERROR(12589) [put.cc:191] [execute] - Not connected to cluster to put record
Jul 27 2015 04:30:17 UTC: ERROR(12589) [put.cc:191] [execute] - Not connected to cluster to put record
Jul 27 2015 04:30:17 UTC: ERROR(12589) [put.cc:191] [execute] - Not connected to cluster to put record
Jul 27 2015 04:30:17 UTC: ERROR(12589) [put.cc:191] [execute] - Not connected to cluster to put record
Jul 27 2015 04:30:17 UTC: ERROR(12589) [put.cc:191] [execute] - Not connected to cluster to put record
Jul 27 2015 04:30:17 UTC: ERROR(12589) [put.cc:191] [execute] - Not connected to cluster to put record
Jul 27 2015 04:30:17 UTC: ERROR(12589) [put.cc:191] [execute] - Not connected to cluster to put record
Jul 27 2015 04:30:17 UTC: ERROR(12589) [put.cc:191] [execute] - Not connected to cluster to put record
Jul 27 2015 04:30:17 UTC: ERROR(12589) [put.cc:191] [execute] - Not connected to cluster to put record
Jul 27 2015 04:30:17 UTC: ERROR(12589) [put.cc:191] [execute] - Not connected to cluster to put record
Jul 27 2015 04:30:17 UTC: ERROR(12589) [put.cc:191] [execute] - Not connected to cluster to put record
Jul 27 2015 04:30:17 UTC: ERROR(12589) [put.cc:191] [execute] - Not connected to cluster to put record
Jul 27 2015 04:30:17 UTC: ERROR(12589) [put.cc:191] [execute] - Not connected to cluster to put record
Jul 27 2015 04:30:17 UTC: ERROR(12589) [put.cc:191] [execute] - Not connected to cluster to put record
Jul 27 2015 04:30:17 UTC: ERROR(12589) [put.cc:191] [execute] - Not connected to cluster to put record
Jul 27 2015 04:30:17 UTC: ERROR(12589) [put.cc:191] [execute] - Not connected to cluster to put record
Jul 27 2015 04:30:17 UTC: ERROR(12589) [put.cc:191] [execute] - Not connected to cluster to put record
Jul 27 2015 04:30:17 UTC: ERROR(12589) [put.cc:191] [execute] - Not connected to cluster to put record
Jul 27 2015 04:30:17 UTC: ERROR(12589) [put.cc:191] [execute] - Not connected to cluster to put record
Jul 27 2015 04:30:17 UTC: ERROR(12589) [put.cc:191] [execute] - Not connected to cluster to put record
Jul 27 2015 04:30:17 UTC: ERROR(12589) [put.cc:191] [execute] - Not connected to cluster to put record
Jul 27 2015 04:30:17 UTC: ERROR(12589) [put.cc:191] [execute] - Not connected to cluster to put record
Jul 27 2015 04:30:17 UTC: ERROR(12589) [put.cc:191] [execute] - Not connected to cluster to put record
Jul 27 2015 04:30:17 UTC: ERROR(12589) [put.cc:191] [execute] - Not connected to cluster to put record
Jul 27 2015 04:30:17 UTC: ERROR(12589) [put.cc:191] [execute] - Not connected to cluster to put record
Jul 27 2015 04:30:17 UTC: ERROR(12589) [put.cc:191] [execute] - Not connected to cluster to put record
Jul 27 2015 04:30:17 UTC: ERROR(12589) [put.cc:191] [execute] - Not connected to cluster to put record
Jul 27 2015 04:30:17 UTC: ERROR(12589) [put.cc:191] [execute] - Not connected to cluster to put record
Jul 27 2015 04:30:17 UTC: ERROR(12589) [put.cc:191] [execute] - Not connected to cluster to put record
Jul 27 2015 04:30:17 UTC: ERROR(12589) [put.cc:191] [execute] - Not connected to cluster to put record
Jul 27 2015 04:30:17 UTC: ERROR(12589) [put.cc:191] [execute] - Not connected to cluster to put record
Jul 27 2015 04:30:17 UTC: ERROR(12589) [put.cc:191] [execute] - Not connected to cluster to put record
Jul 27 2015 04:30:17 UTC: ERROR(12589) [put.cc:191] [execute] - Not connected to cluster to put record
Jul 27 2015 04:30:17 UTC: ERROR(12589) [put.cc:191] [execute] - Not connected to cluster to put record
Jul 27 2015 04:30:17 UTC: ERROR(12589) [put.cc:191] [execute] - Not connected to cluster to put record
Jul 27 2015 04:30:17 UTC: ERROR(12589) [put.cc:191] [execute] - Not connected to cluster to put record
Jul 27 2015 04:30:17 UTC: ERROR(12589) [put.cc:191] [execute] - Not connected to cluster to put record
Jul 27 2015 04:30:17 UTC: ERROR(12589) [put.cc:191] [execute] - Not connected to cluster to put record
Jul 27 2015 04:30:17 UTC: ERROR(12589) [put.cc:191] [execute] - Not connected to cluster to put record
Jul 27 2015 04:30:17 UTC: ERROR(12589) [put.cc:191] [execute] - Not connected to cluster to put record
Jul 27 2015 04:30:17 UTC: ERROR(12589) [put.cc:191] [execute] - Not connected to cluster to put record
Jul 27 2015 04:30:17 UTC: ERROR(12589) [put.cc:191] [execute] - Not connected to cluster to put record
Jul 27 2015 04:30:17 UTC: ERROR(12589) [put.cc:191] [execute] - Not connected to cluster to put record
Jul 27 2015 04:30:17 UTC: ERROR(12589) [put.cc:191] [execute] - Not connected to cluster to put record
Jul 27 2015 04:30:17 UTC: ERROR(12589) [put.cc:191] [execute] - Not connected to cluster to put record
Jul 27 2015 04:30:17 UTC: ERROR(12589) [put.cc:191] [execute] - Not connected to cluster to put record
Jul 27 2015 04:30:17 UTC: ERROR(12589) [put.cc:191] [execute] - Not connected to cluster to put record
Jul 27 2015 04:30:17 UTC: ERROR(12589) [put.cc:191] [execute] - Not connected to cluster to put record
Jul 27 2015 04:30:17 UTC: ERROR(12589) [put.cc:191] [execute] - Not connected to cluster to put record
Jul 27 2015 04:30:17 UTC: ERROR(12589) [put.cc:191] [execute] - Not connected to cluster to put record
Jul 27 2015 04:30:17 UTC: ERROR(12589) [put.cc:191] [execute] - Not connected to cluster to put record
Jul 27 2015 04:30:17 UTC: ERROR(12589) [put.cc:191] [execute] - Not connected to cluster to put record
Jul 27 2015 04:30:17 UTC: ERROR(12589) [put.cc:191] [execute] - Not connected to cluster to put record
Jul 27 2015 04:30:17 UTC: ERROR(12589) [put.cc:191] [execute] - Not connected to cluster to put record
Jul 27 2015 04:30:17 UTC: ERROR(12589) [put.cc:191] [execute] - Not connected to cluster to put record
Jul 27 2015 04:30:17 UTC: ERROR(12589) [put.cc:191] [execute] - Not connected to cluster to put record
Jul 27 2015 04:30:17 UTC: ERROR(12589) [put.cc:191] [execute] - Not connected to cluster to put record
Jul 27 2015 04:30:17 UTC: ERROR(12589) [put.cc:191] [execute] - Not connected to cluster to put record
Jul 27 2015 04:30:17 UTC: ERROR(12589) [put.cc:191] [execute] - Not connected to cluster to put record
Jul 27 2015 04:30:17 UTC: ERROR(12589) [put.cc:191] [execute] - Not connected to cluster to put record
Jul 27 2015 04:30:17 UTC: ERROR(12589) [put.cc:191] [execute] - Not connected to cluster to put record
Jul 27 2015 04:30:17 UTC: ERROR(12589) [put.cc:191] [execute] - Not connected to cluster to put record
Jul 27 2015 04:30:17 UTC: ERROR(12589) [put.cc:191] [execute] - Not connected to cluster to put record
Jul 27 2015 04:30:17 UTC: ERROR(12589) [put.cc:191] [execute] - Not connected to cluster to put record
Jul 27 2015 04:30:17 UTC: ERROR(12589) [put.cc:191] [execute] - Not connected to cluster to put record
Jul 27 2015 04:30:17 UTC: ERROR(12589) [put.cc:191] [execute] - Not connected to cluster to put record
Jul 27 2015 04:30:17 UTC: ERROR(12589) [put.cc:191] [execute] - Not connected to cluster to put record
Jul 27 2015 04:30:17 UTC: ERROR(12589) [put.cc:191] [execute] - Not connected to cluster to put record
Jul 27 2015 04:30:17 UTC: ERROR(12589) [put.cc:191] [execute] - Not connected to cluster to put record
Jul 27 2015 04:30:17 UTC: ERROR(12589) [put.cc:191] [execute] - Not connected to cluster to put record
Jul 27 2015 04:30:17 UTC: ERROR(12589) [put.cc:191] [execute] - Not connected to cluster to put record
Jul 27 2015 04:30:17 UTC: ERROR(12589) [put.cc:191] [execute] - Not connected to cluster to put record
Jul 27 2015 04:30:17 UTC: ERROR(12589) [put.cc:191] [execute] - Not connected to cluster to put record
Jul 27 2015 04:30:17 UTC: ERROR(12589) [put.cc:191] [execute] - Not connected to cluster to put record
Jul 27 2015 04:30:17 UTC: ERROR(12589) [put.cc:191] [execute] - Not connected to cluster to put record
Jul 27 2015 04:30:17 UTC: ERROR(12589) [put.cc:191] [execute] - Not connected to cluster to put record
Jul 27 2015 04:30:17 UTC: ERROR(12589) [put.cc:191] [execute] - Not connected to cluster to put record
Jul 27 2015 04:30:17 UTC: ERROR(12589) [put.cc:191] [execute] - Not connected to cluster to put record
Jul 27 2015 04:30:17 UTC: ERROR(12589) [put.cc:191] [execute] - Not connected to cluster to put record
Jul 27 2015 04:30:17 UTC: ERROR(12589) [put.cc:191] [execute] - Not connected to cluster to put record
Jul 27 2015 04:30:17 UTC: ERROR(12589) [put.cc:191] [execute] - Not connected to cluster to put record
Jul 27 2015 04:30:17 UTC: ERROR(12589) [put.cc:191] [execute] - Not connected to cluster to put record
Jul 27 2015 04:30:17 UTC: ERROR(12589) [put.cc:191] [execute] - Not connected to cluster to put record
Jul 27 2015 04:30:17 UTC: ERROR(12589) [put.cc:191] [execute] - Not connected to cluster to put record
Jul 27 2015 04:30:17 UTC: ERROR(12589) [put.cc:191] [execute] - Not connected to cluster to put record
Jul 27 2015 04:30:17 UTC: ERROR(12589) [put.cc:191] [execute] - Not connected to cluster to put record
Jul 27 2015 04:30:17 UTC: ERROR(12589) [put.cc:191] [execute] - Not connected to cluster to put record
Jul 27 2015 04:30:17 UTC: ERROR(12589) [put.cc:191] [execute] - Not connected to cluster to put record
Jul 27 2015 04:30:17 UTC: ERROR(12589) [put.cc:191] [execute] - Not connected to cluster to put record
Jul 27 2015 04:30:17 UTC: ERROR(12589) [put.cc:191] [execute] - Not connected to cluster to put record
Jul 27 2015 04:30:17 UTC: ERROR(12589) [put.cc:191] [execute] - Not connected to cluster to put record
Jul 27 2015 04:30:17 UTC: ERROR(12589) [put.cc:191] [execute] - Not connected to cluster to put record
Jul 27 2015 04:30:17 UTC: ERROR(12589) [put.cc:191] [execute] - Not connected to cluster to put record
Jul 27 2015 04:30:17 UTC: ERROR(12589) [put.cc:191] [execute] - Not connected to cluster to put record
Jul 27 2015 04:30:17 UTC: ERROR(12589) [put.cc:191] [execute] - Not connected to cluster to put record
Jul 27 2015 04:30:17 UTC: ERROR(12589) [put.cc:191] [execute] - Not connected to cluster to put record
Jul 27 2015 04:30:17 UTC: ERROR(12589) [put.cc:191] [execute] - Not connected to cluster to put record
Jul 27 2015 04:30:17 UTC: ERROR(12589) [put.cc:191] [execute] - Not connected to cluster to put record
Jul 27 2015 04:30:17 UTC: ERROR(12589) [put.cc:191] [execute] - Not connected to cluster to put record
Jul 27 2015 04:30:17 UTC: ERROR(12589) [put.cc:191] [execute] - Not connected to cluster to put record
Jul 27 2015 04:30:17 UTC: ERROR(12589) [put.cc:191] [execute] - Not connected to cluster to put record
Jul 27 2015 04:30:17 UTC: ERROR(12589) [put.cc:191] [execute] - Not connected to cluster to put record
Jul 27 2015 04:30:17 UTC: ERROR(12589) [put.cc:191] [execute] - Not connected to cluster to put record
Jul 27 2015 04:30:17 UTC: ERROR(12589) [put.cc:191] [execute] - Not connected to cluster to put record
Jul 27 2015 04:30:17 UTC: ERROR(12589) [put.cc:191] [execute] - Not connected to cluster to put record
Jul 27 2015 04:30:17 UTC: ERROR(12589) [put.cc:191] [execute] - Not connected to cluster to put record
Jul 27 2015 04:30:17 UTC: ERROR(12589) [put.cc:191] [execute] - Not connected to cluster to put record
Jul 27 2015 04:30:17 UTC: ERROR(12589) [put.cc:191] [execute] - Not connected to cluster to put record
Jul 27 2015 04:30:17 UTC: ERROR(12589) [put.cc:191] [execute] - Not connected to cluster to put record
Jul 27 2015 04:30:17 UTC: ERROR(12589) [put.cc:191] [execute] - Not connected to cluster to put record
Jul 27 2015 04:30:17 UTC: ERROR(12589) [put.cc:191] [execute] - Not connected to cluster to put record
Jul 27 2015 04:30:17 UTC: ERROR(12589) [put.cc:191] [execute] - Not connected to cluster to put record
Jul 27 2015 04:30:17 UTC: ERROR(12589) [put.cc:191] [execute] - Not connected to cluster to put record
Jul 27 2015 04:30:17 UTC: ERROR(12589) [put.cc:191] [execute] - Not connected to cluster to put record
Jul 27 2015 04:30:17 UTC: ERROR(12589) [put.cc:191] [execute] - Not connected to cluster to put record
Jul 27 2015 04:30:17 UTC: ERROR(12589) [put.cc:191] [execute] - Not connected to cluster to put record
Jul 27 2015 04:30:17 UTC: ERROR(12589) [put.cc:191] [execute] - Not connected to cluster to put record
Jul 27 2015 04:30:17 UTC: ERROR(12589) [put.cc:191] [execute] - Not connected to cluster to put record
Jul 27 2015 04:30:17 UTC: ERROR(12589) [put.cc:191] [execute] - Not connected to cluster to put record
Jul 27 2015 04:30:17 UTC: ERROR(12589) [put.cc:191] [execute] - Not connected to cluster to put record
Jul 27 2015 04:30:17 UTC: ERROR(12589) [put.cc:191] [execute] - Not connected to cluster to put record
Jul 27 2015 04:30:17 UTC: ERROR(12589) [put.cc:191] [execute] - Not connected to cluster to put record
Jul 27 2015 04:30:17 UTC: ERROR(12589) [put.cc:191] [execute] - Not connected to cluster to put record
Jul 27 2015 04:30:17 UTC: ERROR(12589) [put.cc:191] [execute] - Not connected to cluster to put record
Jul 27 2015 04:30:17 UTC: ERROR(12589) [put.cc:191] [execute] - Not connected to cluster to put record
Jul 27 2015 04:30:17 UTC: ERROR(12589) [put.cc:191] [execute] - Not connected to cluster to put record
Jul 27 2015 04:30:17 UTC: ERROR(12589) [put.cc:191] [execute] - Not connected to cluster to put record
Jul 27 2015 04:30:17 UTC: ERROR(12589) [put.cc:191] [execute] - Not connected to cluster to put record
Jul 27 2015 04:30:17 UTC: ERROR(12589) [put.cc:191] [execute] - Not connected to cluster to put record
Jul 27 2015 04:30:17 UTC: ERROR(12589) [put.cc:191] [execute] - Not connected to cluster to put record
Jul 27 2015 04:30:17 UTC: ERROR(12589) [put.cc:191] [execute] - Not connected to cluster to put record
Jul 27 2015 04:30:17 UTC: ERROR(12589) [put.cc:191] [execute] - Not connected to cluster to put record
Jul 27 2015 04:30:17 UTC: ERROR(12589) [put.cc:191] [execute] - Not connected to cluster to put record
Jul 27 2015 04:30:17 UTC: ERROR(12589) [put.cc:191] [execute] - Not connected to cluster to put record
Jul 27 2015 04:30:17 UTC: ERROR(12589) [put.cc:191] [execute] - Not connected to cluster to put record
Jul 27 2015 04:30:17 UTC: ERROR(12589) [put.cc:191] [execute] - Not connected to cluster to put record
Jul 27 2015 04:30:17 UTC: ERROR(12589) [put.cc:191] [execute] - Not connected to cluster to put record
Jul 27 2015 04:30:17 UTC: ERROR(12589) [put.cc:191] [execute] - Not connected to cluster to put record
Jul 27 2015 04:30:17 UTC: ERROR(12589) [put.cc:191] [execute] - Not connected to cluster to put record
Jul 27 2015 04:30:17 UTC: ERROR(12589) [put.cc:191] [execute] - Not connected to cluster to put record
Jul 27 2015 04:30:17 UTC: ERROR(12589) [put.cc:191] [execute] - Not connected to cluster to put record
Jul 27 2015 04:30:17 UTC: ERROR(12589) [put.cc:191] [execute] - Not connected to cluster to put record
Jul 27 2015 04:30:17 UTC: ERROR(12589) [put.cc:191] [execute] - Not connected to cluster to put record
Jul 27 2015 04:30:17 UTC: ERROR(12589) [put.cc:191] [execute] - Not connected to cluster to put record
Jul 27 2015 04:30:17 UTC: ERROR(12589) [put.cc:191] [execute] - Not connected to cluster to put record
Jul 27 2015 04:30:17 UTC: ERROR(12589) [put.cc:191] [execute] - Not connected to cluster to put record
Jul 27 2015 04:30:17 UTC: ERROR(12589) [put.cc:191] [execute] - Not connected to cluster to put record
Jul 27 2015 04:30:17 UTC: ERROR(12589) [put.cc:191] [execute] - Not connected to cluster to put record
Jul 27 2015 04:30:17 UTC: ERROR(12589) [put.cc:191] [execute] - Not connected to cluster to put record
Jul 27 2015 04:30:17 UTC: ERROR(12589) [put.cc:191] [execute] - Not connected to cluster to put record
Jul 27 2015 04:30:17 UTC: ERROR(12589) [put.cc:191] [execute] - Not connected to cluster to put record
Jul 27 2015 04:30:17 UTC: ERROR(12589) [put.cc:191] [execute] - Not connected to cluster to put record
Jul 27 2015 04:30:17 UTC: ERROR(12589) [put.cc:191] [execute] - Not connected to cluster to put record
Jul 27 2015 04:30:17 UTC: ERROR(12589) [put.cc:191] [execute] - Not connected to cluster to put record
Jul 27 2015 04:30:17 UTC: ERROR(12589) [put.cc:191] [execute] - Not connected to cluster to put record
Jul 27 2015 04:30:17 UTC: ERROR(12589) [put.cc:191] [execute] - Not connected to cluster to put record
Jul 27 2015 04:30:17 UTC: ERROR(12589) [put.cc:191] [execute] - Not connected to cluster to put record
Jul 27 2015 04:30:17 UTC: ERROR(12589) [put.cc:191] [execute] - Not connected to cluster to put record
Jul 27 2015 04:30:17 UTC: ERROR(12589) [put.cc:191] [execute] - Not connected to cluster to put record
Jul 27 2015 04:30:17 UTC: ERROR(12589) [put.cc:191] [execute] - Not connected to cluster to put record
Jul 27 2015 04:30:17 UTC: ERROR(12589) [put.cc:191] [execute] - Not connected to cluster to put record
Jul 27 2015 04:30:17 UTC: ERROR(12589) [put.cc:191] [execute] - Not connected to cluster to put record
Jul 27 2015 04:30:17 UTC: ERROR(12589) [put.cc:191] [execute] - Not connected to cluster to put record
Jul 27 2015 04:30:17 UTC: ERROR(12589) [put.cc:191] [execute] - Not connected to cluster to put record
Jul 27 2015 04:30:17 UTC: ERROR(12589) [put.cc:191] [execute] - Not connected to cluster to put record
Jul 27 2015 04:30:17 UTC: ERROR(12589) [put.cc:191] [execute] - Not connected to cluster to put record
Jul 27 2015 04:30:17 UTC: ERROR(12589) [put.cc:191] [execute] - Not connected to cluster to put record
Jul 27 2015 04:30:17 UTC: ERROR(12589) [put.cc:191] [execute] - Not connected to cluster to put record
Jul 27 2015 04:30:17 UTC: ERROR(12589) [put.cc:191] [execute] - Not connected to cluster to put record
Jul 27 2015 04:30:17 UTC: ERROR(12589) [put.cc:191] [execute] - Not connected to cluster to put record
Jul 27 2015 04:30:17 UTC: ERROR(12589) [put.cc:191] [execute] - Not connected to cluster to put record
Jul 27 2015 04:30:17 UTC: ERROR(12589) [put.cc:191] [execute] - Not connected to cluster to put record
Jul 27 2015 04:30:17 UTC: ERROR(12589) [put.cc:191] [execute] - Not connected to cluster to put record
Jul 27 2015 04:30:17 UTC: ERROR(12589) [put.cc:191] [execute] - Not connected to cluster to put record
Jul 27 2015 04:30:17 UTC: ERROR(12589) [put.cc:191] [execute] - Not connected to cluster to put record
Jul 27 2015 04:30:17 UTC: ERROR(12589) [put.cc:191] [execute] - Not connected to cluster to put record
Jul 27 2015 04:30:17 UTC: ERROR(12589) [put.cc:191] [execute] - Not connected to cluster to put record
Jul 27 2015 04:30:17 UTC: ERROR(12589) [put.cc:191] [execute] - Not connected to cluster to put record
Jul 27 2015 04:30:17 UTC: ERROR(12589) [put.cc:191] [execute] - Not connected to cluster to put record
Jul 27 2015 04:30:17 UTC: ERROR(12589) [put.cc:191] [execute] - Not connected to cluster to put record
Jul 27 2015 04:30:17 UTC: ERROR(12589) [put.cc:191] [execute] - Not connected to cluster to put record
Jul 27 2015 04:30:17 UTC: ERROR(12589) [put.cc:191] [execute] - Not connected to cluster to put record
Jul 27 2015 04:30:17 UTC: ERROR(12589) [put.cc:191] [execute] - Not connected to cluster to put record
Jul 27 2015 04:30:17 UTC: ERROR(12589) [put.cc:191] [execute] - Not connected to cluster to put record
Jul 27 2015 04:30:17 UTC: ERROR(12589) [put.cc:191] [execute] - Not connected to cluster to put record
Jul 27 2015 04:30:17 UTC: ERROR(12589) [put.cc:191] [execute] - Not connected to cluster to put record
Jul 27 2015 04:30:17 UTC: ERROR(12589) [put.cc:191] [execute] - Not connected to cluster to put record
Jul 27 2015 04:30:17 UTC: ERROR(12589) [put.cc:191] [execute] - Not connected to cluster to put record
Jul 27 2015 04:30:17 UTC: ERROR(12589) [put.cc:191] [execute] - Not connected to cluster to put record
Jul 27 2015 04:30:17 UTC: ERROR(12589) [put.cc:191] [execute] - Not connected to cluster to put record
Jul 27 2015 04:30:17 UTC: ERROR(12589) [put.cc:191] [execute] - Not connected to cluster to put record
Jul 27 2015 04:30:17 UTC: ERROR(12589) [put.cc:191] [execute] - Not connected to cluster to put record
Jul 27 2015 04:30:17 UTC: ERROR(12589) [put.cc:191] [execute] - Not connected to cluster to put record
Jul 27 2015 04:30:17 UTC: ERROR(12589) [put.cc:191] [execute] - Not connected to cluster to put record
Jul 27 2015 04:30:17 UTC: ERROR(12589) [put.cc:191] [execute] - Not connected to cluster to put record
Jul 27 2015 04:30:17 UTC: ERROR(12589) [put.cc:191] [execute] - Not connected to cluster to put record
Jul 27 2015 04:30:17 UTC: ERROR(12589) [put.cc:191] [execute] - Not connected to cluster to put record
Jul 27 2015 04:30:17 UTC: ERROR(12589) [put.cc:191] [execute] - Not connected to cluster to put record
Jul 27 2015 04:30:17 UTC: ERROR(12589) [put.cc:191] [execute] - Not connected to cluster to put record
Jul 27 2015 04:30:17 UTC: ERROR(12589) [put.cc:191] [execute] - Not connected to cluster to put record
Jul 27 2015 04:30:17 UTC: ERROR(12589) [put.cc:191] [execute] - Not connected to cluster to put record
Jul 27 2015 04:30:17 UTC: ERROR(12589) [put.cc:191] [execute] - Not connected to cluster to put record
Jul 27 2015 04:30:17 UTC: ERROR(12589) [put.cc:191] [execute] - Not connected to cluster to put record
Jul 27 2015 04:30:17 UTC: ERROR(12589) [put.cc:191] [execute] - Not connected to cluster to put record
Jul 27 2015 04:30:17 UTC: ERROR(12589) [put.cc:191] [execute] - Not connected to cluster to put record
Jul 27 2015 04:30:17 UTC: ERROR(12589) [put.cc:191] [execute] - Not connected to cluster to put record
Jul 27 2015 04:30:17 UTC: ERROR(12589) [put.cc:191] [execute] - Not connected to cluster to put record
Jul 27 2015 04:30:17 UTC: ERROR(12589) [put.cc:191] [execute] - Not connected to cluster to put record
Jul 27 2015 04:30:17 UTC: ERROR(12589) [put.cc:191] [execute] - Not connected to cluster to put record
Jul 27 2015 04:30:17 UTC: ERROR(12589) [put.cc:191] [execute] - Not connected to cluster to put record
Jul 27 2015 04:30:17 UTC: ERROR(12589) [put.cc:191] [execute] - Not connected to cluster to put record
Jul 27 2015 04:30:17 UTC: ERROR(12589) [put.cc:191] [execute] - Not connected to cluster to put record
Jul 27 2015 04:30:17 UTC: ERROR(12589) [put.cc:191] [execute] - Not connected to cluster to put record
Jul 27 2015 04:30:17 UTC: ERROR(12589) [put.cc:191] [execute] - Not connected to cluster to put record
Jul 27 2015 04:30:17 UTC: ERROR(12589) [put.cc:191] [execute] - Not connected to cluster to put record
Jul 27 2015 04:30:17 UTC: ERROR(12589) [put.cc:191] [execute] - Not connected to cluster to put record
Jul 27 2015 04:30:17 UTC: ERROR(12589) [put.cc:191] [execute] - Not connected to cluster to put record
Jul 27 2015 04:30:17 UTC: ERROR(12589) [put.cc:191] [execute] - Not connected to cluster to put record
Jul 27 2015 04:30:17 UTC: ERROR(12589) [put.cc:191] [execute] - Not connected to cluster to put record
Jul 27 2015 04:30:17 UTC: ERROR(12589) [put.cc:191] [execute] - Not connected to cluster to put record
Jul 27 2015 04:30:17 UTC: ERROR(12589) [put.cc:191] [execute] - Not connected to cluster to put record
Jul 27 2015 04:30:17 UTC: ERROR(12589) [put.cc:191] [execute] - Not connected to cluster to put record
Jul 27 2015 04:30:17 UTC: ERROR(12589) [put.cc:191] [execute] - Not connected to cluster to put record
Jul 27 2015 04:30:17 UTC: ERROR(12589) [put.cc:191] [execute] - Not connected to cluster to put record
Jul 27 2015 04:30:17 UTC: ERROR(12589) [put.cc:191] [execute] - Not connected to cluster to put record
Jul 27 2015 04:30:17 UTC: ERROR(12589) [put.cc:191] [execute] - Not connected to cluster to put record
Jul 27 2015 04:30:17 UTC: ERROR(12589) [put.cc:191] [execute] - Not connected to cluster to put record
Jul 27 2015 04:30:17 UTC: ERROR(12589) [put.cc:191] [execute] - Not connected to cluster to put record
Jul 27 2015 04:30:17 UTC: ERROR(12589) [put.cc:191] [execute] - Not connected to cluster to put record
Jul 27 2015 04:30:17 UTC: ERROR(12589) [put.cc:191] [execute] - Not connected to cluster to put record
Jul 27 2015 04:30:17 UTC: ERROR(12589) [put.cc:191] [execute] - Not connected to cluster to put record
Jul 27 2015 04:30:17 UTC: ERROR(12589) [put.cc:191] [execute] - Not connected to cluster to put record
Jul 27 2015 04:30:17 UTC: ERROR(12589) [put.cc:191] [execute] - Not connected to cluster to put record
Jul 27 2015 04:30:17 UTC: ERROR(12589) [put.cc:191] [execute] - Not connected to cluster to put record
Jul 27 2015 04:30:17 UTC: ERROR(12589) [put.cc:191] [execute] - Not connected to cluster to put record
Jul 27 2015 04:30:17 UTC: ERROR(12589) [put.cc:191] [execute] - Not connected to cluster to put record
Jul 27 2015 04:30:17 UTC: ERROR(12589) [put.cc:191] [execute] - Not connected to cluster to put record
Jul 27 2015 04:30:17 UTC: ERROR(12589) [put.cc:191] [execute] - Not connected to cluster to put record
Jul 27 2015 04:30:17 UTC: ERROR(12589) [put.cc:191] [execute] - Not connected to cluster to put record
Jul 27 2015 04:30:17 UTC: ERROR(12589) [put.cc:191] [execute] - Not connected to cluster to put record
Jul 27 2015 04:30:17 UTC: ERROR(12589) [put.cc:191] [execute] - Not connected to cluster to put record
Jul 27 2015 04:30:17 UTC: ERROR(12589) [put.cc:191] [execute] - Not connected to cluster to put record
Jul 27 2015 04:30:17 UTC: ERROR(12589) [put.cc:191] [execute] - Not connected to cluster to put record
Jul 27 2015 04:30:17 UTC: ERROR(12589) [put.cc:191] [execute] - Not connected to cluster to put record
Jul 27 2015 04:30:17 UTC: ERROR(12589) [put.cc:191] [execute] - Not connected to cluster to put record
Jul 27 2015 04:30:17 UTC: ERROR(12589) [put.cc:191] [execute] - Not connected to cluster to put record
Jul 27 2015 04:30:17 UTC: ERROR(12589) [put.cc:191] [execute] - Not connected to cluster to put record
Jul 27 2015 04:30:17 UTC: ERROR(12589) [put.cc:191] [execute] - Not connected to cluster to put record
Jul 27 2015 04:30:17 UTC: ERROR(12589) [put.cc:191] [execute] - Not connected to cluster to put record
Jul 27 2015 04:30:17 UTC: ERROR(12589) [put.cc:191] [execute] - Not connected to cluster to put record
Jul 27 2015 04:30:17 UTC: ERROR(12589) [put.cc:191] [execute] - Not connected to cluster to put record
Jul 27 2015 04:30:17 UTC: ERROR(12589) [put.cc:191] [execute] - Not connected to cluster to put record
Jul 27 2015 04:30:17 UTC: ERROR(12589) [put.cc:191] [execute] - Not connected to cluster to put record
Jul 27 2015 04:30:17 UTC: ERROR(12589) [put.cc:191] [execute] - Not connected to cluster to put record
Jul 27 2015 04:30:17 UTC: ERROR(12589) [put.cc:191] [execute] - Not connected to cluster to put record
Jul 27 2015 04:30:17 UTC: ERROR(12589) [put.cc:191] [execute] - Not connected to cluster to put record
Jul 27 2015 04:30:17 UTC: ERROR(12589) [put.cc:191] [execute] - Not connected to cluster to put record
Jul 27 2015 04:30:17 UTC: ERROR(12589) [put.cc:191] [execute] - Not connected to cluster to put record
Jul 27 2015 04:30:17 UTC: ERROR(12589) [put.cc:191] [execute] - Not connected to cluster to put record
Jul 27 2015 04:30:17 UTC: ERROR(12589) [put.cc:191] [execute] - Not connected to cluster to put record
Jul 27 2015 04:30:17 UTC: ERROR(12589) [put.cc:191] [execute] - Not connected to cluster to put record
Jul 27 2015 04:30:17 UTC: ERROR(12589) [put.cc:191] [execute] - Not connected to cluster to put record
Jul 27 2015 04:30:17 UTC: ERROR(12589) [put.cc:191] [execute] - Not connected to cluster to put record
Jul 27 2015 04:30:17 UTC: ERROR(12589) [put.cc:191] [execute] - Not connected to cluster to put record
Jul 27 2015 04:30:17 UTC: ERROR(12589) [put.cc:191] [execute] - Not connected to cluster to put record
Jul 27 2015 04:30:17 UTC: ERROR(12589) [put.cc:191] [execute] - Not connected to cluster to put record
Jul 27 2015 04:30:17 UTC: ERROR(12589) [put.cc:191] [execute] - Not connected to cluster to put record
Jul 27 2015 04:30:17 UTC: ERROR(12589) [put.cc:191] [execute] - Not connected to cluster to put record
Jul 27 2015 04:30:17 UTC: ERROR(12589) [put.cc:191] [execute] - Not connected to cluster to put record
Jul 27 2015 04:30:17 UTC: ERROR(12589) [put.cc:191] [execute] - Not connected to cluster to put record
Jul 27 2015 04:30:17 UTC: ERROR(12589) [put.cc:191] [execute] - Not connected to cluster to put record
Jul 27 2015 04:30:17 UTC: ERROR(12589) [put.cc:191] [execute] - Not connected to cluster to put record
Jul 27 2015 04:30:17 UTC: ERROR(12589) [put.cc:191] [execute] - Not connected to cluster to put record
Jul 27 2015 04:30:17 UTC: ERROR(12589) [put.cc:191] [execute] - Not connected to cluster to put record
Jul 27 2015 04:30:17 UTC: ERROR(12589) [put.cc:191] [execute] - Not connected to cluster to put record
Jul 27 2015 04:30:17 UTC: ERROR(12589) [put.cc:191] [execute] - Not connected to cluster to put record
Jul 27 2015 04:30:17 UTC: ERROR(12589) [put.cc:191] [execute] - Not connected to cluster to put record
Jul 27 2015 04:30:17 UTC: ERROR(12589) [put.cc:191] [execute] - Not connected to cluster to put record
Jul 27 2015 04:30:17 UTC: ERROR(12589) [put.cc:191] [execute] - Not connected to cluster to put record
Jul 27 2015 04:30:17 UTC: ERROR(12589) [put.cc:191] [execute] - Not connected to cluster to put record
Jul 27 2015 04:30:17 UTC: ERROR(12589) [put.cc:191] [execute] - Not connected to cluster to put record
Jul 27 2015 04:30:17 UTC: ERROR(12589) [put.cc:191] [execute] - Not connected to cluster to put record
Jul 27 2015 04:30:17 UTC: ERROR(12589) [put.cc:191] [execute] - Not connected to cluster to put record
Jul 27 2015 04:30:17 UTC: ERROR(12589) [put.cc:191] [execute] - Not connected to cluster to put record
Jul 27 2015 04:30:17 UTC: ERROR(12589) [put.cc:191] [execute] - Not connected to cluster to put record
Jul 27 2015 04:30:17 UTC: ERROR(12589) [put.cc:191] [execute] - Not connected to cluster to put record
Jul 27 2015 04:30:17 UTC: ERROR(12589) [put.cc:191] [execute] - Not connected to cluster to put record
Jul 27 2015 04:30:17 UTC: ERROR(12589) [put.cc:191] [execute] - Not connected to cluster to put record
Jul 27 2015 04:30:17 UTC: ERROR(12589) [put.cc:191] [execute] - Not connected to cluster to put record
Jul 27 2015 04:30:17 UTC: ERROR(12589) [put.cc:191] [execute] - Not connected to cluster to put record
Jul 27 2015 04:30:17 UTC: ERROR(12589) [put.cc:191] [execute] - Not connected to cluster to put record
Jul 27 2015 04:30:17 UTC: ERROR(12589) [put.cc:191] [execute] - Not connected to cluster to put record
Jul 27 2015 04:30:17 UTC: ERROR(12589) [put.cc:191] [execute] - Not connected to cluster to put record
Jul 27 2015 04:30:17 UTC: ERROR(12589) [put.cc:191] [execute] - Not connected to cluster to put record
Jul 27 2015 04:30:17 UTC: ERROR(12589) [put.cc:191] [execute] - Not connected to cluster to put record
Jul 27 2015 04:30:17 UTC: ERROR(12589) [put.cc:191] [execute] - Not connected to cluster to put record
Jul 27 2015 04:30:17 UTC: ERROR(12589) [put.cc:191] [execute] - Not connected to cluster to put record
Jul 27 2015 04:30:17 UTC: ERROR(12589) [put.cc:191] [execute] - Not connected to cluster to put record
Jul 27 2015 04:30:17 UTC: ERROR(12589) [put.cc:191] [execute] - Not connected to cluster to put record
Jul 27 2015 04:30:17 UTC: ERROR(12589) [put.cc:191] [execute] - Not connected to cluster to put record
Jul 27 2015 04:30:17 UTC: ERROR(12589) [put.cc:191] [execute] - Not connected to cluster to put record
Jul 27 2015 04:30:17 UTC: ERROR(12589) [put.cc:191] [execute] - Not connected to cluster to put record
Jul 27 2015 04:30:17 UTC: ERROR(12589) [put.cc:191] [execute] - Not connected to cluster to put record
Jul 27 2015 04:30:17 UTC: ERROR(12589) [put.cc:191] [execute] - Not connected to cluster to put record
Jul 27 2015 04:30:17 UTC: ERROR(12589) [put.cc:191] [execute] - Not connected to cluster to put record
Jul 27 2015 04:30:17 UTC: ERROR(12589) [put.cc:191] [execute] - Not connected to cluster to put record
Jul 27 2015 04:30:17 UTC: ERROR(12589) [put.cc:191] [execute] - Not connected to cluster to put record
Jul 27 2015 04:30:17 UTC: ERROR(12589) [put.cc:191] [execute] - Not connected to cluster to put record
Jul 27 2015 04:30:17 UTC: ERROR(12589) [put.cc:191] [execute] - Not connected to cluster to put record
Jul 27 2015 04:30:17 UTC: ERROR(12589) [put.cc:191] [execute] - Not connected to cluster to put record
Jul 27 2015 04:30:17 UTC: ERROR(12589) [put.cc:191] [execute] - Not connected to cluster to put record
Jul 27 2015 04:30:17 UTC: ERROR(12589) [put.cc:191] [execute] - Not connected to cluster to put record
Jul 27 2015 04:30:17 UTC: ERROR(12589) [put.cc:191] [execute] - Not connected to cluster to put record
Jul 27 2015 04:30:17 UTC: ERROR(12589) [put.cc:191] [execute] - Not connected to cluster to put record
Jul 27 2015 04:30:17 UTC: ERROR(12589) [put.cc:191] [execute] - Not connected to cluster to put record
Jul 27 2015 04:30:17 UTC: ERROR(12589) [put.cc:191] [execute] - Not connected to cluster to put record
Jul 27 2015 04:30:17 UTC: ERROR(12589) [put.cc:191] [execute] - Not connected to cluster to put record
Jul 27 2015 04:30:17 UTC: ERROR(12589) [put.cc:191] [execute] - Not connected to cluster to put record
Jul 27 2015 04:30:17 UTC: ERROR(12589) [put.cc:191] [execute] - Not connected to cluster to put record
Jul 27 2015 04:30:17 UTC: ERROR(12589) [put.cc:191] [execute] - Not connected to cluster to put record
Jul 27 2015 04:30:17 UTC: ERROR(12589) [put.cc:191] [execute] - Not connected to cluster to put record
Jul 27 2015 04:30:17 UTC: ERROR(12589) [put.cc:191] [execute] - Not connected to cluster to put record
Jul 27 2015 04:30:17 UTC: ERROR(12589) [put.cc:191] [execute] - Not connected to cluster to put record
Jul 27 2015 04:30:17 UTC: ERROR(12589) [put.cc:191] [execute] - Not connected to cluster to put record
Jul 27 2015 04:30:17 UTC: ERROR(12589) [put.cc:191] [execute] - Not connected to cluster to put record
Jul 27 2015 04:30:17 UTC: ERROR(12589) [put.cc:191] [execute] - Not connected to cluster to put record
Jul 27 2015 04:30:17 UTC: ERROR(12589) [put.cc:191] [execute] - Not connected to cluster to put record
Jul 27 2015 04:30:17 UTC: ERROR(12589) [put.cc:191] [execute] - Not connected to cluster to put record
Jul 27 2015 04:30:17 UTC: ERROR(12589) [put.cc:191] [execute] - Not connected to cluster to put record
Jul 27 2015 04:30:17 UTC: ERROR(12589) [put.cc:191] [execute] - Not connected to cluster to put record
Jul 27 2015 04:30:17 UTC: ERROR(12589) [put.cc:191] [execute] - Not connected to cluster to put record
Jul 27 2015 04:30:17 UTC: ERROR(12589) [put.cc:191] [execute] - Not connected to cluster to put record
Jul 27 2015 04:30:17 UTC: ERROR(12589) [put.cc:191] [execute] - Not connected to cluster to put record
Jul 27 2015 04:30:17 UTC: ERROR(12589) [put.cc:191] [execute] - Not connected to cluster to put record
Jul 27 2015 04:30:17 UTC: ERROR(12589) [put.cc:191] [execute] - Not connected to cluster to put record
Jul 27 2015 04:30:17 UTC: ERROR(12589) [put.cc:191] [execute] - Not connected to cluster to put record
Jul 27 2015 04:30:17 UTC: ERROR(12589) [put.cc:191] [execute] - Not connected to cluster to put record
Jul 27 2015 04:30:17 UTC: ERROR(12589) [put.cc:191] [execute] - Not connected to cluster to put record
Jul 27 2015 04:30:17 UTC: ERROR(12589) [put.cc:191] [execute] - Not connected to cluster to put record
Jul 27 2015 04:30:17 UTC: ERROR(12589) [put.cc:191] [execute] - Not connected to cluster to put record
Jul 27 2015 04:30:17 UTC: ERROR(12589) [put.cc:191] [execute] - Not connected to cluster to put record
Jul 27 2015 04:30:17 UTC: ERROR(12589) [put.cc:191] [execute] - Not connected to cluster to put record
Jul 27 2015 04:30:17 UTC: ERROR(12589) [put.cc:191] [execute] - Not connected to cluster to put record
Jul 27 2015 04:30:17 UTC: ERROR(12589) [put.cc:191] [execute] - Not connected to cluster to put record
Jul 27 2015 04:30:17 UTC: ERROR(12589) [put.cc:191] [execute] - Not connected to cluster to put record
Jul 27 2015 04:30:17 UTC: ERROR(12589) [put.cc:191] [execute] - Not connected to cluster to put record
Jul 27 2015 04:30:17 UTC: ERROR(12589) [put.cc:191] [execute] - Not connected to cluster to put record
Jul 27 2015 04:30:17 UTC: ERROR(12589) [put.cc:191] [execute] - Not connected to cluster to put record
Jul 27 2015 04:30:17 UTC: ERROR(12589) [put.cc:191] [execute] - Not connected to cluster to put record
Jul 27 2015 04:30:17 UTC: ERROR(12589) [put.cc:191] [execute] - Not connected to cluster to put record
Jul 27 2015 04:30:17 UTC: ERROR(12589) [put.cc:191] [execute] - Not connected to cluster to put record
Jul 27 2015 04:30:17 UTC: ERROR(12589) [put.cc:191] [execute] - Not connected to cluster to put record
Jul 27 2015 04:30:17 UTC: ERROR(12589) [put.cc:191] [execute] - Not connected to cluster to put record
Jul 27 2015 04:30:17 UTC: ERROR(12589) [put.cc:191] [execute] - Not connected to cluster to put record
Jul 27 2015 04:30:17 UTC: ERROR(12589) [put.cc:191] [execute] - Not connected to cluster to put record
Jul 27 2015 04:30:17 UTC: ERROR(12589) [put.cc:191] [execute] - Not connected to cluster to put record
Jul 27 2015 04:30:17 UTC: ERROR(12589) [put.cc:191] [execute] - Not connected to cluster to put record
Jul 27 2015 04:30:17 UTC: ERROR(12589) [put.cc:191] [execute] - Not connected to cluster to put record
Jul 27 2015 04:30:17 UTC: ERROR(12589) [put.cc:191] [execute] - Not connected to cluster to put record
Jul 27 2015 04:30:17 UTC: ERROR(12589) [put.cc:191] [execute] - Not connected to cluster to put record
Jul 27 2015 04:30:17 UTC: ERROR(12589) [put.cc:191] [execute] - Not connected to cluster to put record
Jul 27 2015 04:30:17 UTC: ERROR(12589) [put.cc:191] [execute] - Not connected to cluster to put record
Jul 27 2015 04:30:17 UTC: ERROR(12589) [put.cc:191] [execute] - Not connected to cluster to put record
Jul 27 2015 04:30:17 UTC: ERROR(12589) [put.cc:191] [execute] - Not connected to cluster to put record
Jul 27 2015 04:30:17 UTC: ERROR(12589) [put.cc:191] [execute] - Not connected to cluster to put record
Jul 27 2015 04:30:17 UTC: ERROR(12589) [put.cc:191] [execute] - Not connected to cluster to put record
Jul 27 2015 04:30:17 UTC: ERROR(12589) [put.cc:191] [execute] - Not connected to cluster to put record
Jul 27 2015 04:30:17 UTC: ERROR(12589) [put.cc:191] [execute] - Not connected to cluster to put record
Jul 27 2015 04:30:17 UTC: ERROR(12589) [put.cc:191] [execute] - Not connected to cluster to put record
Jul 27 2015 04:30:17 UTC: ERROR(12589) [put.cc:191] [execute] - Not connected to cluster to put record
Jul 27 2015 04:30:17 UTC: ERROR(12589) [put.cc:191] [execute] - Not connected to cluster to put record
Jul 27 2015 04:30:17 UTC: ERROR(12589) [put.cc:191] [execute] - Not connected to cluster to put record
Jul 27 2015 04:30:17 UTC: ERROR(12589) [put.cc:191] [execute] - Not connected to cluster to put record
Jul 27 2015 04:30:17 UTC: ERROR(12589) [put.cc:191] [execute] - Not connected to cluster to put record
Jul 27 2015 04:30:17 UTC: ERROR(12589) [put.cc:191] [execute] - Not connected to cluster to put record
Jul 27 2015 04:30:17 UTC: ERROR(12589) [put.cc:191] [execute] - Not connected to cluster to put record
Jul 27 2015 04:30:17 UTC: ERROR(12589) [put.cc:191] [execute] - Not connected to cluster to put record
Jul 27 2015 04:30:17 UTC: ERROR(12589) [put.cc:191] [execute] - Not connected to cluster to put record
Jul 27 2015 04:30:17 UTC: ERROR(12589) [put.cc:191] [execute] - Not connected to cluster to put record
Jul 27 2015 04:30:17 UTC: ERROR(12589) [put.cc:191] [execute] - Not connected to cluster to put record
Jul 27 2015 04:30:17 UTC: ERROR(12589) [put.cc:191] [execute] - Not connected to cluster to put record
Jul 27 2015 04:30:17 UTC: ERROR(12589) [put.cc:191] [execute] - Not connected to cluster to put record
Jul 27 2015 04:30:17 UTC: ERROR(12589) [put.cc:191] [execute] - Not connected to cluster to put record
Jul 27 2015 04:30:17 UTC: ERROR(12589) [put.cc:191] [execute] - Not connected to cluster to put record
Jul 27 2015 04:30:17 UTC: ERROR(12589) [put.cc:191] [execute] - Not connected to cluster to put record
Jul 27 2015 04:30:17 UTC: ERROR(12589) [put.cc:191] [execute] - Not connected to cluster to put record
Jul 27 2015 04:30:17 UTC: ERROR(12589) [put.cc:191] [execute] - Not connected to cluster to put record
Jul 27 2015 04:30:17 UTC: ERROR(12589) [put.cc:191] [execute] - Not connected to cluster to put record
Jul 27 2015 04:30:17 UTC: ERROR(12589) [put.cc:191] [execute] - Not connected to cluster to put record
Jul 27 2015 04:30:17 UTC: ERROR(12589) [put.cc:191] [execute] - Not connected to cluster to put record
Jul 27 2015 04:30:17 UTC: ERROR(12589) [put.cc:191] [execute] - Not connected to cluster to put record
Jul 27 2015 04:30:17 UTC: ERROR(12589) [put.cc:191] [execute] - Not connected to cluster to put record
Jul 27 2015 04:30:17 UTC: ERROR(12589) [put.cc:191] [execute] - Not connected to cluster to put record
Jul 27 2015 04:30:17 UTC: ERROR(12589) [put.cc:191] [execute] - Not connected to cluster to put record
Jul 27 2015 04:30:17 UTC: ERROR(12589) [put.cc:191] [execute] - Not connected to cluster to put record
Jul 27 2015 04:30:17 UTC: ERROR(12589) [put.cc:191] [execute] - Not connected to cluster to put record
Jul 27 2015 04:30:17 UTC: ERROR(12589) [put.cc:191] [execute] - Not connected to cluster to put record
Jul 27 2015 04:30:17 UTC: ERROR(12589) [put.cc:191] [execute] - Not connected to cluster to put record
Jul 27 2015 04:30:17 UTC: ERROR(12589) [put.cc:191] [execute] - Not connected to cluster to put record
Jul 27 2015 04:30:17 UTC: ERROR(12589) [put.cc:191] [execute] - Not connected to cluster to put record
Jul 27 2015 04:30:17 UTC: ERROR(12589) [put.cc:191] [execute] - Not connected to cluster to put record
Jul 27 2015 04:30:17 UTC: ERROR(12589) [put.cc:191] [execute] - Not connected to cluster to put record
Jul 27 2015 04:30:17 UTC: ERROR(12589) [put.cc:191] [execute] - Not connected to cluster to put record
Jul 27 2015 04:30:17 UTC: ERROR(12589) [put.cc:191] [execute] - Not connected to cluster to put record
Jul 27 2015 04:30:17 UTC: ERROR(12589) [put.cc:191] [execute] - Not connected to cluster to put record
Jul 27 2015 04:30:17 UTC: ERROR(12589) [put.cc:191] [execute] - Not connected to cluster to put record
Jul 27 2015 04:30:17 UTC: ERROR(12589) [put.cc:191] [execute] - Not connected to cluster to put record
Jul 27 2015 04:30:17 UTC: ERROR(12589) [put.cc:191] [execute] - Not connected to cluster to put record
Jul 27 2015 04:30:17 UTC: ERROR(12589) [put.cc:191] [execute] - Not connected to cluster to put record
Jul 27 2015 04:30:17 UTC: ERROR(12589) [put.cc:191] [execute] - Not connected to cluster to put record
Jul 27 2015 04:30:17 UTC: ERROR(12589) [put.cc:191] [execute] - Not connected to cluster to put record
Jul 27 2015 04:30:17 UTC: ERROR(12589) [put.cc:191] [execute] - Not connected to cluster to put record
Jul 27 2015 04:30:17 UTC: ERROR(12589) [put.cc:191] [execute] - Not connected to cluster to put record
Jul 27 2015 04:30:17 UTC: ERROR(12589) [put.cc:191] [execute] - Not connected to cluster to put record
Jul 27 2015 04:30:17 UTC: ERROR(12589) [put.cc:191] [execute] - Not connected to cluster to put record
Jul 27 2015 04:30:17 UTC: ERROR(12589) [put.cc:191] [execute] - Not connected to cluster to put record
Jul 27 2015 04:30:17 UTC: ERROR(12589) [put.cc:191] [execute] - Not connected to cluster to put record
Jul 27 2015 04:30:17 UTC: ERROR(12589) [put.cc:191] [execute] - Not connected to cluster to put record
Jul 27 2015 04:30:17 UTC: ERROR(12589) [put.cc:191] [execute] - Not connected to cluster to put record
Jul 27 2015 04:30:17 UTC: ERROR(12589) [put.cc:191] [execute] - Not connected to cluster to put record
Jul 27 2015 04:30:17 UTC: ERROR(12589) [put.cc:191] [execute] - Not connected to cluster to put record
Jul 27 2015 04:30:17 UTC: ERROR(12589) [put.cc:191] [execute] - Not connected to cluster to put record
Jul 27 2015 04:30:17 UTC: ERROR(12589) [put.cc:191] [execute] - Not connected to cluster to put record
Jul 27 2015 04:30:17 UTC: ERROR(12589) [put.cc:191] [execute] - Not connected to cluster to put record
Jul 27 2015 04:30:17 UTC: ERROR(12589) [put.cc:191] [execute] - Not connected to cluster to put record
Jul 27 2015 04:30:17 UTC: ERROR(12589) [put.cc:191] [execute] - Not connected to cluster to put record
Jul 27 2015 04:30:17 UTC: ERROR(12589) [put.cc:191] [execute] - Not connected to cluster to put record
Jul 27 2015 04:30:17 UTC: ERROR(12589) [put.cc:191] [execute] - Not connected to cluster to put record
Jul 27 2015 04:30:17 UTC: ERROR(12589) [put.cc:191] [execute] - Not connected to cluster to put record
Jul 27 2015 04:30:17 UTC: ERROR(12589) [put.cc:191] [execute] - Not connected to cluster to put record
Jul 27 2015 04:30:17 UTC: ERROR(12589) [put.cc:191] [execute] - Not connected to cluster to put record
Jul 27 2015 04:30:17 UTC: ERROR(12589) [put.cc:191] [execute] - Not connected to cluster to put record
Jul 27 2015 04:30:17 UTC: ERROR(12589) [put.cc:191] [execute] - Not connected to cluster to put record
Jul 27 2015 04:30:17 UTC: ERROR(12589) [put.cc:191] [execute] - Not connected to cluster to put record
Jul 27 2015 04:30:17 UTC: ERROR(12589) [put.cc:191] [execute] - Not connected to cluster to put record
Jul 27 2015 04:30:17 UTC: ERROR(12589) [put.cc:191] [execute] - Not connected to cluster to put record
Jul 27 2015 04:30:17 UTC: ERROR(12589) [put.cc:191] [execute] - Not connected to cluster to put record
Jul 27 2015 04:30:17 UTC: ERROR(12589) [put.cc:191] [execute] - Not connected to cluster to put record
Jul 27 2015 04:30:17 UTC: ERROR(12589) [put.cc:191] [execute] - Not connected to cluster to put record
Jul 27 2015 04:30:17 UTC: ERROR(12589) [put.cc:191] [execute] - Not connected to cluster to put record
Jul 27 2015 04:30:17 UTC: ERROR(12589) [put.cc:191] [execute] - Not connected to cluster to put record
Jul 27 2015 04:30:17 UTC: ERROR(12589) [put.cc:191] [execute] - Not connected to cluster to put record
Jul 27 2015 04:30:17 UTC: ERROR(12589) [put.cc:191] [execute] - Not connected to cluster to put record
Jul 27 2015 04:30:17 UTC: ERROR(12589) [put.cc:191] [execute] - Not connected to cluster to put record
Jul 27 2015 04:30:17 UTC: ERROR(12589) [put.cc:191] [execute] - Not connected to cluster to put record
Jul 27 2015 04:30:17 UTC: ERROR(12589) [put.cc:191] [execute] - Not connected to cluster to put record
Jul 27 2015 04:30:17 UTC: ERROR(12589) [put.cc:191] [execute] - Not connected to cluster to put record
Jul 27 2015 04:30:17 UTC: ERROR(12589) [put.cc:191] [execute] - Not connected to cluster to put record
Jul 27 2015 04:30:17 UTC: ERROR(12589) [put.cc:191] [execute] - Not connected to cluster to put record
Jul 27 2015 04:30:17 UTC: ERROR(12589) [put.cc:191] [execute] - Not connected to cluster to put record
Jul 27 2015 04:30:17 UTC: ERROR(12589) [put.cc:191] [execute] - Not connected to cluster to put record
Jul 27 2015 04:30:17 UTC: ERROR(12589) [put.cc:191] [execute] - Not connected to cluster to put record
Jul 27 2015 04:30:17 UTC: ERROR(12589) [put.cc:191] [execute] - Not connected to cluster to put record
Jul 27 2015 04:30:17 UTC: ERROR(12589) [put.cc:191] [execute] - Not connected to cluster to put record
Jul 27 2015 04:30:17 UTC: ERROR(12589) [put.cc:191] [execute] - Not connected to cluster to put record
Jul 27 2015 04:30:17 UTC: ERROR(12589) [put.cc:191] [execute] - Not connected to cluster to put record
Jul 27 2015 04:30:17 UTC: ERROR(12589) [put.cc:191] [execute] - Not connected to cluster to put record
Jul 27 2015 04:30:17 UTC: ERROR(12589) [put.cc:191] [execute] - Not connected to cluster to put record
Jul 27 2015 04:30:17 UTC: ERROR(12589) [put.cc:191] [execute] - Not connected to cluster to put record
Jul 27 2015 04:30:17 UTC: ERROR(12589) [put.cc:191] [execute] - Not connected to cluster to put record
Jul 27 2015 04:30:17 UTC: ERROR(12589) [put.cc:191] [execute] - Not connected to cluster to put record
Jul 27 2015 04:30:17 UTC: ERROR(12589) [put.cc:191] [execute] - Not connected to cluster to put record
Jul 27 2015 04:30:17 UTC: ERROR(12589) [put.cc:191] [execute] - Not connected to cluster to put record
Jul 27 2015 04:30:17 UTC: ERROR(12589) [put.cc:191] [execute] - Not connected to cluster to put record
Jul 27 2015 04:30:17 UTC: ERROR(12589) [put.cc:191] [execute] - Not connected to cluster to put record
Jul 27 2015 04:30:17 UTC: ERROR(12589) [put.cc:191] [execute] - Not connected to cluster to put record
Jul 27 2015 04:30:17 UTC: ERROR(12589) [put.cc:191] [execute] - Not connected to cluster to put record
Jul 27 2015 04:30:17 UTC: ERROR(12589) [put.cc:191] [execute] - Not connected to cluster to put record
Jul 27 2015 04:30:17 UTC: ERROR(12589) [put.cc:191] [execute] - Not connected to cluster to put record
Jul 27 2015 04:30:17 UTC: ERROR(12589) [put.cc:191] [execute] - Not connected to cluster to put record
Jul 27 2015 04:30:17 UTC: ERROR(12589) [put.cc:191] [execute] - Not connected to cluster to put record
Jul 27 2015 04:30:17 UTC: ERROR(12589) [put.cc:191] [execute] - Not connected to cluster to put record
Jul 27 2015 04:30:17 UTC: ERROR(12589) [put.cc:191] [execute] - Not connected to cluster to put record
Jul 27 2015 04:30:17 UTC: ERROR(12589) [put.cc:191] [execute] - Not connected to cluster to put record
Jul 27 2015 04:30:17 UTC: ERROR(12589) [put.cc:191] [execute] - Not connected to cluster to put record
Jul 27 2015 04:30:17 UTC: ERROR(12589) [put.cc:191] [execute] - Not connected to cluster to put record
Jul 27 2015 04:30:17 UTC: ERROR(12589) [put.cc:191] [execute] - Not connected to cluster to put record
Jul 27 2015 04:30:17 UTC: ERROR(12589) [put.cc:191] [execute] - Not connected to cluster to put record
Jul 27 2015 04:30:17 UTC: ERROR(12589) [put.cc:191] [execute] - Not connected to cluster to put record
Jul 27 2015 04:30:17 UTC: ERROR(12589) [put.cc:191] [execute] - Not connected to cluster to put record
Jul 27 2015 04:30:17 UTC: ERROR(12589) [put.cc:191] [execute] - Not connected to cluster to put record
Jul 27 2015 04:30:17 UTC: ERROR(12589) [put.cc:191] [execute] - Not connected to cluster to put record
Jul 27 2015 04:30:17 UTC: ERROR(12589) [put.cc:191] [execute] - Not connected to cluster to put record
Jul 27 2015 04:30:17 UTC: ERROR(12589) [put.cc:191] [execute] - Not connected to cluster to put record
Jul 27 2015 04:30:17 UTC: ERROR(12589) [put.cc:191] [execute] - Not connected to cluster to put record
Jul 27 2015 04:30:17 UTC: ERROR(12589) [put.cc:191] [execute] - Not connected to cluster to put record
Jul 27 2015 04:30:17 UTC: ERROR(12589) [put.cc:191] [execute] - Not connected to cluster to put record
Jul 27 2015 04:30:17 UTC: ERROR(12589) [put.cc:191] [execute] - Not connected to cluster to put record
Jul 27 2015 04:30:17 UTC: ERROR(12589) [put.cc:191] [execute] - Not connected to cluster to put record
Jul 27 2015 04:30:17 UTC: ERROR(12589) [put.cc:191] [execute] - Not connected to cluster to put record
Jul 27 2015 04:30:17 UTC: ERROR(12589) [put.cc:191] [execute] - Not connected to cluster to put record
Jul 27 2015 04:30:17 UTC: ERROR(12589) [put.cc:191] [execute] - Not connected to cluster to put record
Jul 27 2015 04:30:17 UTC: ERROR(12589) [put.cc:191] [execute] - Not connected to cluster to put record
Jul 27 2015 04:30:17 UTC: ERROR(12589) [put.cc:191] [execute] - Not connected to cluster to put record
Jul 27 2015 04:30:17 UTC: ERROR(12589) [put.cc:191] [execute] - Not connected to cluster to put record
Jul 27 2015 04:30:17 UTC: ERROR(12589) [put.cc:191] [execute] - Not connected to cluster to put record
Jul 27 2015 04:30:17 UTC: ERROR(12589) [put.cc:191] [execute] - Not connected to cluster to put record
Jul 27 2015 04:30:17 UTC: ERROR(12589) [put.cc:191] [execute] - Not connected to cluster to put record
Jul 27 2015 04:30:17 UTC: ERROR(12589) [put.cc:191] [execute] - Not connected to cluster to put record
Jul 27 2015 04:30:17 UTC: ERROR(12589) [put.cc:191] [execute] - Not connected to cluster to put record
Jul 27 2015 04:30:17 UTC: ERROR(12589) [put.cc:191] [execute] - Not connected to cluster to put record
Jul 27 2015 04:30:17 UTC: ERROR(12589) [put.cc:191] [execute] - Not connected to cluster to put record
Jul 27 2015 04:30:17 UTC: ERROR(12589) [put.cc:191] [execute] - Not connected to cluster to put record
Jul 27 2015 04:30:17 UTC: ERROR(12589) [put.cc:191] [execute] - Not connected to cluster to put record
Jul 27 2015 04:30:17 UTC: ERROR(12589) [connect.cc:69] [Connect] - Connecting to Cluster Failed
Jul 27 2015 04:30:17 UTC: ERROR(12589) [put.cc:191] [execute] - Not connected to cluster to put record
Jul 27 2015 04:30:17 UTC: ERROR(12589) [put.cc:191] [execute] - Not connected to cluster to put record
Jul 27 2015 04:30:17 UTC: ERROR(12589) [put.cc:191] [execute] - Not connected to cluster to put record
Jul 27 2015 04:30:17 UTC: ERROR(12589) [put.cc:191] [execute] - Not connected to cluster to put record
Jul 27 2015 04:30:17 UTC: ERROR(12589) [put.cc:191] [execute] - Not connected to cluster to put record
Jul 27 2015 04:30:17 UTC: ERROR(12589) [put.cc:191] [execute] - Not connected to cluster to put record
Jul 27 2015 04:30:17 UTC: ERROR(12589) [put.cc:191] [execute] - Not connected to cluster to put record
Jul 27 2015 04:30:17 UTC: ERROR(12589) [put.cc:191] [execute] - Not connected to cluster to put record
Jul 27 2015 04:30:17 UTC: ERROR(12589) [put.cc:191] [execute] - Not connected to cluster to put record
Jul 27 2015 04:30:17 UTC: ERROR(12589) [put.cc:191] [execute] - Not connected to cluster to put record
Jul 27 2015 04:30:17 UTC: ERROR(12589) [batch_select.cc:226] [execute] - Cluster Object is NULL, can't perform the operation
Jul 27 2015 04:30:17 UTC: ERROR(12589) [put.cc:191] [execute] - Not connected to cluster to put record
Jul 27 2015 04:30:17 UTC: ERROR(12589) [put.cc:191] [execute] - Not connected to cluster to put record
Jul 27 2015 04:30:17 UTC: ERROR(12589) [put.cc:191] [execute] - Not connected to cluster to put record
Jul 27 2015 04:30:17 UTC: ERROR(12589) [put.cc:191] [execute] - Not connected to cluster to put record
Jul 27 2015 04:30:17 UTC: ERROR(12589) [put.cc:191] [execute] - Not connected to cluster to put record
Jul 27 2015 04:30:17 UTC: ERROR(12589) [put.cc:191] [execute] - Not connected to cluster to put record
Jul 27 2015 04:30:17 UTC: ERROR(12589) [put.cc:191] [execute] - Not connected to cluster to put record
Jul 27 2015 04:30:17 UTC: ERROR(12589) [put.cc:191] [execute] - Not connected to cluster to put record
Jul 27 2015 04:30:17 UTC: ERROR(12589) [put.cc:191] [execute] - Not connected to cluster to put record
Jul 27 2015 04:30:17 UTC: ERROR(12589) [put.cc:191] [execute] - Not connected to cluster to put record
Jul 27 2015 04:30:17 UTC: ERROR(12589) [put.cc:191] [execute] - Not connected to cluster to put record
Jul 27 2015 04:30:17 UTC: ERROR(12589) [put.cc:191] [execute] - Not connected to cluster to put record
Jul 27 2015 04:30:17 UTC: ERROR(12589) [put.cc:191] [execute] - Not connected to cluster to put record
Jul 27 2015 04:30:17 UTC: ERROR(12589) [put.cc:191] [execute] - Not connected to cluster to put record
Jul 27 2015 04:30:17 UTC: ERROR(12589) [put.cc:191] [execute] - Not connected to cluster to put record
Jul 27 2015 04:30:17 UTC: ERROR(12589) [put.cc:191] [execute] - Not connected to cluster to put record
Jul 27 2015 04:30:17 UTC: ERROR(12589) [put.cc:191] [execute] - Not connected to cluster to put record
Jul 27 2015 04:30:17 UTC: ERROR(12589) [put.cc:191] [execute] - Not connected to cluster to put record
Jul 27 2015 04:30:17 UTC: ERROR(12589) [put.cc:191] [execute] - Not connected to cluster to put record
Jul 27 2015 04:30:17 UTC: ERROR(12589) [put.cc:191] [execute] - Not connected to cluster to put record
Jul 27 2015 04:30:17 UTC: ERROR(12589) [put.cc:191] [execute] - Not connected to cluster to put record
Jul 27 2015 04:30:17 UTC: ERROR(12589) [put.cc:191] [execute] - Not connected to cluster to put record
Jul 27 2015 04:30:17 UTC: ERROR(12589) [put.cc:191] [execute] - Not connected to cluster to put record
Jul 27 2015 04:30:17 UTC: ERROR(12589) [put.cc:191] [execute] - Not connected to cluster to put record
Jul 27 2015 04:30:17 UTC: ERROR(12589) [put.cc:191] [execute] - Not connected to cluster to put record
Jul 27 2015 04:30:17 UTC: ERROR(12589) [put.cc:191] [execute] - Not connected to cluster to put record
Jul 27 2015 04:30:17 UTC: ERROR(12589) [put.cc:191] [execute] - Not connected to cluster to put record
Jul 27 2015 04:30:17 UTC: ERROR(12589) [put.cc:191] [execute] - Not connected to cluster to put record
Jul 27 2015 04:30:17 UTC: ERROR(12589) [put.cc:191] [execute] - Not connected to cluster to put record
Jul 27 2015 04:30:17 UTC: ERROR(12589) [put.cc:191] [execute] - Not connected to cluster to put record
Jul 27 2015 04:30:17 UTC: ERROR(12589) [put.cc:191] [execute] - Not connected to cluster to put record
Jul 27 2015 04:30:17 UTC: ERROR(12589) [put.cc:191] [execute] - Not connected to cluster to put record
Jul 27 2015 04:30:17 UTC: ERROR(12589) [put.cc:191] [execute] - Not connected to cluster to put record
Jul 27 2015 04:30:17 UTC: ERROR(12589) [put.cc:191] [execute] - Not connected to cluster to put record
Jul 27 2015 04:30:17 UTC: ERROR(12589) [put.cc:191] [execute] - Not connected to cluster to put record
Jul 27 2015 04:30:17 UTC: ERROR(12589) [put.cc:191] [execute] - Not connected to cluster to put record
Jul 27 2015 04:30:17 UTC: ERROR(12589) [put.cc:191] [execute] - Not connected to cluster to put record
Jul 27 2015 04:30:17 UTC: ERROR(12589) [put.cc:191] [execute] - Not connected to cluster to put record
Jul 27 2015 04:30:17 UTC: ERROR(12589) [put.cc:191] [execute] - Not connected to cluster to put record
Jul 27 2015 04:30:17 UTC: ERROR(12589) [put.cc:191] [execute] - Not connected to cluster to put record
Jul 27 2015 04:30:17 UTC: ERROR(12589) [put.cc:191] [execute] - Not connected to cluster to put record
Jul 27 2015 04:30:17 UTC: ERROR(12589) [put.cc:191] [execute] - Not connected to cluster to put record
Jul 27 2015 04:30:17 UTC: ERROR(12589) [put.cc:191] [execute] - Not connected to cluster to put record
Jul 27 2015 04:30:17 UTC: ERROR(12589) [put.cc:191] [execute] - Not connected to cluster to put record
Jul 27 2015 04:30:17 UTC: ERROR(12589) [put.cc:191] [execute] - Not connected to cluster to put record
Jul 27 2015 04:30:17 UTC: ERROR(12589) [put.cc:191] [execute] - Not connected to cluster to put record
Jul 27 2015 04:30:17 UTC: ERROR(12589) [put.cc:191] [execute] - Not connected to cluster to put record
Jul 27 2015 04:30:17 UTC: ERROR(12589) [put.cc:191] [execute] - Not connected to cluster to put record
Jul 27 2015 04:30:17 UTC: ERROR(12589) [put.cc:191] [execute] - Not connected to cluster to put record
Jul 27 2015 04:30:17 UTC: ERROR(12589) [put.cc:191] [execute] - Not connected to cluster to put record
Jul 27 2015 04:30:17 UTC: ERROR(12589) [put.cc:191] [execute] - Not connected to cluster to put record
Jul 27 2015 04:30:17 UTC: ERROR(12589) [put.cc:191] [execute] - Not connected to cluster to put record
Jul 27 2015 04:30:17 UTC: ERROR(12589) [put.cc:191] [execute] - Not connected to cluster to put record
Jul 27 2015 04:30:17 UTC: ERROR(12589) [put.cc:191] [execute] - Not connected to cluster to put record
Jul 27 2015 04:30:17 UTC: ERROR(12589) [put.cc:191] [execute] - Not connected to cluster to put record
Jul 27 2015 04:30:17 UTC: ERROR(12589) [put.cc:191] [execute] - Not connected to cluster to put record
Jul 27 2015 04:30:17 UTC: ERROR(12589) [put.cc:191] [execute] - Not connected to cluster to put record
Jul 27 2015 04:30:17 UTC: ERROR(12589) [put.cc:191] [execute] - Not connected to cluster to put record
Jul 27 2015 04:30:17 UTC: ERROR(12589) [put.cc:191] [execute] - Not connected to cluster to put record
Jul 27 2015 04:30:17 UTC: ERROR(12589) [put.cc:191] [execute] - Not connected to cluster to put record
Jul 27 2015 04:30:17 UTC: ERROR(12589) [put.cc:191] [execute] - Not connected to cluster to put record
Jul 27 2015 04:30:17 UTC: ERROR(12589) [put.cc:191] [execute] - Not connected to cluster to put record
Jul 27 2015 04:30:17 UTC: ERROR(12589) [put.cc:191] [execute] - Not connected to cluster to put record
Jul 27 2015 04:30:17 UTC: ERROR(12589) [put.cc:191] [execute] - Not connected to cluster to put record
Jul 27 2015 04:30:17 UTC: ERROR(12589) [put.cc:191] [execute] - Not connected to cluster to put record
Jul 27 2015 04:30:17 UTC: ERROR(12589) [put.cc:191] [execute] - Not connected to cluster to put record
Jul 27 2015 04:30:17 UTC: ERROR(12589) [put.cc:191] [execute] - Not connected to cluster to put record
Jul 27 2015 04:30:17 UTC: ERROR(12589) [put.cc:191] [execute] - Not connected to cluster to put record
Jul 27 2015 04:30:17 UTC: ERROR(12589) [put.cc:191] [execute] - Not connected to cluster to put record
Jul 27 2015 04:30:17 UTC: ERROR(12589) [put.cc:191] [execute] - Not connected to cluster to put record
Jul 27 2015 04:30:17 UTC: ERROR(12589) [put.cc:191] [execute] - Not connected to cluster to put record
Jul 27 2015 04:30:17 UTC: ERROR(12589) [put.cc:191] [execute] - Not connected to cluster to put record
Jul 27 2015 04:30:17 UTC: ERROR(12589) [put.cc:191] [execute] - Not connected to cluster to put record
Jul 27 2015 04:30:17 UTC: ERROR(12589) [put.cc:191] [execute] - Not connected to cluster to put record
Jul 27 2015 04:30:17 UTC: ERROR(12589) [put.cc:191] [execute] - Not connected to cluster to put record
Jul 27 2015 04:30:17 UTC: ERROR(12589) [put.cc:191] [execute] - Not connected to cluster to put record
Jul 27 2015 04:30:17 UTC: ERROR(12589) [put.cc:191] [execute] - Not connected to cluster to put record
Jul 27 2015 04:30:17 UTC: ERROR(12589) [put.cc:191] [execute] - Not connected to cluster to put record
Jul 27 2015 04:30:17 UTC: ERROR(12589) [put.cc:191] [execute] - Not connected to cluster to put record
Jul 27 2015 04:30:17 UTC: ERROR(12589) [put.cc:191] [execute] - Not connected to cluster to put record
Jul 27 2015 04:30:17 UTC: ERROR(12589) [put.cc:191] [execute] - Not connected to cluster to put record
Jul 27 2015 04:30:17 UTC: ERROR(12589) [put.cc:191] [execute] - Not connected to cluster to put record
Jul 27 2015 04:30:17 UTC: ERROR(12589) [put.cc:191] [execute] - Not connected to cluster to put record
Jul 27 2015 04:30:17 UTC: ERROR(12589) [put.cc:191] [execute] - Not connected to cluster to put record
Jul 27 2015 04:30:17 UTC: ERROR(12589) [put.cc:191] [execute] - Not connected to cluster to put record
Jul 27 2015 04:30:17 UTC: ERROR(12589) [put.cc:191] [execute] - Not connected to cluster to put record
Jul 27 2015 04:30:17 UTC: ERROR(12589) [put.cc:191] [execute] - Not connected to cluster to put record
Jul 27 2015 04:30:17 UTC: ERROR(12589) [put.cc:191] [execute] - Not connected to cluster to put record
Jul 27 2015 04:30:17 UTC: ERROR(12589) [put.cc:191] [execute] - Not connected to cluster to put record
Jul 27 2015 04:30:17 UTC: ERROR(12589) [put.cc:191] [execute] - Not connected to cluster to put record
Jul 27 2015 04:30:17 UTC: ERROR(12589) [put.cc:191] [execute] - Not connected to cluster to put record
Jul 27 2015 04:30:17 UTC: ERROR(12589) [put.cc:191] [execute] - Not connected to cluster to put record
Jul 27 2015 04:30:17 UTC: ERROR(12589) [put.cc:191] [execute] - Not connected to cluster to put record
Jul 27 2015 04:30:17 UTC: ERROR(12589) [put.cc:191] [execute] - Not connected to cluster to put record
Jul 27 2015 04:30:17 UTC: ERROR(12589) [put.cc:191] [execute] - Not connected to cluster to put record
Jul 27 2015 04:30:17 UTC: ERROR(12589) [put.cc:191] [execute] - Not connected to cluster to put record
Jul 27 2015 04:30:17 UTC: ERROR(12589) [put.cc:191] [execute] - Not connected to cluster to put record
Jul 27 2015 04:30:17 UTC: ERROR(12589) [put.cc:191] [execute] - Not connected to cluster to put record
Jul 27 2015 04:30:17 UTC: ERROR(12589) [put.cc:191] [execute] - Not connected to cluster to put record
Jul 27 2015 04:30:17 UTC: ERROR(12589) [put.cc:191] [execute] - Not connected to cluster to put record
Jul 27 2015 04:30:17 UTC: ERROR(12589) [put.cc:191] [execute] - Not connected to cluster to put record
Jul 27 2015 04:30:17 UTC: ERROR(12589) [put.cc:191] [execute] - Not connected to cluster to put record
Jul 27 2015 04:30:17 UTC: ERROR(12589) [put.cc:191] [execute] - Not connected to cluster to put record
Jul 27 2015 04:30:17 UTC: ERROR(12589) [put.cc:191] [execute] - Not connected to cluster to put record
Jul 27 2015 04:30:17 UTC: ERROR(12589) [put.cc:191] [execute] - Not connected to cluster to put record
Jul 27 2015 04:30:17 UTC: ERROR(12589) [put.cc:191] [execute] - Not connected to cluster to put record
Jul 27 2015 04:30:17 UTC: ERROR(12589) [put.cc:191] [execute] - Not connected to cluster to put record
Jul 27 2015 04:30:17 UTC: ERROR(12589) [put.cc:191] [execute] - Not connected to cluster to put record
Jul 27 2015 04:30:17 UTC: ERROR(12589) [put.cc:191] [execute] - Not connected to cluster to put record
Jul 27 2015 04:30:17 UTC: ERROR(12589) [put.cc:191] [execute] - Not connected to cluster to put record
Jul 27 2015 04:30:17 UTC: ERROR(12589) [put.cc:191] [execute] - Not connected to cluster to put record
Jul 27 2015 04:30:17 UTC: ERROR(12589) [put.cc:191] [execute] - Not connected to cluster to put record
Jul 27 2015 04:30:17 UTC: ERROR(12589) [put.cc:191] [execute] - Not connected to cluster to put record
Jul 27 2015 04:30:17 UTC: ERROR(12589) [put.cc:191] [execute] - Not connected to cluster to put record
Jul 27 2015 04:30:17 UTC: ERROR(12589) [put.cc:191] [execute] - Not connected to cluster to put record
Jul 27 2015 04:30:17 UTC: ERROR(12589) [put.cc:191] [execute] - Not connected to cluster to put record
Jul 27 2015 04:30:17 UTC: ERROR(12589) [put.cc:191] [execute] - Not connected to cluster to put record
Jul 27 2015 04:30:17 UTC: ERROR(12589) [put.cc:191] [execute] - Not connected to cluster to put record
Jul 27 2015 04:30:17 UTC: ERROR(12589) [put.cc:191] [execute] - Not connected to cluster to put record
Jul 27 2015 04:30:17 UTC: ERROR(12589) [put.cc:191] [execute] - Not connected to cluster to put record
Jul 27 2015 04:30:17 UTC: ERROR(12589) [put.cc:191] [execute] - Not connected to cluster to put record
Jul 27 2015 04:30:17 UTC: ERROR(12589) [put.cc:191] [execute] - Not connected to cluster to put record
Jul 27 2015 04:30:17 UTC: ERROR(12589) [put.cc:191] [execute] - Not connected to cluster to put record
Jul 27 2015 04:30:17 UTC: ERROR(12589) [put.cc:191] [execute] - Not connected to cluster to put record
Jul 27 2015 04:30:17 UTC: ERROR(12589) [put.cc:191] [execute] - Not connected to cluster to put record
Jul 27 2015 04:30:17 UTC: ERROR(12589) [put.cc:191] [execute] - Not connected to cluster to put record
Jul 27 2015 04:30:17 UTC: ERROR(12589) [put.cc:191] [execute] - Not connected to cluster to put record
Jul 27 2015 04:30:17 UTC: ERROR(12589) [put.cc:191] [execute] - Not connected to cluster to put record
Jul 27 2015 04:30:17 UTC: ERROR(12589) [put.cc:191] [execute] - Not connected to cluster to put record
Jul 27 2015 04:30:17 UTC: ERROR(12589) [put.cc:191] [execute] - Not connected to cluster to put record
Jul 27 2015 04:30:17 UTC: ERROR(12589) [put.cc:191] [execute] - Not connected to cluster to put record
Jul 27 2015 04:30:17 UTC: ERROR(12589) [put.cc:191] [execute] - Not connected to cluster to put record
Jul 27 2015 04:30:17 UTC: ERROR(12589) [put.cc:191] [execute] - Not connected to cluster to put record
Jul 27 2015 04:30:17 UTC: ERROR(12589) [put.cc:191] [execute] - Not connected to cluster to put record
Jul 27 2015 04:30:17 UTC: ERROR(12589) [put.cc:191] [execute] - Not connected to cluster to put record
Jul 27 2015 04:30:17 UTC: ERROR(12589) [put.cc:191] [execute] - Not connected to cluster to put record
Jul 27 2015 04:30:17 UTC: ERROR(12589) [put.cc:191] [execute] - Not connected to cluster to put record
Jul 27 2015 04:30:17 UTC: ERROR(12589) [put.cc:191] [execute] - Not connected to cluster to put record
Jul 27 2015 04:30:17 UTC: ERROR(12589) [put.cc:191] [execute] - Not connected to cluster to put record
Jul 27 2015 04:30:17 UTC: ERROR(12589) [put.cc:191] [execute] - Not connected to cluster to put record
Jul 27 2015 04:30:17 UTC: ERROR(12589) [put.cc:191] [execute] - Not connected to cluster to put record
Jul 27 2015 04:30:17 UTC: ERROR(12589) [put.cc:191] [execute] - Not connected to cluster to put record
Jul 27 2015 04:30:17 UTC: ERROR(12589) [put.cc:191] [execute] - Not connected to cluster to put record
Jul 27 2015 04:30:17 UTC: ERROR(12589) [put.cc:191] [execute] - Not connected to cluster to put record
Jul 27 2015 04:30:17 UTC: ERROR(12589) [put.cc:191] [execute] - Not connected to cluster to put record
Jul 27 2015 04:30:17 UTC: ERROR(12589) [put.cc:191] [execute] - Not connected to cluster to put record
Jul 27 2015 04:30:17 UTC: ERROR(12589) [put.cc:191] [execute] - Not connected to cluster to put record
Jul 27 2015 04:30:17 UTC: ERROR(12589) [put.cc:191] [execute] - Not connected to cluster to put record
Jul 27 2015 04:30:17 UTC: ERROR(12589) [put.cc:191] [execute] - Not connected to cluster to put record
Jul 27 2015 04:30:17 UTC: ERROR(12589) [put.cc:191] [execute] - Not connected to cluster to put record
Jul 27 2015 04:30:17 UTC: ERROR(12589) [put.cc:191] [execute] - Not connected to cluster to put record
Jul 27 2015 04:30:17 UTC: ERROR(12589) [put.cc:191] [execute] - Not connected to cluster to put record
Jul 27 2015 04:30:17 UTC: ERROR(12589) [put.cc:191] [execute] - Not connected to cluster to put record
Jul 27 2015 04:30:17 UTC: ERROR(12589) [put.cc:191] [execute] - Not connected to cluster to put record
Jul 27 2015 04:30:17 UTC: ERROR(12589) [put.cc:191] [execute] - Not connected to cluster to put record
Jul 27 2015 04:30:17 UTC: ERROR(12589) [put.cc:191] [execute] - Not connected to cluster to put record
Jul 27 2015 04:30:17 UTC: ERROR(12589) [put.cc:191] [execute] - Not connected to cluster to put record
Jul 27 2015 04:30:17 UTC: ERROR(12589) [put.cc:191] [execute] - Not connected to cluster to put record
Jul 27 2015 04:30:17 UTC: ERROR(12589) [put.cc:191] [execute] - Not connected to cluster to put record
Jul 27 2015 04:30:17 UTC: ERROR(12589) [put.cc:191] [execute] - Not connected to cluster to put record
Jul 27 2015 04:30:17 UTC: ERROR(12589) [put.cc:191] [execute] - Not connected to cluster to put record
Jul 27 2015 04:30:17 UTC: ERROR(12589) [put.cc:191] [execute] - Not connected to cluster to put record
Jul 27 2015 04:30:17 UTC: ERROR(12589) [put.cc:191] [execute] - Not connected to cluster to put record
Jul 27 2015 04:30:17 UTC: ERROR(12589) [put.cc:191] [execute] - Not connected to cluster to put record
Jul 27 2015 04:30:17 UTC: ERROR(12589) [put.cc:191] [execute] - Not connected to cluster to put record
Jul 27 2015 04:30:17 UTC: ERROR(12589) [put.cc:191] [execute] - Not connected to cluster to put record
Jul 27 2015 04:30:17 UTC: ERROR(12589) [put.cc:191] [execute] - Not connected to cluster to put record
Jul 27 2015 04:30:17 UTC: ERROR(12589) [put.cc:191] [execute] - Not connected to cluster to put record
Jul 27 2015 04:30:17 UTC: ERROR(12589) [put.cc:191] [execute] - Not connected to cluster to put record
Jul 27 2015 04:30:17 UTC: ERROR(12589) [put.cc:191] [execute] - Not connected to cluster to put record
Jul 27 2015 04:30:17 UTC: ERROR(12589) [put.cc:191] [execute] - Not connected to cluster to put record
Jul 27 2015 04:30:17 UTC: ERROR(12589) [put.cc:191] [execute] - Not connected to cluster to put record
Jul 27 2015 04:30:17 UTC: ERROR(12589) [put.cc:191] [execute] - Not connected to cluster to put record
Jul 27 2015 04:30:17 UTC: ERROR(12589) [put.cc:191] [execute] - Not connected to cluster to put record
Jul 27 2015 04:30:17 UTC: ERROR(12589) [put.cc:191] [execute] - Not connected to cluster to put record
Jul 27 2015 04:30:17 UTC: ERROR(12589) [put.cc:191] [execute] - Not connected to cluster to put record
Jul 27 2015 04:30:17 UTC: ERROR(12589) [put.cc:191] [execute] - Not connected to cluster to put record
Jul 27 2015 04:30:17 UTC: ERROR(12589) [put.cc:191] [execute] - Not connected to cluster to put record
Jul 27 2015 04:30:17 UTC: ERROR(12589) [put.cc:191] [execute] - Not connected to cluster to put record
Jul 27 2015 04:30:17 UTC: ERROR(12589) [put.cc:191] [execute] - Not connected to cluster to put record
Jul 27 2015 04:30:17 UTC: ERROR(12589) [put.cc:191] [execute] - Not connected to cluster to put record
Jul 27 2015 04:30:17 UTC: ERROR(12589) [put.cc:191] [execute] - Not connected to cluster to put record
Jul 27 2015 04:30:17 UTC: ERROR(12589) [put.cc:191] [execute] - Not connected to cluster to put record
Jul 27 2015 04:30:17 UTC: ERROR(12589) [put.cc:191] [execute] - Not connected to cluster to put record
Jul 27 2015 04:30:17 UTC: ERROR(12589) [put.cc:191] [execute] - Not connected to cluster to put record
Jul 27 2015 04:30:17 UTC: ERROR(12589) [put.cc:191] [execute] - Not connected to cluster to put record
Jul 27 2015 04:30:17 UTC: ERROR(12589) [put.cc:191] [execute] - Not connected to cluster to put record
Jul 27 2015 04:30:17 UTC: ERROR(12589) [put.cc:191] [execute] - Not connected to cluster to put record
Jul 27 2015 04:30:17 UTC: ERROR(12589) [put.cc:191] [execute] - Not connected to cluster to put record
Jul 27 2015 04:30:17 UTC: ERROR(12589) [put.cc:191] [execute] - Not connected to cluster to put record
Jul 27 2015 04:30:17 UTC: ERROR(12589) [put.cc:191] [execute] - Not connected to cluster to put record
Jul 27 2015 04:30:17 UTC: ERROR(12589) [put.cc:191] [execute] - Not connected to cluster to put record
Jul 27 2015 04:30:17 UTC: ERROR(12589) [put.cc:191] [execute] - Not connected to cluster to put record
Jul 27 2015 04:30:17 UTC: ERROR(12589) [put.cc:191] [execute] - Not connected to cluster to put record
Jul 27 2015 04:30:17 UTC: ERROR(12589) [put.cc:191] [execute] - Not connected to cluster to put record
Jul 27 2015 04:30:17 UTC: ERROR(12589) [put.cc:191] [execute] - Not connected to cluster to put record
Jul 27 2015 04:30:17 UTC: ERROR(12589) [put.cc:191] [execute] - Not connected to cluster to put record
Jul 27 2015 04:30:17 UTC: ERROR(12589) [put.cc:191] [execute] - Not connected to cluster to put record
Jul 27 2015 04:30:17 UTC: ERROR(12589) [put.cc:191] [execute] - Not connected to cluster to put record
Jul 27 2015 04:30:17 UTC: ERROR(12589) [put.cc:191] [execute] - Not connected to cluster to put record
Jul 27 2015 04:30:17 UTC: ERROR(12589) [put.cc:191] [execute] - Not connected to cluster to put record
Jul 27 2015 04:30:17 UTC: ERROR(12589) [put.cc:191] [execute] - Not connected to cluster to put record
Jul 27 2015 04:30:17 UTC: ERROR(12589) [put.cc:191] [execute] - Not connected to cluster to put record
Jul 27 2015 04:30:17 UTC: ERROR(12589) [put.cc:191] [execute] - Not connected to cluster to put record
Jul 27 2015 04:30:17 UTC: ERROR(12589) [put.cc:191] [execute] - Not connected to cluster to put record
Jul 27 2015 04:30:17 UTC: ERROR(12589) [put.cc:191] [execute] - Not connected to cluster to put record
Jul 27 2015 04:30:17 UTC: ERROR(12589) [put.cc:191] [execute] - Not connected to cluster to put record
Jul 27 2015 04:30:17 UTC: ERROR(12589) [put.cc:191] [execute] - Not connected to cluster to put record
Jul 27 2015 04:30:17 UTC: ERROR(12589) [put.cc:191] [execute] - Not connected to cluster to put record
Jul 27 2015 04:30:17 UTC: ERROR(12589) [put.cc:191] [execute] - Not connected to cluster to put record
Jul 27 2015 04:30:17 UTC: ERROR(12589) [put.cc:191] [execute] - Not connected to cluster to put record
Jul 27 2015 04:30:17 UTC: ERROR(12589) [put.cc:191] [execute] - Not connected to cluster to put record
Jul 27 2015 04:30:17 UTC: ERROR(12589) [put.cc:191] [execute] - Not connected to cluster to put record
Jul 27 2015 04:30:17 UTC: ERROR(12589) [put.cc:191] [execute] - Not connected to cluster to put record
Jul 27 2015 04:30:17 UTC: ERROR(12589) [put.cc:191] [execute] - Not connected to cluster to put record
Jul 27 2015 04:30:17 UTC: ERROR(12589) [put.cc:191] [execute] - Not connected to cluster to put record
Jul 27 2015 04:30:17 UTC: ERROR(12589) [put.cc:191] [execute] - Not connected to cluster to put record
Jul 27 2015 04:30:17 UTC: ERROR(12589) [put.cc:191] [execute] - Not connected to cluster to put record
Jul 27 2015 04:30:17 UTC: ERROR(12589) [put.cc:191] [execute] - Not connected to cluster to put record
Jul 27 2015 04:30:17 UTC: ERROR(12589) [put.cc:191] [execute] - Not connected to cluster to put record
Jul 27 2015 04:30:17 UTC: ERROR(12589) [put.cc:191] [execute] - Not connected to cluster to put record
Jul 27 2015 04:30:17 UTC: ERROR(12589) [put.cc:191] [execute] - Not connected to cluster to put record
Jul 27 2015 04:30:17 UTC: ERROR(12589) [put.cc:191] [execute] - Not connected to cluster to put record
Jul 27 2015 04:30:17 UTC: ERROR(12589) [put.cc:191] [execute] - Not connected to cluster to put record
Jul 27 2015 04:30:17 UTC: ERROR(12589) [put.cc:191] [execute] - Not connected to cluster to put record
Jul 27 2015 04:30:17 UTC: ERROR(12589) [put.cc:191] [execute] - Not connected to cluster to put record
Jul 27 2015 04:30:17 UTC: ERROR(12589) [put.cc:191] [execute] - Not connected to cluster to put record
Jul 27 2015 04:30:17 UTC: ERROR(12589) [put.cc:191] [execute] - Not connected to cluster to put record
Jul 27 2015 04:30:17 UTC: ERROR(12589) [put.cc:191] [execute] - Not connected to cluster to put record
Jul 27 2015 04:30:17 UTC: ERROR(12589) [put.cc:191] [execute] - Not connected to cluster to put record
Jul 27 2015 04:30:17 UTC: ERROR(12589) [put.cc:191] [execute] - Not connected to cluster to put record
Jul 27 2015 04:30:17 UTC: ERROR(12589) [put.cc:191] [execute] - Not connected to cluster to put record
Jul 27 2015 04:30:17 UTC: ERROR(12589) [put.cc:191] [execute] - Not connected to cluster to put record
Jul 27 2015 04:30:17 UTC: ERROR(12589) [put.cc:191] [execute] - Not connected to cluster to put record
Jul 27 2015 04:30:17 UTC: ERROR(12589) [put.cc:191] [execute] - Not connected to cluster to put record
Jul 27 2015 04:30:17 UTC: ERROR(12589) [put.cc:191] [execute] - Not connected to cluster to put record
Jul 27 2015 04:30:17 UTC: ERROR(12589) [put.cc:191] [execute] - Not connected to cluster to put record
Jul 27 2015 04:30:17 UTC: ERROR(12589) [put.cc:191] [execute] - Not connected to cluster to put record
Jul 27 2015 04:30:17 UTC: ERROR(12589) [put.cc:191] [execute] - Not connected to cluster to put record
Jul 27 2015 04:30:17 UTC: ERROR(12589) [put.cc:191] [execute] - Not connected to cluster to put record
Jul 27 2015 04:30:17 UTC: ERROR(12589) [put.cc:191] [execute] - Not connected to cluster to put record
Jul 27 2015 04:30:17 UTC: ERROR(12589) [put.cc:191] [execute] - Not connected to cluster to put record
Jul 27 2015 04:30:17 UTC: ERROR(12589) [put.cc:191] [execute] - Not connected to cluster to put record
Jul 27 2015 04:30:17 UTC: ERROR(12589) [put.cc:191] [execute] - Not connected to cluster to put record
Jul 27 2015 04:30:17 UTC: ERROR(12589) [put.cc:191] [execute] - Not connected to cluster to put record
Jul 27 2015 04:30:17 UTC: ERROR(12589) [put.cc:191] [execute] - Not connected to cluster to put record
Jul 27 2015 04:30:17 UTC: ERROR(12589) [put.cc:191] [execute] - Not connected to cluster to put record
Jul 27 2015 04:30:17 UTC: ERROR(12589) [put.cc:191] [execute] - Not connected to cluster to put record
Jul 27 2015 04:30:17 UTC: ERROR(12589) [put.cc:191] [execute] - Not connected to cluster to put record
Jul 27 2015 04:30:17 UTC: ERROR(12589) [put.cc:191] [execute] - Not connected to cluster to put record
Jul 27 2015 04:30:17 UTC: ERROR(12589) [put.cc:191] [execute] - Not connected to cluster to put record
Jul 27 2015 04:30:17 UTC: ERROR(12589) [put.cc:191] [execute] - Not connected to cluster to put record
Jul 27 2015 04:30:17 UTC: ERROR(12589) [put.cc:191] [execute] - Not connected to cluster to put record
Jul 27 2015 04:30:17 UTC: ERROR(12589) [put.cc:191] [execute] - Not connected to cluster to put record
Jul 27 2015 04:30:17 UTC: ERROR(12589) [put.cc:191] [execute] - Not connected to cluster to put record
Jul 27 2015 04:30:17 UTC: ERROR(12589) [put.cc:191] [execute] - Not connected to cluster to put record
Jul 27 2015 04:30:17 UTC: ERROR(12589) [put.cc:191] [execute] - Not connected to cluster to put record
Jul 27 2015 04:30:17 UTC: ERROR(12589) [put.cc:191] [execute] - Not connected to cluster to put record
Jul 27 2015 04:30:17 UTC: ERROR(12589) [put.cc:191] [execute] - Not connected to cluster to put record
Jul 27 2015 04:30:17 UTC: ERROR(12589) [put.cc:191] [execute] - Not connected to cluster to put record
Jul 27 2015 04:30:17 UTC: ERROR(12589) [put.cc:191] [execute] - Not connected to cluster to put record
Jul 27 2015 04:30:17 UTC: ERROR(12589) [put.cc:191] [execute] - Not connected to cluster to put record
Jul 27 2015 04:30:17 UTC: ERROR(12589) [put.cc:191] [execute] - Not connected to cluster to put record
Jul 27 2015 04:30:17 UTC: ERROR(12589) [put.cc:191] [execute] - Not connected to cluster to put record
Jul 27 2015 04:30:17 UTC: ERROR(12589) [put.cc:191] [execute] - Not connected to cluster to put record
Jul 27 2015 04:30:17 UTC: ERROR(12589) [put.cc:191] [execute] - Not connected to cluster to put record
Jul 27 2015 04:30:17 UTC: ERROR(12589) [put.cc:191] [execute] - Not connected to cluster to put record
Jul 27 2015 04:30:17 UTC: ERROR(12589) [put.cc:191] [execute] - Not connected to cluster to put record
Jul 27 2015 04:30:17 UTC: ERROR(12589) [put.cc:191] [execute] - Not connected to cluster to put record
Jul 27 2015 04:30:17 UTC: ERROR(12589) [put.cc:191] [execute] - Not connected to cluster to put record
Jul 27 2015 04:30:17 UTC: ERROR(12589) [put.cc:191] [execute] - Not connected to cluster to put record
Jul 27 2015 04:30:17 UTC: ERROR(12589) [put.cc:191] [execute] - Not connected to cluster to put record
Jul 27 2015 04:30:17 UTC: ERROR(12589) [put.cc:191] [execute] - Not connected to cluster to put record
Jul 27 2015 04:30:17 UTC: ERROR(12589) [put.cc:191] [execute] - Not connected to cluster to put record
Jul 27 2015 04:30:17 UTC: ERROR(12589) [put.cc:191] [execute] - Not connected to cluster to put record
Jul 27 2015 04:30:17 UTC: ERROR(12589) [put.cc:191] [execute] - Not connected to cluster to put record
Jul 27 2015 04:30:17 UTC: ERROR(12589) [put.cc:191] [execute] - Not connected to cluster to put record
Jul 27 2015 04:30:17 UTC: ERROR(12589) [put.cc:191] [execute] - Not connected to cluster to put record
Jul 27 2015 04:30:17 UTC: ERROR(12589) [put.cc:191] [execute] - Not connected to cluster to put record
Jul 27 2015 04:30:17 UTC: ERROR(12589) [put.cc:191] [execute] - Not connected to cluster to put record
Jul 27 2015 04:30:17 UTC: ERROR(12589) [put.cc:191] [execute] - Not connected to cluster to put record
Jul 27 2015 04:30:17 UTC: ERROR(12589) [put.cc:191] [execute] - Not connected to cluster to put record
Jul 27 2015 04:30:17 UTC: ERROR(12589) [put.cc:191] [execute] - Not connected to cluster to put record
Jul 27 2015 04:30:17 UTC: ERROR(12589) [put.cc:191] [execute] - Not connected to cluster to put record
Jul 27 2015 04:30:17 UTC: ERROR(12589) [put.cc:191] [execute] - Not connected to cluster to put record
Jul 27 2015 04:30:17 UTC: ERROR(12589) [put.cc:191] [execute] - Not connected to cluster to put record
Jul 27 2015 04:30:17 UTC: ERROR(12589) [put.cc:191] [execute] - Not connected to cluster to put record
Jul 27 2015 04:30:17 UTC: ERROR(12589) [put.cc:191] [execute] - Not connected to cluster to put record
Jul 27 2015 04:30:17 UTC: ERROR(12589) [put.cc:191] [execute] - Not connected to cluster to put record
Jul 27 2015 04:30:17 UTC: ERROR(12589) [put.cc:191] [execute] - Not connected to cluster to put record
Jul 27 2015 04:30:17 UTC: ERROR(12589) [put.cc:191] [execute] - Not connected to cluster to put record
Jul 27 2015 04:30:17 UTC: ERROR(12589) [put.cc:191] [execute] - Not connected to cluster to put record
Jul 27 2015 04:30:17 UTC: ERROR(12589) [put.cc:191] [execute] - Not connected to cluster to put record
Jul 27 2015 04:30:17 UTC: ERROR(12589) [put.cc:191] [execute] - Not connected to cluster to put record
Jul 27 2015 04:30:17 UTC: ERROR(12589) [put.cc:191] [execute] - Not connected to cluster to put record
Jul 27 2015 04:30:17 UTC: ERROR(12589) [put.cc:191] [execute] - Not connected to cluster to put record
Jul 27 2015 04:30:17 UTC: ERROR(12589) [put.cc:191] [execute] - Not connected to cluster to put record
Jul 27 2015 04:30:17 UTC: ERROR(12589) [put.cc:191] [execute] - Not connected to cluster to put record
Jul 27 2015 04:30:17 UTC: ERROR(12589) [put.cc:191] [execute] - Not connected to cluster to put record
Jul 27 2015 04:30:17 UTC: ERROR(12589) [put.cc:191] [execute] - Not connected to cluster to put record
Jul 27 2015 04:30:17 UTC: ERROR(12589) [put.cc:191] [execute] - Not connected to cluster to put record
Jul 27 2015 04:30:17 UTC: ERROR(12589) [put.cc:191] [execute] - Not connected to cluster to put record
Jul 27 2015 04:30:17 UTC: ERROR(12589) [put.cc:191] [execute] - Not connected to cluster to put record
Jul 27 2015 04:30:17 UTC: ERROR(12589) [put.cc:191] [execute] - Not connected to cluster to put record
Jul 27 2015 04:30:17 UTC: ERROR(12589) [put.cc:191] [execute] - Not connected to cluster to put record
Jul 27 2015 04:30:17 UTC: ERROR(12589) [put.cc:191] [execute] - Not connected to cluster to put record
Jul 27 2015 04:30:17 UTC: ERROR(12589) [put.cc:191] [execute] - Not connected to cluster to put record
Jul 27 2015 04:30:17 UTC: ERROR(12589) [put.cc:191] [execute] - Not connected to cluster to put record
Jul 27 2015 04:30:17 UTC: ERROR(12589) [put.cc:191] [execute] - Not connected to cluster to put record
Jul 27 2015 04:30:17 UTC: ERROR(12589) [put.cc:191] [execute] - Not connected to cluster to put record
Jul 27 2015 04:30:17 UTC: ERROR(12589) [put.cc:191] [execute] - Not connected to cluster to put record
Jul 27 2015 04:30:17 UTC: ERROR(12589) [put.cc:191] [execute] - Not connected to cluster to put record
Jul 27 2015 04:30:17 UTC: ERROR(12589) [put.cc:191] [execute] - Not connected to cluster to put record
Jul 27 2015 04:30:17 UTC: ERROR(12589) [put.cc:191] [execute] - Not connected to cluster to put record
Jul 27 2015 04:30:17 UTC: ERROR(12589) [put.cc:191] [execute] - Not connected to cluster to put record
Jul 27 2015 04:30:17 UTC: ERROR(12589) [put.cc:191] [execute] - Not connected to cluster to put record
Jul 27 2015 04:30:17 UTC: ERROR(12589) [put.cc:191] [execute] - Not connected to cluster to put record
Jul 27 2015 04:30:17 UTC: ERROR(12589) [put.cc:191] [execute] - Not connected to cluster to put record
Jul 27 2015 04:30:17 UTC: ERROR(12589) [put.cc:191] [execute] - Not connected to cluster to put record
Jul 27 2015 04:30:17 UTC: ERROR(12589) [put.cc:191] [execute] - Not connected to cluster to put record
Jul 27 2015 04:30:17 UTC: ERROR(12589) [put.cc:191] [execute] - Not connected to cluster to put record
Jul 27 2015 04:30:17 UTC: ERROR(12589) [put.cc:191] [execute] - Not connected to cluster to put record
Jul 27 2015 04:30:17 UTC: ERROR(12589) [put.cc:191] [execute] - Not connected to cluster to put record
Jul 27 2015 04:30:17 UTC: ERROR(12589) [put.cc:191] [execute] - Not connected to cluster to put record
Jul 27 2015 04:30:17 UTC: ERROR(12589) [put.cc:191] [execute] - Not connected to cluster to put record
Jul 27 2015 04:30:17 UTC: ERROR(12589) [put.cc:191] [execute] - Not connected to cluster to put record
Jul 27 2015 04:30:17 UTC: ERROR(12589) [put.cc:191] [execute] - Not connected to cluster to put record
Jul 27 2015 04:30:17 UTC: ERROR(12589) [put.cc:191] [execute] - Not connected to cluster to put record
Jul 27 2015 04:30:17 UTC: ERROR(12589) [put.cc:191] [execute] - Not connected to cluster to put record
Jul 27 2015 04:30:17 UTC: ERROR(12589) [put.cc:191] [execute] - Not connected to cluster to put record
Jul 27 2015 04:30:17 UTC: ERROR(12589) [put.cc:191] [execute] - Not connected to cluster to put record
Jul 27 2015 04:30:17 UTC: ERROR(12589) [put.cc:191] [execute] - Not connected to cluster to put record
Jul 27 2015 04:30:17 UTC: ERROR(12589) [put.cc:191] [execute] - Not connected to cluster to put record
Jul 27 2015 04:30:17 UTC: ERROR(12589) [put.cc:191] [execute] - Not connected to cluster to put record
Jul 27 2015 04:30:17 UTC: ERROR(12589) [put.cc:191] [execute] - Not connected to cluster to put record
Jul 27 2015 04:30:17 UTC: ERROR(12589) [put.cc:191] [execute] - Not connected to cluster to put record
Jul 27 2015 04:30:17 UTC: ERROR(12589) [put.cc:191] [execute] - Not connected to cluster to put record
Jul 27 2015 04:30:17 UTC: ERROR(12589) [put.cc:191] [execute] - Not connected to cluster to put record
Jul 27 2015 04:30:17 UTC: ERROR(12589) [put.cc:191] [execute] - Not connected to cluster to put record
Jul 27 2015 04:30:17 UTC: ERROR(12589) [put.cc:191] [execute] - Not connected to cluster to put record
Jul 27 2015 04:30:17 UTC: ERROR(12589) [put.cc:191] [execute] - Not connected to cluster to put record
Jul 27 2015 04:30:17 UTC: ERROR(12589) [put.cc:191] [execute] - Not connected to cluster to put record
Jul 27 2015 04:30:17 UTC: ERROR(12589) [put.cc:191] [execute] - Not connected to cluster to put record
Jul 27 2015 04:30:17 UTC: ERROR(12589) [put.cc:191] [execute] - Not connected to cluster to put record
Jul 27 2015 04:30:17 UTC: ERROR(12589) [put.cc:191] [execute] - Not connected to cluster to put record
Jul 27 2015 04:30:17 UTC: ERROR(12589) [put.cc:191] [execute] - Not connected to cluster to put record
Jul 27 2015 04:30:17 UTC: ERROR(12589) [put.cc:191] [execute] - Not connected to cluster to put record
Jul 27 2015 04:30:17 UTC: ERROR(12589) [put.cc:191] [execute] - Not connected to cluster to put record
Jul 27 2015 04:30:17 UTC: ERROR(12589) [put.cc:191] [execute] - Not connected to cluster to put record
Jul 27 2015 04:30:17 UTC: ERROR(12589) [put.cc:191] [execute] - Not connected to cluster to put record
Jul 27 2015 04:30:17 UTC: ERROR(12589) [put.cc:191] [execute] - Not connected to cluster to put record
Jul 27 2015 04:30:17 UTC: ERROR(12589) [put.cc:191] [execute] - Not connected to cluster to put record
Jul 27 2015 04:30:17 UTC: ERROR(12589) [put.cc:191] [execute] - Not connected to cluster to put record
Jul 27 2015 04:30:17 UTC: ERROR(12589) [put.cc:191] [execute] - Not connected to cluster to put record
Jul 27 2015 04:30:17 UTC: ERROR(12589) [put.cc:191] [execute] - Not connected to cluster to put record
Jul 27 2015 04:30:17 UTC: ERROR(12589) [put.cc:191] [execute] - Not connected to cluster to put record
Jul 27 2015 04:30:17 UTC: ERROR(12589) [put.cc:191] [execute] - Not connected to cluster to put record
Jul 27 2015 04:30:17 UTC: ERROR(12589) [put.cc:191] [execute] - Not connected to cluster to put record
Jul 27 2015 04:30:17 UTC: ERROR(12589) [put.cc:191] [execute] - Not connected to cluster to put record
Jul 27 2015 04:30:17 UTC: ERROR(12589) [put.cc:191] [execute] - Not connected to cluster to put record
Jul 27 2015 04:30:17 UTC: ERROR(12589) [put.cc:191] [execute] - Not connected to cluster to put record
Jul 27 2015 04:30:17 UTC: ERROR(12589) [put.cc:191] [execute] - Not connected to cluster to put record
Jul 27 2015 04:30:17 UTC: ERROR(12589) [put.cc:191] [execute] - Not connected to cluster to put record
Jul 27 2015 04:30:17 UTC: ERROR(12589) [put.cc:191] [execute] - Not connected to cluster to put record
Jul 27 2015 04:30:17 UTC: ERROR(12589) [put.cc:191] [execute] - Not connected to cluster to put record
Jul 27 2015 04:30:17 UTC: ERROR(12589) [put.cc:191] [execute] - Not connected to cluster to put record
Jul 27 2015 04:30:17 UTC: ERROR(12589) [put.cc:191] [execute] - Not connected to cluster to put record
Jul 27 2015 04:30:17 UTC: ERROR(12589) [put.cc:191] [execute] - Not connected to cluster to put record
Jul 27 2015 04:30:17 UTC: ERROR(12589) [put.cc:191] [execute] - Not connected to cluster to put record
Jul 27 2015 04:30:17 UTC: ERROR(12589) [put.cc:191] [execute] - Not connected to cluster to put record
Jul 27 2015 04:30:17 UTC: ERROR(12589) [put.cc:191] [execute] - Not connected to cluster to put record
Jul 27 2015 04:30:17 UTC: ERROR(12589) [put.cc:191] [execute] - Not connected to cluster to put record
Jul 27 2015 04:30:17 UTC: ERROR(12589) [put.cc:191] [execute] - Not connected to cluster to put record
Jul 27 2015 04:30:17 UTC: ERROR(12589) [put.cc:191] [execute] - Not connected to cluster to put record
Jul 27 2015 04:30:17 UTC: ERROR(12589) [put.cc:191] [execute] - Not connected to cluster to put record
Jul 27 2015 04:30:17 UTC: ERROR(12589) [put.cc:191] [execute] - Not connected to cluster to put record
Jul 27 2015 04:30:17 UTC: ERROR(12589) [put.cc:191] [execute] - Not connected to cluster to put record
Jul 27 2015 04:30:17 UTC: ERROR(12589) [put.cc:191] [execute] - Not connected to cluster to put record
Jul 27 2015 04:30:17 UTC: ERROR(12589) [put.cc:191] [execute] - Not connected to cluster to put record
Jul 27 2015 04:30:17 UTC: ERROR(12589) [put.cc:191] [execute] - Not connected to cluster to put record
Jul 27 2015 04:30:17 UTC: ERROR(12589) [put.cc:191] [execute] - Not connected to cluster to put record
Jul 27 2015 04:30:17 UTC: ERROR(12589) [put.cc:191] [execute] - Not connected to cluster to put record
Jul 27 2015 04:30:17 UTC: ERROR(12589) [put.cc:191] [execute] - Not connected to cluster to put record
Jul 27 2015 04:30:17 UTC: ERROR(12589) [put.cc:191] [execute] - Not connected to cluster to put record
Jul 27 2015 04:30:17 UTC: ERROR(12589) [put.cc:191] [execute] - Not connected to cluster to put record
Jul 27 2015 04:30:17 UTC: ERROR(12589) [put.cc:191] [execute] - Not connected to cluster to put record
Jul 27 2015 04:30:17 UTC: ERROR(12589) [put.cc:191] [execute] - Not connected to cluster to put record
Jul 27 2015 04:30:17 UTC: ERROR(12589) [put.cc:191] [execute] - Not connected to cluster to put record
Jul 27 2015 04:30:17 UTC: ERROR(12589) [put.cc:191] [execute] - Not connected to cluster to put record
Jul 27 2015 04:30:17 UTC: ERROR(12589) [put.cc:191] [execute] - Not connected to cluster to put record
Jul 27 2015 04:30:17 UTC: ERROR(12589) [put.cc:191] [execute] - Not connected to cluster to put record
Jul 27 2015 04:30:17 UTC: ERROR(12589) [put.cc:191] [execute] - Not connected to cluster to put record
Jul 27 2015 04:30:17 UTC: ERROR(12589) [put.cc:191] [execute] - Not connected to cluster to put record
Jul 27 2015 04:30:17 UTC: ERROR(12589) [put.cc:191] [execute] - Not connected to cluster to put record
Jul 27 2015 04:30:17 UTC: ERROR(12589) [put.cc:191] [execute] - Not connected to cluster to put record
Jul 27 2015 04:30:17 UTC: ERROR(12589) [put.cc:191] [execute] - Not connected to cluster to put record
Jul 27 2015 04:30:17 UTC: ERROR(12589) [put.cc:191] [execute] - Not connected to cluster to put record
Jul 27 2015 04:30:17 UTC: ERROR(12589) [put.cc:191] [execute] - Not connected to cluster to put record
Jul 27 2015 04:30:17 UTC: ERROR(12589) [put.cc:191] [execute] - Not connected to cluster to put record
Jul 27 2015 04:30:17 UTC: ERROR(12589) [put.cc:191] [execute] - Not connected to cluster to put record
Jul 27 2015 04:30:17 UTC: ERROR(12589) [put.cc:191] [execute] - Not connected to cluster to put record
Jul 27 2015 04:30:17 UTC: ERROR(12589) [put.cc:191] [execute] - Not connected to cluster to put record
Jul 27 2015 04:30:17 UTC: ERROR(12589) [put.cc:191] [execute] - Not connected to cluster to put record
Jul 27 2015 04:30:17 UTC: ERROR(12589) [put.cc:191] [execute] - Not connected to cluster to put record
Jul 27 2015 04:30:17 UTC: ERROR(12589) [put.cc:191] [execute] - Not connected to cluster to put record
Jul 27 2015 04:30:17 UTC: ERROR(12589) [put.cc:191] [execute] - Not connected to cluster to put record
Jul 27 2015 04:30:17 UTC: ERROR(12589) [put.cc:191] [execute] - Not connected to cluster to put record
Jul 27 2015 04:30:17 UTC: ERROR(12589) [put.cc:191] [execute] - Not connected to cluster to put record
Jul 27 2015 04:30:17 UTC: ERROR(12589) [put.cc:191] [execute] - Not connected to cluster to put record
Jul 27 2015 04:30:17 UTC: ERROR(12589) [put.cc:191] [execute] - Not connected to cluster to put record
Jul 27 2015 04:30:17 UTC: ERROR(12589) [put.cc:191] [execute] - Not connected to cluster to put record
Jul 27 2015 04:30:17 UTC: ERROR(12589) [put.cc:191] [execute] - Not connected to cluster to put record
Jul 27 2015 04:30:17 UTC: ERROR(12589) [put.cc:191] [execute] - Not connected to cluster to put record
Jul 27 2015 04:30:17 UTC: ERROR(12589) [put.cc:191] [execute] - Not connected to cluster to put record
Jul 27 2015 04:30:17 UTC: ERROR(12589) [put.cc:191] [execute] - Not connected to cluster to put record
Jul 27 2015 04:30:17 UTC: ERROR(12589) [put.cc:191] [execute] - Not connected to cluster to put record
Jul 27 2015 04:30:17 UTC: ERROR(12589) [put.cc:191] [execute] - Not connected to cluster to put record
Jul 27 2015 04:30:17 UTC: ERROR(12589) [put.cc:191] [execute] - Not connected to cluster to put record
Jul 27 2015 04:30:17 UTC: ERROR(12589) [put.cc:191] [execute] - Not connected to cluster to put record
Jul 27 2015 04:30:17 UTC: ERROR(12589) [put.cc:191] [execute] - Not connected to cluster to put record
Jul 27 2015 04:30:17 UTC: ERROR(12589) [put.cc:191] [execute] - Not connected to cluster to put record
Jul 27 2015 04:30:17 UTC: ERROR(12589) [put.cc:191] [execute] - Not connected to cluster to put record
Jul 27 2015 04:30:17 UTC: ERROR(12589) [put.cc:191] [execute] - Not connected to cluster to put record
Jul 27 2015 04:30:17 UTC: ERROR(12589) [put.cc:191] [execute] - Not connected to cluster to put record
Jul 27 2015 04:30:17 UTC: ERROR(12589) [put.cc:191] [execute] - Not connected to cluster to put record
Jul 27 2015 04:30:17 UTC: ERROR(12589) [put.cc:191] [execute] - Not connected to cluster to put record
Jul 27 2015 04:30:17 UTC: ERROR(12589) [put.cc:191] [execute] - Not connected to cluster to put record
Jul 27 2015 04:30:17 UTC: ERROR(12589) [put.cc:191] [execute] - Not connected to cluster to put record
Jul 27 2015 04:30:17 UTC: ERROR(12589) [put.cc:191] [execute] - Not connected to cluster to put record
Jul 27 2015 04:30:17 UTC: ERROR(12589) [put.cc:191] [execute] - Not connected to cluster to put record
Jul 27 2015 04:30:17 UTC: ERROR(12589) [put.cc:191] [execute] - Not connected to cluster to put record
Jul 27 2015 04:30:17 UTC: ERROR(12589) [put.cc:191] [execute] - Not connected to cluster to put record
Jul 27 2015 04:30:17 UTC: ERROR(12589) [put.cc:191] [execute] - Not connected to cluster to put record
Jul 27 2015 04:30:17 UTC: ERROR(12589) [put.cc:191] [execute] - Not connected to cluster to put record
Jul 27 2015 04:30:17 UTC: ERROR(12589) [put.cc:191] [execute] - Not connected to cluster to put record
Jul 27 2015 04:30:17 UTC: ERROR(12589) [put.cc:191] [execute] - Not connected to cluster to put record
Jul 27 2015 04:30:17 UTC: ERROR(12589) [put.cc:191] [execute] - Not connected to cluster to put record
Jul 27 2015 04:30:17 UTC: ERROR(12589) [put.cc:191] [execute] - Not connected to cluster to put record
Jul 27 2015 04:30:17 UTC: ERROR(12589) [put.cc:191] [execute] - Not connected to cluster to put record
Jul 27 2015 04:30:17 UTC: ERROR(12589) [put.cc:191] [execute] - Not connected to cluster to put record
Jul 27 2015 04:30:17 UTC: ERROR(12589) [put.cc:191] [execute] - Not connected to cluster to put record
Jul 27 2015 04:30:17 UTC: ERROR(12589) [put.cc:191] [execute] - Not connected to cluster to put record
Jul 27 2015 04:30:17 UTC: ERROR(12589) [put.cc:191] [execute] - Not connected to cluster to put record
Jul 27 2015 04:30:17 UTC: ERROR(12589) [put.cc:191] [execute] - Not connected to cluster to put record
Jul 27 2015 04:30:17 UTC: ERROR(12589) [put.cc:191] [execute] - Not connected to cluster to put record
Jul 27 2015 04:30:17 UTC: ERROR(12589) [put.cc:191] [execute] - Not connected to cluster to put record
Jul 27 2015 04:30:17 UTC: ERROR(12589) [put.cc:191] [execute] - Not connected to cluster to put record
Jul 27 2015 04:30:17 UTC: ERROR(12589) [put.cc:191] [execute] - Not connected to cluster to put record
Jul 27 2015 04:30:17 UTC: ERROR(12589) [put.cc:191] [execute] - Not connected to cluster to put record
Jul 27 2015 04:30:17 UTC: ERROR(12589) [put.cc:191] [execute] - Not connected to cluster to put record
Jul 27 2015 04:30:17 UTC: ERROR(12589) [put.cc:191] [execute] - Not connected to cluster to put record
Jul 27 2015 04:30:17 UTC: ERROR(12589) [put.cc:191] [execute] - Not connected to cluster to put record
Jul 27 2015 04:30:17 UTC: ERROR(12589) [put.cc:191] [execute] - Not connected to cluster to put record
Jul 27 2015 04:30:17 UTC: ERROR(12589) [put.cc:191] [execute] - Not connected to cluster to put record
Jul 27 2015 04:30:17 UTC: ERROR(12589) [put.cc:191] [execute] - Not connected to cluster to put record
Jul 27 2015 04:30:17 UTC: ERROR(12589) [put.cc:191] [execute] - Not connected to cluster to put record
Jul 27 2015 04:30:17 UTC: ERROR(12589) [put.cc:191] [execute] - Not connected to cluster to put record
Jul 27 2015 04:30:17 UTC: ERROR(12589) [put.cc:191] [execute] - Not connected to cluster to put record
Jul 27 2015 04:30:17 UTC: ERROR(12589) [put.cc:191] [execute] - Not connected to cluster to put record
Jul 27 2015 04:30:17 UTC: ERROR(12589) [put.cc:191] [execute] - Not connected to cluster to put record
Jul 27 2015 04:30:17 UTC: ERROR(12589) [put.cc:191] [execute] - Not connected to cluster to put record
Jul 27 2015 04:30:17 UTC: ERROR(12589) [put.cc:191] [execute] - Not connected to cluster to put record
Jul 27 2015 04:30:17 UTC: ERROR(12589) [put.cc:191] [execute] - Not connected to cluster to put record
Jul 27 2015 04:30:17 UTC: ERROR(12589) [put.cc:191] [execute] - Not connected to cluster to put record
Jul 27 2015 04:30:17 UTC: ERROR(12589) [put.cc:191] [execute] - Not connected to cluster to put record
Jul 27 2015 04:30:17 UTC: ERROR(12589) [put.cc:191] [execute] - Not connected to cluster to put record
Jul 27 2015 04:30:17 UTC: ERROR(12589) [put.cc:191] [execute] - Not connected to cluster to put record
Jul 27 2015 04:30:17 UTC: ERROR(12589) [put.cc:191] [execute] - Not connected to cluster to put record
Jul 27 2015 04:30:17 UTC: ERROR(12589) [put.cc:191] [execute] - Not connected to cluster to put record
Jul 27 2015 04:30:17 UTC: ERROR(12589) [put.cc:191] [execute] - Not connected to cluster to put record
Jul 27 2015 04:30:17 UTC: ERROR(12589) [put.cc:191] [execute] - Not connected to cluster to put record
Jul 27 2015 04:30:17 UTC: ERROR(12589) [put.cc:191] [execute] - Not connected to cluster to put record
Jul 27 2015 04:30:17 UTC: ERROR(12589) [put.cc:191] [execute] - Not connected to cluster to put record
Jul 27 2015 04:30:17 UTC: ERROR(12589) [put.cc:191] [execute] - Not connected to cluster to put record
Jul 27 2015 04:30:17 UTC: ERROR(12589) [put.cc:191] [execute] - Not connected to cluster to put record
Jul 27 2015 04:30:17 UTC: ERROR(12589) [put.cc:191] [execute] - Not connected to cluster to put record
Jul 27 2015 04:30:17 UTC: ERROR(12589) [put.cc:191] [execute] - Not connected to cluster to put record
Jul 27 2015 04:30:17 UTC: ERROR(12589) [put.cc:191] [execute] - Not connected to cluster to put record
Jul 27 2015 04:30:17 UTC: ERROR(12589) [put.cc:191] [execute] - Not connected to cluster to put record
Jul 27 2015 04:30:17 UTC: ERROR(12589) [put.cc:191] [execute] - Not connected to cluster to put record
Jul 27 2015 04:30:17 UTC: ERROR(12589) [put.cc:191] [execute] - Not connected to cluster to put record
Jul 27 2015 04:30:17 UTC: ERROR(12589) [put.cc:191] [execute] - Not connected to cluster to put record
Jul 27 2015 04:30:17 UTC: ERROR(12589) [put.cc:191] [execute] - Not connected to cluster to put record
Jul 27 2015 04:30:17 UTC: ERROR(12589) [put.cc:191] [execute] - Not connected to cluster to put record
Jul 27 2015 04:30:17 UTC: ERROR(12589) [put.cc:191] [execute] - Not connected to cluster to put record
Jul 27 2015 04:30:17 UTC: ERROR(12589) [put.cc:191] [execute] - Not connected to cluster to put record
Jul 27 2015 04:30:17 UTC: ERROR(12589) [put.cc:191] [execute] - Not connected to cluster to put record
Jul 27 2015 04:30:17 UTC: ERROR(12589) [put.cc:191] [execute] - Not connected to cluster to put record
Jul 27 2015 04:30:17 UTC: ERROR(12589) [put.cc:191] [execute] - Not connected to cluster to put record
Jul 27 2015 04:30:17 UTC: ERROR(12589) [put.cc:191] [execute] - Not connected to cluster to put record
Jul 27 2015 04:30:17 UTC: ERROR(12589) [put.cc:191] [execute] - Not connected to cluster to put record
Jul 27 2015 04:30:17 UTC: ERROR(12589) [put.cc:191] [execute] - Not connected to cluster to put record
Jul 27 2015 04:30:17 UTC: ERROR(12589) [put.cc:191] [execute] - Not connected to cluster to put record
Jul 27 2015 04:30:17 UTC: ERROR(12589) [put.cc:191] [execute] - Not connected to cluster to put record
Jul 27 2015 04:30:17 UTC: ERROR(12589) [put.cc:191] [execute] - Not connected to cluster to put record
Jul 27 2015 04:30:17 UTC: ERROR(12589) [put.cc:191] [execute] - Not connected to cluster to put record
Jul 27 2015 04:30:17 UTC: ERROR(12589) [put.cc:191] [execute] - Not connected to cluster to put record
Jul 27 2015 04:30:17 UTC: ERROR(12589) [put.cc:191] [execute] - Not connected to cluster to put record
Jul 27 2015 04:30:17 UTC: ERROR(12589) [put.cc:191] [execute] - Not connected to cluster to put record
Jul 27 2015 04:30:17 UTC: ERROR(12589) [put.cc:191] [execute] - Not connected to cluster to put record
Jul 27 2015 04:30:17 UTC: ERROR(12589) [put.cc:191] [execute] - Not connected to cluster to put record
Jul 27 2015 04:30:17 UTC: ERROR(12589) [put.cc:191] [execute] - Not connected to cluster to put record
Jul 27 2015 04:30:17 UTC: ERROR(12589) [put.cc:191] [execute] - Not connected to cluster to put record
Jul 27 2015 04:30:17 UTC: ERROR(12589) [put.cc:191] [execute] - Not connected to cluster to put record
Jul 27 2015 04:30:17 UTC: ERROR(12589) [put.cc:191] [execute] - Not connected to cluster to put record
Jul 27 2015 04:30:17 UTC: ERROR(12589) [put.cc:191] [execute] - Not connected to cluster to put record
Jul 27 2015 04:30:17 UTC: ERROR(12589) [put.cc:191] [execute] - Not connected to cluster to put record
Jul 27 2015 04:30:17 UTC: ERROR(12589) [put.cc:191] [execute] - Not connected to cluster to put record
Jul 27 2015 04:30:17 UTC: ERROR(12589) [put.cc:191] [execute] - Not connected to cluster to put record
Jul 27 2015 04:30:17 UTC: ERROR(12589) [put.cc:191] [execute] - Not connected to cluster to put record
Jul 27 2015 04:30:17 UTC: ERROR(12589) [put.cc:191] [execute] - Not connected to cluster to put record
Jul 27 2015 04:30:17 UTC: ERROR(12589) [put.cc:191] [execute] - Not connected to cluster to put record
Jul 27 2015 04:30:17 UTC: ERROR(12589) [put.cc:191] [execute] - Not connected to cluster to put record
Jul 27 2015 04:30:17 UTC: ERROR(12589) [put.cc:191] [execute] - Not connected to cluster to put record
Jul 27 2015 04:30:17 UTC: ERROR(12589) [put.cc:191] [execute] - Not connected to cluster to put record
Jul 27 2015 04:30:17 UTC: ERROR(12589) [put.cc:191] [execute] - Not connected to cluster to put record
Jul 27 2015 04:30:17 UTC: ERROR(12589) [put.cc:191] [execute] - Not connected to cluster to put record
Jul 27 2015 04:30:17 UTC: ERROR(12589) [put.cc:191] [execute] - Not connected to cluster to put record
Jul 27 2015 04:30:17 UTC: ERROR(12589) [put.cc:191] [execute] - Not connected to cluster to put record
Jul 27 2015 04:30:17 UTC: ERROR(12589) [put.cc:191] [execute] - Not connected to cluster to put record
Jul 27 2015 04:30:17 UTC: ERROR(12589) [put.cc:191] [execute] - Not connected to cluster to put record
Jul 27 2015 04:30:17 UTC: ERROR(12589) [put.cc:191] [execute] - Not connected to cluster to put record
Jul 27 2015 04:30:17 UTC: ERROR(12589) [put.cc:191] [execute] - Not connected to cluster to put record
Jul 27 2015 04:30:17 UTC: ERROR(12589) [put.cc:191] [execute] - Not connected to cluster to put record
Jul 27 2015 04:30:17 UTC: ERROR(12589) [put.cc:191] [execute] - Not connected to cluster to put record
Jul 27 2015 04:30:17 UTC: ERROR(12589) [put.cc:191] [execute] - Not connected to cluster to put record
Jul 27 2015 04:30:17 UTC: ERROR(12589) [put.cc:191] [execute] - Not connected to cluster to put record
Jul 27 2015 04:30:17 UTC: ERROR(12589) [put.cc:191] [execute] - Not connected to cluster to put record
Jul 27 2015 04:30:17 UTC: ERROR(12589) [put.cc:191] [execute] - Not connected to cluster to put record
Jul 27 2015 04:30:17 UTC: ERROR(12589) [put.cc:191] [execute] - Not connected to cluster to put record
Jul 27 2015 04:30:17 UTC: ERROR(12589) [put.cc:191] [execute] - Not connected to cluster to put record
Jul 27 2015 04:30:17 UTC: ERROR(12589) [put.cc:191] [execute] - Not connected to cluster to put record
Jul 27 2015 04:30:17 UTC: ERROR(12589) [put.cc:191] [execute] - Not connected to cluster to put record
Jul 27 2015 04:30:17 UTC: ERROR(12589) [put.cc:191] [execute] - Not connected to cluster to put record
Jul 27 2015 04:30:17 UTC: ERROR(12589) [put.cc:191] [execute] - Not connected to cluster to put record
Jul 27 2015 04:30:17 UTC: ERROR(12589) [put.cc:191] [execute] - Not connected to cluster to put record
Jul 27 2015 04:30:17 UTC: ERROR(12589) [put.cc:191] [execute] - Not connected to cluster to put record
Jul 27 2015 04:30:17 UTC: ERROR(12589) [put.cc:191] [execute] - Not connected to cluster to put record
Jul 27 2015 04:30:17 UTC: ERROR(12589) [put.cc:191] [execute] - Not connected to cluster to put record
Jul 27 2015 04:30:17 UTC: ERROR(12589) [put.cc:191] [execute] - Not connected to cluster to put record
Jul 27 2015 04:30:17 UTC: ERROR(12589) [put.cc:191] [execute] - Not connected to cluster to put record
Jul 27 2015 04:30:17 UTC: ERROR(12589) [put.cc:191] [execute] - Not connected to cluster to put record
Jul 27 2015 04:30:17 UTC: ERROR(12589) [put.cc:191] [execute] - Not connected to cluster to put record
Jul 27 2015 04:30:17 UTC: ERROR(12589) [put.cc:191] [execute] - Not connected to cluster to put record
Jul 27 2015 04:30:17 UTC: ERROR(12589) [put.cc:191] [execute] - Not connected to cluster to put record
Jul 27 2015 04:30:17 UTC: ERROR(12589) [put.cc:191] [execute] - Not connected to cluster to put record
Jul 27 2015 04:30:17 UTC: ERROR(12589) [put.cc:191] [execute] - Not connected to cluster to put record
Jul 27 2015 04:30:17 UTC: ERROR(12589) [put.cc:191] [execute] - Not connected to cluster to put record
Jul 27 2015 04:30:17 UTC: ERROR(12589) [put.cc:191] [execute] - Not connected to cluster to put record
Jul 27 2015 04:30:17 UTC: ERROR(12589) [put.cc:191] [execute] - Not connected to cluster to put record
Jul 27 2015 04:30:17 UTC: ERROR(12589) [put.cc:191] [execute] - Not connected to cluster to put record
Jul 27 2015 04:30:17 UTC: ERROR(12589) [put.cc:191] [execute] - Not connected to cluster to put record
Jul 27 2015 04:30:17 UTC: ERROR(12589) [put.cc:191] [execute] - Not connected to cluster to put record
Jul 27 2015 04:30:17 UTC: ERROR(12589) [put.cc:191] [execute] - Not connected to cluster to put record
Jul 27 2015 04:30:17 UTC: ERROR(12589) [put.cc:191] [execute] - Not connected to cluster to put record
Jul 27 2015 04:30:17 UTC: ERROR(12589) [put.cc:191] [execute] - Not connected to cluster to put record
Jul 27 2015 04:30:17 UTC: ERROR(12589) [put.cc:191] [execute] - Not connected to cluster to put record
Jul 27 2015 04:30:17 UTC: ERROR(12589) [put.cc:191] [execute] - Not connected to cluster to put record
Jul 27 2015 04:30:17 UTC: ERROR(12589) [put.cc:191] [execute] - Not connected to cluster to put record
Jul 27 2015 04:30:17 UTC: ERROR(12589) [put.cc:191] [execute] - Not connected to cluster to put record
Jul 27 2015 04:30:17 UTC: ERROR(12589) [put.cc:191] [execute] - Not connected to cluster to put record
Jul 27 2015 04:30:17 UTC: ERROR(12589) [put.cc:191] [execute] - Not connected to cluster to put record
Jul 27 2015 04:30:17 UTC: ERROR(12589) [put.cc:191] [execute] - Not connected to cluster to put record
Jul 27 2015 04:30:17 UTC: ERROR(12589) [put.cc:191] [execute] - Not connected to cluster to put record
Jul 27 2015 04:30:17 UTC: ERROR(12589) [put.cc:191] [execute] - Not connected to cluster to put record
Jul 27 2015 04:30:17 UTC: ERROR(12589) [put.cc:191] [execute] - Not connected to cluster to put record
Jul 27 2015 04:30:17 UTC: ERROR(12589) [put.cc:191] [execute] - Not connected to cluster to put record
Jul 27 2015 04:30:17 UTC: ERROR(12589) [put.cc:191] [execute] - Not connected to cluster to put record
Jul 27 2015 04:30:17 UTC: ERROR(12589) [put.cc:191] [execute] - Not connected to cluster to put record
Jul 27 2015 04:30:17 UTC: ERROR(12589) [put.cc:191] [execute] - Not connected to cluster to put record
Jul 27 2015 04:30:17 UTC: ERROR(12589) [put.cc:191] [execute] - Not connected to cluster to put record
Jul 27 2015 04:30:17 UTC: ERROR(12589) [put.cc:191] [execute] - Not connected to cluster to put record
Jul 27 2015 04:30:17 UTC: ERROR(12589) [put.cc:191] [execute] - Not connected to cluster to put record
Jul 27 2015 04:30:17 UTC: ERROR(12589) [put.cc:191] [execute] - Not connected to cluster to put record
Jul 27 2015 04:30:17 UTC: ERROR(12589) [put.cc:191] [execute] - Not connected to cluster to put record
Jul 27 2015 04:30:17 UTC: ERROR(12589) [put.cc:191] [execute] - Not connected to cluster to put record
Jul 27 2015 04:30:17 UTC: ERROR(12589) [put.cc:191] [execute] - Not connected to cluster to put record
Jul 27 2015 04:30:17 UTC: ERROR(12589) [put.cc:191] [execute] - Not connected to cluster to put record
Jul 27 2015 04:30:17 UTC: ERROR(12589) [put.cc:191] [execute] - Not connected to cluster to put record
Jul 27 2015 04:30:17 UTC: ERROR(12589) [put.cc:191] [execute] - Not connected to cluster to put record
Jul 27 2015 04:30:17 UTC: ERROR(12589) [put.cc:191] [execute] - Not connected to cluster to put record
Jul 27 2015 04:30:17 UTC: ERROR(12589) [put.cc:191] [execute] - Not connected to cluster to put record
Jul 27 2015 04:30:17 UTC: ERROR(12589) [put.cc:191] [execute] - Not connected to cluster to put record
Jul 27 2015 04:30:17 UTC: ERROR(12589) [put.cc:191] [execute] - Not connected to cluster to put record
Jul 27 2015 04:30:17 UTC: ERROR(12589) [put.cc:191] [execute] - Not connected to cluster to put record
Jul 27 2015 04:30:17 UTC: ERROR(12589) [put.cc:191] [execute] - Not connected to cluster to put record
Jul 27 2015 04:30:17 UTC: ERROR(12589) [put.cc:191] [execute] - Not connected to cluster to put record
Jul 27 2015 04:30:17 UTC: ERROR(12589) [put.cc:191] [execute] - Not connected to cluster to put record
Jul 27 2015 04:30:17 UTC: ERROR(12589) [put.cc:191] [execute] - Not connected to cluster to put record
Jul 27 2015 04:30:17 UTC: ERROR(12589) [put.cc:191] [execute] - Not connected to cluster to put record
Jul 27 2015 04:30:17 UTC: ERROR(12589) [put.cc:191] [execute] - Not connected to cluster to put record
Jul 27 2015 04:30:17 UTC: ERROR(12589) [put.cc:191] [execute] - Not connected to cluster to put record
Jul 27 2015 04:30:17 UTC: ERROR(12589) [put.cc:191] [execute] - Not connected to cluster to put record
Jul 27 2015 04:30:17 UTC: ERROR(12589) [put.cc:191] [execute] - Not connected to cluster to put record
Jul 27 2015 04:30:17 UTC: ERROR(12589) [put.cc:191] [execute] - Not connected to cluster to put record
Jul 27 2015 04:30:17 UTC: ERROR(12589) [put.cc:191] [execute] - Not connected to cluster to put record
Jul 27 2015 04:30:17 UTC: ERROR(12589) [put.cc:191] [execute] - Not connected to cluster to put record
Jul 27 2015 04:30:17 UTC: ERROR(12589) [put.cc:191] [execute] - Not connected to cluster to put record
Jul 27 2015 04:30:17 UTC: ERROR(12589) [put.cc:191] [execute] - Not connected to cluster to put record
Jul 27 2015 04:30:17 UTC: ERROR(12589) [put.cc:191] [execute] - Not connected to cluster to put record
Jul 27 2015 04:30:17 UTC: ERROR(12589) [put.cc:191] [execute] - Not connected to cluster to put record
Jul 27 2015 04:30:17 UTC: ERROR(12589) [put.cc:191] [execute] - Not connected to cluster to put record
Jul 27 2015 04:30:17 UTC: ERROR(12589) [put.cc:191] [execute] - Not connected to cluster to put record
Jul 27 2015 04:30:17 UTC: ERROR(12589) [put.cc:191] [execute] - Not connected to cluster to put record
Jul 27 2015 04:30:17 UTC: ERROR(12589) [put.cc:191] [execute] - Not connected to cluster to put record
Jul 27 2015 04:30:17 UTC: ERROR(12589) [put.cc:191] [execute] - Not connected to cluster to put record
Jul 27 2015 04:30:17 UTC: ERROR(12589) [put.cc:191] [execute] - Not connected to cluster to put record
Jul 27 2015 04:30:17 UTC: ERROR(12589) [put.cc:191] [execute] - Not connected to cluster to put record
Jul 27 2015 04:30:17 UTC: ERROR(12589) [put.cc:191] [execute] - Not connected to cluster to put record
Jul 27 2015 04:30:17 UTC: ERROR(12589) [put.cc:191] [execute] - Not connected to cluster to put record
Jul 27 2015 04:30:17 UTC: ERROR(12589) [put.cc:191] [execute] - Not connected to cluster to put record
Jul 27 2015 04:30:17 UTC: ERROR(12589) [put.cc:191] [execute] - Not connected to cluster to put record
Jul 27 2015 04:30:17 UTC: ERROR(12589) [put.cc:191] [execute] - Not connected to cluster to put record
Jul 27 2015 04:30:17 UTC: ERROR(12589) [put.cc:191] [execute] - Not connected to cluster to put record
Jul 27 2015 04:30:17 UTC: ERROR(12589) [put.cc:191] [execute] - Not connected to cluster to put record
Jul 27 2015 04:30:17 UTC: ERROR(12589) [put.cc:191] [execute] - Not connected to cluster to put record
Jul 27 2015 04:30:17 UTC: ERROR(12589) [put.cc:191] [execute] - Not connected to cluster to put record
Jul 27 2015 04:30:17 UTC: ERROR(12589) [put.cc:191] [execute] - Not connected to cluster to put record
Jul 27 2015 04:30:17 UTC: ERROR(12589) [put.cc:191] [execute] - Not connected to cluster to put record
Jul 27 2015 04:30:17 UTC: ERROR(12589) [put.cc:191] [execute] - Not connected to cluster to put record
Jul 27 2015 04:30:17 UTC: ERROR(12589) [put.cc:191] [execute] - Not connected to cluster to put record
Jul 27 2015 04:30:17 UTC: ERROR(12589) [put.cc:191] [execute] - Not connected to cluster to put record
Jul 27 2015 04:30:17 UTC: ERROR(12589) [put.cc:191] [execute] - Not connected to cluster to put record
Jul 27 2015 04:30:17 UTC: ERROR(12589) [put.cc:191] [execute] - Not connected to cluster to put record
Jul 27 2015 04:30:17 UTC: ERROR(12589) [put.cc:191] [execute] - Not connected to cluster to put record
Jul 27 2015 04:30:17 UTC: ERROR(12589) [put.cc:191] [execute] - Not connected to cluster to put record
Jul 27 2015 04:30:17 UTC: ERROR(12589) [put.cc:191] [execute] - Not connected to cluster to put record
Jul 27 2015 04:30:17 UTC: ERROR(12589) [put.cc:191] [execute] - Not connected to cluster to put record
Jul 27 2015 04:30:17 UTC: ERROR(12589) [put.cc:191] [execute] - Not connected to cluster to put record
Jul 27 2015 04:30:17 UTC: ERROR(12589) [put.cc:191] [execute] - Not connected to cluster to put record
Jul 27 2015 04:30:17 UTC: ERROR(12589) [put.cc:191] [execute] - Not connected to cluster to put record
Jul 27 2015 04:30:17 UTC: ERROR(12589) [put.cc:191] [execute] - Not connected to cluster to put record
Jul 27 2015 04:30:17 UTC: ERROR(12589) [put.cc:191] [execute] - Not connected to cluster to put record
Jul 27 2015 04:30:17 UTC: ERROR(12589) [put.cc:191] [execute] - Not connected to cluster to put record
Jul 27 2015 04:30:17 UTC: ERROR(12589) [put.cc:191] [execute] - Not connected to cluster to put record
Jul 27 2015 04:30:17 UTC: ERROR(12589) [put.cc:191] [execute] - Not connected to cluster to put record
Jul 27 2015 04:30:17 UTC: ERROR(12589) [put.cc:191] [execute] - Not connected to cluster to put record
Jul 27 2015 04:30:17 UTC: ERROR(12589) [put.cc:191] [execute] - Not connected to cluster to put record
Jul 27 2015 04:30:17 UTC: ERROR(12589) [put.cc:191] [execute] - Not connected to cluster to put record
Jul 27 2015 04:30:17 UTC: ERROR(12589) [put.cc:191] [execute] - Not connected to cluster to put record
Jul 27 2015 04:30:17 UTC: ERROR(12589) [put.cc:191] [execute] - Not connected to cluster to put record
Jul 27 2015 04:30:17 UTC: ERROR(12589) [put.cc:191] [execute] - Not connected to cluster to put record
Jul 27 2015 04:30:17 UTC: ERROR(12589) [put.cc:191] [execute] - Not connected to cluster to put record
Jul 27 2015 04:30:17 UTC: ERROR(12589) [put.cc:191] [execute] - Not connected to cluster to put record
Jul 27 2015 04:30:17 UTC: ERROR(12589) [put.cc:191] [execute] - Not connected to cluster to put record
Jul 27 2015 04:30:17 UTC: ERROR(12589) [put.cc:191] [execute] - Not connected to cluster to put record
Jul 27 2015 04:30:17 UTC: ERROR(12589) [put.cc:191] [execute] - Not connected to cluster to put record
Jul 27 2015 04:30:17 UTC: ERROR(12589) [put.cc:191] [execute] - Not connected to cluster to put record
Jul 27 2015 04:30:17 UTC: ERROR(12589) [put.cc:191] [execute] - Not connected to cluster to put record
Jul 27 2015 04:30:17 UTC: ERROR(12589) [put.cc:191] [execute] - Not connected to cluster to put record
Jul 27 2015 04:30:17 UTC: ERROR(12589) [put.cc:191] [execute] - Not connected to cluster to put record
Jul 27 2015 04:30:17 UTC: ERROR(12589) [put.cc:191] [execute] - Not connected to cluster to put record
Jul 27 2015 04:30:17 UTC: ERROR(12589) [put.cc:191] [execute] - Not connected to cluster to put record
Jul 27 2015 04:30:17 UTC: ERROR(12589) [put.cc:191] [execute] - Not connected to cluster to put record
Jul 27 2015 04:30:17 UTC: ERROR(12589) [put.cc:191] [execute] - Not connected to cluster to put record
Jul 27 2015 04:30:17 UTC: ERROR(12589) [put.cc:191] [execute] - Not connected to cluster to put record
Jul 27 2015 04:30:17 UTC: ERROR(12589) [put.cc:191] [execute] - Not connected to cluster to put record
Jul 27 2015 04:30:17 UTC: ERROR(12589) [put.cc:191] [execute] - Not connected to cluster to put record
Jul 27 2015 04:30:17 UTC: ERROR(12589) [put.cc:191] [execute] - Not connected to cluster to put record
Jul 27 2015 04:30:17 UTC: ERROR(12589) [put.cc:191] [execute] - Not connected to cluster to put record
Jul 27 2015 04:30:17 UTC: ERROR(12589) [put.cc:191] [execute] - Not connected to cluster to put record
Jul 27 2015 04:30:17 UTC: ERROR(12589) [put.cc:191] [execute] - Not connected to cluster to put record
Jul 27 2015 04:30:17 UTC: ERROR(12589) [put.cc:191] [execute] - Not connected to cluster to put record
Jul 27 2015 04:30:17 UTC: ERROR(12589) [put.cc:191] [execute] - Not connected to cluster to put record
Jul 27 2015 04:30:17 UTC: ERROR(12589) [put.cc:191] [execute] - Not connected to cluster to put record
Jul 27 2015 04:30:17 UTC: ERROR(12589) [put.cc:191] [execute] - Not connected to cluster to put record
Jul 27 2015 04:30:17 UTC: ERROR(12589) [put.cc:191] [execute] - Not connected to cluster to put record
Jul 27 2015 04:30:17 UTC: ERROR(12589) [put.cc:191] [execute] - Not connected to cluster to put record
Jul 27 2015 04:30:17 UTC: ERROR(12589) [put.cc:191] [execute] - Not connected to cluster to put record
Jul 27 2015 04:30:17 UTC: ERROR(12589) [put.cc:191] [execute] - Not connected to cluster to put record
Jul 27 2015 04:30:17 UTC: ERROR(12589) [put.cc:191] [execute] - Not connected to cluster to put record
Jul 27 2015 04:30:17 UTC: ERROR(12589) [put.cc:191] [execute] - Not connected to cluster to put record
Jul 27 2015 04:30:17 UTC: ERROR(12589) [put.cc:191] [execute] - Not connected to cluster to put record
Jul 27 2015 04:30:17 UTC: ERROR(12589) [put.cc:191] [execute] - Not connected to cluster to put record
Jul 27 2015 04:30:17 UTC: ERROR(12589) [put.cc:191] [execute] - Not connected to cluster to put record
Jul 27 2015 04:30:17 UTC: ERROR(12589) [put.cc:191] [execute] - Not connected to cluster to put record
Jul 27 2015 04:30:17 UTC: ERROR(12589) [put.cc:191] [execute] - Not connected to cluster to put record
Jul 27 2015 04:30:17 UTC: ERROR(12589) [put.cc:191] [execute] - Not connected to cluster to put record
Jul 27 2015 04:30:17 UTC: ERROR(12589) [put.cc:191] [execute] - Not connected to cluster to put record
Jul 27 2015 04:30:17 UTC: ERROR(12589) [put.cc:191] [execute] - Not connected to cluster to put record
Jul 27 2015 04:30:17 UTC: ERROR(12589) [put.cc:191] [execute] - Not connected to cluster to put record
Jul 27 2015 04:30:17 UTC: ERROR(12589) [put.cc:191] [execute] - Not connected to cluster to put record
Jul 27 2015 04:30:17 UTC: ERROR(12589) [put.cc:191] [execute] - Not connected to cluster to put record
Jul 27 2015 04:30:17 UTC: ERROR(12589) [put.cc:191] [execute] - Not connected to cluster to put record
Jul 27 2015 04:30:17 UTC: ERROR(12589) [put.cc:191] [execute] - Not connected to cluster to put record
Jul 27 2015 04:30:17 UTC: ERROR(12589) [put.cc:191] [execute] - Not connected to cluster to put record
Jul 27 2015 04:30:17 UTC: ERROR(12589) [put.cc:191] [execute] - Not connected to cluster to put record
Jul 27 2015 04:30:17 UTC: ERROR(12589) [put.cc:191] [execute] - Not connected to cluster to put record
Jul 27 2015 04:30:17 UTC: ERROR(12589) [put.cc:191] [execute] - Not connected to cluster to put record
Jul 27 2015 04:30:17 UTC: ERROR(12589) [put.cc:191] [execute] - Not connected to cluster to put record
Jul 27 2015 04:30:17 UTC: ERROR(12589) [put.cc:191] [execute] - Not connected to cluster to put record
Jul 27 2015 04:30:17 UTC: ERROR(12589) [put.cc:191] [execute] - Not connected to cluster to put record
Jul 27 2015 04:30:17 UTC: ERROR(12589) [put.cc:191] [execute] - Not connected to cluster to put record
Jul 27 2015 04:30:17 UTC: ERROR(12589) [put.cc:191] [execute] - Not connected to cluster to put record
Jul 27 2015 04:30:17 UTC: ERROR(12589) [put.cc:191] [execute] - Not connected to cluster to put record
Jul 27 2015 04:30:17 UTC: ERROR(12589) [put.cc:191] [execute] - Not connected to cluster to put record
Jul 27 2015 04:30:17 UTC: ERROR(12589) [put.cc:191] [execute] - Not connected to cluster to put record
Jul 27 2015 04:30:17 UTC: ERROR(12589) [put.cc:191] [execute] - Not connected to cluster to put record
Jul 27 2015 04:30:17 UTC: ERROR(12589) [put.cc:191] [execute] - Not connected to cluster to put record
Jul 27 2015 04:30:17 UTC: ERROR(12589) [put.cc:191] [execute] - Not connected to cluster to put record
Jul 27 2015 04:30:17 UTC: ERROR(12589) [put.cc:191] [execute] - Not connected to cluster to put record
Jul 27 2015 04:30:17 UTC: ERROR(12589) [put.cc:191] [execute] - Not connected to cluster to put record
Jul 27 2015 04:30:17 UTC: ERROR(12589) [put.cc:191] [execute] - Not connected to cluster to put record
Jul 27 2015 04:30:17 UTC: ERROR(12589) [put.cc:191] [execute] - Not connected to cluster to put record
Jul 27 2015 04:30:17 UTC: ERROR(12589) [put.cc:191] [execute] - Not connected to cluster to put record
Jul 27 2015 04:30:17 UTC: ERROR(12589) [put.cc:191] [execute] - Not connected to cluster to put record
Jul 27 2015 04:30:17 UTC: ERROR(12589) [put.cc:191] [execute] - Not connected to cluster to put record
Jul 27 2015 04:30:17 UTC: ERROR(12589) [put.cc:191] [execute] - Not connected to cluster to put record
Jul 27 2015 04:30:17 UTC: ERROR(12589) [put.cc:191] [execute] - Not connected to cluster to put record
Jul 27 2015 04:30:17 UTC: ERROR(12589) [put.cc:191] [execute] - Not connected to cluster to put record
Jul 27 2015 04:30:17 UTC: ERROR(12589) [put.cc:191] [execute] - Not connected to cluster to put record
Jul 27 2015 04:30:17 UTC: ERROR(12589) [put.cc:191] [execute] - Not connected to cluster to put record
Jul 27 2015 04:30:17 UTC: ERROR(12589) [put.cc:191] [execute] - Not connected to cluster to put record
Jul 27 2015 04:30:17 UTC: ERROR(12589) [put.cc:191] [execute] - Not connected to cluster to put record
Jul 27 2015 04:30:17 UTC: ERROR(12589) [put.cc:191] [execute] - Not connected to cluster to put record
Jul 27 2015 04:30:17 UTC: ERROR(12589) [put.cc:191] [execute] - Not connected to cluster to put record
Jul 27 2015 04:30:17 UTC: ERROR(12589) [put.cc:191] [execute] - Not connected to cluster to put record
Jul 27 2015 04:30:17 UTC: ERROR(12589) [put.cc:191] [execute] - Not connected to cluster to put record
Jul 27 2015 04:30:17 UTC: ERROR(12589) [put.cc:191] [execute] - Not connected to cluster to put record
Jul 27 2015 04:30:17 UTC: ERROR(12589) [put.cc:191] [execute] - Not connected to cluster to put record
Jul 27 2015 04:30:17 UTC: ERROR(12589) [put.cc:191] [execute] - Not connected to cluster to put record
Jul 27 2015 04:30:17 UTC: ERROR(12589) [put.cc:191] [execute] - Not connected to cluster to put record
Jul 27 2015 04:30:17 UTC: ERROR(12589) [put.cc:191] [execute] - Not connected to cluster to put record
Jul 27 2015 04:30:17 UTC: ERROR(12589) [put.cc:191] [execute] - Not connected to cluster to put record
Jul 27 2015 04:30:17 UTC: ERROR(12589) [put.cc:191] [execute] - Not connected to cluster to put record
Jul 27 2015 04:30:17 UTC: ERROR(12589) [put.cc:191] [execute] - Not connected to cluster to put record
Jul 27 2015 04:30:17 UTC: ERROR(12589) [put.cc:191] [execute] - Not connected to cluster to put record
Jul 27 2015 04:30:17 UTC: ERROR(12589) [put.cc:191] [execute] - Not connected to cluster to put record
Jul 27 2015 04:30:17 UTC: ERROR(12589) [put.cc:191] [execute] - Not connected to cluster to put record
Jul 27 2015 04:30:17 UTC: ERROR(12589) [put.cc:191] [execute] - Not connected to cluster to put record
Jul 27 2015 04:30:17 UTC: ERROR(12589) [put.cc:191] [execute] - Not connected to cluster to put record
Jul 27 2015 04:30:17 UTC: ERROR(12589) [put.cc:191] [execute] - Not connected to cluster to put record
Jul 27 2015 04:30:17 UTC: ERROR(12589) [put.cc:191] [execute] - Not connected to cluster to put record
Jul 27 2015 04:30:17 UTC: ERROR(12589) [put.cc:191] [execute] - Not connected to cluster to put record
Jul 27 2015 04:30:17 UTC: ERROR(12589) [put.cc:191] [execute] - Not connected to cluster to put record
Jul 27 2015 04:30:17 UTC: ERROR(12589) [put.cc:191] [execute] - Not connected to cluster to put record
Jul 27 2015 04:30:17 UTC: ERROR(12589) [put.cc:191] [execute] - Not connected to cluster to put record
Jul 27 2015 04:30:17 UTC: ERROR(12589) [put.cc:191] [execute] - Not connected to cluster to put record
Jul 27 2015 04:30:17 UTC: ERROR(12589) [put.cc:191] [execute] - Not connected to cluster to put record
Jul 27 2015 04:30:17 UTC: ERROR(12589) [put.cc:191] [execute] - Not connected to cluster to put record
Jul 27 2015 04:30:17 UTC: ERROR(12589) [put.cc:191] [execute] - Not connected to cluster to put record
Jul 27 2015 04:30:17 UTC: ERROR(12589) [put.cc:191] [execute] - Not connected to cluster to put record
Jul 27 2015 04:30:17 UTC: ERROR(12589) [put.cc:191] [execute] - Not connected to cluster to put record
Jul 27 2015 04:30:17 UTC: ERROR(12589) [put.cc:191] [execute] - Not connected to cluster to put record
Jul 27 2015 04:30:17 UTC: ERROR(12589) [put.cc:191] [execute] - Not connected to cluster to put record
Jul 27 2015 04:30:17 UTC: ERROR(12589) [put.cc:191] [execute] - Not connected to cluster to put record
Jul 27 2015 04:30:17 UTC: ERROR(12589) [put.cc:191] [execute] - Not connected to cluster to put record
Jul 27 2015 04:30:17 UTC: ERROR(12589) [put.cc:191] [execute] - Not connected to cluster to put record
Jul 27 2015 04:30:17 UTC: ERROR(12589) [put.cc:191] [execute] - Not connected to cluster to put record
Jul 27 2015 04:30:17 UTC: ERROR(12589) [put.cc:191] [execute] - Not connected to cluster to put record
Jul 27 2015 04:30:17 UTC: ERROR(12589) [put.cc:191] [execute] - Not connected to cluster to put record
Jul 27 2015 04:30:17 UTC: ERROR(12589) [put.cc:191] [execute] - Not connected to cluster to put record
Jul 27 2015 04:30:17 UTC: ERROR(12589) [put.cc:191] [execute] - Not connected to cluster to put record
Jul 27 2015 04:30:17 UTC: ERROR(12589) [put.cc:191] [execute] - Not connected to cluster to put record
Jul 27 2015 04:30:17 UTC: ERROR(12589) [put.cc:191] [execute] - Not connected to cluster to put record
Jul 27 2015 04:30:17 UTC: ERROR(12589) [put.cc:191] [execute] - Not connected to cluster to put record
Jul 27 2015 04:30:17 UTC: ERROR(12589) [put.cc:191] [execute] - Not connected to cluster to put record
Jul 27 2015 04:30:17 UTC: ERROR(12589) [put.cc:191] [execute] - Not connected to cluster to put record
Jul 27 2015 04:30:17 UTC: ERROR(12589) [put.cc:191] [execute] - Not connected to cluster to put record
Jul 27 2015 04:30:17 UTC: ERROR(12589) [put.cc:191] [execute] - Not connected to cluster to put record
Jul 27 2015 04:30:17 UTC: ERROR(12589) [put.cc:191] [execute] - Not connected to cluster to put record
Jul 27 2015 04:30:17 UTC: ERROR(12589) [put.cc:191] [execute] - Not connected to cluster to put record
Jul 27 2015 04:30:17 UTC: ERROR(12589) [put.cc:191] [execute] - Not connected to cluster to put record
Jul 27 2015 04:30:17 UTC: ERROR(12589) [put.cc:191] [execute] - Not connected to cluster to put record
Jul 27 2015 04:30:17 UTC: ERROR(12589) [put.cc:191] [execute] - Not connected to cluster to put record
Jul 27 2015 04:30:17 UTC: ERROR(12589) [put.cc:191] [execute] - Not connected to cluster to put record
Jul 27 2015 04:30:17 UTC: ERROR(12589) [put.cc:191] [execute] - Not connected to cluster to put record
Jul 27 2015 04:30:17 UTC: ERROR(12589) [put.cc:191] [execute] - Not connected to cluster to put record
Jul 27 2015 04:30:17 UTC: ERROR(12589) [put.cc:191] [execute] - Not connected to cluster to put record
Jul 27 2015 04:30:17 UTC: ERROR(12589) [put.cc:191] [execute] - Not connected to cluster to put record
Jul 27 2015 04:30:17 UTC: ERROR(12589) [put.cc:191] [execute] - Not connected to cluster to put record
Jul 27 2015 04:30:17 UTC: ERROR(12589) [put.cc:191] [execute] - Not connected to cluster to put record
Jul 27 2015 04:30:17 UTC: ERROR(12589) [put.cc:191] [execute] - Not connected to cluster to put record
Jul 27 2015 04:30:17 UTC: ERROR(12589) [put.cc:191] [execute] - Not connected to cluster to put record
Jul 27 2015 04:30:17 UTC: ERROR(12589) [put.cc:191] [execute] - Not connected to cluster to put record
Jul 27 2015 04:30:17 UTC: ERROR(12589) [put.cc:191] [execute] - Not connected to cluster to put record
Jul 27 2015 04:30:17 UTC: ERROR(12589) [put.cc:191] [execute] - Not connected to cluster to put record
Jul 27 2015 04:30:17 UTC: ERROR(12589) [put.cc:191] [execute] - Not connected to cluster to put record
Jul 27 2015 04:30:17 UTC: ERROR(12589) [put.cc:191] [execute] - Not connected to cluster to put record
Jul 27 2015 04:30:17 UTC: ERROR(12589) [put.cc:191] [execute] - Not connected to cluster to put record
Jul 27 2015 04:30:17 UTC: ERROR(12589) [put.cc:191] [execute] - Not connected to cluster to put record
Jul 27 2015 04:30:17 UTC: ERROR(12589) [put.cc:191] [execute] - Not connected to cluster to put record
Jul 27 2015 04:30:17 UTC: ERROR(12589) [put.cc:191] [execute] - Not connected to cluster to put record
Jul 27 2015 04:30:17 UTC: ERROR(12589) [put.cc:191] [execute] - Not connected to cluster to put record
Jul 27 2015 04:30:17 UTC: ERROR(12589) [put.cc:191] [execute] - Not connected to cluster to put record
Jul 27 2015 04:30:17 UTC: ERROR(12589) [put.cc:191] [execute] - Not connected to cluster to put record
Jul 27 2015 04:30:17 UTC: ERROR(12589) [put.cc:191] [execute] - Not connected to cluster to put record
Jul 27 2015 04:30:17 UTC: ERROR(12589) [put.cc:191] [execute] - Not connected to cluster to put record
Jul 27 2015 04:30:17 UTC: ERROR(12589) [put.cc:191] [execute] - Not connected to cluster to put record
Jul 27 2015 04:30:17 UTC: ERROR(12589) [put.cc:191] [execute] - Not connected to cluster to put record
Jul 27 2015 04:30:17 UTC: ERROR(12589) [put.cc:191] [execute] - Not connected to cluster to put record
Jul 27 2015 04:30:17 UTC: ERROR(12589) [put.cc:191] [execute] - Not connected to cluster to put record
Jul 27 2015 04:30:17 UTC: ERROR(12589) [put.cc:191] [execute] - Not connected to cluster to put record
Jul 27 2015 04:30:17 UTC: ERROR(12589) [put.cc:191] [execute] - Not connected to cluster to put record
Jul 27 2015 04:30:17 UTC: ERROR(12589) [put.cc:191] [execute] - Not connected to cluster to put record
Jul 27 2015 04:30:17 UTC: ERROR(12589) [put.cc:191] [execute] - Not connected to cluster to put record
Jul 27 2015 04:30:17 UTC: ERROR(12589) [put.cc:191] [execute] - Not connected to cluster to put record
Jul 27 2015 04:30:17 UTC: ERROR(12589) [put.cc:191] [execute] - Not connected to cluster to put record
Jul 27 2015 04:30:17 UTC: ERROR(12589) [put.cc:191] [execute] - Not connected to cluster to put record
Jul 27 2015 04:30:17 UTC: ERROR(12589) [put.cc:191] [execute] - Not connected to cluster to put record
Jul 27 2015 04:30:17 UTC: ERROR(12589) [put.cc:191] [execute] - Not connected to cluster to put record
Jul 27 2015 04:30:17 UTC: ERROR(12589) [put.cc:191] [execute] - Not connected to cluster to put record
Jul 27 2015 04:30:17 UTC: ERROR(12589) [put.cc:191] [execute] - Not connected to cluster to put record
Jul 27 2015 04:30:17 UTC: ERROR(12589) [put.cc:191] [execute] - Not connected to cluster to put record
Jul 27 2015 04:30:17 UTC: ERROR(12589) [put.cc:191] [execute] - Not connected to cluster to put record
Jul 27 2015 04:30:17 UTC: ERROR(12589) [put.cc:191] [execute] - Not connected to cluster to put record
Jul 27 2015 04:30:17 UTC: ERROR(12589) [put.cc:191] [execute] - Not connected to cluster to put record
Jul 27 2015 04:30:17 UTC: ERROR(12589) [put.cc:191] [execute] - Not connected to cluster to put record
Jul 27 2015 04:30:17 UTC: ERROR(12589) [put.cc:191] [execute] - Not connected to cluster to put record
Jul 27 2015 04:30:17 UTC: ERROR(12589) [put.cc:191] [execute] - Not connected to cluster to put record
Jul 27 2015 04:30:17 UTC: ERROR(12589) [put.cc:191] [execute] - Not connected to cluster to put record
Jul 27 2015 04:30:17 UTC: ERROR(12589) [put.cc:191] [execute] - Not connected to cluster to put record
Jul 27 2015 04:30:17 UTC: ERROR(12589) [put.cc:191] [execute] - Not connected to cluster to put record
Jul 27 2015 04:30:17 UTC: ERROR(12589) [put.cc:191] [execute] - Not connected to cluster to put record
Jul 27 2015 04:30:17 UTC: ERROR(12589) [put.cc:191] [execute] - Not connected to cluster to put record
Jul 27 2015 04:30:17 UTC: ERROR(12589) [put.cc:191] [execute] - Not connected to cluster to put record
Jul 27 2015 04:30:17 UTC: ERROR(12589) [put.cc:191] [execute] - Not connected to cluster to put record
Jul 27 2015 04:30:17 UTC: ERROR(12589) [put.cc:191] [execute] - Not connected to cluster to put record
Jul 27 2015 04:30:17 UTC: ERROR(12589) [put.cc:191] [execute] - Not connected to cluster to put record
Jul 27 2015 04:30:17 UTC: ERROR(12589) [put.cc:191] [execute] - Not connected to cluster to put record
Jul 27 2015 04:30:17 UTC: ERROR(12589) [put.cc:191] [execute] - Not connected to cluster to put record
Jul 27 2015 04:30:17 UTC: ERROR(12589) [put.cc:191] [execute] - Not connected to cluster to put record
Jul 27 2015 04:30:17 UTC: ERROR(12589) [put.cc:191] [execute] - Not connected to cluster to put record
Jul 27 2015 04:30:17 UTC: ERROR(12589) [put.cc:191] [execute] - Not connected to cluster to put record
Jul 27 2015 04:30:17 UTC: ERROR(12589) [put.cc:191] [execute] - Not connected to cluster to put record
Jul 27 2015 04:30:17 UTC: ERROR(12589) [put.cc:191] [execute] - Not connected to cluster to put record
Jul 27 2015 04:30:17 UTC: ERROR(12589) [put.cc:191] [execute] - Not connected to cluster to put record
Jul 27 2015 04:30:17 UTC: ERROR(12589) [put.cc:191] [execute] - Not connected to cluster to put record
Jul 27 2015 04:30:17 UTC: ERROR(12589) [put.cc:191] [execute] - Not connected to cluster to put record
Jul 27 2015 04:30:17 UTC: ERROR(12589) [put.cc:191] [execute] - Not connected to cluster to put record
Jul 27 2015 04:30:17 UTC: ERROR(12589) [put.cc:191] [execute] - Not connected to cluster to put record
Jul 27 2015 04:30:17 UTC: ERROR(12589) [put.cc:191] [execute] - Not connected to cluster to put record
Jul 27 2015 04:30:17 UTC: ERROR(12589) [put.cc:191] [execute] - Not connected to cluster to put record
Jul 27 2015 04:30:17 UTC: ERROR(12589) [put.cc:191] [execute] - Not connected to cluster to put record
Jul 27 2015 04:30:17 UTC: ERROR(12589) [put.cc:191] [execute] - Not connected to cluster to put record
Jul 27 2015 04:30:17 UTC: ERROR(12589) [put.cc:191] [execute] - Not connected to cluster to put record
Jul 27 2015 04:30:17 UTC: ERROR(12589) [put.cc:191] [execute] - Not connected to cluster to put record
Jul 27 2015 04:30:17 UTC: ERROR(12589) [put.cc:191] [execute] - Not connected to cluster to put record
Jul 27 2015 04:30:17 UTC: ERROR(12589) [put.cc:191] [execute] - Not connected to cluster to put record
Jul 27 2015 04:30:17 UTC: ERROR(12589) [put.cc:191] [execute] - Not connected to cluster to put record
Jul 27 2015 04:30:17 UTC: ERROR(12589) [put.cc:191] [execute] - Not connected to cluster to put record
Jul 27 2015 04:30:17 UTC: ERROR(12589) [put.cc:191] [execute] - Not connected to cluster to put record
Jul 27 2015 04:30:17 UTC: ERROR(12589) [put.cc:191] [execute] - Not connected to cluster to put record
Jul 27 2015 04:30:17 UTC: ERROR(12589) [put.cc:191] [execute] - Not connected to cluster to put record
Jul 27 2015 04:30:17 UTC: ERROR(12589) [put.cc:191] [execute] - Not connected to cluster to put record
Jul 27 2015 04:30:17 UTC: ERROR(12589) [put.cc:191] [execute] - Not connected to cluster to put record
Jul 27 2015 04:30:17 UTC: ERROR(12589) [put.cc:191] [execute] - Not connected to cluster to put record
Jul 27 2015 04:30:17 UTC: ERROR(12589) [put.cc:191] [execute] - Not connected to cluster to put record
Jul 27 2015 04:30:17 UTC: ERROR(12589) [put.cc:191] [execute] - Not connected to cluster to put record
Jul 27 2015 04:30:17 UTC: ERROR(12589) [put.cc:191] [execute] - Not connected to cluster to put record
Jul 27 2015 04:30:17 UTC: ERROR(12589) [put.cc:191] [execute] - Not connected to cluster to put record
Jul 27 2015 04:30:17 UTC: ERROR(12589) [put.cc:191] [execute] - Not connected to cluster to put record
Jul 27 2015 04:30:17 UTC: ERROR(12589) [put.cc:191] [execute] - Not connected to cluster to put record
Jul 27 2015 04:30:17 UTC: ERROR(12589) [put.cc:191] [execute] - Not connected to cluster to put record
Jul 27 2015 04:30:17 UTC: ERROR(12589) [put.cc:191] [execute] - Not connected to cluster to put record
Jul 27 2015 04:30:17 UTC: ERROR(12589) [put.cc:191] [execute] - Not connected to cluster to put record
Jul 27 2015 04:30:17 UTC: ERROR(12589) [put.cc:191] [execute] - Not connected to cluster to put record
Jul 27 2015 04:30:17 UTC: ERROR(12589) [put.cc:191] [execute] - Not connected to cluster to put record
Jul 27 2015 04:30:17 UTC: ERROR(12589) [put.cc:191] [execute] - Not connected to cluster to put record
Jul 27 2015 04:30:17 UTC: ERROR(12589) [put.cc:191] [execute] - Not connected to cluster to put record
Jul 27 2015 04:30:17 UTC: ERROR(12589) [put.cc:191] [execute] - Not connected to cluster to put record
Jul 27 2015 04:30:17 UTC: ERROR(12589) [put.cc:191] [execute] - Not connected to cluster to put record
Jul 27 2015 04:30:17 UTC: ERROR(12589) [put.cc:191] [execute] - Not connected to cluster to put record
Jul 27 2015 04:30:17 UTC: ERROR(12589) [put.cc:191] [execute] - Not connected to cluster to put record
Jul 27 2015 04:30:17 UTC: ERROR(12589) [put.cc:191] [execute] - Not connected to cluster to put record
Jul 27 2015 04:30:17 UTC: ERROR(12589) [put.cc:191] [execute] - Not connected to cluster to put record
Jul 27 2015 04:30:17 UTC: ERROR(12589) [put.cc:191] [execute] - Not connected to cluster to put record
Jul 27 2015 04:30:17 UTC: ERROR(12589) [put.cc:191] [execute] - Not connected to cluster to put record
Jul 27 2015 04:30:17 UTC: ERROR(12589) [put.cc:191] [execute] - Not connected to cluster to put record
Jul 27 2015 04:30:17 UTC: ERROR(12589) [put.cc:191] [execute] - Not connected to cluster to put record
Jul 27 2015 04:30:17 UTC: ERROR(12589) [put.cc:191] [execute] - Not connected to cluster to put record
Jul 27 2015 04:30:17 UTC: ERROR(12589) [put.cc:191] [execute] - Not connected to cluster to put record
Jul 27 2015 04:30:17 UTC: ERROR(12589) [put.cc:191] [execute] - Not connected to cluster to put record
Jul 27 2015 04:30:17 UTC: ERROR(12589) [put.cc:191] [execute] - Not connected to cluster to put record
Jul 27 2015 04:30:17 UTC: ERROR(12589) [put.cc:191] [execute] - Not connected to cluster to put record
Jul 27 2015 04:30:17 UTC: ERROR(12589) [put.cc:191] [execute] - Not connected to cluster to put record
Jul 27 2015 04:30:17 UTC: ERROR(12589) [put.cc:191] [execute] - Not connected to cluster to put record
Jul 27 2015 04:30:17 UTC: ERROR(12589) [put.cc:191] [execute] - Not connected to cluster to put record
Jul 27 2015 04:30:17 UTC: ERROR(12589) [put.cc:191] [execute] - Not connected to cluster to put record
Jul 27 2015 04:30:17 UTC: ERROR(12589) [put.cc:191] [execute] - Not connected to cluster to put record
Jul 27 2015 04:30:17 UTC: ERROR(12589) [put.cc:191] [execute] - Not connected to cluster to put record
Jul 27 2015 04:30:17 UTC: ERROR(12589) [put.cc:191] [execute] - Not connected to cluster to put record
Jul 27 2015 04:30:17 UTC: ERROR(12589) [put.cc:191] [execute] - Not connected to cluster to put record
Jul 27 2015 04:30:17 UTC: ERROR(12589) [put.cc:191] [execute] - Not connected to cluster to put record
Jul 27 2015 04:30:17 UTC: ERROR(12589) [put.cc:191] [execute] - Not connected to cluster to put record
Jul 27 2015 04:30:17 UTC: ERROR(12589) [put.cc:191] [execute] - Not connected to cluster to put record
Jul 27 2015 04:30:17 UTC: ERROR(12589) [put.cc:191] [execute] - Not connected to cluster to put record
Jul 27 2015 04:30:17 UTC: ERROR(12589) [put.cc:191] [execute] - Not connected to cluster to put record
Jul 27 2015 04:30:17 UTC: ERROR(12589) [put.cc:191] [execute] - Not connected to cluster to put record
Jul 27 2015 04:30:17 UTC: ERROR(12589) [put.cc:191] [execute] - Not connected to cluster to put record
Jul 27 2015 04:30:17 UTC: ERROR(12589) [put.cc:191] [execute] - Not connected to cluster to put record
Jul 27 2015 04:30:17 UTC: ERROR(12589) [put.cc:191] [execute] - Not connected to cluster to put record
Jul 27 2015 04:30:17 UTC: ERROR(12589) [put.cc:191] [execute] - Not connected to cluster to put record
Jul 27 2015 04:30:17 UTC: ERROR(12589) [put.cc:191] [execute] - Not connected to cluster to put record
Jul 27 2015 04:30:17 UTC: ERROR(12589) [put.cc:191] [execute] - Not connected to cluster to put record
Jul 27 2015 04:30:17 UTC: ERROR(12589) [put.cc:191] [execute] - Not connected to cluster to put record
Jul 27 2015 04:30:17 UTC: ERROR(12589) [put.cc:191] [execute] - Not connected to cluster to put record
Jul 27 2015 04:30:17 UTC: ERROR(12589) [put.cc:191] [execute] - Not connected to cluster to put record
Jul 27 2015 04:30:17 UTC: ERROR(12589) [put.cc:191] [execute] - Not connected to cluster to put record
Jul 27 2015 04:30:17 UTC: ERROR(12589) [put.cc:191] [execute] - Not connected to cluster to put record
Jul 27 2015 04:30:17 UTC: ERROR(12589) [put.cc:191] [execute] - Not connected to cluster to put record
Jul 27 2015 04:30:17 UTC: ERROR(12589) [put.cc:191] [execute] - Not connected to cluster to put record
Jul 27 2015 04:30:17 UTC: ERROR(12589) [put.cc:191] [execute] - Not connected to cluster to put record
Jul 27 2015 04:30:17 UTC: ERROR(12589) [put.cc:191] [execute] - Not connected to cluster to put record
Jul 27 2015 04:30:17 UTC: ERROR(12589) [put.cc:191] [execute] - Not connected to cluster to put record
Jul 27 2015 04:30:17 UTC: ERROR(12589) [put.cc:191] [execute] - Not connected to cluster to put record
Jul 27 2015 04:30:17 UTC: ERROR(12589) [put.cc:191] [execute] - Not connected to cluster to put record
Jul 27 2015 04:30:17 UTC: ERROR(12589) [put.cc:191] [execute] - Not connected to cluster to put record
Jul 27 2015 04:30:17 UTC: ERROR(12589) [put.cc:191] [execute] - Not connected to cluster to put record
Jul 27 2015 04:30:17 UTC: ERROR(12589) [put.cc:191] [execute] - Not connected to cluster to put record
Jul 27 2015 04:30:17 UTC: ERROR(12589) [put.cc:191] [execute] - Not connected to cluster to put record
Jul 27 2015 04:30:17 UTC: ERROR(12589) [put.cc:191] [execute] - Not connected to cluster to put record
Jul 27 2015 04:30:17 UTC: ERROR(12589) [put.cc:191] [execute] - Not connected to cluster to put record
Jul 27 2015 04:30:17 UTC: ERROR(12589) [put.cc:191] [execute] - Not connected to cluster to put record
Jul 27 2015 04:30:17 UTC: ERROR(12589) [put.cc:191] [execute] - Not connected to cluster to put record
Jul 27 2015 04:30:17 UTC: ERROR(12589) [put.cc:191] [execute] - Not connected to cluster to put record
Jul 27 2015 04:30:17 UTC: ERROR(12589) [put.cc:191] [execute] - Not connected to cluster to put record
Jul 27 2015 04:30:17 UTC: ERROR(12589) [put.cc:191] [execute] - Not connected to cluster to put record
Jul 27 2015 04:30:17 UTC: ERROR(12589) [put.cc:191] [execute] - Not connected to cluster to put record
Jul 27 2015 04:30:17 UTC: ERROR(12589) [put.cc:191] [execute] - Not connected to cluster to put record
Jul 27 2015 04:30:17 UTC: ERROR(12589) [put.cc:191] [execute] - Not connected to cluster to put record
Jul 27 2015 04:30:17 UTC: ERROR(12589) [put.cc:191] [execute] - Not connected to cluster to put record
Jul 27 2015 04:30:17 UTC: ERROR(12589) [put.cc:191] [execute] - Not connected to cluster to put record
Jul 27 2015 04:30:17 UTC: ERROR(12589) [put.cc:191] [execute] - Not connected to cluster to put record
Jul 27 2015 04:30:17 UTC: ERROR(12589) [put.cc:191] [execute] - Not connected to cluster to put record
Jul 27 2015 04:30:17 UTC: ERROR(12589) [put.cc:191] [execute] - Not connected to cluster to put record
Jul 27 2015 04:30:17 UTC: ERROR(12589) [put.cc:191] [execute] - Not connected to cluster to put record
Jul 27 2015 04:30:17 UTC: ERROR(12589) [put.cc:191] [execute] - Not connected to cluster to put record
Jul 27 2015 04:30:17 UTC: ERROR(12589) [put.cc:191] [execute] - Not connected to cluster to put record
Jul 27 2015 04:30:17 UTC: ERROR(12589) [put.cc:191] [execute] - Not connected to cluster to put record
Jul 27 2015 04:30:17 UTC: ERROR(12589) [put.cc:191] [execute] - Not connected to cluster to put record
Jul 27 2015 04:30:17 UTC: ERROR(12589) [put.cc:191] [execute] - Not connected to cluster to put record
Jul 27 2015 04:30:17 UTC: ERROR(12589) [put.cc:191] [execute] - Not connected to cluster to put record
Jul 27 2015 04:30:17 UTC: ERROR(12589) [put.cc:191] [execute] - Not connected to cluster to put record
Jul 27 2015 04:30:17 UTC: ERROR(12589) [put.cc:191] [execute] - Not connected to cluster to put record
Jul 27 2015 04:30:17 UTC: ERROR(12589) [put.cc:191] [execute] - Not connected to cluster to put record
Jul 27 2015 04:30:17 UTC: ERROR(12589) [put.cc:191] [execute] - Not connected to cluster to put record
Jul 27 2015 04:30:17 UTC: ERROR(12589) [put.cc:191] [execute] - Not connected to cluster to put record
Jul 27 2015 04:30:17 UTC: ERROR(12589) [put.cc:191] [execute] - Not connected to cluster to put record
Jul 27 2015 04:30:17 UTC: ERROR(12589) [put.cc:191] [execute] - Not connected to cluster to put record
Jul 27 2015 04:30:17 UTC: ERROR(12589) [put.cc:191] [execute] - Not connected to cluster to put record
Jul 27 2015 04:30:17 UTC: ERROR(12589) [put.cc:191] [execute] - Not connected to cluster to put record
Jul 27 2015 04:30:17 UTC: ERROR(12589) [put.cc:191] [execute] - Not connected to cluster to put record
Jul 27 2015 04:30:17 UTC: ERROR(12589) [put.cc:191] [execute] - Not connected to cluster to put record
Jul 27 2015 04:30:17 UTC: ERROR(12589) [put.cc:191] [execute] - Not connected to cluster to put record
Jul 27 2015 04:30:17 UTC: ERROR(12589) [put.cc:191] [execute] - Not connected to cluster to put record
Jul 27 2015 04:30:17 UTC: ERROR(12589) [put.cc:191] [execute] - Not connected to cluster to put record
Jul 27 2015 04:30:17 UTC: ERROR(12589) [put.cc:191] [execute] - Not connected to cluster to put record
Jul 27 2015 04:30:17 UTC: ERROR(12589) [put.cc:191] [execute] - Not connected to cluster to put record
Jul 27 2015 04:30:17 UTC: ERROR(12589) [put.cc:191] [execute] - Not connected to cluster to put record
Jul 27 2015 04:30:17 UTC: ERROR(12589) [put.cc:191] [execute] - Not connected to cluster to put record
Jul 27 2015 04:30:17 UTC: ERROR(12589) [put.cc:191] [execute] - Not connected to cluster to put record
Jul 27 2015 04:30:17 UTC: ERROR(12589) [put.cc:191] [execute] - Not connected to cluster to put record
Jul 27 2015 04:30:17 UTC: ERROR(12589) [put.cc:191] [execute] - Not connected to cluster to put record
Jul 27 2015 04:30:17 UTC: ERROR(12589) [put.cc:191] [execute] - Not connected to cluster to put record
Jul 27 2015 04:30:17 UTC: ERROR(12589) [put.cc:191] [execute] - Not connected to cluster to put record
Jul 27 2015 04:30:17 UTC: ERROR(12589) [put.cc:191] [execute] - Not connected to cluster to put record
Jul 27 2015 04:30:17 UTC: ERROR(12589) [put.cc:191] [execute] - Not connected to cluster to put record
Jul 27 2015 04:30:17 UTC: ERROR(12589) [put.cc:191] [execute] - Not connected to cluster to put record
Jul 27 2015 04:30:17 UTC: ERROR(12589) [put.cc:191] [execute] - Not connected to cluster to put record
Jul 27 2015 04:30:17 UTC: ERROR(12589) [put.cc:191] [execute] - Not connected to cluster to put record
Jul 27 2015 04:30:17 UTC: ERROR(12589) [put.cc:191] [execute] - Not connected to cluster to put record
Jul 27 2015 04:30:17 UTC: ERROR(12589) [put.cc:191] [execute] - Not connected to cluster to put record
Jul 27 2015 04:30:17 UTC: ERROR(12589) [put.cc:191] [execute] - Not connected to cluster to put record
Jul 27 2015 04:30:17 UTC: ERROR(12589) [put.cc:191] [execute] - Not connected to cluster to put record
Jul 27 2015 04:30:17 UTC: ERROR(12589) [put.cc:191] [execute] - Not connected to cluster to put record
Jul 27 2015 04:30:17 UTC: ERROR(12589) [put.cc:191] [execute] - Not connected to cluster to put record
Jul 27 2015 04:30:17 UTC: ERROR(12589) [put.cc:191] [execute] - Not connected to cluster to put record
Jul 27 2015 04:30:17 UTC: ERROR(12589) [put.cc:191] [execute] - Not connected to cluster to put record
Jul 27 2015 04:30:17 UTC: ERROR(12589) [put.cc:191] [execute] - Not connected to cluster to put record
Jul 27 2015 04:30:17 UTC: ERROR(12589) [put.cc:191] [execute] - Not connected to cluster to put record
Jul 27 2015 04:30:17 UTC: ERROR(12589) [put.cc:191] [execute] - Not connected to cluster to put record
Jul 27 2015 04:30:17 UTC: ERROR(12589) [put.cc:191] [execute] - Not connected to cluster to put record
Jul 27 2015 04:30:17 UTC: ERROR(12589) [put.cc:191] [execute] - Not connected to cluster to put record
Jul 27 2015 04:30:17 UTC: ERROR(12589) [put.cc:191] [execute] - Not connected to cluster to put record
Jul 27 2015 04:30:17 UTC: ERROR(12589) [put.cc:191] [execute] - Not connected to cluster to put record
Jul 27 2015 04:30:17 UTC: ERROR(12589) [put.cc:191] [execute] - Not connected to cluster to put record
Jul 27 2015 04:30:17 UTC: ERROR(12589) [put.cc:191] [execute] - Not connected to cluster to put record
Jul 27 2015 04:30:17 UTC: ERROR(12589) [put.cc:191] [execute] - Not connected to cluster to put record
Jul 27 2015 04:30:17 UTC: ERROR(12589) [put.cc:191] [execute] - Not connected to cluster to put record
Jul 27 2015 04:30:17 UTC: ERROR(12589) [put.cc:191] [execute] - Not connected to cluster to put record
Jul 27 2015 04:30:17 UTC: ERROR(12589) [put.cc:191] [execute] - Not connected to cluster to put record
Jul 27 2015 04:30:17 UTC: ERROR(12589) [put.cc:191] [execute] - Not connected to cluster to put record
Jul 27 2015 04:30:17 UTC: ERROR(12589) [put.cc:191] [execute] - Not connected to cluster to put record
Jul 27 2015 04:30:17 UTC: ERROR(12589) [put.cc:191] [execute] - Not connected to cluster to put record
Jul 27 2015 04:30:17 UTC: ERROR(12589) [put.cc:191] [execute] - Not connected to cluster to put record
Jul 27 2015 04:30:17 UTC: ERROR(12589) [put.cc:191] [execute] - Not connected to cluster to put record
Jul 27 2015 04:30:17 UTC: ERROR(12589) [put.cc:191] [execute] - Not connected to cluster to put record
Jul 27 2015 04:30:17 UTC: ERROR(12589) [put.cc:191] [execute] - Not connected to cluster to put record
Jul 27 2015 04:30:17 UTC: ERROR(12589) [put.cc:191] [execute] - Not connected to cluster to put record
Jul 27 2015 04:30:17 UTC: ERROR(12589) [put.cc:191] [execute] - Not connected to cluster to put record
Jul 27 2015 04:30:17 UTC: ERROR(12589) [put.cc:191] [execute] - Not connected to cluster to put record
Jul 27 2015 04:30:17 UTC: ERROR(12589) [put.cc:191] [execute] - Not connected to cluster to put record
Jul 27 2015 04:30:17 UTC: ERROR(12589) [put.cc:191] [execute] - Not connected to cluster to put record
Jul 27 2015 04:30:17 UTC: ERROR(12589) [put.cc:191] [execute] - Not connected to cluster to put record
Jul 27 2015 04:30:17 UTC: ERROR(12589) [put.cc:191] [execute] - Not connected to cluster to put record
Jul 27 2015 04:30:17 UTC: ERROR(12589) [put.cc:191] [execute] - Not connected to cluster to put record
Jul 27 2015 04:30:17 UTC: ERROR(12589) [put.cc:191] [execute] - Not connected to cluster to put record
Jul 27 2015 04:30:17 UTC: ERROR(12589) [put.cc:191] [execute] - Not connected to cluster to put record
Jul 27 2015 04:30:17 UTC: ERROR(12589) [put.cc:191] [execute] - Not connected to cluster to put record
Jul 27 2015 04:30:17 UTC: ERROR(12589) [connect.cc:69] [Connect] - Connecting to Cluster Failed
Jul 27 2015 04:30:17 UTC: ERROR(12589) [udf_register.cc:268] [execute] - Not connected to cluster to put record
Jul 27 2015 04:31:00 UTC: ERROR(12591) [connect.cc:69] [Connect] - Connecting to Cluster Failed
Jul 27 2015 04:31:00 UTC: ERROR(12591) [put.cc:191] [execute] - Not connected to cluster to put record
Jul 27 2015 04:31:00 UTC: ERROR(12591) [put.cc:191] [execute] - Not connected to cluster to put record
Jul 27 2015 04:31:00 UTC: ERROR(12591) [put.cc:191] [execute] - Not connected to cluster to put record
Jul 27 2015 04:31:00 UTC: ERROR(12591) [put.cc:191] [execute] - Not connected to cluster to put record
Jul 27 2015 04:31:00 UTC: ERROR(12591) [put.cc:191] [execute] - Not connected to cluster to put record
Jul 27 2015 04:31:00 UTC: ERROR(12591) [put.cc:191] [execute] - Not connected to cluster to put record
Jul 27 2015 04:31:00 UTC: ERROR(12591) [put.cc:191] [execute] - Not connected to cluster to put record
Jul 27 2015 04:31:00 UTC: ERROR(12591) [put.cc:191] [execute] - Not connected to cluster to put record
Jul 27 2015 04:31:00 UTC: ERROR(12591) [put.cc:191] [execute] - Not connected to cluster to put record
Jul 27 2015 04:31:00 UTC: ERROR(12591) [put.cc:191] [execute] - Not connected to cluster to put record
Jul 27 2015 04:31:00 UTC: ERROR(12591) [put.cc:191] [execute] - Not connected to cluster to put record
Jul 27 2015 04:31:00 UTC: ERROR(12591) [put.cc:191] [execute] - Not connected to cluster to put record
Jul 27 2015 04:31:00 UTC: ERROR(12591) [put.cc:191] [execute] - Not connected to cluster to put record
Jul 27 2015 04:31:00 UTC: ERROR(12591) [put.cc:191] [execute] - Not connected to cluster to put record
Jul 27 2015 04:31:00 UTC: ERROR(12591) [put.cc:191] [execute] - Not connected to cluster to put record
Jul 27 2015 04:31:00 UTC: ERROR(12591) [put.cc:191] [execute] - Not connected to cluster to put record
Jul 27 2015 04:31:00 UTC: ERROR(12591) [put.cc:191] [execute] - Not connected to cluster to put record
Jul 27 2015 04:31:00 UTC: ERROR(12591) [put.cc:191] [execute] - Not connected to cluster to put record
Jul 27 2015 04:31:00 UTC: ERROR(12591) [put.cc:191] [execute] - Not connected to cluster to put record
Jul 27 2015 04:31:00 UTC: ERROR(12591) [put.cc:191] [execute] - Not connected to cluster to put record
Jul 27 2015 04:31:00 UTC: ERROR(12591) [put.cc:191] [execute] - Not connected to cluster to put record
Jul 27 2015 04:31:00 UTC: ERROR(12591) [put.cc:191] [execute] - Not connected to cluster to put record
Jul 27 2015 04:31:00 UTC: ERROR(12591) [put.cc:191] [execute] - Not connected to cluster to put record
Jul 27 2015 04:31:00 UTC: ERROR(12591) [put.cc:191] [execute] - Not connected to cluster to put record
Jul 27 2015 04:31:00 UTC: ERROR(12591) [put.cc:191] [execute] - Not connected to cluster to put record
Jul 27 2015 04:31:00 UTC: ERROR(12591) [put.cc:191] [execute] - Not connected to cluster to put record
Jul 27 2015 04:31:00 UTC: ERROR(12591) [put.cc:191] [execute] - Not connected to cluster to put record
Jul 27 2015 04:31:00 UTC: ERROR(12591) [put.cc:191] [execute] - Not connected to cluster to put record
Jul 27 2015 04:31:00 UTC: ERROR(12591) [put.cc:191] [execute] - Not connected to cluster to put record
Jul 27 2015 04:31:00 UTC: ERROR(12591) [put.cc:191] [execute] - Not connected to cluster to put record
Jul 27 2015 04:31:00 UTC: ERROR(12591) [put.cc:191] [execute] - Not connected to cluster to put record
Jul 27 2015 04:31:00 UTC: ERROR(12591) [put.cc:191] [execute] - Not connected to cluster to put record
Jul 27 2015 04:31:00 UTC: ERROR(12591) [put.cc:191] [execute] - Not connected to cluster to put record
Jul 27 2015 04:31:00 UTC: ERROR(12591) [put.cc:191] [execute] - Not connected to cluster to put record
Jul 27 2015 04:31:00 UTC: ERROR(12591) [put.cc:191] [execute] - Not connected to cluster to put record
Jul 27 2015 04:31:00 UTC: ERROR(12591) [put.cc:191] [execute] - Not connected to cluster to put record
Jul 27 2015 04:31:00 UTC: ERROR(12591) [put.cc:191] [execute] - Not connected to cluster to put record
Jul 27 2015 04:31:00 UTC: ERROR(12591) [put.cc:191] [execute] - Not connected to cluster to put record
Jul 27 2015 04:31:00 UTC: ERROR(12591) [put.cc:191] [execute] - Not connected to cluster to put record
Jul 27 2015 04:31:00 UTC: ERROR(12591) [put.cc:191] [execute] - Not connected to cluster to put record
Jul 27 2015 04:31:00 UTC: ERROR(12591) [put.cc:191] [execute] - Not connected to cluster to put record
Jul 27 2015 04:31:00 UTC: ERROR(12591) [put.cc:191] [execute] - Not connected to cluster to put record
Jul 27 2015 04:31:00 UTC: ERROR(12591) [put.cc:191] [execute] - Not connected to cluster to put record
Jul 27 2015 04:31:00 UTC: ERROR(12591) [put.cc:191] [execute] - Not connected to cluster to put record
Jul 27 2015 04:31:00 UTC: ERROR(12591) [put.cc:191] [execute] - Not connected to cluster to put record
Jul 27 2015 04:31:00 UTC: ERROR(12591) [put.cc:191] [execute] - Not connected to cluster to put record
Jul 27 2015 04:31:00 UTC: ERROR(12591) [put.cc:191] [execute] - Not connected to cluster to put record
Jul 27 2015 04:31:00 UTC: ERROR(12591) [put.cc:191] [execute] - Not connected to cluster to put record
Jul 27 2015 04:31:00 UTC: ERROR(12591) [put.cc:191] [execute] - Not connected to cluster to put record
Jul 27 2015 04:31:00 UTC: ERROR(12591) [put.cc:191] [execute] - Not connected to cluster to put record
Jul 27 2015 04:31:00 UTC: ERROR(12591) [put.cc:191] [execute] - Not connected to cluster to put record
Jul 27 2015 04:31:00 UTC: ERROR(12591) [put.cc:191] [execute] - Not connected to cluster to put record
Jul 27 2015 04:31:00 UTC: ERROR(12591) [put.cc:191] [execute] - Not connected to cluster to put record
Jul 27 2015 04:31:00 UTC: ERROR(12591) [put.cc:191] [execute] - Not connected to cluster to put record
Jul 27 2015 04:31:00 UTC: ERROR(12591) [put.cc:191] [execute] - Not connected to cluster to put record
Jul 27 2015 04:31:00 UTC: ERROR(12591) [put.cc:191] [execute] - Not connected to cluster to put record
Jul 27 2015 04:31:00 UTC: ERROR(12591) [put.cc:191] [execute] - Not connected to cluster to put record
Jul 27 2015 04:31:00 UTC: ERROR(12591) [put.cc:191] [execute] - Not connected to cluster to put record
Jul 27 2015 04:31:00 UTC: ERROR(12591) [put.cc:191] [execute] - Not connected to cluster to put record
Jul 27 2015 04:31:00 UTC: ERROR(12591) [put.cc:191] [execute] - Not connected to cluster to put record
Jul 27 2015 04:31:00 UTC: ERROR(12591) [put.cc:191] [execute] - Not connected to cluster to put record
Jul 27 2015 04:31:00 UTC: ERROR(12591) [put.cc:191] [execute] - Not connected to cluster to put record
Jul 27 2015 04:31:00 UTC: ERROR(12591) [put.cc:191] [execute] - Not connected to cluster to put record
Jul 27 2015 04:31:00 UTC: ERROR(12591) [put.cc:191] [execute] - Not connected to cluster to put record
Jul 27 2015 04:31:00 UTC: ERROR(12591) [put.cc:191] [execute] - Not connected to cluster to put record
Jul 27 2015 04:31:00 UTC: ERROR(12591) [put.cc:191] [execute] - Not connected to cluster to put record
Jul 27 2015 04:31:00 UTC: ERROR(12591) [put.cc:191] [execute] - Not connected to cluster to put record
Jul 27 2015 04:31:00 UTC: ERROR(12591) [put.cc:191] [execute] - Not connected to cluster to put record
Jul 27 2015 04:31:00 UTC: ERROR(12591) [put.cc:191] [execute] - Not connected to cluster to put record
Jul 27 2015 04:31:00 UTC: ERROR(12591) [put.cc:191] [execute] - Not connected to cluster to put record
Jul 27 2015 04:31:00 UTC: ERROR(12591) [put.cc:191] [execute] - Not connected to cluster to put record
Jul 27 2015 04:31:00 UTC: ERROR(12591) [put.cc:191] [execute] - Not connected to cluster to put record
Jul 27 2015 04:31:00 UTC: ERROR(12591) [put.cc:191] [execute] - Not connected to cluster to put record
Jul 27 2015 04:31:00 UTC: ERROR(12591) [put.cc:191] [execute] - Not connected to cluster to put record
Jul 27 2015 04:31:00 UTC: ERROR(12591) [put.cc:191] [execute] - Not connected to cluster to put record
Jul 27 2015 04:31:00 UTC: ERROR(12591) [put.cc:191] [execute] - Not connected to cluster to put record
Jul 27 2015 04:31:00 UTC: ERROR(12591) [put.cc:191] [execute] - Not connected to cluster to put record
Jul 27 2015 04:31:00 UTC: ERROR(12591) [put.cc:191] [execute] - Not connected to cluster to put record
Jul 27 2015 04:31:00 UTC: ERROR(12591) [put.cc:191] [execute] - Not connected to cluster to put record
Jul 27 2015 04:31:00 UTC: ERROR(12591) [put.cc:191] [execute] - Not connected to cluster to put record
Jul 27 2015 04:31:00 UTC: ERROR(12591) [put.cc:191] [execute] - Not connected to cluster to put record
Jul 27 2015 04:31:00 UTC: ERROR(12591) [put.cc:191] [execute] - Not connected to cluster to put record
Jul 27 2015 04:31:00 UTC: ERROR(12591) [put.cc:191] [execute] - Not connected to cluster to put record
Jul 27 2015 04:31:00 UTC: ERROR(12591) [put.cc:191] [execute] - Not connected to cluster to put record
Jul 27 2015 04:31:00 UTC: ERROR(12591) [put.cc:191] [execute] - Not connected to cluster to put record
Jul 27 2015 04:31:00 UTC: ERROR(12591) [put.cc:191] [execute] - Not connected to cluster to put record
Jul 27 2015 04:31:00 UTC: ERROR(12591) [put.cc:191] [execute] - Not connected to cluster to put record
Jul 27 2015 04:31:00 UTC: ERROR(12591) [put.cc:191] [execute] - Not connected to cluster to put record
Jul 27 2015 04:31:00 UTC: ERROR(12591) [put.cc:191] [execute] - Not connected to cluster to put record
Jul 27 2015 04:31:00 UTC: ERROR(12591) [put.cc:191] [execute] - Not connected to cluster to put record
Jul 27 2015 04:31:00 UTC: ERROR(12591) [put.cc:191] [execute] - Not connected to cluster to put record
Jul 27 2015 04:31:00 UTC: ERROR(12591) [put.cc:191] [execute] - Not connected to cluster to put record
Jul 27 2015 04:31:00 UTC: ERROR(12591) [put.cc:191] [execute] - Not connected to cluster to put record
Jul 27 2015 04:31:00 UTC: ERROR(12591) [put.cc:191] [execute] - Not connected to cluster to put record
Jul 27 2015 04:31:00 UTC: ERROR(12591) [put.cc:191] [execute] - Not connected to cluster to put record
Jul 27 2015 04:31:00 UTC: ERROR(12591) [put.cc:191] [execute] - Not connected to cluster to put record
Jul 27 2015 04:31:00 UTC: ERROR(12591) [put.cc:191] [execute] - Not connected to cluster to put record
Jul 27 2015 04:31:00 UTC: ERROR(12591) [put.cc:191] [execute] - Not connected to cluster to put record
Jul 27 2015 04:31:00 UTC: ERROR(12591) [put.cc:191] [execute] - Not connected to cluster to put record
Jul 27 2015 04:31:00 UTC: ERROR(12591) [put.cc:191] [execute] - Not connected to cluster to put record
Jul 27 2015 04:31:00 UTC: ERROR(12591) [put.cc:191] [execute] - Not connected to cluster to put record
Jul 27 2015 04:31:00 UTC: ERROR(12591) [put.cc:191] [execute] - Not connected to cluster to put record
Jul 27 2015 04:31:00 UTC: ERROR(12591) [put.cc:191] [execute] - Not connected to cluster to put record
Jul 27 2015 04:31:00 UTC: ERROR(12591) [put.cc:191] [execute] - Not connected to cluster to put record
Jul 27 2015 04:31:00 UTC: ERROR(12591) [put.cc:191] [execute] - Not connected to cluster to put record
Jul 27 2015 04:31:00 UTC: ERROR(12591) [put.cc:191] [execute] - Not connected to cluster to put record
Jul 27 2015 04:31:00 UTC: ERROR(12591) [put.cc:191] [execute] - Not connected to cluster to put record
Jul 27 2015 04:31:00 UTC: ERROR(12591) [put.cc:191] [execute] - Not connected to cluster to put record
Jul 27 2015 04:31:00 UTC: ERROR(12591) [put.cc:191] [execute] - Not connected to cluster to put record
Jul 27 2015 04:31:00 UTC: ERROR(12591) [put.cc:191] [execute] - Not connected to cluster to put record
Jul 27 2015 04:31:00 UTC: ERROR(12591) [put.cc:191] [execute] - Not connected to cluster to put record
Jul 27 2015 04:31:00 UTC: ERROR(12591) [put.cc:191] [execute] - Not connected to cluster to put record
Jul 27 2015 04:31:00 UTC: ERROR(12591) [put.cc:191] [execute] - Not connected to cluster to put record
Jul 27 2015 04:31:00 UTC: ERROR(12591) [put.cc:191] [execute] - Not connected to cluster to put record
Jul 27 2015 04:31:00 UTC: ERROR(12591) [put.cc:191] [execute] - Not connected to cluster to put record
Jul 27 2015 04:31:00 UTC: ERROR(12591) [put.cc:191] [execute] - Not connected to cluster to put record
Jul 27 2015 04:31:00 UTC: ERROR(12591) [put.cc:191] [execute] - Not connected to cluster to put record
Jul 27 2015 04:31:00 UTC: ERROR(12591) [put.cc:191] [execute] - Not connected to cluster to put record
Jul 27 2015 04:31:00 UTC: ERROR(12591) [put.cc:191] [execute] - Not connected to cluster to put record
Jul 27 2015 04:31:00 UTC: ERROR(12591) [put.cc:191] [execute] - Not connected to cluster to put record
Jul 27 2015 04:31:00 UTC: ERROR(12591) [put.cc:191] [execute] - Not connected to cluster to put record
Jul 27 2015 04:31:00 UTC: ERROR(12591) [put.cc:191] [execute] - Not connected to cluster to put record
Jul 27 2015 04:31:00 UTC: ERROR(12591) [put.cc:191] [execute] - Not connected to cluster to put record
Jul 27 2015 04:31:00 UTC: ERROR(12591) [put.cc:191] [execute] - Not connected to cluster to put record
Jul 27 2015 04:31:00 UTC: ERROR(12591) [put.cc:191] [execute] - Not connected to cluster to put record
Jul 27 2015 04:31:00 UTC: ERROR(12591) [put.cc:191] [execute] - Not connected to cluster to put record
Jul 27 2015 04:31:00 UTC: ERROR(12591) [put.cc:191] [execute] - Not connected to cluster to put record
Jul 27 2015 04:31:00 UTC: ERROR(12591) [put.cc:191] [execute] - Not connected to cluster to put record
Jul 27 2015 04:31:00 UTC: ERROR(12591) [put.cc:191] [execute] - Not connected to cluster to put record
Jul 27 2015 04:31:00 UTC: ERROR(12591) [put.cc:191] [execute] - Not connected to cluster to put record
Jul 27 2015 04:31:00 UTC: ERROR(12591) [put.cc:191] [execute] - Not connected to cluster to put record
Jul 27 2015 04:31:00 UTC: ERROR(12591) [put.cc:191] [execute] - Not connected to cluster to put record
Jul 27 2015 04:31:00 UTC: ERROR(12591) [put.cc:191] [execute] - Not connected to cluster to put record
Jul 27 2015 04:31:00 UTC: ERROR(12591) [put.cc:191] [execute] - Not connected to cluster to put record
Jul 27 2015 04:31:00 UTC: ERROR(12591) [put.cc:191] [execute] - Not connected to cluster to put record
Jul 27 2015 04:31:00 UTC: ERROR(12591) [put.cc:191] [execute] - Not connected to cluster to put record
Jul 27 2015 04:31:00 UTC: ERROR(12591) [put.cc:191] [execute] - Not connected to cluster to put record
Jul 27 2015 04:31:00 UTC: ERROR(12591) [put.cc:191] [execute] - Not connected to cluster to put record
Jul 27 2015 04:31:00 UTC: ERROR(12591) [put.cc:191] [execute] - Not connected to cluster to put record
Jul 27 2015 04:31:00 UTC: ERROR(12591) [put.cc:191] [execute] - Not connected to cluster to put record
Jul 27 2015 04:31:00 UTC: ERROR(12591) [put.cc:191] [execute] - Not connected to cluster to put record
Jul 27 2015 04:31:00 UTC: ERROR(12591) [put.cc:191] [execute] - Not connected to cluster to put record
Jul 27 2015 04:31:00 UTC: ERROR(12591) [put.cc:191] [execute] - Not connected to cluster to put record
Jul 27 2015 04:31:00 UTC: ERROR(12591) [put.cc:191] [execute] - Not connected to cluster to put record
Jul 27 2015 04:31:00 UTC: ERROR(12591) [put.cc:191] [execute] - Not connected to cluster to put record
Jul 27 2015 04:31:00 UTC: ERROR(12591) [put.cc:191] [execute] - Not connected to cluster to put record
Jul 27 2015 04:31:00 UTC: ERROR(12591) [put.cc:191] [execute] - Not connected to cluster to put record
Jul 27 2015 04:31:00 UTC: ERROR(12591) [put.cc:191] [execute] - Not connected to cluster to put record
Jul 27 2015 04:31:00 UTC: ERROR(12591) [put.cc:191] [execute] - Not connected to cluster to put record
Jul 27 2015 04:31:00 UTC: ERROR(12591) [put.cc:191] [execute] - Not connected to cluster to put record
Jul 27 2015 04:31:00 UTC: ERROR(12591) [put.cc:191] [execute] - Not connected to cluster to put record
Jul 27 2015 04:31:00 UTC: ERROR(12591) [put.cc:191] [execute] - Not connected to cluster to put record
Jul 27 2015 04:31:00 UTC: ERROR(12591) [put.cc:191] [execute] - Not connected to cluster to put record
Jul 27 2015 04:31:00 UTC: ERROR(12591) [put.cc:191] [execute] - Not connected to cluster to put record
Jul 27 2015 04:31:00 UTC: ERROR(12591) [put.cc:191] [execute] - Not connected to cluster to put record
Jul 27 2015 04:31:00 UTC: ERROR(12591) [put.cc:191] [execute] - Not connected to cluster to put record
Jul 27 2015 04:31:00 UTC: ERROR(12591) [put.cc:191] [execute] - Not connected to cluster to put record
Jul 27 2015 04:31:00 UTC: ERROR(12591) [put.cc:191] [execute] - Not connected to cluster to put record
Jul 27 2015 04:31:00 UTC: ERROR(12591) [put.cc:191] [execute] - Not connected to cluster to put record
Jul 27 2015 04:31:00 UTC: ERROR(12591) [put.cc:191] [execute] - Not connected to cluster to put record
Jul 27 2015 04:31:00 UTC: ERROR(12591) [put.cc:191] [execute] - Not connected to cluster to put record
Jul 27 2015 04:31:00 UTC: ERROR(12591) [put.cc:191] [execute] - Not connected to cluster to put record
Jul 27 2015 04:31:00 UTC: ERROR(12591) [put.cc:191] [execute] - Not connected to cluster to put record
Jul 27 2015 04:31:00 UTC: ERROR(12591) [put.cc:191] [execute] - Not connected to cluster to put record
Jul 27 2015 04:31:00 UTC: ERROR(12591) [put.cc:191] [execute] - Not connected to cluster to put record
Jul 27 2015 04:31:00 UTC: ERROR(12591) [put.cc:191] [execute] - Not connected to cluster to put record
Jul 27 2015 04:31:00 UTC: ERROR(12591) [put.cc:191] [execute] - Not connected to cluster to put record
Jul 27 2015 04:31:00 UTC: ERROR(12591) [put.cc:191] [execute] - Not connected to cluster to put record
Jul 27 2015 04:31:00 UTC: ERROR(12591) [put.cc:191] [execute] - Not connected to cluster to put record
Jul 27 2015 04:31:00 UTC: ERROR(12591) [put.cc:191] [execute] - Not connected to cluster to put record
Jul 27 2015 04:31:00 UTC: ERROR(12591) [put.cc:191] [execute] - Not connected to cluster to put record
Jul 27 2015 04:31:00 UTC: ERROR(12591) [put.cc:191] [execute] - Not connected to cluster to put record
Jul 27 2015 04:31:00 UTC: ERROR(12591) [put.cc:191] [execute] - Not connected to cluster to put record
Jul 27 2015 04:31:00 UTC: ERROR(12591) [put.cc:191] [execute] - Not connected to cluster to put record
Jul 27 2015 04:31:00 UTC: ERROR(12591) [put.cc:191] [execute] - Not connected to cluster to put record
Jul 27 2015 04:31:00 UTC: ERROR(12591) [put.cc:191] [execute] - Not connected to cluster to put record
Jul 27 2015 04:31:00 UTC: ERROR(12591) [put.cc:191] [execute] - Not connected to cluster to put record
Jul 27 2015 04:31:00 UTC: ERROR(12591) [put.cc:191] [execute] - Not connected to cluster to put record
Jul 27 2015 04:31:00 UTC: ERROR(12591) [put.cc:191] [execute] - Not connected to cluster to put record
Jul 27 2015 04:31:00 UTC: ERROR(12591) [put.cc:191] [execute] - Not connected to cluster to put record
Jul 27 2015 04:31:00 UTC: ERROR(12591) [put.cc:191] [execute] - Not connected to cluster to put record
Jul 27 2015 04:31:00 UTC: ERROR(12591) [put.cc:191] [execute] - Not connected to cluster to put record
Jul 27 2015 04:31:00 UTC: ERROR(12591) [put.cc:191] [execute] - Not connected to cluster to put record
Jul 27 2015 04:31:00 UTC: ERROR(12591) [put.cc:191] [execute] - Not connected to cluster to put record
Jul 27 2015 04:31:00 UTC: ERROR(12591) [put.cc:191] [execute] - Not connected to cluster to put record
Jul 27 2015 04:31:00 UTC: ERROR(12591) [put.cc:191] [execute] - Not connected to cluster to put record
Jul 27 2015 04:31:00 UTC: ERROR(12591) [put.cc:191] [execute] - Not connected to cluster to put record
Jul 27 2015 04:31:00 UTC: ERROR(12591) [put.cc:191] [execute] - Not connected to cluster to put record
Jul 27 2015 04:31:00 UTC: ERROR(12591) [put.cc:191] [execute] - Not connected to cluster to put record
Jul 27 2015 04:31:00 UTC: ERROR(12591) [put.cc:191] [execute] - Not connected to cluster to put record
Jul 27 2015 04:31:00 UTC: ERROR(12591) [put.cc:191] [execute] - Not connected to cluster to put record
Jul 27 2015 04:31:00 UTC: ERROR(12591) [put.cc:191] [execute] - Not connected to cluster to put record
Jul 27 2015 04:31:00 UTC: ERROR(12591) [put.cc:191] [execute] - Not connected to cluster to put record
Jul 27 2015 04:31:00 UTC: ERROR(12591) [put.cc:191] [execute] - Not connected to cluster to put record
Jul 27 2015 04:31:00 UTC: ERROR(12591) [put.cc:191] [execute] - Not connected to cluster to put record
Jul 27 2015 04:31:00 UTC: ERROR(12591) [put.cc:191] [execute] - Not connected to cluster to put record
Jul 27 2015 04:31:00 UTC: ERROR(12591) [put.cc:191] [execute] - Not connected to cluster to put record
Jul 27 2015 04:31:00 UTC: ERROR(12591) [put.cc:191] [execute] - Not connected to cluster to put record
Jul 27 2015 04:31:00 UTC: ERROR(12591) [put.cc:191] [execute] - Not connected to cluster to put record
Jul 27 2015 04:31:00 UTC: ERROR(12591) [put.cc:191] [execute] - Not connected to cluster to put record
Jul 27 2015 04:31:00 UTC: ERROR(12591) [put.cc:191] [execute] - Not connected to cluster to put record
Jul 27 2015 04:31:00 UTC: ERROR(12591) [put.cc:191] [execute] - Not connected to cluster to put record
Jul 27 2015 04:31:00 UTC: ERROR(12591) [put.cc:191] [execute] - Not connected to cluster to put record
Jul 27 2015 04:31:00 UTC: ERROR(12591) [put.cc:191] [execute] - Not connected to cluster to put record
Jul 27 2015 04:31:00 UTC: ERROR(12591) [put.cc:191] [execute] - Not connected to cluster to put record
Jul 27 2015 04:31:00 UTC: ERROR(12591) [put.cc:191] [execute] - Not connected to cluster to put record
Jul 27 2015 04:31:00 UTC: ERROR(12591) [put.cc:191] [execute] - Not connected to cluster to put record
Jul 27 2015 04:31:00 UTC: ERROR(12591) [put.cc:191] [execute] - Not connected to cluster to put record
Jul 27 2015 04:31:00 UTC: ERROR(12591) [put.cc:191] [execute] - Not connected to cluster to put record
Jul 27 2015 04:31:00 UTC: ERROR(12591) [put.cc:191] [execute] - Not connected to cluster to put record
Jul 27 2015 04:31:00 UTC: ERROR(12591) [put.cc:191] [execute] - Not connected to cluster to put record
Jul 27 2015 04:31:00 UTC: ERROR(12591) [put.cc:191] [execute] - Not connected to cluster to put record
Jul 27 2015 04:31:00 UTC: ERROR(12591) [put.cc:191] [execute] - Not connected to cluster to put record
Jul 27 2015 04:31:00 UTC: ERROR(12591) [put.cc:191] [execute] - Not connected to cluster to put record
Jul 27 2015 04:31:00 UTC: ERROR(12591) [put.cc:191] [execute] - Not connected to cluster to put record
Jul 27 2015 04:31:00 UTC: ERROR(12591) [put.cc:191] [execute] - Not connected to cluster to put record
Jul 27 2015 04:31:00 UTC: ERROR(12591) [put.cc:191] [execute] - Not connected to cluster to put record
Jul 27 2015 04:31:00 UTC: ERROR(12591) [put.cc:191] [execute] - Not connected to cluster to put record
Jul 27 2015 04:31:00 UTC: ERROR(12591) [put.cc:191] [execute] - Not connected to cluster to put record
Jul 27 2015 04:31:00 UTC: ERROR(12591) [put.cc:191] [execute] - Not connected to cluster to put record
Jul 27 2015 04:31:00 UTC: ERROR(12591) [put.cc:191] [execute] - Not connected to cluster to put record
Jul 27 2015 04:31:00 UTC: ERROR(12591) [put.cc:191] [execute] - Not connected to cluster to put record
Jul 27 2015 04:31:00 UTC: ERROR(12591) [put.cc:191] [execute] - Not connected to cluster to put record
Jul 27 2015 04:31:00 UTC: ERROR(12591) [put.cc:191] [execute] - Not connected to cluster to put record
Jul 27 2015 04:31:00 UTC: ERROR(12591) [put.cc:191] [execute] - Not connected to cluster to put record
Jul 27 2015 04:31:00 UTC: ERROR(12591) [put.cc:191] [execute] - Not connected to cluster to put record
Jul 27 2015 04:31:00 UTC: ERROR(12591) [put.cc:191] [execute] - Not connected to cluster to put record
Jul 27 2015 04:31:00 UTC: ERROR(12591) [put.cc:191] [execute] - Not connected to cluster to put record
Jul 27 2015 04:31:00 UTC: ERROR(12591) [put.cc:191] [execute] - Not connected to cluster to put record
Jul 27 2015 04:31:00 UTC: ERROR(12591) [put.cc:191] [execute] - Not connected to cluster to put record
Jul 27 2015 04:31:00 UTC: ERROR(12591) [put.cc:191] [execute] - Not connected to cluster to put record
Jul 27 2015 04:31:00 UTC: ERROR(12591) [put.cc:191] [execute] - Not connected to cluster to put record
Jul 27 2015 04:31:00 UTC: ERROR(12591) [put.cc:191] [execute] - Not connected to cluster to put record
Jul 27 2015 04:31:00 UTC: ERROR(12591) [put.cc:191] [execute] - Not connected to cluster to put record
Jul 27 2015 04:31:00 UTC: ERROR(12591) [put.cc:191] [execute] - Not connected to cluster to put record
Jul 27 2015 04:31:00 UTC: ERROR(12591) [put.cc:191] [execute] - Not connected to cluster to put record
Jul 27 2015 04:31:00 UTC: ERROR(12591) [put.cc:191] [execute] - Not connected to cluster to put record
Jul 27 2015 04:31:00 UTC: ERROR(12591) [put.cc:191] [execute] - Not connected to cluster to put record
Jul 27 2015 04:31:00 UTC: ERROR(12591) [put.cc:191] [execute] - Not connected to cluster to put record
Jul 27 2015 04:31:00 UTC: ERROR(12591) [put.cc:191] [execute] - Not connected to cluster to put record
Jul 27 2015 04:31:00 UTC: ERROR(12591) [put.cc:191] [execute] - Not connected to cluster to put record
Jul 27 2015 04:31:00 UTC: ERROR(12591) [put.cc:191] [execute] - Not connected to cluster to put record
Jul 27 2015 04:31:00 UTC: ERROR(12591) [put.cc:191] [execute] - Not connected to cluster to put record
Jul 27 2015 04:31:00 UTC: ERROR(12591) [put.cc:191] [execute] - Not connected to cluster to put record
Jul 27 2015 04:31:00 UTC: ERROR(12591) [put.cc:191] [execute] - Not connected to cluster to put record
Jul 27 2015 04:31:00 UTC: ERROR(12591) [put.cc:191] [execute] - Not connected to cluster to put record
Jul 27 2015 04:31:00 UTC: ERROR(12591) [put.cc:191] [execute] - Not connected to cluster to put record
Jul 27 2015 04:31:00 UTC: ERROR(12591) [put.cc:191] [execute] - Not connected to cluster to put record
Jul 27 2015 04:31:00 UTC: ERROR(12591) [put.cc:191] [execute] - Not connected to cluster to put record
Jul 27 2015 04:31:00 UTC: ERROR(12591) [put.cc:191] [execute] - Not connected to cluster to put record
Jul 27 2015 04:31:00 UTC: ERROR(12591) [put.cc:191] [execute] - Not connected to cluster to put record
Jul 27 2015 04:31:00 UTC: ERROR(12591) [put.cc:191] [execute] - Not connected to cluster to put record
Jul 27 2015 04:31:00 UTC: ERROR(12591) [put.cc:191] [execute] - Not connected to cluster to put record
Jul 27 2015 04:31:00 UTC: ERROR(12591) [put.cc:191] [execute] - Not connected to cluster to put record
Jul 27 2015 04:31:00 UTC: ERROR(12591) [put.cc:191] [execute] - Not connected to cluster to put record
Jul 27 2015 04:31:00 UTC: ERROR(12591) [put.cc:191] [execute] - Not connected to cluster to put record
Jul 27 2015 04:31:00 UTC: ERROR(12591) [put.cc:191] [execute] - Not connected to cluster to put record
Jul 27 2015 04:31:00 UTC: ERROR(12591) [put.cc:191] [execute] - Not connected to cluster to put record
Jul 27 2015 04:31:00 UTC: ERROR(12591) [put.cc:191] [execute] - Not connected to cluster to put record
Jul 27 2015 04:31:00 UTC: ERROR(12591) [put.cc:191] [execute] - Not connected to cluster to put record
Jul 27 2015 04:31:00 UTC: ERROR(12591) [put.cc:191] [execute] - Not connected to cluster to put record
Jul 27 2015 04:31:00 UTC: ERROR(12591) [put.cc:191] [execute] - Not connected to cluster to put record
Jul 27 2015 04:31:00 UTC: ERROR(12591) [put.cc:191] [execute] - Not connected to cluster to put record
Jul 27 2015 04:31:00 UTC: ERROR(12591) [put.cc:191] [execute] - Not connected to cluster to put record
Jul 27 2015 04:31:00 UTC: ERROR(12591) [put.cc:191] [execute] - Not connected to cluster to put record
Jul 27 2015 04:31:00 UTC: ERROR(12591) [put.cc:191] [execute] - Not connected to cluster to put record
Jul 27 2015 04:31:00 UTC: ERROR(12591) [put.cc:191] [execute] - Not connected to cluster to put record
Jul 27 2015 04:31:00 UTC: ERROR(12591) [put.cc:191] [execute] - Not connected to cluster to put record
Jul 27 2015 04:31:00 UTC: ERROR(12591) [put.cc:191] [execute] - Not connected to cluster to put record
Jul 27 2015 04:31:00 UTC: ERROR(12591) [put.cc:191] [execute] - Not connected to cluster to put record
Jul 27 2015 04:31:00 UTC: ERROR(12591) [put.cc:191] [execute] - Not connected to cluster to put record
Jul 27 2015 04:31:00 UTC: ERROR(12591) [put.cc:191] [execute] - Not connected to cluster to put record
Jul 27 2015 04:31:00 UTC: ERROR(12591) [put.cc:191] [execute] - Not connected to cluster to put record
Jul 27 2015 04:31:00 UTC: ERROR(12591) [put.cc:191] [execute] - Not connected to cluster to put record
Jul 27 2015 04:31:00 UTC: ERROR(12591) [put.cc:191] [execute] - Not connected to cluster to put record
Jul 27 2015 04:31:00 UTC: ERROR(12591) [put.cc:191] [execute] - Not connected to cluster to put record
Jul 27 2015 04:31:00 UTC: ERROR(12591) [put.cc:191] [execute] - Not connected to cluster to put record
Jul 27 2015 04:31:00 UTC: ERROR(12591) [put.cc:191] [execute] - Not connected to cluster to put record
Jul 27 2015 04:31:00 UTC: ERROR(12591) [put.cc:191] [execute] - Not connected to cluster to put record
Jul 27 2015 04:31:00 UTC: ERROR(12591) [put.cc:191] [execute] - Not connected to cluster to put record
Jul 27 2015 04:31:00 UTC: ERROR(12591) [put.cc:191] [execute] - Not connected to cluster to put record
Jul 27 2015 04:31:00 UTC: ERROR(12591) [put.cc:191] [execute] - Not connected to cluster to put record
Jul 27 2015 04:31:00 UTC: ERROR(12591) [put.cc:191] [execute] - Not connected to cluster to put record
Jul 27 2015 04:31:00 UTC: ERROR(12591) [put.cc:191] [execute] - Not connected to cluster to put record
Jul 27 2015 04:31:00 UTC: ERROR(12591) [put.cc:191] [execute] - Not connected to cluster to put record
Jul 27 2015 04:31:00 UTC: ERROR(12591) [put.cc:191] [execute] - Not connected to cluster to put record
Jul 27 2015 04:31:00 UTC: ERROR(12591) [put.cc:191] [execute] - Not connected to cluster to put record
Jul 27 2015 04:31:00 UTC: ERROR(12591) [put.cc:191] [execute] - Not connected to cluster to put record
Jul 27 2015 04:31:00 UTC: ERROR(12591) [put.cc:191] [execute] - Not connected to cluster to put record
Jul 27 2015 04:31:00 UTC: ERROR(12591) [put.cc:191] [execute] - Not connected to cluster to put record
Jul 27 2015 04:31:00 UTC: ERROR(12591) [put.cc:191] [execute] - Not connected to cluster to put record
Jul 27 2015 04:31:00 UTC: ERROR(12591) [put.cc:191] [execute] - Not connected to cluster to put record
Jul 27 2015 04:31:00 UTC: ERROR(12591) [put.cc:191] [execute] - Not connected to cluster to put record
Jul 27 2015 04:31:00 UTC: ERROR(12591) [put.cc:191] [execute] - Not connected to cluster to put record
Jul 27 2015 04:31:00 UTC: ERROR(12591) [put.cc:191] [execute] - Not connected to cluster to put record
Jul 27 2015 04:31:00 UTC: ERROR(12591) [put.cc:191] [execute] - Not connected to cluster to put record
Jul 27 2015 04:31:00 UTC: ERROR(12591) [put.cc:191] [execute] - Not connected to cluster to put record
Jul 27 2015 04:31:00 UTC: ERROR(12591) [put.cc:191] [execute] - Not connected to cluster to put record
Jul 27 2015 04:31:00 UTC: ERROR(12591) [put.cc:191] [execute] - Not connected to cluster to put record
Jul 27 2015 04:31:00 UTC: ERROR(12591) [put.cc:191] [execute] - Not connected to cluster to put record
Jul 27 2015 04:31:00 UTC: ERROR(12591) [put.cc:191] [execute] - Not connected to cluster to put record
Jul 27 2015 04:31:00 UTC: ERROR(12591) [put.cc:191] [execute] - Not connected to cluster to put record
Jul 27 2015 04:31:00 UTC: ERROR(12591) [put.cc:191] [execute] - Not connected to cluster to put record
Jul 27 2015 04:31:00 UTC: ERROR(12591) [put.cc:191] [execute] - Not connected to cluster to put record
Jul 27 2015 04:31:00 UTC: ERROR(12591) [put.cc:191] [execute] - Not connected to cluster to put record
Jul 27 2015 04:31:00 UTC: ERROR(12591) [put.cc:191] [execute] - Not connected to cluster to put record
Jul 27 2015 04:31:00 UTC: ERROR(12591) [put.cc:191] [execute] - Not connected to cluster to put record
Jul 27 2015 04:31:00 UTC: ERROR(12591) [put.cc:191] [execute] - Not connected to cluster to put record
Jul 27 2015 04:31:00 UTC: ERROR(12591) [put.cc:191] [execute] - Not connected to cluster to put record
Jul 27 2015 04:31:00 UTC: ERROR(12591) [put.cc:191] [execute] - Not connected to cluster to put record
Jul 27 2015 04:31:00 UTC: ERROR(12591) [put.cc:191] [execute] - Not connected to cluster to put record
Jul 27 2015 04:31:00 UTC: ERROR(12591) [put.cc:191] [execute] - Not connected to cluster to put record
Jul 27 2015 04:31:00 UTC: ERROR(12591) [put.cc:191] [execute] - Not connected to cluster to put record
Jul 27 2015 04:31:00 UTC: ERROR(12591) [put.cc:191] [execute] - Not connected to cluster to put record
Jul 27 2015 04:31:00 UTC: ERROR(12591) [put.cc:191] [execute] - Not connected to cluster to put record
Jul 27 2015 04:31:00 UTC: ERROR(12591) [put.cc:191] [execute] - Not connected to cluster to put record
Jul 27 2015 04:31:00 UTC: ERROR(12591) [put.cc:191] [execute] - Not connected to cluster to put record
Jul 27 2015 04:31:00 UTC: ERROR(12591) [put.cc:191] [execute] - Not connected to cluster to put record
Jul 27 2015 04:31:00 UTC: ERROR(12591) [put.cc:191] [execute] - Not connected to cluster to put record
Jul 27 2015 04:31:00 UTC: ERROR(12591) [put.cc:191] [execute] - Not connected to cluster to put record
Jul 27 2015 04:31:00 UTC: ERROR(12591) [put.cc:191] [execute] - Not connected to cluster to put record
Jul 27 2015 04:31:00 UTC: ERROR(12591) [put.cc:191] [execute] - Not connected to cluster to put record
Jul 27 2015 04:31:00 UTC: ERROR(12591) [put.cc:191] [execute] - Not connected to cluster to put record
Jul 27 2015 04:31:00 UTC: ERROR(12591) [put.cc:191] [execute] - Not connected to cluster to put record
Jul 27 2015 04:31:00 UTC: ERROR(12591) [put.cc:191] [execute] - Not connected to cluster to put record
Jul 27 2015 04:31:00 UTC: ERROR(12591) [put.cc:191] [execute] - Not connected to cluster to put record
Jul 27 2015 04:31:00 UTC: ERROR(12591) [put.cc:191] [execute] - Not connected to cluster to put record
Jul 27 2015 04:31:00 UTC: ERROR(12591) [put.cc:191] [execute] - Not connected to cluster to put record
Jul 27 2015 04:31:00 UTC: ERROR(12591) [put.cc:191] [execute] - Not connected to cluster to put record
Jul 27 2015 04:31:00 UTC: ERROR(12591) [put.cc:191] [execute] - Not connected to cluster to put record
Jul 27 2015 04:31:00 UTC: ERROR(12591) [put.cc:191] [execute] - Not connected to cluster to put record
Jul 27 2015 04:31:00 UTC: ERROR(12591) [put.cc:191] [execute] - Not connected to cluster to put record
Jul 27 2015 04:31:00 UTC: ERROR(12591) [put.cc:191] [execute] - Not connected to cluster to put record
Jul 27 2015 04:31:00 UTC: ERROR(12591) [put.cc:191] [execute] - Not connected to cluster to put record
Jul 27 2015 04:31:00 UTC: ERROR(12591) [put.cc:191] [execute] - Not connected to cluster to put record
Jul 27 2015 04:31:00 UTC: ERROR(12591) [put.cc:191] [execute] - Not connected to cluster to put record
Jul 27 2015 04:31:00 UTC: ERROR(12591) [put.cc:191] [execute] - Not connected to cluster to put record
Jul 27 2015 04:31:00 UTC: ERROR(12591) [put.cc:191] [execute] - Not connected to cluster to put record
Jul 27 2015 04:31:00 UTC: ERROR(12591) [put.cc:191] [execute] - Not connected to cluster to put record
Jul 27 2015 04:31:00 UTC: ERROR(12591) [put.cc:191] [execute] - Not connected to cluster to put record
Jul 27 2015 04:31:00 UTC: ERROR(12591) [put.cc:191] [execute] - Not connected to cluster to put record
Jul 27 2015 04:31:00 UTC: ERROR(12591) [put.cc:191] [execute] - Not connected to cluster to put record
Jul 27 2015 04:31:00 UTC: ERROR(12591) [put.cc:191] [execute] - Not connected to cluster to put record
Jul 27 2015 04:31:00 UTC: ERROR(12591) [put.cc:191] [execute] - Not connected to cluster to put record
Jul 27 2015 04:31:00 UTC: ERROR(12591) [put.cc:191] [execute] - Not connected to cluster to put record
Jul 27 2015 04:31:00 UTC: ERROR(12591) [put.cc:191] [execute] - Not connected to cluster to put record
Jul 27 2015 04:31:00 UTC: ERROR(12591) [put.cc:191] [execute] - Not connected to cluster to put record
Jul 27 2015 04:31:00 UTC: ERROR(12591) [put.cc:191] [execute] - Not connected to cluster to put record
Jul 27 2015 04:31:00 UTC: ERROR(12591) [put.cc:191] [execute] - Not connected to cluster to put record
Jul 27 2015 04:31:00 UTC: ERROR(12591) [put.cc:191] [execute] - Not connected to cluster to put record
Jul 27 2015 04:31:00 UTC: ERROR(12591) [put.cc:191] [execute] - Not connected to cluster to put record
Jul 27 2015 04:31:00 UTC: ERROR(12591) [put.cc:191] [execute] - Not connected to cluster to put record
Jul 27 2015 04:31:00 UTC: ERROR(12591) [put.cc:191] [execute] - Not connected to cluster to put record
Jul 27 2015 04:31:00 UTC: ERROR(12591) [put.cc:191] [execute] - Not connected to cluster to put record
Jul 27 2015 04:31:00 UTC: ERROR(12591) [put.cc:191] [execute] - Not connected to cluster to put record
Jul 27 2015 04:31:00 UTC: ERROR(12591) [put.cc:191] [execute] - Not connected to cluster to put record
Jul 27 2015 04:31:00 UTC: ERROR(12591) [put.cc:191] [execute] - Not connected to cluster to put record
Jul 27 2015 04:31:00 UTC: ERROR(12591) [put.cc:191] [execute] - Not connected to cluster to put record
Jul 27 2015 04:31:00 UTC: ERROR(12591) [put.cc:191] [execute] - Not connected to cluster to put record
Jul 27 2015 04:31:00 UTC: ERROR(12591) [put.cc:191] [execute] - Not connected to cluster to put record
Jul 27 2015 04:31:00 UTC: ERROR(12591) [put.cc:191] [execute] - Not connected to cluster to put record
Jul 27 2015 04:31:00 UTC: ERROR(12591) [put.cc:191] [execute] - Not connected to cluster to put record
Jul 27 2015 04:31:00 UTC: ERROR(12591) [put.cc:191] [execute] - Not connected to cluster to put record
Jul 27 2015 04:31:00 UTC: ERROR(12591) [put.cc:191] [execute] - Not connected to cluster to put record
Jul 27 2015 04:31:00 UTC: ERROR(12591) [put.cc:191] [execute] - Not connected to cluster to put record
Jul 27 2015 04:31:00 UTC: ERROR(12591) [put.cc:191] [execute] - Not connected to cluster to put record
Jul 27 2015 04:31:00 UTC: ERROR(12591) [put.cc:191] [execute] - Not connected to cluster to put record
Jul 27 2015 04:31:00 UTC: ERROR(12591) [put.cc:191] [execute] - Not connected to cluster to put record
Jul 27 2015 04:31:00 UTC: ERROR(12591) [put.cc:191] [execute] - Not connected to cluster to put record
Jul 27 2015 04:31:00 UTC: ERROR(12591) [put.cc:191] [execute] - Not connected to cluster to put record
Jul 27 2015 04:31:00 UTC: ERROR(12591) [put.cc:191] [execute] - Not connected to cluster to put record
Jul 27 2015 04:31:00 UTC: ERROR(12591) [put.cc:191] [execute] - Not connected to cluster to put record
Jul 27 2015 04:31:00 UTC: ERROR(12591) [put.cc:191] [execute] - Not connected to cluster to put record
Jul 27 2015 04:31:00 UTC: ERROR(12591) [put.cc:191] [execute] - Not connected to cluster to put record
Jul 27 2015 04:31:00 UTC: ERROR(12591) [put.cc:191] [execute] - Not connected to cluster to put record
Jul 27 2015 04:31:00 UTC: ERROR(12591) [put.cc:191] [execute] - Not connected to cluster to put record
Jul 27 2015 04:31:00 UTC: ERROR(12591) [put.cc:191] [execute] - Not connected to cluster to put record
Jul 27 2015 04:31:00 UTC: ERROR(12591) [put.cc:191] [execute] - Not connected to cluster to put record
Jul 27 2015 04:31:00 UTC: ERROR(12591) [put.cc:191] [execute] - Not connected to cluster to put record
Jul 27 2015 04:31:00 UTC: ERROR(12591) [put.cc:191] [execute] - Not connected to cluster to put record
Jul 27 2015 04:31:00 UTC: ERROR(12591) [put.cc:191] [execute] - Not connected to cluster to put record
Jul 27 2015 04:31:00 UTC: ERROR(12591) [put.cc:191] [execute] - Not connected to cluster to put record
Jul 27 2015 04:31:00 UTC: ERROR(12591) [put.cc:191] [execute] - Not connected to cluster to put record
Jul 27 2015 04:31:00 UTC: ERROR(12591) [put.cc:191] [execute] - Not connected to cluster to put record
Jul 27 2015 04:31:00 UTC: ERROR(12591) [put.cc:191] [execute] - Not connected to cluster to put record
Jul 27 2015 04:31:00 UTC: ERROR(12591) [put.cc:191] [execute] - Not connected to cluster to put record
Jul 27 2015 04:31:00 UTC: ERROR(12591) [put.cc:191] [execute] - Not connected to cluster to put record
Jul 27 2015 04:31:00 UTC: ERROR(12591) [put.cc:191] [execute] - Not connected to cluster to put record
Jul 27 2015 04:31:00 UTC: ERROR(12591) [put.cc:191] [execute] - Not connected to cluster to put record
Jul 27 2015 04:31:00 UTC: ERROR(12591) [put.cc:191] [execute] - Not connected to cluster to put record
Jul 27 2015 04:31:00 UTC: ERROR(12591) [put.cc:191] [execute] - Not connected to cluster to put record
Jul 27 2015 04:31:00 UTC: ERROR(12591) [put.cc:191] [execute] - Not connected to cluster to put record
Jul 27 2015 04:31:00 UTC: ERROR(12591) [put.cc:191] [execute] - Not connected to cluster to put record
Jul 27 2015 04:31:00 UTC: ERROR(12591) [put.cc:191] [execute] - Not connected to cluster to put record
Jul 27 2015 04:31:00 UTC: ERROR(12591) [put.cc:191] [execute] - Not connected to cluster to put record
Jul 27 2015 04:31:00 UTC: ERROR(12591) [put.cc:191] [execute] - Not connected to cluster to put record
Jul 27 2015 04:31:00 UTC: ERROR(12591) [put.cc:191] [execute] - Not connected to cluster to put record
Jul 27 2015 04:31:00 UTC: ERROR(12591) [put.cc:191] [execute] - Not connected to cluster to put record
Jul 27 2015 04:31:00 UTC: ERROR(12591) [put.cc:191] [execute] - Not connected to cluster to put record
Jul 27 2015 04:31:00 UTC: ERROR(12591) [put.cc:191] [execute] - Not connected to cluster to put record
Jul 27 2015 04:31:00 UTC: ERROR(12591) [put.cc:191] [execute] - Not connected to cluster to put record
Jul 27 2015 04:31:00 UTC: ERROR(12591) [put.cc:191] [execute] - Not connected to cluster to put record
Jul 27 2015 04:31:00 UTC: ERROR(12591) [put.cc:191] [execute] - Not connected to cluster to put record
Jul 27 2015 04:31:00 UTC: ERROR(12591) [put.cc:191] [execute] - Not connected to cluster to put record
Jul 27 2015 04:31:00 UTC: ERROR(12591) [put.cc:191] [execute] - Not connected to cluster to put record
Jul 27 2015 04:31:00 UTC: ERROR(12591) [put.cc:191] [execute] - Not connected to cluster to put record
Jul 27 2015 04:31:00 UTC: ERROR(12591) [put.cc:191] [execute] - Not connected to cluster to put record
Jul 27 2015 04:31:00 UTC: ERROR(12591) [put.cc:191] [execute] - Not connected to cluster to put record
Jul 27 2015 04:31:00 UTC: ERROR(12591) [put.cc:191] [execute] - Not connected to cluster to put record
Jul 27 2015 04:31:00 UTC: ERROR(12591) [put.cc:191] [execute] - Not connected to cluster to put record
Jul 27 2015 04:31:00 UTC: ERROR(12591) [put.cc:191] [execute] - Not connected to cluster to put record
Jul 27 2015 04:31:00 UTC: ERROR(12591) [put.cc:191] [execute] - Not connected to cluster to put record
Jul 27 2015 04:31:00 UTC: ERROR(12591) [put.cc:191] [execute] - Not connected to cluster to put record
Jul 27 2015 04:31:00 UTC: ERROR(12591) [put.cc:191] [execute] - Not connected to cluster to put record
Jul 27 2015 04:31:00 UTC: ERROR(12591) [put.cc:191] [execute] - Not connected to cluster to put record
Jul 27 2015 04:31:00 UTC: ERROR(12591) [put.cc:191] [execute] - Not connected to cluster to put record
Jul 27 2015 04:31:00 UTC: ERROR(12591) [put.cc:191] [execute] - Not connected to cluster to put record
Jul 27 2015 04:31:00 UTC: ERROR(12591) [put.cc:191] [execute] - Not connected to cluster to put record
Jul 27 2015 04:31:00 UTC: ERROR(12591) [put.cc:191] [execute] - Not connected to cluster to put record
Jul 27 2015 04:31:00 UTC: ERROR(12591) [put.cc:191] [execute] - Not connected to cluster to put record
Jul 27 2015 04:31:00 UTC: ERROR(12591) [put.cc:191] [execute] - Not connected to cluster to put record
Jul 27 2015 04:31:00 UTC: ERROR(12591) [put.cc:191] [execute] - Not connected to cluster to put record
Jul 27 2015 04:31:00 UTC: ERROR(12591) [put.cc:191] [execute] - Not connected to cluster to put record
Jul 27 2015 04:31:00 UTC: ERROR(12591) [put.cc:191] [execute] - Not connected to cluster to put record
Jul 27 2015 04:31:00 UTC: ERROR(12591) [put.cc:191] [execute] - Not connected to cluster to put record
Jul 27 2015 04:31:00 UTC: ERROR(12591) [put.cc:191] [execute] - Not connected to cluster to put record
Jul 27 2015 04:31:00 UTC: ERROR(12591) [put.cc:191] [execute] - Not connected to cluster to put record
Jul 27 2015 04:31:00 UTC: ERROR(12591) [put.cc:191] [execute] - Not connected to cluster to put record
Jul 27 2015 04:31:00 UTC: ERROR(12591) [put.cc:191] [execute] - Not connected to cluster to put record
Jul 27 2015 04:31:00 UTC: ERROR(12591) [put.cc:191] [execute] - Not connected to cluster to put record
Jul 27 2015 04:31:00 UTC: ERROR(12591) [put.cc:191] [execute] - Not connected to cluster to put record
Jul 27 2015 04:31:00 UTC: ERROR(12591) [put.cc:191] [execute] - Not connected to cluster to put record
Jul 27 2015 04:31:00 UTC: ERROR(12591) [put.cc:191] [execute] - Not connected to cluster to put record
Jul 27 2015 04:31:00 UTC: ERROR(12591) [put.cc:191] [execute] - Not connected to cluster to put record
Jul 27 2015 04:31:00 UTC: ERROR(12591) [put.cc:191] [execute] - Not connected to cluster to put record
Jul 27 2015 04:31:00 UTC: ERROR(12591) [put.cc:191] [execute] - Not connected to cluster to put record
Jul 27 2015 04:31:00 UTC: ERROR(12591) [put.cc:191] [execute] - Not connected to cluster to put record
Jul 27 2015 04:31:00 UTC: ERROR(12591) [put.cc:191] [execute] - Not connected to cluster to put record
Jul 27 2015 04:31:00 UTC: ERROR(12591) [put.cc:191] [execute] - Not connected to cluster to put record
Jul 27 2015 04:31:00 UTC: ERROR(12591) [put.cc:191] [execute] - Not connected to cluster to put record
Jul 27 2015 04:31:00 UTC: ERROR(12591) [put.cc:191] [execute] - Not connected to cluster to put record
Jul 27 2015 04:31:00 UTC: ERROR(12591) [put.cc:191] [execute] - Not connected to cluster to put record
Jul 27 2015 04:31:00 UTC: ERROR(12591) [put.cc:191] [execute] - Not connected to cluster to put record
Jul 27 2015 04:31:00 UTC: ERROR(12591) [put.cc:191] [execute] - Not connected to cluster to put record
Jul 27 2015 04:31:00 UTC: ERROR(12591) [put.cc:191] [execute] - Not connected to cluster to put record
Jul 27 2015 04:31:00 UTC: ERROR(12591) [put.cc:191] [execute] - Not connected to cluster to put record
Jul 27 2015 04:31:00 UTC: ERROR(12591) [put.cc:191] [execute] - Not connected to cluster to put record
Jul 27 2015 04:31:00 UTC: ERROR(12591) [put.cc:191] [execute] - Not connected to cluster to put record
Jul 27 2015 04:31:00 UTC: ERROR(12591) [put.cc:191] [execute] - Not connected to cluster to put record
Jul 27 2015 04:31:00 UTC: ERROR(12591) [put.cc:191] [execute] - Not connected to cluster to put record
Jul 27 2015 04:31:00 UTC: ERROR(12591) [put.cc:191] [execute] - Not connected to cluster to put record
Jul 27 2015 04:31:00 UTC: ERROR(12591) [put.cc:191] [execute] - Not connected to cluster to put record
Jul 27 2015 04:31:00 UTC: ERROR(12591) [put.cc:191] [execute] - Not connected to cluster to put record
Jul 27 2015 04:31:00 UTC: ERROR(12591) [put.cc:191] [execute] - Not connected to cluster to put record
Jul 27 2015 04:31:00 UTC: ERROR(12591) [put.cc:191] [execute] - Not connected to cluster to put record
Jul 27 2015 04:31:00 UTC: ERROR(12591) [put.cc:191] [execute] - Not connected to cluster to put record
Jul 27 2015 04:31:00 UTC: ERROR(12591) [put.cc:191] [execute] - Not connected to cluster to put record
Jul 27 2015 04:31:00 UTC: ERROR(12591) [put.cc:191] [execute] - Not connected to cluster to put record
Jul 27 2015 04:31:00 UTC: ERROR(12591) [put.cc:191] [execute] - Not connected to cluster to put record
Jul 27 2015 04:31:00 UTC: ERROR(12591) [put.cc:191] [execute] - Not connected to cluster to put record
Jul 27 2015 04:31:00 UTC: ERROR(12591) [put.cc:191] [execute] - Not connected to cluster to put record
Jul 27 2015 04:31:00 UTC: ERROR(12591) [put.cc:191] [execute] - Not connected to cluster to put record
Jul 27 2015 04:31:00 UTC: ERROR(12591) [put.cc:191] [execute] - Not connected to cluster to put record
Jul 27 2015 04:31:00 UTC: ERROR(12591) [put.cc:191] [execute] - Not connected to cluster to put record
Jul 27 2015 04:31:00 UTC: ERROR(12591) [put.cc:191] [execute] - Not connected to cluster to put record
Jul 27 2015 04:31:00 UTC: ERROR(12591) [put.cc:191] [execute] - Not connected to cluster to put record
Jul 27 2015 04:31:00 UTC: ERROR(12591) [put.cc:191] [execute] - Not connected to cluster to put record
Jul 27 2015 04:31:00 UTC: ERROR(12591) [put.cc:191] [execute] - Not connected to cluster to put record
Jul 27 2015 04:31:00 UTC: ERROR(12591) [put.cc:191] [execute] - Not connected to cluster to put record
Jul 27 2015 04:31:00 UTC: ERROR(12591) [put.cc:191] [execute] - Not connected to cluster to put record
Jul 27 2015 04:31:00 UTC: ERROR(12591) [put.cc:191] [execute] - Not connected to cluster to put record
Jul 27 2015 04:31:00 UTC: ERROR(12591) [put.cc:191] [execute] - Not connected to cluster to put record
Jul 27 2015 04:31:00 UTC: ERROR(12591) [put.cc:191] [execute] - Not connected to cluster to put record
Jul 27 2015 04:31:00 UTC: ERROR(12591) [put.cc:191] [execute] - Not connected to cluster to put record
Jul 27 2015 04:31:00 UTC: ERROR(12591) [put.cc:191] [execute] - Not connected to cluster to put record
Jul 27 2015 04:31:00 UTC: ERROR(12591) [put.cc:191] [execute] - Not connected to cluster to put record
Jul 27 2015 04:31:00 UTC: ERROR(12591) [put.cc:191] [execute] - Not connected to cluster to put record
Jul 27 2015 04:31:00 UTC: ERROR(12591) [put.cc:191] [execute] - Not connected to cluster to put record
Jul 27 2015 04:31:00 UTC: ERROR(12591) [put.cc:191] [execute] - Not connected to cluster to put record
Jul 27 2015 04:31:00 UTC: ERROR(12591) [put.cc:191] [execute] - Not connected to cluster to put record
Jul 27 2015 04:31:00 UTC: ERROR(12591) [put.cc:191] [execute] - Not connected to cluster to put record
Jul 27 2015 04:31:00 UTC: ERROR(12591) [put.cc:191] [execute] - Not connected to cluster to put record
Jul 27 2015 04:31:00 UTC: ERROR(12591) [put.cc:191] [execute] - Not connected to cluster to put record
Jul 27 2015 04:31:00 UTC: ERROR(12591) [put.cc:191] [execute] - Not connected to cluster to put record
Jul 27 2015 04:31:00 UTC: ERROR(12591) [put.cc:191] [execute] - Not connected to cluster to put record
Jul 27 2015 04:31:00 UTC: ERROR(12591) [put.cc:191] [execute] - Not connected to cluster to put record
Jul 27 2015 04:31:00 UTC: ERROR(12591) [put.cc:191] [execute] - Not connected to cluster to put record
Jul 27 2015 04:31:00 UTC: ERROR(12591) [put.cc:191] [execute] - Not connected to cluster to put record
Jul 27 2015 04:31:00 UTC: ERROR(12591) [put.cc:191] [execute] - Not connected to cluster to put record
Jul 27 2015 04:31:00 UTC: ERROR(12591) [put.cc:191] [execute] - Not connected to cluster to put record
Jul 27 2015 04:31:00 UTC: ERROR(12591) [put.cc:191] [execute] - Not connected to cluster to put record
Jul 27 2015 04:31:00 UTC: ERROR(12591) [put.cc:191] [execute] - Not connected to cluster to put record
Jul 27 2015 04:31:00 UTC: ERROR(12591) [put.cc:191] [execute] - Not connected to cluster to put record
Jul 27 2015 04:31:00 UTC: ERROR(12591) [put.cc:191] [execute] - Not connected to cluster to put record
Jul 27 2015 04:31:00 UTC: ERROR(12591) [put.cc:191] [execute] - Not connected to cluster to put record
Jul 27 2015 04:31:00 UTC: ERROR(12591) [put.cc:191] [execute] - Not connected to cluster to put record
Jul 27 2015 04:31:00 UTC: ERROR(12591) [put.cc:191] [execute] - Not connected to cluster to put record
Jul 27 2015 04:31:00 UTC: ERROR(12591) [put.cc:191] [execute] - Not connected to cluster to put record
Jul 27 2015 04:31:00 UTC: ERROR(12591) [put.cc:191] [execute] - Not connected to cluster to put record
Jul 27 2015 04:31:00 UTC: ERROR(12591) [put.cc:191] [execute] - Not connected to cluster to put record
Jul 27 2015 04:31:00 UTC: ERROR(12591) [put.cc:191] [execute] - Not connected to cluster to put record
Jul 27 2015 04:31:00 UTC: ERROR(12591) [put.cc:191] [execute] - Not connected to cluster to put record
Jul 27 2015 04:31:00 UTC: ERROR(12591) [put.cc:191] [execute] - Not connected to cluster to put record
Jul 27 2015 04:31:00 UTC: ERROR(12591) [put.cc:191] [execute] - Not connected to cluster to put record
Jul 27 2015 04:31:00 UTC: ERROR(12591) [put.cc:191] [execute] - Not connected to cluster to put record
Jul 27 2015 04:31:00 UTC: ERROR(12591) [put.cc:191] [execute] - Not connected to cluster to put record
Jul 27 2015 04:31:00 UTC: ERROR(12591) [put.cc:191] [execute] - Not connected to cluster to put record
Jul 27 2015 04:31:00 UTC: ERROR(12591) [put.cc:191] [execute] - Not connected to cluster to put record
Jul 27 2015 04:31:00 UTC: ERROR(12591) [put.cc:191] [execute] - Not connected to cluster to put record
Jul 27 2015 04:31:00 UTC: ERROR(12591) [put.cc:191] [execute] - Not connected to cluster to put record
Jul 27 2015 04:31:00 UTC: ERROR(12591) [put.cc:191] [execute] - Not connected to cluster to put record
Jul 27 2015 04:31:00 UTC: ERROR(12591) [put.cc:191] [execute] - Not connected to cluster to put record
Jul 27 2015 04:31:00 UTC: ERROR(12591) [put.cc:191] [execute] - Not connected to cluster to put record
Jul 27 2015 04:31:00 UTC: ERROR(12591) [put.cc:191] [execute] - Not connected to cluster to put record
Jul 27 2015 04:31:00 UTC: ERROR(12591) [put.cc:191] [execute] - Not connected to cluster to put record
Jul 27 2015 04:31:00 UTC: ERROR(12591) [put.cc:191] [execute] - Not connected to cluster to put record
Jul 27 2015 04:31:00 UTC: ERROR(12591) [put.cc:191] [execute] - Not connected to cluster to put record
Jul 27 2015 04:31:00 UTC: ERROR(12591) [put.cc:191] [execute] - Not connected to cluster to put record
Jul 27 2015 04:31:00 UTC: ERROR(12591) [put.cc:191] [execute] - Not connected to cluster to put record
Jul 27 2015 04:31:00 UTC: ERROR(12591) [put.cc:191] [execute] - Not connected to cluster to put record
Jul 27 2015 04:31:00 UTC: ERROR(12591) [put.cc:191] [execute] - Not connected to cluster to put record
Jul 27 2015 04:31:00 UTC: ERROR(12591) [put.cc:191] [execute] - Not connected to cluster to put record
Jul 27 2015 04:31:00 UTC: ERROR(12591) [put.cc:191] [execute] - Not connected to cluster to put record
Jul 27 2015 04:31:00 UTC: ERROR(12591) [put.cc:191] [execute] - Not connected to cluster to put record
Jul 27 2015 04:31:00 UTC: ERROR(12591) [put.cc:191] [execute] - Not connected to cluster to put record
Jul 27 2015 04:31:00 UTC: ERROR(12591) [put.cc:191] [execute] - Not connected to cluster to put record
Jul 27 2015 04:31:00 UTC: ERROR(12591) [put.cc:191] [execute] - Not connected to cluster to put record
Jul 27 2015 04:31:00 UTC: ERROR(12591) [put.cc:191] [execute] - Not connected to cluster to put record
Jul 27 2015 04:31:00 UTC: ERROR(12591) [put.cc:191] [execute] - Not connected to cluster to put record
Jul 27 2015 04:31:00 UTC: ERROR(12591) [put.cc:191] [execute] - Not connected to cluster to put record
Jul 27 2015 04:31:00 UTC: ERROR(12591) [put.cc:191] [execute] - Not connected to cluster to put record
Jul 27 2015 04:31:00 UTC: ERROR(12591) [put.cc:191] [execute] - Not connected to cluster to put record
Jul 27 2015 04:31:00 UTC: ERROR(12591) [put.cc:191] [execute] - Not connected to cluster to put record
Jul 27 2015 04:31:00 UTC: ERROR(12591) [put.cc:191] [execute] - Not connected to cluster to put record
Jul 27 2015 04:31:00 UTC: ERROR(12591) [put.cc:191] [execute] - Not connected to cluster to put record
Jul 27 2015 04:31:00 UTC: ERROR(12591) [put.cc:191] [execute] - Not connected to cluster to put record
Jul 27 2015 04:31:00 UTC: ERROR(12591) [put.cc:191] [execute] - Not connected to cluster to put record
Jul 27 2015 04:31:00 UTC: ERROR(12591) [put.cc:191] [execute] - Not connected to cluster to put record
Jul 27 2015 04:31:00 UTC: ERROR(12591) [put.cc:191] [execute] - Not connected to cluster to put record
Jul 27 2015 04:31:00 UTC: ERROR(12591) [put.cc:191] [execute] - Not connected to cluster to put record
Jul 27 2015 04:31:00 UTC: ERROR(12591) [put.cc:191] [execute] - Not connected to cluster to put record
Jul 27 2015 04:31:00 UTC: ERROR(12591) [put.cc:191] [execute] - Not connected to cluster to put record
Jul 27 2015 04:31:00 UTC: ERROR(12591) [put.cc:191] [execute] - Not connected to cluster to put record
Jul 27 2015 04:31:00 UTC: ERROR(12591) [put.cc:191] [execute] - Not connected to cluster to put record
Jul 27 2015 04:31:00 UTC: ERROR(12591) [put.cc:191] [execute] - Not connected to cluster to put record
Jul 27 2015 04:31:00 UTC: ERROR(12591) [put.cc:191] [execute] - Not connected to cluster to put record
Jul 27 2015 04:31:00 UTC: ERROR(12591) [put.cc:191] [execute] - Not connected to cluster to put record
Jul 27 2015 04:31:00 UTC: ERROR(12591) [put.cc:191] [execute] - Not connected to cluster to put record
Jul 27 2015 04:31:00 UTC: ERROR(12591) [put.cc:191] [execute] - Not connected to cluster to put record
Jul 27 2015 04:31:00 UTC: ERROR(12591) [put.cc:191] [execute] - Not connected to cluster to put record
Jul 27 2015 04:31:00 UTC: ERROR(12591) [put.cc:191] [execute] - Not connected to cluster to put record
Jul 27 2015 04:31:00 UTC: ERROR(12591) [put.cc:191] [execute] - Not connected to cluster to put record
Jul 27 2015 04:31:00 UTC: ERROR(12591) [put.cc:191] [execute] - Not connected to cluster to put record
Jul 27 2015 04:31:00 UTC: ERROR(12591) [put.cc:191] [execute] - Not connected to cluster to put record
Jul 27 2015 04:31:00 UTC: ERROR(12591) [put.cc:191] [execute] - Not connected to cluster to put record
Jul 27 2015 04:31:00 UTC: ERROR(12591) [put.cc:191] [execute] - Not connected to cluster to put record
Jul 27 2015 04:31:00 UTC: ERROR(12591) [put.cc:191] [execute] - Not connected to cluster to put record
Jul 27 2015 04:31:00 UTC: ERROR(12591) [put.cc:191] [execute] - Not connected to cluster to put record
Jul 27 2015 04:31:00 UTC: ERROR(12591) [put.cc:191] [execute] - Not connected to cluster to put record
Jul 27 2015 04:31:00 UTC: ERROR(12591) [put.cc:191] [execute] - Not connected to cluster to put record
Jul 27 2015 04:31:00 UTC: ERROR(12591) [put.cc:191] [execute] - Not connected to cluster to put record
Jul 27 2015 04:31:00 UTC: ERROR(12591) [put.cc:191] [execute] - Not connected to cluster to put record
Jul 27 2015 04:31:00 UTC: ERROR(12591) [put.cc:191] [execute] - Not connected to cluster to put record
Jul 27 2015 04:31:00 UTC: ERROR(12591) [put.cc:191] [execute] - Not connected to cluster to put record
Jul 27 2015 04:31:00 UTC: ERROR(12591) [put.cc:191] [execute] - Not connected to cluster to put record
Jul 27 2015 04:31:00 UTC: ERROR(12591) [put.cc:191] [execute] - Not connected to cluster to put record
Jul 27 2015 04:31:00 UTC: ERROR(12591) [put.cc:191] [execute] - Not connected to cluster to put record
Jul 27 2015 04:31:00 UTC: ERROR(12591) [put.cc:191] [execute] - Not connected to cluster to put record
Jul 27 2015 04:31:00 UTC: ERROR(12591) [put.cc:191] [execute] - Not connected to cluster to put record
Jul 27 2015 04:31:00 UTC: ERROR(12591) [put.cc:191] [execute] - Not connected to cluster to put record
Jul 27 2015 04:31:00 UTC: ERROR(12591) [put.cc:191] [execute] - Not connected to cluster to put record
Jul 27 2015 04:31:00 UTC: ERROR(12591) [put.cc:191] [execute] - Not connected to cluster to put record
Jul 27 2015 04:31:00 UTC: ERROR(12591) [put.cc:191] [execute] - Not connected to cluster to put record
Jul 27 2015 04:31:00 UTC: ERROR(12591) [put.cc:191] [execute] - Not connected to cluster to put record
Jul 27 2015 04:31:00 UTC: ERROR(12591) [put.cc:191] [execute] - Not connected to cluster to put record
Jul 27 2015 04:31:00 UTC: ERROR(12591) [put.cc:191] [execute] - Not connected to cluster to put record
Jul 27 2015 04:31:00 UTC: ERROR(12591) [put.cc:191] [execute] - Not connected to cluster to put record
Jul 27 2015 04:31:00 UTC: ERROR(12591) [put.cc:191] [execute] - Not connected to cluster to put record
Jul 27 2015 04:31:00 UTC: ERROR(12591) [put.cc:191] [execute] - Not connected to cluster to put record
Jul 27 2015 04:31:00 UTC: ERROR(12591) [put.cc:191] [execute] - Not connected to cluster to put record
Jul 27 2015 04:31:00 UTC: ERROR(12591) [put.cc:191] [execute] - Not connected to cluster to put record
Jul 27 2015 04:31:00 UTC: ERROR(12591) [put.cc:191] [execute] - Not connected to cluster to put record
Jul 27 2015 04:31:00 UTC: ERROR(12591) [put.cc:191] [execute] - Not connected to cluster to put record
Jul 27 2015 04:31:00 UTC: ERROR(12591) [put.cc:191] [execute] - Not connected to cluster to put record
Jul 27 2015 04:31:00 UTC: ERROR(12591) [put.cc:191] [execute] - Not connected to cluster to put record
Jul 27 2015 04:31:00 UTC: ERROR(12591) [put.cc:191] [execute] - Not connected to cluster to put record
Jul 27 2015 04:31:00 UTC: ERROR(12591) [put.cc:191] [execute] - Not connected to cluster to put record
Jul 27 2015 04:31:00 UTC: ERROR(12591) [put.cc:191] [execute] - Not connected to cluster to put record
Jul 27 2015 04:31:00 UTC: ERROR(12591) [put.cc:191] [execute] - Not connected to cluster to put record
Jul 27 2015 04:31:00 UTC: ERROR(12591) [put.cc:191] [execute] - Not connected to cluster to put record
Jul 27 2015 04:31:00 UTC: ERROR(12591) [put.cc:191] [execute] - Not connected to cluster to put record
Jul 27 2015 04:31:00 UTC: ERROR(12591) [put.cc:191] [execute] - Not connected to cluster to put record
Jul 27 2015 04:31:00 UTC: ERROR(12591) [put.cc:191] [execute] - Not connected to cluster to put record
Jul 27 2015 04:31:00 UTC: ERROR(12591) [put.cc:191] [execute] - Not connected to cluster to put record
Jul 27 2015 04:31:00 UTC: ERROR(12591) [put.cc:191] [execute] - Not connected to cluster to put record
Jul 27 2015 04:31:00 UTC: ERROR(12591) [put.cc:191] [execute] - Not connected to cluster to put record
Jul 27 2015 04:31:00 UTC: ERROR(12591) [put.cc:191] [execute] - Not connected to cluster to put record
Jul 27 2015 04:31:00 UTC: ERROR(12591) [put.cc:191] [execute] - Not connected to cluster to put record
Jul 27 2015 04:31:00 UTC: ERROR(12591) [put.cc:191] [execute] - Not connected to cluster to put record
Jul 27 2015 04:31:00 UTC: ERROR(12591) [put.cc:191] [execute] - Not connected to cluster to put record
Jul 27 2015 04:31:00 UTC: ERROR(12591) [put.cc:191] [execute] - Not connected to cluster to put record
Jul 27 2015 04:31:00 UTC: ERROR(12591) [put.cc:191] [execute] - Not connected to cluster to put record
Jul 27 2015 04:31:00 UTC: ERROR(12591) [put.cc:191] [execute] - Not connected to cluster to put record
Jul 27 2015 04:31:00 UTC: ERROR(12591) [put.cc:191] [execute] - Not connected to cluster to put record
Jul 27 2015 04:31:00 UTC: ERROR(12591) [put.cc:191] [execute] - Not connected to cluster to put record
Jul 27 2015 04:31:00 UTC: ERROR(12591) [put.cc:191] [execute] - Not connected to cluster to put record
Jul 27 2015 04:31:00 UTC: ERROR(12591) [put.cc:191] [execute] - Not connected to cluster to put record
Jul 27 2015 04:31:00 UTC: ERROR(12591) [put.cc:191] [execute] - Not connected to cluster to put record
Jul 27 2015 04:31:00 UTC: ERROR(12591) [put.cc:191] [execute] - Not connected to cluster to put record
Jul 27 2015 04:31:00 UTC: ERROR(12591) [put.cc:191] [execute] - Not connected to cluster to put record
Jul 27 2015 04:31:00 UTC: ERROR(12591) [put.cc:191] [execute] - Not connected to cluster to put record
Jul 27 2015 04:31:00 UTC: ERROR(12591) [put.cc:191] [execute] - Not connected to cluster to put record
Jul 27 2015 04:31:00 UTC: ERROR(12591) [put.cc:191] [execute] - Not connected to cluster to put record
Jul 27 2015 04:31:00 UTC: ERROR(12591) [put.cc:191] [execute] - Not connected to cluster to put record
Jul 27 2015 04:31:00 UTC: ERROR(12591) [put.cc:191] [execute] - Not connected to cluster to put record
Jul 27 2015 04:31:00 UTC: ERROR(12591) [put.cc:191] [execute] - Not connected to cluster to put record
Jul 27 2015 04:31:00 UTC: ERROR(12591) [put.cc:191] [execute] - Not connected to cluster to put record
Jul 27 2015 04:31:00 UTC: ERROR(12591) [put.cc:191] [execute] - Not connected to cluster to put record
Jul 27 2015 04:31:00 UTC: ERROR(12591) [put.cc:191] [execute] - Not connected to cluster to put record
Jul 27 2015 04:31:00 UTC: ERROR(12591) [put.cc:191] [execute] - Not connected to cluster to put record
Jul 27 2015 04:31:00 UTC: ERROR(12591) [put.cc:191] [execute] - Not connected to cluster to put record
Jul 27 2015 04:31:00 UTC: ERROR(12591) [put.cc:191] [execute] - Not connected to cluster to put record
Jul 27 2015 04:31:00 UTC: ERROR(12591) [put.cc:191] [execute] - Not connected to cluster to put record
Jul 27 2015 04:31:00 UTC: ERROR(12591) [put.cc:191] [execute] - Not connected to cluster to put record
Jul 27 2015 04:31:00 UTC: ERROR(12591) [put.cc:191] [execute] - Not connected to cluster to put record
Jul 27 2015 04:31:00 UTC: ERROR(12591) [put.cc:191] [execute] - Not connected to cluster to put record
Jul 27 2015 04:31:00 UTC: ERROR(12591) [put.cc:191] [execute] - Not connected to cluster to put record
Jul 27 2015 04:31:00 UTC: ERROR(12591) [put.cc:191] [execute] - Not connected to cluster to put record
Jul 27 2015 04:31:00 UTC: ERROR(12591) [put.cc:191] [execute] - Not connected to cluster to put record
Jul 27 2015 04:31:00 UTC: ERROR(12591) [put.cc:191] [execute] - Not connected to cluster to put record
Jul 27 2015 04:31:00 UTC: ERROR(12591) [put.cc:191] [execute] - Not connected to cluster to put record
Jul 27 2015 04:31:00 UTC: ERROR(12591) [put.cc:191] [execute] - Not connected to cluster to put record
Jul 27 2015 04:31:00 UTC: ERROR(12591) [put.cc:191] [execute] - Not connected to cluster to put record
Jul 27 2015 04:31:00 UTC: ERROR(12591) [put.cc:191] [execute] - Not connected to cluster to put record
Jul 27 2015 04:31:00 UTC: ERROR(12591) [put.cc:191] [execute] - Not connected to cluster to put record
Jul 27 2015 04:31:00 UTC: ERROR(12591) [put.cc:191] [execute] - Not connected to cluster to put record
Jul 27 2015 04:31:00 UTC: ERROR(12591) [put.cc:191] [execute] - Not connected to cluster to put record
Jul 27 2015 04:31:00 UTC: ERROR(12591) [put.cc:191] [execute] - Not connected to cluster to put record
Jul 27 2015 04:31:00 UTC: ERROR(12591) [put.cc:191] [execute] - Not connected to cluster to put record
Jul 27 2015 04:31:00 UTC: ERROR(12591) [put.cc:191] [execute] - Not connected to cluster to put record
Jul 27 2015 04:31:00 UTC: ERROR(12591) [put.cc:191] [execute] - Not connected to cluster to put record
Jul 27 2015 04:31:00 UTC: ERROR(12591) [put.cc:191] [execute] - Not connected to cluster to put record
Jul 27 2015 04:31:00 UTC: ERROR(12591) [put.cc:191] [execute] - Not connected to cluster to put record
Jul 27 2015 04:31:00 UTC: ERROR(12591) [put.cc:191] [execute] - Not connected to cluster to put record
Jul 27 2015 04:31:00 UTC: ERROR(12591) [put.cc:191] [execute] - Not connected to cluster to put record
Jul 27 2015 04:31:00 UTC: ERROR(12591) [put.cc:191] [execute] - Not connected to cluster to put record
Jul 27 2015 04:31:00 UTC: ERROR(12591) [put.cc:191] [execute] - Not connected to cluster to put record
Jul 27 2015 04:31:00 UTC: ERROR(12591) [put.cc:191] [execute] - Not connected to cluster to put record
Jul 27 2015 04:31:00 UTC: ERROR(12591) [put.cc:191] [execute] - Not connected to cluster to put record
Jul 27 2015 04:31:00 UTC: ERROR(12591) [put.cc:191] [execute] - Not connected to cluster to put record
Jul 27 2015 04:31:00 UTC: ERROR(12591) [put.cc:191] [execute] - Not connected to cluster to put record
Jul 27 2015 04:31:00 UTC: ERROR(12591) [put.cc:191] [execute] - Not connected to cluster to put record
Jul 27 2015 04:31:00 UTC: ERROR(12591) [put.cc:191] [execute] - Not connected to cluster to put record
Jul 27 2015 04:31:00 UTC: ERROR(12591) [put.cc:191] [execute] - Not connected to cluster to put record
Jul 27 2015 04:31:00 UTC: ERROR(12591) [put.cc:191] [execute] - Not connected to cluster to put record
Jul 27 2015 04:31:00 UTC: ERROR(12591) [put.cc:191] [execute] - Not connected to cluster to put record
Jul 27 2015 04:31:00 UTC: ERROR(12591) [put.cc:191] [execute] - Not connected to cluster to put record
Jul 27 2015 04:31:00 UTC: ERROR(12591) [put.cc:191] [execute] - Not connected to cluster to put record
Jul 27 2015 04:31:00 UTC: ERROR(12591) [put.cc:191] [execute] - Not connected to cluster to put record
Jul 27 2015 04:31:00 UTC: ERROR(12591) [put.cc:191] [execute] - Not connected to cluster to put record
Jul 27 2015 04:31:00 UTC: ERROR(12591) [put.cc:191] [execute] - Not connected to cluster to put record
Jul 27 2015 04:31:00 UTC: ERROR(12591) [put.cc:191] [execute] - Not connected to cluster to put record
Jul 27 2015 04:31:00 UTC: ERROR(12591) [put.cc:191] [execute] - Not connected to cluster to put record
Jul 27 2015 04:31:00 UTC: ERROR(12591) [put.cc:191] [execute] - Not connected to cluster to put record
Jul 27 2015 04:31:00 UTC: ERROR(12591) [put.cc:191] [execute] - Not connected to cluster to put record
Jul 27 2015 04:31:00 UTC: ERROR(12591) [put.cc:191] [execute] - Not connected to cluster to put record
Jul 27 2015 04:31:00 UTC: ERROR(12591) [put.cc:191] [execute] - Not connected to cluster to put record
Jul 27 2015 04:31:00 UTC: ERROR(12591) [put.cc:191] [execute] - Not connected to cluster to put record
Jul 27 2015 04:31:00 UTC: ERROR(12591) [put.cc:191] [execute] - Not connected to cluster to put record
Jul 27 2015 04:31:00 UTC: ERROR(12591) [put.cc:191] [execute] - Not connected to cluster to put record
Jul 27 2015 04:31:00 UTC: ERROR(12591) [put.cc:191] [execute] - Not connected to cluster to put record
Jul 27 2015 04:31:00 UTC: ERROR(12591) [put.cc:191] [execute] - Not connected to cluster to put record
Jul 27 2015 04:31:00 UTC: ERROR(12591) [put.cc:191] [execute] - Not connected to cluster to put record
Jul 27 2015 04:31:00 UTC: ERROR(12591) [put.cc:191] [execute] - Not connected to cluster to put record
Jul 27 2015 04:31:00 UTC: ERROR(12591) [put.cc:191] [execute] - Not connected to cluster to put record
Jul 27 2015 04:31:00 UTC: ERROR(12591) [put.cc:191] [execute] - Not connected to cluster to put record
Jul 27 2015 04:31:00 UTC: ERROR(12591) [put.cc:191] [execute] - Not connected to cluster to put record
Jul 27 2015 04:31:00 UTC: ERROR(12591) [put.cc:191] [execute] - Not connected to cluster to put record
Jul 27 2015 04:31:00 UTC: ERROR(12591) [put.cc:191] [execute] - Not connected to cluster to put record
Jul 27 2015 04:31:00 UTC: ERROR(12591) [put.cc:191] [execute] - Not connected to cluster to put record
Jul 27 2015 04:31:00 UTC: ERROR(12591) [put.cc:191] [execute] - Not connected to cluster to put record
Jul 27 2015 04:31:00 UTC: ERROR(12591) [put.cc:191] [execute] - Not connected to cluster to put record
Jul 27 2015 04:31:00 UTC: ERROR(12591) [put.cc:191] [execute] - Not connected to cluster to put record
Jul 27 2015 04:31:00 UTC: ERROR(12591) [put.cc:191] [execute] - Not connected to cluster to put record
Jul 27 2015 04:31:00 UTC: ERROR(12591) [put.cc:191] [execute] - Not connected to cluster to put record
Jul 27 2015 04:31:00 UTC: ERROR(12591) [put.cc:191] [execute] - Not connected to cluster to put record
Jul 27 2015 04:31:00 UTC: ERROR(12591) [put.cc:191] [execute] - Not connected to cluster to put record
Jul 27 2015 04:31:00 UTC: ERROR(12591) [put.cc:191] [execute] - Not connected to cluster to put record
Jul 27 2015 04:31:00 UTC: ERROR(12591) [put.cc:191] [execute] - Not connected to cluster to put record
Jul 27 2015 04:31:00 UTC: ERROR(12591) [put.cc:191] [execute] - Not connected to cluster to put record
Jul 27 2015 04:31:00 UTC: ERROR(12591) [put.cc:191] [execute] - Not connected to cluster to put record
Jul 27 2015 04:31:00 UTC: ERROR(12591) [put.cc:191] [execute] - Not connected to cluster to put record
Jul 27 2015 04:31:00 UTC: ERROR(12591) [put.cc:191] [execute] - Not connected to cluster to put record
Jul 27 2015 04:31:00 UTC: ERROR(12591) [put.cc:191] [execute] - Not connected to cluster to put record
Jul 27 2015 04:31:00 UTC: ERROR(12591) [put.cc:191] [execute] - Not connected to cluster to put record
Jul 27 2015 04:31:00 UTC: ERROR(12591) [put.cc:191] [execute] - Not connected to cluster to put record
Jul 27 2015 04:31:00 UTC: ERROR(12591) [put.cc:191] [execute] - Not connected to cluster to put record
Jul 27 2015 04:31:00 UTC: ERROR(12591) [put.cc:191] [execute] - Not connected to cluster to put record
Jul 27 2015 04:31:00 UTC: ERROR(12591) [put.cc:191] [execute] - Not connected to cluster to put record
Jul 27 2015 04:31:00 UTC: ERROR(12591) [put.cc:191] [execute] - Not connected to cluster to put record
Jul 27 2015 04:31:00 UTC: ERROR(12591) [put.cc:191] [execute] - Not connected to cluster to put record
Jul 27 2015 04:31:00 UTC: ERROR(12591) [put.cc:191] [execute] - Not connected to cluster to put record
Jul 27 2015 04:31:00 UTC: ERROR(12591) [put.cc:191] [execute] - Not connected to cluster to put record
Jul 27 2015 04:31:00 UTC: ERROR(12591) [put.cc:191] [execute] - Not connected to cluster to put record
Jul 27 2015 04:31:00 UTC: ERROR(12591) [put.cc:191] [execute] - Not connected to cluster to put record
Jul 27 2015 04:31:00 UTC: ERROR(12591) [put.cc:191] [execute] - Not connected to cluster to put record
Jul 27 2015 04:31:00 UTC: ERROR(12591) [put.cc:191] [execute] - Not connected to cluster to put record
Jul 27 2015 04:31:00 UTC: ERROR(12591) [put.cc:191] [execute] - Not connected to cluster to put record
Jul 27 2015 04:31:00 UTC: ERROR(12591) [put.cc:191] [execute] - Not connected to cluster to put record
Jul 27 2015 04:31:00 UTC: ERROR(12591) [put.cc:191] [execute] - Not connected to cluster to put record
Jul 27 2015 04:31:00 UTC: ERROR(12591) [put.cc:191] [execute] - Not connected to cluster to put record
Jul 27 2015 04:31:00 UTC: ERROR(12591) [put.cc:191] [execute] - Not connected to cluster to put record
Jul 27 2015 04:31:00 UTC: ERROR(12591) [put.cc:191] [execute] - Not connected to cluster to put record
Jul 27 2015 04:31:00 UTC: ERROR(12591) [put.cc:191] [execute] - Not connected to cluster to put record
Jul 27 2015 04:31:00 UTC: ERROR(12591) [put.cc:191] [execute] - Not connected to cluster to put record
Jul 27 2015 04:31:00 UTC: ERROR(12591) [put.cc:191] [execute] - Not connected to cluster to put record
Jul 27 2015 04:31:00 UTC: ERROR(12591) [put.cc:191] [execute] - Not connected to cluster to put record
Jul 27 2015 04:31:00 UTC: ERROR(12591) [put.cc:191] [execute] - Not connected to cluster to put record
Jul 27 2015 04:31:00 UTC: ERROR(12591) [put.cc:191] [execute] - Not connected to cluster to put record
Jul 27 2015 04:31:00 UTC: ERROR(12591) [put.cc:191] [execute] - Not connected to cluster to put record
Jul 27 2015 04:31:00 UTC: ERROR(12591) [put.cc:191] [execute] - Not connected to cluster to put record
Jul 27 2015 04:31:00 UTC: ERROR(12591) [put.cc:191] [execute] - Not connected to cluster to put record
Jul 27 2015 04:31:00 UTC: ERROR(12591) [put.cc:191] [execute] - Not connected to cluster to put record
Jul 27 2015 04:31:00 UTC: ERROR(12591) [put.cc:191] [execute] - Not connected to cluster to put record
Jul 27 2015 04:31:00 UTC: ERROR(12591) [put.cc:191] [execute] - Not connected to cluster to put record
Jul 27 2015 04:31:00 UTC: ERROR(12591) [put.cc:191] [execute] - Not connected to cluster to put record
Jul 27 2015 04:31:00 UTC: ERROR(12591) [put.cc:191] [execute] - Not connected to cluster to put record
Jul 27 2015 04:31:00 UTC: ERROR(12591) [put.cc:191] [execute] - Not connected to cluster to put record
Jul 27 2015 04:31:00 UTC: ERROR(12591) [put.cc:191] [execute] - Not connected to cluster to put record
Jul 27 2015 04:31:00 UTC: ERROR(12591) [put.cc:191] [execute] - Not connected to cluster to put record
Jul 27 2015 04:31:00 UTC: ERROR(12591) [put.cc:191] [execute] - Not connected to cluster to put record
Jul 27 2015 04:31:00 UTC: ERROR(12591) [put.cc:191] [execute] - Not connected to cluster to put record
Jul 27 2015 04:31:00 UTC: ERROR(12591) [put.cc:191] [execute] - Not connected to cluster to put record
Jul 27 2015 04:31:00 UTC: ERROR(12591) [put.cc:191] [execute] - Not connected to cluster to put record
Jul 27 2015 04:31:00 UTC: ERROR(12591) [put.cc:191] [execute] - Not connected to cluster to put record
Jul 27 2015 04:31:00 UTC: ERROR(12591) [put.cc:191] [execute] - Not connected to cluster to put record
Jul 27 2015 04:31:00 UTC: ERROR(12591) [put.cc:191] [execute] - Not connected to cluster to put record
Jul 27 2015 04:31:00 UTC: ERROR(12591) [put.cc:191] [execute] - Not connected to cluster to put record
Jul 27 2015 04:31:00 UTC: ERROR(12591) [put.cc:191] [execute] - Not connected to cluster to put record
Jul 27 2015 04:31:00 UTC: ERROR(12591) [put.cc:191] [execute] - Not connected to cluster to put record
Jul 27 2015 04:31:00 UTC: ERROR(12591) [put.cc:191] [execute] - Not connected to cluster to put record
Jul 27 2015 04:31:00 UTC: ERROR(12591) [put.cc:191] [execute] - Not connected to cluster to put record
Jul 27 2015 04:31:00 UTC: ERROR(12591) [put.cc:191] [execute] - Not connected to cluster to put record
Jul 27 2015 04:31:00 UTC: ERROR(12591) [put.cc:191] [execute] - Not connected to cluster to put record
Jul 27 2015 04:31:00 UTC: ERROR(12591) [put.cc:191] [execute] - Not connected to cluster to put record
Jul 27 2015 04:31:00 UTC: ERROR(12591) [put.cc:191] [execute] - Not connected to cluster to put record
Jul 27 2015 04:31:00 UTC: ERROR(12591) [put.cc:191] [execute] - Not connected to cluster to put record
Jul 27 2015 04:31:00 UTC: ERROR(12591) [put.cc:191] [execute] - Not connected to cluster to put record
Jul 27 2015 04:31:00 UTC: ERROR(12591) [put.cc:191] [execute] - Not connected to cluster to put record
Jul 27 2015 04:31:00 UTC: ERROR(12591) [put.cc:191] [execute] - Not connected to cluster to put record
Jul 27 2015 04:31:00 UTC: ERROR(12591) [put.cc:191] [execute] - Not connected to cluster to put record
Jul 27 2015 04:31:00 UTC: ERROR(12591) [put.cc:191] [execute] - Not connected to cluster to put record
Jul 27 2015 04:31:00 UTC: ERROR(12591) [put.cc:191] [execute] - Not connected to cluster to put record
Jul 27 2015 04:31:00 UTC: ERROR(12591) [put.cc:191] [execute] - Not connected to cluster to put record
Jul 27 2015 04:31:00 UTC: ERROR(12591) [put.cc:191] [execute] - Not connected to cluster to put record
Jul 27 2015 04:31:00 UTC: ERROR(12591) [put.cc:191] [execute] - Not connected to cluster to put record
Jul 27 2015 04:31:00 UTC: ERROR(12591) [put.cc:191] [execute] - Not connected to cluster to put record
Jul 27 2015 04:31:00 UTC: ERROR(12591) [put.cc:191] [execute] - Not connected to cluster to put record
Jul 27 2015 04:31:00 UTC: ERROR(12591) [put.cc:191] [execute] - Not connected to cluster to put record
Jul 27 2015 04:31:00 UTC: ERROR(12591) [put.cc:191] [execute] - Not connected to cluster to put record
Jul 27 2015 04:31:00 UTC: ERROR(12591) [put.cc:191] [execute] - Not connected to cluster to put record
Jul 27 2015 04:31:00 UTC: ERROR(12591) [put.cc:191] [execute] - Not connected to cluster to put record
Jul 27 2015 04:31:00 UTC: ERROR(12591) [put.cc:191] [execute] - Not connected to cluster to put record
Jul 27 2015 04:31:00 UTC: ERROR(12591) [put.cc:191] [execute] - Not connected to cluster to put record
Jul 27 2015 04:31:00 UTC: ERROR(12591) [put.cc:191] [execute] - Not connected to cluster to put record
Jul 27 2015 04:31:00 UTC: ERROR(12591) [put.cc:191] [execute] - Not connected to cluster to put record
Jul 27 2015 04:31:00 UTC: ERROR(12591) [put.cc:191] [execute] - Not connected to cluster to put record
Jul 27 2015 04:31:00 UTC: ERROR(12591) [put.cc:191] [execute] - Not connected to cluster to put record
Jul 27 2015 04:31:00 UTC: ERROR(12591) [put.cc:191] [execute] - Not connected to cluster to put record
Jul 27 2015 04:31:00 UTC: ERROR(12591) [put.cc:191] [execute] - Not connected to cluster to put record
Jul 27 2015 04:31:00 UTC: ERROR(12591) [put.cc:191] [execute] - Not connected to cluster to put record
Jul 27 2015 04:31:00 UTC: ERROR(12591) [put.cc:191] [execute] - Not connected to cluster to put record
Jul 27 2015 04:31:00 UTC: ERROR(12591) [put.cc:191] [execute] - Not connected to cluster to put record
Jul 27 2015 04:31:00 UTC: ERROR(12591) [put.cc:191] [execute] - Not connected to cluster to put record
Jul 27 2015 04:31:00 UTC: ERROR(12591) [put.cc:191] [execute] - Not connected to cluster to put record
Jul 27 2015 04:31:00 UTC: ERROR(12591) [put.cc:191] [execute] - Not connected to cluster to put record
Jul 27 2015 04:31:00 UTC: ERROR(12591) [put.cc:191] [execute] - Not connected to cluster to put record
Jul 27 2015 04:31:00 UTC: ERROR(12591) [put.cc:191] [execute] - Not connected to cluster to put record
Jul 27 2015 04:31:00 UTC: ERROR(12591) [put.cc:191] [execute] - Not connected to cluster to put record
Jul 27 2015 04:31:00 UTC: ERROR(12591) [put.cc:191] [execute] - Not connected to cluster to put record
Jul 27 2015 04:31:00 UTC: ERROR(12591) [put.cc:191] [execute] - Not connected to cluster to put record
Jul 27 2015 04:31:00 UTC: ERROR(12591) [put.cc:191] [execute] - Not connected to cluster to put record
Jul 27 2015 04:31:00 UTC: ERROR(12591) [put.cc:191] [execute] - Not connected to cluster to put record
Jul 27 2015 04:31:00 UTC: ERROR(12591) [put.cc:191] [execute] - Not connected to cluster to put record
Jul 27 2015 04:31:00 UTC: ERROR(12591) [put.cc:191] [execute] - Not connected to cluster to put record
Jul 27 2015 04:31:00 UTC: ERROR(12591) [put.cc:191] [execute] - Not connected to cluster to put record
Jul 27 2015 04:31:00 UTC: ERROR(12591) [put.cc:191] [execute] - Not connected to cluster to put record
Jul 27 2015 04:31:00 UTC: ERROR(12591) [put.cc:191] [execute] - Not connected to cluster to put record
Jul 27 2015 04:31:00 UTC: ERROR(12591) [put.cc:191] [execute] - Not connected to cluster to put record
Jul 27 2015 04:31:00 UTC: ERROR(12591) [put.cc:191] [execute] - Not connected to cluster to put record
Jul 27 2015 04:31:00 UTC: ERROR(12591) [put.cc:191] [execute] - Not connected to cluster to put record
Jul 27 2015 04:31:00 UTC: ERROR(12591) [put.cc:191] [execute] - Not connected to cluster to put record
Jul 27 2015 04:31:00 UTC: ERROR(12591) [put.cc:191] [execute] - Not connected to cluster to put record
Jul 27 2015 04:31:00 UTC: ERROR(12591) [put.cc:191] [execute] - Not connected to cluster to put record
Jul 27 2015 04:31:00 UTC: ERROR(12591) [put.cc:191] [execute] - Not connected to cluster to put record
Jul 27 2015 04:31:00 UTC: ERROR(12591) [put.cc:191] [execute] - Not connected to cluster to put record
Jul 27 2015 04:31:00 UTC: ERROR(12591) [put.cc:191] [execute] - Not connected to cluster to put record
Jul 27 2015 04:31:00 UTC: ERROR(12591) [put.cc:191] [execute] - Not connected to cluster to put record
Jul 27 2015 04:31:00 UTC: ERROR(12591) [put.cc:191] [execute] - Not connected to cluster to put record
Jul 27 2015 04:31:00 UTC: ERROR(12591) [put.cc:191] [execute] - Not connected to cluster to put record
Jul 27 2015 04:31:00 UTC: ERROR(12591) [put.cc:191] [execute] - Not connected to cluster to put record
Jul 27 2015 04:31:00 UTC: ERROR(12591) [put.cc:191] [execute] - Not connected to cluster to put record
Jul 27 2015 04:31:00 UTC: ERROR(12591) [put.cc:191] [execute] - Not connected to cluster to put record
Jul 27 2015 04:31:00 UTC: ERROR(12591) [put.cc:191] [execute] - Not connected to cluster to put record
Jul 27 2015 04:31:00 UTC: ERROR(12591) [put.cc:191] [execute] - Not connected to cluster to put record
Jul 27 2015 04:31:00 UTC: ERROR(12591) [put.cc:191] [execute] - Not connected to cluster to put record
Jul 27 2015 04:31:00 UTC: ERROR(12591) [put.cc:191] [execute] - Not connected to cluster to put record
Jul 27 2015 04:31:00 UTC: ERROR(12591) [put.cc:191] [execute] - Not connected to cluster to put record
Jul 27 2015 04:31:00 UTC: ERROR(12591) [put.cc:191] [execute] - Not connected to cluster to put record
Jul 27 2015 04:31:00 UTC: ERROR(12591) [put.cc:191] [execute] - Not connected to cluster to put record
Jul 27 2015 04:31:00 UTC: ERROR(12591) [put.cc:191] [execute] - Not connected to cluster to put record
Jul 27 2015 04:31:00 UTC: ERROR(12591) [put.cc:191] [execute] - Not connected to cluster to put record
Jul 27 2015 04:31:00 UTC: ERROR(12591) [put.cc:191] [execute] - Not connected to cluster to put record
Jul 27 2015 04:31:00 UTC: ERROR(12591) [put.cc:191] [execute] - Not connected to cluster to put record
Jul 27 2015 04:31:00 UTC: ERROR(12591) [put.cc:191] [execute] - Not connected to cluster to put record
Jul 27 2015 04:31:00 UTC: ERROR(12591) [put.cc:191] [execute] - Not connected to cluster to put record
Jul 27 2015 04:31:00 UTC: ERROR(12591) [put.cc:191] [execute] - Not connected to cluster to put record
Jul 27 2015 04:31:00 UTC: ERROR(12591) [put.cc:191] [execute] - Not connected to cluster to put record
Jul 27 2015 04:31:00 UTC: ERROR(12591) [put.cc:191] [execute] - Not connected to cluster to put record
Jul 27 2015 04:31:00 UTC: ERROR(12591) [put.cc:191] [execute] - Not connected to cluster to put record
Jul 27 2015 04:31:00 UTC: ERROR(12591) [put.cc:191] [execute] - Not connected to cluster to put record
Jul 27 2015 04:31:00 UTC: ERROR(12591) [put.cc:191] [execute] - Not connected to cluster to put record
Jul 27 2015 04:31:00 UTC: ERROR(12591) [put.cc:191] [execute] - Not connected to cluster to put record
Jul 27 2015 04:31:00 UTC: ERROR(12591) [put.cc:191] [execute] - Not connected to cluster to put record
Jul 27 2015 04:31:00 UTC: ERROR(12591) [put.cc:191] [execute] - Not connected to cluster to put record
Jul 27 2015 04:31:00 UTC: ERROR(12591) [put.cc:191] [execute] - Not connected to cluster to put record
Jul 27 2015 04:31:00 UTC: ERROR(12591) [put.cc:191] [execute] - Not connected to cluster to put record
Jul 27 2015 04:31:00 UTC: ERROR(12591) [put.cc:191] [execute] - Not connected to cluster to put record
Jul 27 2015 04:31:00 UTC: ERROR(12591) [put.cc:191] [execute] - Not connected to cluster to put record
Jul 27 2015 04:31:00 UTC: ERROR(12591) [put.cc:191] [execute] - Not connected to cluster to put record
Jul 27 2015 04:31:00 UTC: ERROR(12591) [put.cc:191] [execute] - Not connected to cluster to put record
Jul 27 2015 04:31:00 UTC: ERROR(12591) [put.cc:191] [execute] - Not connected to cluster to put record
Jul 27 2015 04:31:00 UTC: ERROR(12591) [put.cc:191] [execute] - Not connected to cluster to put record
Jul 27 2015 04:31:00 UTC: ERROR(12591) [put.cc:191] [execute] - Not connected to cluster to put record
Jul 27 2015 04:31:00 UTC: ERROR(12591) [put.cc:191] [execute] - Not connected to cluster to put record
Jul 27 2015 04:31:00 UTC: ERROR(12591) [put.cc:191] [execute] - Not connected to cluster to put record
Jul 27 2015 04:31:00 UTC: ERROR(12591) [put.cc:191] [execute] - Not connected to cluster to put record
Jul 27 2015 04:31:00 UTC: ERROR(12591) [put.cc:191] [execute] - Not connected to cluster to put record
Jul 27 2015 04:31:00 UTC: ERROR(12591) [put.cc:191] [execute] - Not connected to cluster to put record
Jul 27 2015 04:31:00 UTC: ERROR(12591) [put.cc:191] [execute] - Not connected to cluster to put record
Jul 27 2015 04:31:00 UTC: ERROR(12591) [put.cc:191] [execute] - Not connected to cluster to put record
Jul 27 2015 04:31:00 UTC: ERROR(12591) [put.cc:191] [execute] - Not connected to cluster to put record
Jul 27 2015 04:31:00 UTC: ERROR(12591) [put.cc:191] [execute] - Not connected to cluster to put record
Jul 27 2015 04:31:00 UTC: ERROR(12591) [put.cc:191] [execute] - Not connected to cluster to put record
Jul 27 2015 04:31:00 UTC: ERROR(12591) [put.cc:191] [execute] - Not connected to cluster to put record
Jul 27 2015 04:31:00 UTC: ERROR(12591) [put.cc:191] [execute] - Not connected to cluster to put record
Jul 27 2015 04:31:00 UTC: ERROR(12591) [put.cc:191] [execute] - Not connected to cluster to put record
Jul 27 2015 04:31:00 UTC: ERROR(12591) [put.cc:191] [execute] - Not connected to cluster to put record
Jul 27 2015 04:31:00 UTC: ERROR(12591) [put.cc:191] [execute] - Not connected to cluster to put record
Jul 27 2015 04:31:00 UTC: ERROR(12591) [put.cc:191] [execute] - Not connected to cluster to put record
Jul 27 2015 04:31:00 UTC: ERROR(12591) [put.cc:191] [execute] - Not connected to cluster to put record
Jul 27 2015 04:31:00 UTC: ERROR(12591) [put.cc:191] [execute] - Not connected to cluster to put record
Jul 27 2015 04:31:00 UTC: ERROR(12591) [put.cc:191] [execute] - Not connected to cluster to put record
Jul 27 2015 04:31:00 UTC: ERROR(12591) [put.cc:191] [execute] - Not connected to cluster to put record
Jul 27 2015 04:31:00 UTC: ERROR(12591) [put.cc:191] [execute] - Not connected to cluster to put record
Jul 27 2015 04:31:00 UTC: ERROR(12591) [put.cc:191] [execute] - Not connected to cluster to put record
Jul 27 2015 04:31:00 UTC: ERROR(12591) [put.cc:191] [execute] - Not connected to cluster to put record
Jul 27 2015 04:31:00 UTC: ERROR(12591) [put.cc:191] [execute] - Not connected to cluster to put record
Jul 27 2015 04:31:00 UTC: ERROR(12591) [put.cc:191] [execute] - Not connected to cluster to put record
Jul 27 2015 04:31:00 UTC: ERROR(12591) [put.cc:191] [execute] - Not connected to cluster to put record
Jul 27 2015 04:31:00 UTC: ERROR(12591) [put.cc:191] [execute] - Not connected to cluster to put record
Jul 27 2015 04:31:00 UTC: ERROR(12591) [put.cc:191] [execute] - Not connected to cluster to put record
Jul 27 2015 04:31:00 UTC: ERROR(12591) [put.cc:191] [execute] - Not connected to cluster to put record
Jul 27 2015 04:31:00 UTC: ERROR(12591) [put.cc:191] [execute] - Not connected to cluster to put record
Jul 27 2015 04:31:00 UTC: ERROR(12591) [put.cc:191] [execute] - Not connected to cluster to put record
Jul 27 2015 04:31:00 UTC: ERROR(12591) [put.cc:191] [execute] - Not connected to cluster to put record
Jul 27 2015 04:31:00 UTC: ERROR(12591) [put.cc:191] [execute] - Not connected to cluster to put record
Jul 27 2015 04:31:00 UTC: ERROR(12591) [put.cc:191] [execute] - Not connected to cluster to put record
Jul 27 2015 04:31:00 UTC: ERROR(12591) [put.cc:191] [execute] - Not connected to cluster to put record
Jul 27 2015 04:31:00 UTC: ERROR(12591) [put.cc:191] [execute] - Not connected to cluster to put record
Jul 27 2015 04:31:00 UTC: ERROR(12591) [put.cc:191] [execute] - Not connected to cluster to put record
Jul 27 2015 04:31:00 UTC: ERROR(12591) [put.cc:191] [execute] - Not connected to cluster to put record
Jul 27 2015 04:31:00 UTC: ERROR(12591) [put.cc:191] [execute] - Not connected to cluster to put record
Jul 27 2015 04:31:00 UTC: ERROR(12591) [put.cc:191] [execute] - Not connected to cluster to put record
Jul 27 2015 04:31:00 UTC: ERROR(12591) [put.cc:191] [execute] - Not connected to cluster to put record
Jul 27 2015 04:31:00 UTC: ERROR(12591) [put.cc:191] [execute] - Not connected to cluster to put record
Jul 27 2015 04:31:00 UTC: ERROR(12591) [put.cc:191] [execute] - Not connected to cluster to put record
Jul 27 2015 04:31:00 UTC: ERROR(12591) [put.cc:191] [execute] - Not connected to cluster to put record
Jul 27 2015 04:31:00 UTC: ERROR(12591) [put.cc:191] [execute] - Not connected to cluster to put record
Jul 27 2015 04:31:00 UTC: ERROR(12591) [put.cc:191] [execute] - Not connected to cluster to put record
Jul 27 2015 04:31:00 UTC: ERROR(12591) [put.cc:191] [execute] - Not connected to cluster to put record
Jul 27 2015 04:31:00 UTC: ERROR(12591) [put.cc:191] [execute] - Not connected to cluster to put record
Jul 27 2015 04:31:00 UTC: ERROR(12591) [put.cc:191] [execute] - Not connected to cluster to put record
Jul 27 2015 04:31:00 UTC: ERROR(12591) [put.cc:191] [execute] - Not connected to cluster to put record
Jul 27 2015 04:31:00 UTC: ERROR(12591) [put.cc:191] [execute] - Not connected to cluster to put record
Jul 27 2015 04:31:00 UTC: ERROR(12591) [put.cc:191] [execute] - Not connected to cluster to put record
Jul 27 2015 04:31:00 UTC: ERROR(12591) [put.cc:191] [execute] - Not connected to cluster to put record
Jul 27 2015 04:31:00 UTC: ERROR(12591) [put.cc:191] [execute] - Not connected to cluster to put record
Jul 27 2015 04:31:00 UTC: ERROR(12591) [put.cc:191] [execute] - Not connected to cluster to put record
Jul 27 2015 04:31:00 UTC: ERROR(12591) [put.cc:191] [execute] - Not connected to cluster to put record
Jul 27 2015 04:31:00 UTC: ERROR(12591) [put.cc:191] [execute] - Not connected to cluster to put record
Jul 27 2015 04:31:00 UTC: ERROR(12591) [put.cc:191] [execute] - Not connected to cluster to put record
Jul 27 2015 04:31:00 UTC: ERROR(12591) [put.cc:191] [execute] - Not connected to cluster to put record
Jul 27 2015 04:31:00 UTC: ERROR(12591) [put.cc:191] [execute] - Not connected to cluster to put record
Jul 27 2015 04:31:00 UTC: ERROR(12591) [put.cc:191] [execute] - Not connected to cluster to put record
Jul 27 2015 04:31:00 UTC: ERROR(12591) [put.cc:191] [execute] - Not connected to cluster to put record
Jul 27 2015 04:31:00 UTC: ERROR(12591) [put.cc:191] [execute] - Not connected to cluster to put record
Jul 27 2015 04:31:00 UTC: ERROR(12591) [put.cc:191] [execute] - Not connected to cluster to put record
Jul 27 2015 04:31:00 UTC: ERROR(12591) [put.cc:191] [execute] - Not connected to cluster to put record
Jul 27 2015 04:31:00 UTC: ERROR(12591) [put.cc:191] [execute] - Not connected to cluster to put record
Jul 27 2015 04:31:00 UTC: ERROR(12591) [put.cc:191] [execute] - Not connected to cluster to put record
Jul 27 2015 04:31:00 UTC: ERROR(12591) [put.cc:191] [execute] - Not connected to cluster to put record
Jul 27 2015 04:31:00 UTC: ERROR(12591) [put.cc:191] [execute] - Not connected to cluster to put record
Jul 27 2015 04:31:00 UTC: ERROR(12591) [put.cc:191] [execute] - Not connected to cluster to put record
Jul 27 2015 04:31:00 UTC: ERROR(12591) [put.cc:191] [execute] - Not connected to cluster to put record
Jul 27 2015 04:31:00 UTC: ERROR(12591) [put.cc:191] [execute] - Not connected to cluster to put record
Jul 27 2015 04:31:00 UTC: ERROR(12591) [put.cc:191] [execute] - Not connected to cluster to put record
Jul 27 2015 04:31:00 UTC: ERROR(12591) [put.cc:191] [execute] - Not connected to cluster to put record
Jul 27 2015 04:31:00 UTC: ERROR(12591) [put.cc:191] [execute] - Not connected to cluster to put record
Jul 27 2015 04:31:00 UTC: ERROR(12591) [put.cc:191] [execute] - Not connected to cluster to put record
Jul 27 2015 04:31:00 UTC: ERROR(12591) [put.cc:191] [execute] - Not connected to cluster to put record
Jul 27 2015 04:31:00 UTC: ERROR(12591) [put.cc:191] [execute] - Not connected to cluster to put record
Jul 27 2015 04:31:00 UTC: ERROR(12591) [put.cc:191] [execute] - Not connected to cluster to put record
Jul 27 2015 04:31:00 UTC: ERROR(12591) [put.cc:191] [execute] - Not connected to cluster to put record
Jul 27 2015 04:31:00 UTC: ERROR(12591) [put.cc:191] [execute] - Not connected to cluster to put record
Jul 27 2015 04:31:00 UTC: ERROR(12591) [put.cc:191] [execute] - Not connected to cluster to put record
Jul 27 2015 04:31:00 UTC: ERROR(12591) [put.cc:191] [execute] - Not connected to cluster to put record
Jul 27 2015 04:31:00 UTC: ERROR(12591) [put.cc:191] [execute] - Not connected to cluster to put record
Jul 27 2015 04:31:00 UTC: ERROR(12591) [put.cc:191] [execute] - Not connected to cluster to put record
Jul 27 2015 04:31:00 UTC: ERROR(12591) [put.cc:191] [execute] - Not connected to cluster to put record
Jul 27 2015 04:31:00 UTC: ERROR(12591) [put.cc:191] [execute] - Not connected to cluster to put record
Jul 27 2015 04:31:00 UTC: ERROR(12591) [put.cc:191] [execute] - Not connected to cluster to put record
Jul 27 2015 04:31:00 UTC: ERROR(12591) [put.cc:191] [execute] - Not connected to cluster to put record
Jul 27 2015 04:31:00 UTC: ERROR(12591) [put.cc:191] [execute] - Not connected to cluster to put record
Jul 27 2015 04:31:00 UTC: ERROR(12591) [put.cc:191] [execute] - Not connected to cluster to put record
Jul 27 2015 04:31:00 UTC: ERROR(12591) [put.cc:191] [execute] - Not connected to cluster to put record
Jul 27 2015 04:31:00 UTC: ERROR(12591) [put.cc:191] [execute] - Not connected to cluster to put record
Jul 27 2015 04:31:00 UTC: ERROR(12591) [put.cc:191] [execute] - Not connected to cluster to put record
Jul 27 2015 04:31:00 UTC: ERROR(12591) [put.cc:191] [execute] - Not connected to cluster to put record
Jul 27 2015 04:31:00 UTC: ERROR(12591) [put.cc:191] [execute] - Not connected to cluster to put record
Jul 27 2015 04:31:00 UTC: ERROR(12591) [put.cc:191] [execute] - Not connected to cluster to put record
Jul 27 2015 04:31:00 UTC: ERROR(12591) [put.cc:191] [execute] - Not connected to cluster to put record
Jul 27 2015 04:31:00 UTC: ERROR(12591) [put.cc:191] [execute] - Not connected to cluster to put record
Jul 27 2015 04:31:00 UTC: ERROR(12591) [put.cc:191] [execute] - Not connected to cluster to put record
Jul 27 2015 04:31:00 UTC: ERROR(12591) [put.cc:191] [execute] - Not connected to cluster to put record
Jul 27 2015 04:31:00 UTC: ERROR(12591) [put.cc:191] [execute] - Not connected to cluster to put record
Jul 27 2015 04:31:00 UTC: ERROR(12591) [put.cc:191] [execute] - Not connected to cluster to put record
Jul 27 2015 04:31:00 UTC: ERROR(12591) [put.cc:191] [execute] - Not connected to cluster to put record
Jul 27 2015 04:31:00 UTC: ERROR(12591) [put.cc:191] [execute] - Not connected to cluster to put record
Jul 27 2015 04:31:00 UTC: ERROR(12591) [put.cc:191] [execute] - Not connected to cluster to put record
Jul 27 2015 04:31:00 UTC: ERROR(12591) [put.cc:191] [execute] - Not connected to cluster to put record
Jul 27 2015 04:31:00 UTC: ERROR(12591) [put.cc:191] [execute] - Not connected to cluster to put record
Jul 27 2015 04:31:00 UTC: ERROR(12591) [put.cc:191] [execute] - Not connected to cluster to put record
Jul 27 2015 04:31:00 UTC: ERROR(12591) [put.cc:191] [execute] - Not connected to cluster to put record
Jul 27 2015 04:31:00 UTC: ERROR(12591) [put.cc:191] [execute] - Not connected to cluster to put record
Jul 27 2015 04:31:00 UTC: ERROR(12591) [put.cc:191] [execute] - Not connected to cluster to put record
Jul 27 2015 04:31:00 UTC: ERROR(12591) [put.cc:191] [execute] - Not connected to cluster to put record
Jul 27 2015 04:31:00 UTC: ERROR(12591) [put.cc:191] [execute] - Not connected to cluster to put record
Jul 27 2015 04:31:00 UTC: ERROR(12591) [put.cc:191] [execute] - Not connected to cluster to put record
Jul 27 2015 04:31:00 UTC: ERROR(12591) [put.cc:191] [execute] - Not connected to cluster to put record
Jul 27 2015 04:31:00 UTC: ERROR(12591) [put.cc:191] [execute] - Not connected to cluster to put record
Jul 27 2015 04:31:00 UTC: ERROR(12591) [put.cc:191] [execute] - Not connected to cluster to put record
Jul 27 2015 04:31:00 UTC: ERROR(12591) [put.cc:191] [execute] - Not connected to cluster to put record
Jul 27 2015 04:31:00 UTC: ERROR(12591) [put.cc:191] [execute] - Not connected to cluster to put record
Jul 27 2015 04:31:00 UTC: ERROR(12591) [put.cc:191] [execute] - Not connected to cluster to put record
Jul 27 2015 04:31:00 UTC: ERROR(12591) [put.cc:191] [execute] - Not connected to cluster to put record
Jul 27 2015 04:31:00 UTC: ERROR(12591) [put.cc:191] [execute] - Not connected to cluster to put record
Jul 27 2015 04:31:00 UTC: ERROR(12591) [put.cc:191] [execute] - Not connected to cluster to put record
Jul 27 2015 04:31:00 UTC: ERROR(12591) [put.cc:191] [execute] - Not connected to cluster to put record
Jul 27 2015 04:31:00 UTC: ERROR(12591) [put.cc:191] [execute] - Not connected to cluster to put record
Jul 27 2015 04:31:00 UTC: ERROR(12591) [put.cc:191] [execute] - Not connected to cluster to put record
Jul 27 2015 04:31:00 UTC: ERROR(12591) [put.cc:191] [execute] - Not connected to cluster to put record
Jul 27 2015 04:31:00 UTC: ERROR(12591) [put.cc:191] [execute] - Not connected to cluster to put record
Jul 27 2015 04:31:00 UTC: ERROR(12591) [put.cc:191] [execute] - Not connected to cluster to put record
Jul 27 2015 04:31:00 UTC: ERROR(12591) [put.cc:191] [execute] - Not connected to cluster to put record
Jul 27 2015 04:31:00 UTC: ERROR(12591) [put.cc:191] [execute] - Not connected to cluster to put record
Jul 27 2015 04:31:00 UTC: ERROR(12591) [put.cc:191] [execute] - Not connected to cluster to put record
Jul 27 2015 04:31:00 UTC: ERROR(12591) [put.cc:191] [execute] - Not connected to cluster to put record
Jul 27 2015 04:31:00 UTC: ERROR(12591) [put.cc:191] [execute] - Not connected to cluster to put record
Jul 27 2015 04:31:00 UTC: ERROR(12591) [put.cc:191] [execute] - Not connected to cluster to put record
Jul 27 2015 04:31:00 UTC: ERROR(12591) [put.cc:191] [execute] - Not connected to cluster to put record
Jul 27 2015 04:31:00 UTC: ERROR(12591) [put.cc:191] [execute] - Not connected to cluster to put record
Jul 27 2015 04:31:00 UTC: ERROR(12591) [put.cc:191] [execute] - Not connected to cluster to put record
Jul 27 2015 04:31:00 UTC: ERROR(12591) [put.cc:191] [execute] - Not connected to cluster to put record
Jul 27 2015 04:31:00 UTC: ERROR(12591) [put.cc:191] [execute] - Not connected to cluster to put record
Jul 27 2015 04:31:00 UTC: ERROR(12591) [put.cc:191] [execute] - Not connected to cluster to put record
Jul 27 2015 04:31:00 UTC: ERROR(12591) [put.cc:191] [execute] - Not connected to cluster to put record
Jul 27 2015 04:31:00 UTC: ERROR(12591) [put.cc:191] [execute] - Not connected to cluster to put record
Jul 27 2015 04:31:00 UTC: ERROR(12591) [put.cc:191] [execute] - Not connected to cluster to put record
Jul 27 2015 04:31:00 UTC: ERROR(12591) [put.cc:191] [execute] - Not connected to cluster to put record
Jul 27 2015 04:31:00 UTC: ERROR(12591) [put.cc:191] [execute] - Not connected to cluster to put record
Jul 27 2015 04:31:00 UTC: ERROR(12591) [put.cc:191] [execute] - Not connected to cluster to put record
Jul 27 2015 04:31:00 UTC: ERROR(12591) [put.cc:191] [execute] - Not connected to cluster to put record
Jul 27 2015 04:31:00 UTC: ERROR(12591) [put.cc:191] [execute] - Not connected to cluster to put record
Jul 27 2015 04:31:00 UTC: ERROR(12591) [put.cc:191] [execute] - Not connected to cluster to put record
Jul 27 2015 04:31:00 UTC: ERROR(12591) [put.cc:191] [execute] - Not connected to cluster to put record
Jul 27 2015 04:31:00 UTC: ERROR(12591) [put.cc:191] [execute] - Not connected to cluster to put record
Jul 27 2015 04:31:00 UTC: ERROR(12591) [put.cc:191] [execute] - Not connected to cluster to put record
Jul 27 2015 04:31:00 UTC: ERROR(12591) [put.cc:191] [execute] - Not connected to cluster to put record
Jul 27 2015 04:31:00 UTC: ERROR(12591) [put.cc:191] [execute] - Not connected to cluster to put record
Jul 27 2015 04:31:00 UTC: ERROR(12591) [put.cc:191] [execute] - Not connected to cluster to put record
Jul 27 2015 04:31:00 UTC: ERROR(12591) [put.cc:191] [execute] - Not connected to cluster to put record
Jul 27 2015 04:31:00 UTC: ERROR(12591) [put.cc:191] [execute] - Not connected to cluster to put record
Jul 27 2015 04:31:00 UTC: ERROR(12591) [put.cc:191] [execute] - Not connected to cluster to put record
Jul 27 2015 04:31:00 UTC: ERROR(12591) [put.cc:191] [execute] - Not connected to cluster to put record
Jul 27 2015 04:31:00 UTC: ERROR(12591) [put.cc:191] [execute] - Not connected to cluster to put record
Jul 27 2015 04:31:00 UTC: ERROR(12591) [put.cc:191] [execute] - Not connected to cluster to put record
Jul 27 2015 04:31:00 UTC: ERROR(12591) [put.cc:191] [execute] - Not connected to cluster to put record
Jul 27 2015 04:31:00 UTC: ERROR(12591) [put.cc:191] [execute] - Not connected to cluster to put record
Jul 27 2015 04:31:00 UTC: ERROR(12591) [put.cc:191] [execute] - Not connected to cluster to put record
Jul 27 2015 04:31:00 UTC: ERROR(12591) [put.cc:191] [execute] - Not connected to cluster to put record
Jul 27 2015 04:31:00 UTC: ERROR(12591) [put.cc:191] [execute] - Not connected to cluster to put record
Jul 27 2015 04:31:00 UTC: ERROR(12591) [put.cc:191] [execute] - Not connected to cluster to put record
Jul 27 2015 04:31:00 UTC: ERROR(12591) [put.cc:191] [execute] - Not connected to cluster to put record
Jul 27 2015 04:31:00 UTC: ERROR(12591) [put.cc:191] [execute] - Not connected to cluster to put record
Jul 27 2015 04:31:00 UTC: ERROR(12591) [put.cc:191] [execute] - Not connected to cluster to put record
Jul 27 2015 04:31:00 UTC: ERROR(12591) [put.cc:191] [execute] - Not connected to cluster to put record
Jul 27 2015 04:31:00 UTC: ERROR(12591) [put.cc:191] [execute] - Not connected to cluster to put record
Jul 27 2015 04:31:00 UTC: ERROR(12591) [put.cc:191] [execute] - Not connected to cluster to put record
Jul 27 2015 04:31:00 UTC: ERROR(12591) [put.cc:191] [execute] - Not connected to cluster to put record
Jul 27 2015 04:31:01 UTC: ERROR(12591) [connect.cc:69] [Connect] - Connecting to Cluster Failed
Jul 27 2015 04:31:01 UTC: ERROR(12591) [put.cc:191] [execute] - Not connected to cluster to put record
Jul 27 2015 04:31:01 UTC: ERROR(12591) [put.cc:191] [execute] - Not connected to cluster to put record
Jul 27 2015 04:31:01 UTC: ERROR(12591) [put.cc:191] [execute] - Not connected to cluster to put record
Jul 27 2015 04:31:01 UTC: ERROR(12591) [put.cc:191] [execute] - Not connected to cluster to put record
Jul 27 2015 04:31:01 UTC: ERROR(12591) [put.cc:191] [execute] - Not connected to cluster to put record
Jul 27 2015 04:31:01 UTC: ERROR(12591) [put.cc:191] [execute] - Not connected to cluster to put record
Jul 27 2015 04:31:01 UTC: ERROR(12591) [put.cc:191] [execute] - Not connected to cluster to put record
Jul 27 2015 04:31:01 UTC: ERROR(12591) [put.cc:191] [execute] - Not connected to cluster to put record
Jul 27 2015 04:31:01 UTC: ERROR(12591) [put.cc:191] [execute] - Not connected to cluster to put record
Jul 27 2015 04:31:01 UTC: ERROR(12591) [put.cc:191] [execute] - Not connected to cluster to put record
Jul 27 2015 04:31:01 UTC: ERROR(12591) [batch_get.cc:200] [execute] - Cluster Object is NULL, can't perform the operation
Jul 27 2015 04:31:01 UTC: ERROR(12591) [put.cc:191] [execute] - Not connected to cluster to put record
Jul 27 2015 04:31:01 UTC: ERROR(12591) [put.cc:191] [execute] - Not connected to cluster to put record
Jul 27 2015 04:31:01 UTC: ERROR(12591) [put.cc:191] [execute] - Not connected to cluster to put record
Jul 27 2015 04:31:01 UTC: ERROR(12591) [put.cc:191] [execute] - Not connected to cluster to put record
Jul 27 2015 04:31:01 UTC: ERROR(12591) [put.cc:191] [execute] - Not connected to cluster to put record
Jul 27 2015 04:31:01 UTC: ERROR(12591) [put.cc:191] [execute] - Not connected to cluster to put record
Jul 27 2015 04:31:01 UTC: ERROR(12591) [put.cc:191] [execute] - Not connected to cluster to put record
Jul 27 2015 04:31:01 UTC: ERROR(12591) [put.cc:191] [execute] - Not connected to cluster to put record
Jul 27 2015 04:31:01 UTC: ERROR(12591) [put.cc:191] [execute] - Not connected to cluster to put record
Jul 27 2015 04:31:01 UTC: ERROR(12591) [put.cc:191] [execute] - Not connected to cluster to put record
Jul 27 2015 04:31:01 UTC: ERROR(12591) [put.cc:191] [execute] - Not connected to cluster to put record
Jul 27 2015 04:31:01 UTC: ERROR(12591) [put.cc:191] [execute] - Not connected to cluster to put record
Jul 27 2015 04:31:01 UTC: ERROR(12591) [put.cc:191] [execute] - Not connected to cluster to put record
Jul 27 2015 04:31:01 UTC: ERROR(12591) [put.cc:191] [execute] - Not connected to cluster to put record
Jul 27 2015 04:31:01 UTC: ERROR(12591) [put.cc:191] [execute] - Not connected to cluster to put record
Jul 27 2015 04:31:01 UTC: ERROR(12591) [put.cc:191] [execute] - Not connected to cluster to put record
Jul 27 2015 04:31:01 UTC: ERROR(12591) [put.cc:191] [execute] - Not connected to cluster to put record
Jul 27 2015 04:31:01 UTC: ERROR(12591) [put.cc:191] [execute] - Not connected to cluster to put record
Jul 27 2015 04:31:01 UTC: ERROR(12591) [put.cc:191] [execute] - Not connected to cluster to put record
Jul 27 2015 04:31:01 UTC: ERROR(12591) [put.cc:191] [execute] - Not connected to cluster to put record
Jul 27 2015 04:31:01 UTC: ERROR(12591) [put.cc:191] [execute] - Not connected to cluster to put record
Jul 27 2015 04:31:01 UTC: ERROR(12591) [put.cc:191] [execute] - Not connected to cluster to put record
Jul 27 2015 04:31:01 UTC: ERROR(12591) [put.cc:191] [execute] - Not connected to cluster to put record
Jul 27 2015 04:31:01 UTC: ERROR(12591) [put.cc:191] [execute] - Not connected to cluster to put record
Jul 27 2015 04:31:01 UTC: ERROR(12591) [put.cc:191] [execute] - Not connected to cluster to put record
Jul 27 2015 04:31:01 UTC: ERROR(12591) [put.cc:191] [execute] - Not connected to cluster to put record
Jul 27 2015 04:31:01 UTC: ERROR(12591) [put.cc:191] [execute] - Not connected to cluster to put record
Jul 27 2015 04:31:01 UTC: ERROR(12591) [put.cc:191] [execute] - Not connected to cluster to put record
Jul 27 2015 04:31:01 UTC: ERROR(12591) [put.cc:191] [execute] - Not connected to cluster to put record
Jul 27 2015 04:31:01 UTC: ERROR(12591) [put.cc:191] [execute] - Not connected to cluster to put record
Jul 27 2015 04:31:01 UTC: ERROR(12591) [put.cc:191] [execute] - Not connected to cluster to put record
Jul 27 2015 04:31:01 UTC: ERROR(12591) [put.cc:191] [execute] - Not connected to cluster to put record
Jul 27 2015 04:31:01 UTC: ERROR(12591) [put.cc:191] [execute] - Not connected to cluster to put record
Jul 27 2015 04:31:01 UTC: ERROR(12591) [put.cc:191] [execute] - Not connected to cluster to put record
Jul 27 2015 04:31:01 UTC: ERROR(12591) [put.cc:191] [execute] - Not connected to cluster to put record
Jul 27 2015 04:31:01 UTC: ERROR(12591) [put.cc:191] [execute] - Not connected to cluster to put record
Jul 27 2015 04:31:01 UTC: ERROR(12591) [put.cc:191] [execute] - Not connected to cluster to put record
Jul 27 2015 04:31:01 UTC: ERROR(12591) [put.cc:191] [execute] - Not connected to cluster to put record
Jul 27 2015 04:31:01 UTC: ERROR(12591) [put.cc:191] [execute] - Not connected to cluster to put record
Jul 27 2015 04:31:01 UTC: ERROR(12591) [put.cc:191] [execute] - Not connected to cluster to put record
Jul 27 2015 04:31:01 UTC: ERROR(12591) [put.cc:191] [execute] - Not connected to cluster to put record
Jul 27 2015 04:31:01 UTC: ERROR(12591) [put.cc:191] [execute] - Not connected to cluster to put record
Jul 27 2015 04:31:01 UTC: ERROR(12591) [put.cc:191] [execute] - Not connected to cluster to put record
Jul 27 2015 04:31:01 UTC: ERROR(12591) [put.cc:191] [execute] - Not connected to cluster to put record
Jul 27 2015 04:31:01 UTC: ERROR(12591) [put.cc:191] [execute] - Not connected to cluster to put record
Jul 27 2015 04:31:01 UTC: ERROR(12591) [put.cc:191] [execute] - Not connected to cluster to put record
Jul 27 2015 04:31:01 UTC: ERROR(12591) [put.cc:191] [execute] - Not connected to cluster to put record
Jul 27 2015 04:31:01 UTC: ERROR(12591) [put.cc:191] [execute] - Not connected to cluster to put record
Jul 27 2015 04:31:01 UTC: ERROR(12591) [put.cc:191] [execute] - Not connected to cluster to put record
Jul 27 2015 04:31:01 UTC: ERROR(12591) [put.cc:191] [execute] - Not connected to cluster to put record
Jul 27 2015 04:31:01 UTC: ERROR(12591) [put.cc:191] [execute] - Not connected to cluster to put record
Jul 27 2015 04:31:01 UTC: ERROR(12591) [put.cc:191] [execute] - Not connected to cluster to put record
Jul 27 2015 04:31:01 UTC: ERROR(12591) [put.cc:191] [execute] - Not connected to cluster to put record
Jul 27 2015 04:31:01 UTC: ERROR(12591) [put.cc:191] [execute] - Not connected to cluster to put record
Jul 27 2015 04:31:01 UTC: ERROR(12591) [put.cc:191] [execute] - Not connected to cluster to put record
Jul 27 2015 04:31:01 UTC: ERROR(12591) [put.cc:191] [execute] - Not connected to cluster to put record
Jul 27 2015 04:31:01 UTC: ERROR(12591) [put.cc:191] [execute] - Not connected to cluster to put record
Jul 27 2015 04:31:01 UTC: ERROR(12591) [put.cc:191] [execute] - Not connected to cluster to put record
Jul 27 2015 04:31:01 UTC: ERROR(12591) [put.cc:191] [execute] - Not connected to cluster to put record
Jul 27 2015 04:31:01 UTC: ERROR(12591) [put.cc:191] [execute] - Not connected to cluster to put record
Jul 27 2015 04:31:01 UTC: ERROR(12591) [put.cc:191] [execute] - Not connected to cluster to put record
Jul 27 2015 04:31:01 UTC: ERROR(12591) [put.cc:191] [execute] - Not connected to cluster to put record
Jul 27 2015 04:31:01 UTC: ERROR(12591) [put.cc:191] [execute] - Not connected to cluster to put record
Jul 27 2015 04:31:01 UTC: ERROR(12591) [put.cc:191] [execute] - Not connected to cluster to put record
Jul 27 2015 04:31:01 UTC: ERROR(12591) [put.cc:191] [execute] - Not connected to cluster to put record
Jul 27 2015 04:31:01 UTC: ERROR(12591) [put.cc:191] [execute] - Not connected to cluster to put record
Jul 27 2015 04:31:01 UTC: ERROR(12591) [put.cc:191] [execute] - Not connected to cluster to put record
Jul 27 2015 04:31:01 UTC: ERROR(12591) [put.cc:191] [execute] - Not connected to cluster to put record
Jul 27 2015 04:31:01 UTC: ERROR(12591) [put.cc:191] [execute] - Not connected to cluster to put record
Jul 27 2015 04:31:01 UTC: ERROR(12591) [put.cc:191] [execute] - Not connected to cluster to put record
Jul 27 2015 04:31:01 UTC: ERROR(12591) [put.cc:191] [execute] - Not connected to cluster to put record
Jul 27 2015 04:31:01 UTC: ERROR(12591) [put.cc:191] [execute] - Not connected to cluster to put record
Jul 27 2015 04:31:01 UTC: ERROR(12591) [put.cc:191] [execute] - Not connected to cluster to put record
Jul 27 2015 04:31:01 UTC: ERROR(12591) [put.cc:191] [execute] - Not connected to cluster to put record
Jul 27 2015 04:31:01 UTC: ERROR(12591) [put.cc:191] [execute] - Not connected to cluster to put record
Jul 27 2015 04:31:01 UTC: ERROR(12591) [put.cc:191] [execute] - Not connected to cluster to put record
Jul 27 2015 04:31:01 UTC: ERROR(12591) [put.cc:191] [execute] - Not connected to cluster to put record
Jul 27 2015 04:31:01 UTC: ERROR(12591) [put.cc:191] [execute] - Not connected to cluster to put record
Jul 27 2015 04:31:01 UTC: ERROR(12591) [put.cc:191] [execute] - Not connected to cluster to put record
Jul 27 2015 04:31:01 UTC: ERROR(12591) [put.cc:191] [execute] - Not connected to cluster to put record
Jul 27 2015 04:31:01 UTC: ERROR(12591) [put.cc:191] [execute] - Not connected to cluster to put record
Jul 27 2015 04:31:01 UTC: ERROR(12591) [put.cc:191] [execute] - Not connected to cluster to put record
Jul 27 2015 04:31:01 UTC: ERROR(12591) [put.cc:191] [execute] - Not connected to cluster to put record
Jul 27 2015 04:31:01 UTC: ERROR(12591) [put.cc:191] [execute] - Not connected to cluster to put record
Jul 27 2015 04:31:01 UTC: ERROR(12591) [put.cc:191] [execute] - Not connected to cluster to put record
Jul 27 2015 04:31:01 UTC: ERROR(12591) [put.cc:191] [execute] - Not connected to cluster to put record
Jul 27 2015 04:31:01 UTC: ERROR(12591) [put.cc:191] [execute] - Not connected to cluster to put record
Jul 27 2015 04:31:01 UTC: ERROR(12591) [put.cc:191] [execute] - Not connected to cluster to put record
Jul 27 2015 04:31:01 UTC: ERROR(12591) [put.cc:191] [execute] - Not connected to cluster to put record
Jul 27 2015 04:31:01 UTC: ERROR(12591) [put.cc:191] [execute] - Not connected to cluster to put record
Jul 27 2015 04:31:01 UTC: ERROR(12591) [put.cc:191] [execute] - Not connected to cluster to put record
Jul 27 2015 04:31:01 UTC: ERROR(12591) [put.cc:191] [execute] - Not connected to cluster to put record
Jul 27 2015 04:31:01 UTC: ERROR(12591) [put.cc:191] [execute] - Not connected to cluster to put record
Jul 27 2015 04:31:01 UTC: ERROR(12591) [put.cc:191] [execute] - Not connected to cluster to put record
Jul 27 2015 04:31:01 UTC: ERROR(12591) [put.cc:191] [execute] - Not connected to cluster to put record
Jul 27 2015 04:31:01 UTC: ERROR(12591) [put.cc:191] [execute] - Not connected to cluster to put record
Jul 27 2015 04:31:01 UTC: ERROR(12591) [put.cc:191] [execute] - Not connected to cluster to put record
Jul 27 2015 04:31:01 UTC: ERROR(12591) [put.cc:191] [execute] - Not connected to cluster to put record
Jul 27 2015 04:31:01 UTC: ERROR(12591) [put.cc:191] [execute] - Not connected to cluster to put record
Jul 27 2015 04:31:01 UTC: ERROR(12591) [put.cc:191] [execute] - Not connected to cluster to put record
Jul 27 2015 04:31:01 UTC: ERROR(12591) [put.cc:191] [execute] - Not connected to cluster to put record
Jul 27 2015 04:31:01 UTC: ERROR(12591) [put.cc:191] [execute] - Not connected to cluster to put record
Jul 27 2015 04:31:01 UTC: ERROR(12591) [put.cc:191] [execute] - Not connected to cluster to put record
Jul 27 2015 04:31:01 UTC: ERROR(12591) [put.cc:191] [execute] - Not connected to cluster to put record
Jul 27 2015 04:31:01 UTC: ERROR(12591) [put.cc:191] [execute] - Not connected to cluster to put record
Jul 27 2015 04:31:01 UTC: ERROR(12591) [put.cc:191] [execute] - Not connected to cluster to put record
Jul 27 2015 04:31:01 UTC: ERROR(12591) [put.cc:191] [execute] - Not connected to cluster to put record
Jul 27 2015 04:31:01 UTC: ERROR(12591) [put.cc:191] [execute] - Not connected to cluster to put record
Jul 27 2015 04:31:01 UTC: ERROR(12591) [put.cc:191] [execute] - Not connected to cluster to put record
Jul 27 2015 04:31:01 UTC: ERROR(12591) [put.cc:191] [execute] - Not connected to cluster to put record
Jul 27 2015 04:31:01 UTC: ERROR(12591) [put.cc:191] [execute] - Not connected to cluster to put record
Jul 27 2015 04:31:01 UTC: ERROR(12591) [put.cc:191] [execute] - Not connected to cluster to put record
Jul 27 2015 04:31:01 UTC: ERROR(12591) [put.cc:191] [execute] - Not connected to cluster to put record
Jul 27 2015 04:31:01 UTC: ERROR(12591) [put.cc:191] [execute] - Not connected to cluster to put record
Jul 27 2015 04:31:01 UTC: ERROR(12591) [put.cc:191] [execute] - Not connected to cluster to put record
Jul 27 2015 04:31:01 UTC: ERROR(12591) [put.cc:191] [execute] - Not connected to cluster to put record
Jul 27 2015 04:31:01 UTC: ERROR(12591) [put.cc:191] [execute] - Not connected to cluster to put record
Jul 27 2015 04:31:01 UTC: ERROR(12591) [put.cc:191] [execute] - Not connected to cluster to put record
Jul 27 2015 04:31:01 UTC: ERROR(12591) [put.cc:191] [execute] - Not connected to cluster to put record
Jul 27 2015 04:31:01 UTC: ERROR(12591) [put.cc:191] [execute] - Not connected to cluster to put record
Jul 27 2015 04:31:01 UTC: ERROR(12591) [put.cc:191] [execute] - Not connected to cluster to put record
Jul 27 2015 04:31:01 UTC: ERROR(12591) [put.cc:191] [execute] - Not connected to cluster to put record
Jul 27 2015 04:31:01 UTC: ERROR(12591) [put.cc:191] [execute] - Not connected to cluster to put record
Jul 27 2015 04:31:01 UTC: ERROR(12591) [put.cc:191] [execute] - Not connected to cluster to put record
Jul 27 2015 04:31:01 UTC: ERROR(12591) [put.cc:191] [execute] - Not connected to cluster to put record
Jul 27 2015 04:31:01 UTC: ERROR(12591) [put.cc:191] [execute] - Not connected to cluster to put record
Jul 27 2015 04:31:01 UTC: ERROR(12591) [put.cc:191] [execute] - Not connected to cluster to put record
Jul 27 2015 04:31:01 UTC: ERROR(12591) [put.cc:191] [execute] - Not connected to cluster to put record
Jul 27 2015 04:31:01 UTC: ERROR(12591) [put.cc:191] [execute] - Not connected to cluster to put record
Jul 27 2015 04:31:01 UTC: ERROR(12591) [put.cc:191] [execute] - Not connected to cluster to put record
Jul 27 2015 04:31:01 UTC: ERROR(12591) [put.cc:191] [execute] - Not connected to cluster to put record
Jul 27 2015 04:31:01 UTC: ERROR(12591) [put.cc:191] [execute] - Not connected to cluster to put record
Jul 27 2015 04:31:01 UTC: ERROR(12591) [put.cc:191] [execute] - Not connected to cluster to put record
Jul 27 2015 04:31:01 UTC: ERROR(12591) [put.cc:191] [execute] - Not connected to cluster to put record
Jul 27 2015 04:31:01 UTC: ERROR(12591) [put.cc:191] [execute] - Not connected to cluster to put record
Jul 27 2015 04:31:01 UTC: ERROR(12591) [put.cc:191] [execute] - Not connected to cluster to put record
Jul 27 2015 04:31:01 UTC: ERROR(12591) [put.cc:191] [execute] - Not connected to cluster to put record
Jul 27 2015 04:31:01 UTC: ERROR(12591) [put.cc:191] [execute] - Not connected to cluster to put record
Jul 27 2015 04:31:01 UTC: ERROR(12591) [put.cc:191] [execute] - Not connected to cluster to put record
Jul 27 2015 04:31:01 UTC: ERROR(12591) [put.cc:191] [execute] - Not connected to cluster to put record
Jul 27 2015 04:31:01 UTC: ERROR(12591) [put.cc:191] [execute] - Not connected to cluster to put record
Jul 27 2015 04:31:01 UTC: ERROR(12591) [put.cc:191] [execute] - Not connected to cluster to put record
Jul 27 2015 04:31:01 UTC: ERROR(12591) [put.cc:191] [execute] - Not connected to cluster to put record
Jul 27 2015 04:31:01 UTC: ERROR(12591) [put.cc:191] [execute] - Not connected to cluster to put record
Jul 27 2015 04:31:01 UTC: ERROR(12591) [put.cc:191] [execute] - Not connected to cluster to put record
Jul 27 2015 04:31:01 UTC: ERROR(12591) [put.cc:191] [execute] - Not connected to cluster to put record
Jul 27 2015 04:31:01 UTC: ERROR(12591) [put.cc:191] [execute] - Not connected to cluster to put record
Jul 27 2015 04:31:01 UTC: ERROR(12591) [put.cc:191] [execute] - Not connected to cluster to put record
Jul 27 2015 04:31:01 UTC: ERROR(12591) [put.cc:191] [execute] - Not connected to cluster to put record
Jul 27 2015 04:31:01 UTC: ERROR(12591) [put.cc:191] [execute] - Not connected to cluster to put record
Jul 27 2015 04:31:01 UTC: ERROR(12591) [put.cc:191] [execute] - Not connected to cluster to put record
Jul 27 2015 04:31:01 UTC: ERROR(12591) [put.cc:191] [execute] - Not connected to cluster to put record
Jul 27 2015 04:31:01 UTC: ERROR(12591) [put.cc:191] [execute] - Not connected to cluster to put record
Jul 27 2015 04:31:01 UTC: ERROR(12591) [put.cc:191] [execute] - Not connected to cluster to put record
Jul 27 2015 04:31:01 UTC: ERROR(12591) [put.cc:191] [execute] - Not connected to cluster to put record
Jul 27 2015 04:31:01 UTC: ERROR(12591) [put.cc:191] [execute] - Not connected to cluster to put record
Jul 27 2015 04:31:01 UTC: ERROR(12591) [put.cc:191] [execute] - Not connected to cluster to put record
Jul 27 2015 04:31:01 UTC: ERROR(12591) [put.cc:191] [execute] - Not connected to cluster to put record
Jul 27 2015 04:31:01 UTC: ERROR(12591) [put.cc:191] [execute] - Not connected to cluster to put record
Jul 27 2015 04:31:01 UTC: ERROR(12591) [put.cc:191] [execute] - Not connected to cluster to put record
Jul 27 2015 04:31:01 UTC: ERROR(12591) [put.cc:191] [execute] - Not connected to cluster to put record
Jul 27 2015 04:31:01 UTC: ERROR(12591) [put.cc:191] [execute] - Not connected to cluster to put record
Jul 27 2015 04:31:01 UTC: ERROR(12591) [put.cc:191] [execute] - Not connected to cluster to put record
Jul 27 2015 04:31:01 UTC: ERROR(12591) [put.cc:191] [execute] - Not connected to cluster to put record
Jul 27 2015 04:31:01 UTC: ERROR(12591) [put.cc:191] [execute] - Not connected to cluster to put record
Jul 27 2015 04:31:01 UTC: ERROR(12591) [put.cc:191] [execute] - Not connected to cluster to put record
Jul 27 2015 04:31:01 UTC: ERROR(12591) [put.cc:191] [execute] - Not connected to cluster to put record
Jul 27 2015 04:31:01 UTC: ERROR(12591) [put.cc:191] [execute] - Not connected to cluster to put record
Jul 27 2015 04:31:01 UTC: ERROR(12591) [put.cc:191] [execute] - Not connected to cluster to put record
Jul 27 2015 04:31:01 UTC: ERROR(12591) [put.cc:191] [execute] - Not connected to cluster to put record
Jul 27 2015 04:31:01 UTC: ERROR(12591) [put.cc:191] [execute] - Not connected to cluster to put record
Jul 27 2015 04:31:01 UTC: ERROR(12591) [put.cc:191] [execute] - Not connected to cluster to put record
Jul 27 2015 04:31:01 UTC: ERROR(12591) [put.cc:191] [execute] - Not connected to cluster to put record
Jul 27 2015 04:31:01 UTC: ERROR(12591) [put.cc:191] [execute] - Not connected to cluster to put record
Jul 27 2015 04:31:01 UTC: ERROR(12591) [put.cc:191] [execute] - Not connected to cluster to put record
Jul 27 2015 04:31:01 UTC: ERROR(12591) [put.cc:191] [execute] - Not connected to cluster to put record
Jul 27 2015 04:31:01 UTC: ERROR(12591) [put.cc:191] [execute] - Not connected to cluster to put record
Jul 27 2015 04:31:01 UTC: ERROR(12591) [put.cc:191] [execute] - Not connected to cluster to put record
Jul 27 2015 04:31:01 UTC: ERROR(12591) [put.cc:191] [execute] - Not connected to cluster to put record
Jul 27 2015 04:31:01 UTC: ERROR(12591) [put.cc:191] [execute] - Not connected to cluster to put record
Jul 27 2015 04:31:01 UTC: ERROR(12591) [put.cc:191] [execute] - Not connected to cluster to put record
Jul 27 2015 04:31:01 UTC: ERROR(12591) [put.cc:191] [execute] - Not connected to cluster to put record
Jul 27 2015 04:31:01 UTC: ERROR(12591) [put.cc:191] [execute] - Not connected to cluster to put record
Jul 27 2015 04:31:01 UTC: ERROR(12591) [put.cc:191] [execute] - Not connected to cluster to put record
Jul 27 2015 04:31:01 UTC: ERROR(12591) [put.cc:191] [execute] - Not connected to cluster to put record
Jul 27 2015 04:31:01 UTC: ERROR(12591) [put.cc:191] [execute] - Not connected to cluster to put record
Jul 27 2015 04:31:01 UTC: ERROR(12591) [put.cc:191] [execute] - Not connected to cluster to put record
Jul 27 2015 04:31:01 UTC: ERROR(12591) [put.cc:191] [execute] - Not connected to cluster to put record
Jul 27 2015 04:31:01 UTC: ERROR(12591) [put.cc:191] [execute] - Not connected to cluster to put record
Jul 27 2015 04:31:01 UTC: ERROR(12591) [put.cc:191] [execute] - Not connected to cluster to put record
Jul 27 2015 04:31:01 UTC: ERROR(12591) [put.cc:191] [execute] - Not connected to cluster to put record
Jul 27 2015 04:31:01 UTC: ERROR(12591) [put.cc:191] [execute] - Not connected to cluster to put record
Jul 27 2015 04:31:01 UTC: ERROR(12591) [put.cc:191] [execute] - Not connected to cluster to put record
Jul 27 2015 04:31:01 UTC: ERROR(12591) [put.cc:191] [execute] - Not connected to cluster to put record
Jul 27 2015 04:31:01 UTC: ERROR(12591) [put.cc:191] [execute] - Not connected to cluster to put record
Jul 27 2015 04:31:01 UTC: ERROR(12591) [put.cc:191] [execute] - Not connected to cluster to put record
Jul 27 2015 04:31:01 UTC: ERROR(12591) [put.cc:191] [execute] - Not connected to cluster to put record
Jul 27 2015 04:31:01 UTC: ERROR(12591) [put.cc:191] [execute] - Not connected to cluster to put record
Jul 27 2015 04:31:01 UTC: ERROR(12591) [put.cc:191] [execute] - Not connected to cluster to put record
Jul 27 2015 04:31:01 UTC: ERROR(12591) [put.cc:191] [execute] - Not connected to cluster to put record
Jul 27 2015 04:31:01 UTC: ERROR(12591) [put.cc:191] [execute] - Not connected to cluster to put record
Jul 27 2015 04:31:01 UTC: ERROR(12591) [put.cc:191] [execute] - Not connected to cluster to put record
Jul 27 2015 04:31:01 UTC: ERROR(12591) [put.cc:191] [execute] - Not connected to cluster to put record
Jul 27 2015 04:31:01 UTC: ERROR(12591) [put.cc:191] [execute] - Not connected to cluster to put record
Jul 27 2015 04:31:01 UTC: ERROR(12591) [put.cc:191] [execute] - Not connected to cluster to put record
Jul 27 2015 04:31:01 UTC: ERROR(12591) [put.cc:191] [execute] - Not connected to cluster to put record
Jul 27 2015 04:31:01 UTC: ERROR(12591) [put.cc:191] [execute] - Not connected to cluster to put record
Jul 27 2015 04:31:01 UTC: ERROR(12591) [put.cc:191] [execute] - Not connected to cluster to put record
Jul 27 2015 04:31:01 UTC: ERROR(12591) [put.cc:191] [execute] - Not connected to cluster to put record
Jul 27 2015 04:31:01 UTC: ERROR(12591) [put.cc:191] [execute] - Not connected to cluster to put record
Jul 27 2015 04:31:01 UTC: ERROR(12591) [put.cc:191] [execute] - Not connected to cluster to put record
Jul 27 2015 04:31:01 UTC: ERROR(12591) [put.cc:191] [execute] - Not connected to cluster to put record
Jul 27 2015 04:31:01 UTC: ERROR(12591) [put.cc:191] [execute] - Not connected to cluster to put record
Jul 27 2015 04:31:01 UTC: ERROR(12591) [put.cc:191] [execute] - Not connected to cluster to put record
Jul 27 2015 04:31:01 UTC: ERROR(12591) [put.cc:191] [execute] - Not connected to cluster to put record
Jul 27 2015 04:31:01 UTC: ERROR(12591) [put.cc:191] [execute] - Not connected to cluster to put record
Jul 27 2015 04:31:01 UTC: ERROR(12591) [put.cc:191] [execute] - Not connected to cluster to put record
Jul 27 2015 04:31:01 UTC: ERROR(12591) [put.cc:191] [execute] - Not connected to cluster to put record
Jul 27 2015 04:31:01 UTC: ERROR(12591) [put.cc:191] [execute] - Not connected to cluster to put record
Jul 27 2015 04:31:01 UTC: ERROR(12591) [put.cc:191] [execute] - Not connected to cluster to put record
Jul 27 2015 04:31:01 UTC: ERROR(12591) [put.cc:191] [execute] - Not connected to cluster to put record
Jul 27 2015 04:31:01 UTC: ERROR(12591) [put.cc:191] [execute] - Not connected to cluster to put record
Jul 27 2015 04:31:01 UTC: ERROR(12591) [put.cc:191] [execute] - Not connected to cluster to put record
Jul 27 2015 04:31:01 UTC: ERROR(12591) [put.cc:191] [execute] - Not connected to cluster to put record
Jul 27 2015 04:31:01 UTC: ERROR(12591) [put.cc:191] [execute] - Not connected to cluster to put record
Jul 27 2015 04:31:01 UTC: ERROR(12591) [put.cc:191] [execute] - Not connected to cluster to put record
Jul 27 2015 04:31:01 UTC: ERROR(12591) [put.cc:191] [execute] - Not connected to cluster to put record
Jul 27 2015 04:31:01 UTC: ERROR(12591) [put.cc:191] [execute] - Not connected to cluster to put record
Jul 27 2015 04:31:01 UTC: ERROR(12591) [put.cc:191] [execute] - Not connected to cluster to put record
Jul 27 2015 04:31:01 UTC: ERROR(12591) [put.cc:191] [execute] - Not connected to cluster to put record
Jul 27 2015 04:31:01 UTC: ERROR(12591) [put.cc:191] [execute] - Not connected to cluster to put record
Jul 27 2015 04:31:01 UTC: ERROR(12591) [put.cc:191] [execute] - Not connected to cluster to put record
Jul 27 2015 04:31:01 UTC: ERROR(12591) [put.cc:191] [execute] - Not connected to cluster to put record
Jul 27 2015 04:31:01 UTC: ERROR(12591) [put.cc:191] [execute] - Not connected to cluster to put record
Jul 27 2015 04:31:01 UTC: ERROR(12591) [put.cc:191] [execute] - Not connected to cluster to put record
Jul 27 2015 04:31:01 UTC: ERROR(12591) [put.cc:191] [execute] - Not connected to cluster to put record
Jul 27 2015 04:31:01 UTC: ERROR(12591) [put.cc:191] [execute] - Not connected to cluster to put record
Jul 27 2015 04:31:01 UTC: ERROR(12591) [put.cc:191] [execute] - Not connected to cluster to put record
Jul 27 2015 04:31:01 UTC: ERROR(12591) [put.cc:191] [execute] - Not connected to cluster to put record
Jul 27 2015 04:31:01 UTC: ERROR(12591) [put.cc:191] [execute] - Not connected to cluster to put record
Jul 27 2015 04:31:01 UTC: ERROR(12591) [put.cc:191] [execute] - Not connected to cluster to put record
Jul 27 2015 04:31:01 UTC: ERROR(12591) [put.cc:191] [execute] - Not connected to cluster to put record
Jul 27 2015 04:31:01 UTC: ERROR(12591) [put.cc:191] [execute] - Not connected to cluster to put record
Jul 27 2015 04:31:01 UTC: ERROR(12591) [put.cc:191] [execute] - Not connected to cluster to put record
Jul 27 2015 04:31:01 UTC: ERROR(12591) [put.cc:191] [execute] - Not connected to cluster to put record
Jul 27 2015 04:31:01 UTC: ERROR(12591) [put.cc:191] [execute] - Not connected to cluster to put record
Jul 27 2015 04:31:01 UTC: ERROR(12591) [put.cc:191] [execute] - Not connected to cluster to put record
Jul 27 2015 04:31:01 UTC: ERROR(12591) [put.cc:191] [execute] - Not connected to cluster to put record
Jul 27 2015 04:31:01 UTC: ERROR(12591) [put.cc:191] [execute] - Not connected to cluster to put record
Jul 27 2015 04:31:01 UTC: ERROR(12591) [put.cc:191] [execute] - Not connected to cluster to put record
Jul 27 2015 04:31:01 UTC: ERROR(12591) [put.cc:191] [execute] - Not connected to cluster to put record
Jul 27 2015 04:31:01 UTC: ERROR(12591) [put.cc:191] [execute] - Not connected to cluster to put record
Jul 27 2015 04:31:01 UTC: ERROR(12591) [put.cc:191] [execute] - Not connected to cluster to put record
Jul 27 2015 04:31:01 UTC: ERROR(12591) [put.cc:191] [execute] - Not connected to cluster to put record
Jul 27 2015 04:31:01 UTC: ERROR(12591) [put.cc:191] [execute] - Not connected to cluster to put record
Jul 27 2015 04:31:01 UTC: ERROR(12591) [put.cc:191] [execute] - Not connected to cluster to put record
Jul 27 2015 04:31:01 UTC: ERROR(12591) [put.cc:191] [execute] - Not connected to cluster to put record
Jul 27 2015 04:31:01 UTC: ERROR(12591) [put.cc:191] [execute] - Not connected to cluster to put record
Jul 27 2015 04:31:01 UTC: ERROR(12591) [put.cc:191] [execute] - Not connected to cluster to put record
Jul 27 2015 04:31:01 UTC: ERROR(12591) [put.cc:191] [execute] - Not connected to cluster to put record
Jul 27 2015 04:31:01 UTC: ERROR(12591) [put.cc:191] [execute] - Not connected to cluster to put record
Jul 27 2015 04:31:01 UTC: ERROR(12591) [put.cc:191] [execute] - Not connected to cluster to put record
Jul 27 2015 04:31:01 UTC: ERROR(12591) [put.cc:191] [execute] - Not connected to cluster to put record
Jul 27 2015 04:31:01 UTC: ERROR(12591) [put.cc:191] [execute] - Not connected to cluster to put record
Jul 27 2015 04:31:01 UTC: ERROR(12591) [put.cc:191] [execute] - Not connected to cluster to put record
Jul 27 2015 04:31:01 UTC: ERROR(12591) [put.cc:191] [execute] - Not connected to cluster to put record
Jul 27 2015 04:31:01 UTC: ERROR(12591) [put.cc:191] [execute] - Not connected to cluster to put record
Jul 27 2015 04:31:01 UTC: ERROR(12591) [put.cc:191] [execute] - Not connected to cluster to put record
Jul 27 2015 04:31:01 UTC: ERROR(12591) [put.cc:191] [execute] - Not connected to cluster to put record
Jul 27 2015 04:31:01 UTC: ERROR(12591) [put.cc:191] [execute] - Not connected to cluster to put record
Jul 27 2015 04:31:01 UTC: ERROR(12591) [put.cc:191] [execute] - Not connected to cluster to put record
Jul 27 2015 04:31:01 UTC: ERROR(12591) [put.cc:191] [execute] - Not connected to cluster to put record
Jul 27 2015 04:31:01 UTC: ERROR(12591) [put.cc:191] [execute] - Not connected to cluster to put record
Jul 27 2015 04:31:01 UTC: ERROR(12591) [put.cc:191] [execute] - Not connected to cluster to put record
Jul 27 2015 04:31:01 UTC: ERROR(12591) [put.cc:191] [execute] - Not connected to cluster to put record
Jul 27 2015 04:31:01 UTC: ERROR(12591) [put.cc:191] [execute] - Not connected to cluster to put record
Jul 27 2015 04:31:01 UTC: ERROR(12591) [put.cc:191] [execute] - Not connected to cluster to put record
Jul 27 2015 04:31:01 UTC: ERROR(12591) [put.cc:191] [execute] - Not connected to cluster to put record
Jul 27 2015 04:31:01 UTC: ERROR(12591) [put.cc:191] [execute] - Not connected to cluster to put record
Jul 27 2015 04:31:01 UTC: ERROR(12591) [put.cc:191] [execute] - Not connected to cluster to put record
Jul 27 2015 04:31:01 UTC: ERROR(12591) [put.cc:191] [execute] - Not connected to cluster to put record
Jul 27 2015 04:31:01 UTC: ERROR(12591) [put.cc:191] [execute] - Not connected to cluster to put record
Jul 27 2015 04:31:01 UTC: ERROR(12591) [put.cc:191] [execute] - Not connected to cluster to put record
Jul 27 2015 04:31:01 UTC: ERROR(12591) [put.cc:191] [execute] - Not connected to cluster to put record
Jul 27 2015 04:31:01 UTC: ERROR(12591) [put.cc:191] [execute] - Not connected to cluster to put record
Jul 27 2015 04:31:01 UTC: ERROR(12591) [put.cc:191] [execute] - Not connected to cluster to put record
Jul 27 2015 04:31:01 UTC: ERROR(12591) [put.cc:191] [execute] - Not connected to cluster to put record
Jul 27 2015 04:31:01 UTC: ERROR(12591) [put.cc:191] [execute] - Not connected to cluster to put record
Jul 27 2015 04:31:01 UTC: ERROR(12591) [put.cc:191] [execute] - Not connected to cluster to put record
Jul 27 2015 04:31:01 UTC: ERROR(12591) [put.cc:191] [execute] - Not connected to cluster to put record
Jul 27 2015 04:31:01 UTC: ERROR(12591) [put.cc:191] [execute] - Not connected to cluster to put record
Jul 27 2015 04:31:01 UTC: ERROR(12591) [put.cc:191] [execute] - Not connected to cluster to put record
Jul 27 2015 04:31:01 UTC: ERROR(12591) [put.cc:191] [execute] - Not connected to cluster to put record
Jul 27 2015 04:31:01 UTC: ERROR(12591) [put.cc:191] [execute] - Not connected to cluster to put record
Jul 27 2015 04:31:01 UTC: ERROR(12591) [put.cc:191] [execute] - Not connected to cluster to put record
Jul 27 2015 04:31:01 UTC: ERROR(12591) [put.cc:191] [execute] - Not connected to cluster to put record
Jul 27 2015 04:31:01 UTC: ERROR(12591) [put.cc:191] [execute] - Not connected to cluster to put record
Jul 27 2015 04:31:01 UTC: ERROR(12591) [put.cc:191] [execute] - Not connected to cluster to put record
Jul 27 2015 04:31:01 UTC: ERROR(12591) [put.cc:191] [execute] - Not connected to cluster to put record
Jul 27 2015 04:31:01 UTC: ERROR(12591) [put.cc:191] [execute] - Not connected to cluster to put record
Jul 27 2015 04:31:01 UTC: ERROR(12591) [put.cc:191] [execute] - Not connected to cluster to put record
Jul 27 2015 04:31:01 UTC: ERROR(12591) [put.cc:191] [execute] - Not connected to cluster to put record
Jul 27 2015 04:31:01 UTC: ERROR(12591) [put.cc:191] [execute] - Not connected to cluster to put record
Jul 27 2015 04:31:01 UTC: ERROR(12591) [put.cc:191] [execute] - Not connected to cluster to put record
Jul 27 2015 04:31:01 UTC: ERROR(12591) [put.cc:191] [execute] - Not connected to cluster to put record
Jul 27 2015 04:31:01 UTC: ERROR(12591) [put.cc:191] [execute] - Not connected to cluster to put record
Jul 27 2015 04:31:01 UTC: ERROR(12591) [put.cc:191] [execute] - Not connected to cluster to put record
Jul 27 2015 04:31:01 UTC: ERROR(12591) [put.cc:191] [execute] - Not connected to cluster to put record
Jul 27 2015 04:31:01 UTC: ERROR(12591) [put.cc:191] [execute] - Not connected to cluster to put record
Jul 27 2015 04:31:01 UTC: ERROR(12591) [put.cc:191] [execute] - Not connected to cluster to put record
Jul 27 2015 04:31:01 UTC: ERROR(12591) [put.cc:191] [execute] - Not connected to cluster to put record
Jul 27 2015 04:31:01 UTC: ERROR(12591) [put.cc:191] [execute] - Not connected to cluster to put record
Jul 27 2015 04:31:01 UTC: ERROR(12591) [put.cc:191] [execute] - Not connected to cluster to put record
Jul 27 2015 04:31:01 UTC: ERROR(12591) [put.cc:191] [execute] - Not connected to cluster to put record
Jul 27 2015 04:31:01 UTC: ERROR(12591) [put.cc:191] [execute] - Not connected to cluster to put record
Jul 27 2015 04:31:01 UTC: ERROR(12591) [put.cc:191] [execute] - Not connected to cluster to put record
Jul 27 2015 04:31:01 UTC: ERROR(12591) [put.cc:191] [execute] - Not connected to cluster to put record
Jul 27 2015 04:31:01 UTC: ERROR(12591) [put.cc:191] [execute] - Not connected to cluster to put record
Jul 27 2015 04:31:01 UTC: ERROR(12591) [put.cc:191] [execute] - Not connected to cluster to put record
Jul 27 2015 04:31:01 UTC: ERROR(12591) [put.cc:191] [execute] - Not connected to cluster to put record
Jul 27 2015 04:31:01 UTC: ERROR(12591) [put.cc:191] [execute] - Not connected to cluster to put record
Jul 27 2015 04:31:01 UTC: ERROR(12591) [put.cc:191] [execute] - Not connected to cluster to put record
Jul 27 2015 04:31:01 UTC: ERROR(12591) [put.cc:191] [execute] - Not connected to cluster to put record
Jul 27 2015 04:31:01 UTC: ERROR(12591) [put.cc:191] [execute] - Not connected to cluster to put record
Jul 27 2015 04:31:01 UTC: ERROR(12591) [put.cc:191] [execute] - Not connected to cluster to put record
Jul 27 2015 04:31:01 UTC: ERROR(12591) [put.cc:191] [execute] - Not connected to cluster to put record
Jul 27 2015 04:31:01 UTC: ERROR(12591) [put.cc:191] [execute] - Not connected to cluster to put record
Jul 27 2015 04:31:01 UTC: ERROR(12591) [put.cc:191] [execute] - Not connected to cluster to put record
Jul 27 2015 04:31:01 UTC: ERROR(12591) [put.cc:191] [execute] - Not connected to cluster to put record
Jul 27 2015 04:31:01 UTC: ERROR(12591) [put.cc:191] [execute] - Not connected to cluster to put record
Jul 27 2015 04:31:01 UTC: ERROR(12591) [put.cc:191] [execute] - Not connected to cluster to put record
Jul 27 2015 04:31:01 UTC: ERROR(12591) [put.cc:191] [execute] - Not connected to cluster to put record
Jul 27 2015 04:31:01 UTC: ERROR(12591) [put.cc:191] [execute] - Not connected to cluster to put record
Jul 27 2015 04:31:01 UTC: ERROR(12591) [put.cc:191] [execute] - Not connected to cluster to put record
Jul 27 2015 04:31:01 UTC: ERROR(12591) [put.cc:191] [execute] - Not connected to cluster to put record
Jul 27 2015 04:31:01 UTC: ERROR(12591) [put.cc:191] [execute] - Not connected to cluster to put record
Jul 27 2015 04:31:01 UTC: ERROR(12591) [put.cc:191] [execute] - Not connected to cluster to put record
Jul 27 2015 04:31:01 UTC: ERROR(12591) [put.cc:191] [execute] - Not connected to cluster to put record
Jul 27 2015 04:31:01 UTC: ERROR(12591) [put.cc:191] [execute] - Not connected to cluster to put record
Jul 27 2015 04:31:01 UTC: ERROR(12591) [put.cc:191] [execute] - Not connected to cluster to put record
Jul 27 2015 04:31:01 UTC: ERROR(12591) [put.cc:191] [execute] - Not connected to cluster to put record
Jul 27 2015 04:31:01 UTC: ERROR(12591) [put.cc:191] [execute] - Not connected to cluster to put record
Jul 27 2015 04:31:01 UTC: ERROR(12591) [put.cc:191] [execute] - Not connected to cluster to put record
Jul 27 2015 04:31:01 UTC: ERROR(12591) [put.cc:191] [execute] - Not connected to cluster to put record
Jul 27 2015 04:31:01 UTC: ERROR(12591) [put.cc:191] [execute] - Not connected to cluster to put record
Jul 27 2015 04:31:01 UTC: ERROR(12591) [put.cc:191] [execute] - Not connected to cluster to put record
Jul 27 2015 04:31:01 UTC: ERROR(12591) [put.cc:191] [execute] - Not connected to cluster to put record
Jul 27 2015 04:31:01 UTC: ERROR(12591) [put.cc:191] [execute] - Not connected to cluster to put record
Jul 27 2015 04:31:01 UTC: ERROR(12591) [put.cc:191] [execute] - Not connected to cluster to put record
Jul 27 2015 04:31:01 UTC: ERROR(12591) [put.cc:191] [execute] - Not connected to cluster to put record
Jul 27 2015 04:31:01 UTC: ERROR(12591) [put.cc:191] [execute] - Not connected to cluster to put record
Jul 27 2015 04:31:01 UTC: ERROR(12591) [put.cc:191] [execute] - Not connected to cluster to put record
Jul 27 2015 04:31:01 UTC: ERROR(12591) [put.cc:191] [execute] - Not connected to cluster to put record
Jul 27 2015 04:31:01 UTC: ERROR(12591) [put.cc:191] [execute] - Not connected to cluster to put record
Jul 27 2015 04:31:01 UTC: ERROR(12591) [put.cc:191] [execute] - Not connected to cluster to put record
Jul 27 2015 04:31:01 UTC: ERROR(12591) [put.cc:191] [execute] - Not connected to cluster to put record
Jul 27 2015 04:31:01 UTC: ERROR(12591) [put.cc:191] [execute] - Not connected to cluster to put record
Jul 27 2015 04:31:01 UTC: ERROR(12591) [put.cc:191] [execute] - Not connected to cluster to put record
Jul 27 2015 04:31:01 UTC: ERROR(12591) [put.cc:191] [execute] - Not connected to cluster to put record
Jul 27 2015 04:31:01 UTC: ERROR(12591) [put.cc:191] [execute] - Not connected to cluster to put record
Jul 27 2015 04:31:01 UTC: ERROR(12591) [put.cc:191] [execute] - Not connected to cluster to put record
Jul 27 2015 04:31:01 UTC: ERROR(12591) [put.cc:191] [execute] - Not connected to cluster to put record
Jul 27 2015 04:31:01 UTC: ERROR(12591) [put.cc:191] [execute] - Not connected to cluster to put record
Jul 27 2015 04:31:01 UTC: ERROR(12591) [put.cc:191] [execute] - Not connected to cluster to put record
Jul 27 2015 04:31:01 UTC: ERROR(12591) [put.cc:191] [execute] - Not connected to cluster to put record
Jul 27 2015 04:31:01 UTC: ERROR(12591) [put.cc:191] [execute] - Not connected to cluster to put record
Jul 27 2015 04:31:01 UTC: ERROR(12591) [put.cc:191] [execute] - Not connected to cluster to put record
Jul 27 2015 04:31:01 UTC: ERROR(12591) [put.cc:191] [execute] - Not connected to cluster to put record
Jul 27 2015 04:31:01 UTC: ERROR(12591) [put.cc:191] [execute] - Not connected to cluster to put record
Jul 27 2015 04:31:01 UTC: ERROR(12591) [put.cc:191] [execute] - Not connected to cluster to put record
Jul 27 2015 04:31:01 UTC: ERROR(12591) [put.cc:191] [execute] - Not connected to cluster to put record
Jul 27 2015 04:31:01 UTC: ERROR(12591) [put.cc:191] [execute] - Not connected to cluster to put record
Jul 27 2015 04:31:01 UTC: ERROR(12591) [put.cc:191] [execute] - Not connected to cluster to put record
Jul 27 2015 04:31:01 UTC: ERROR(12591) [put.cc:191] [execute] - Not connected to cluster to put record
Jul 27 2015 04:31:01 UTC: ERROR(12591) [put.cc:191] [execute] - Not connected to cluster to put record
Jul 27 2015 04:31:01 UTC: ERROR(12591) [put.cc:191] [execute] - Not connected to cluster to put record
Jul 27 2015 04:31:01 UTC: ERROR(12591) [put.cc:191] [execute] - Not connected to cluster to put record
Jul 27 2015 04:31:01 UTC: ERROR(12591) [put.cc:191] [execute] - Not connected to cluster to put record
Jul 27 2015 04:31:01 UTC: ERROR(12591) [put.cc:191] [execute] - Not connected to cluster to put record
Jul 27 2015 04:31:01 UTC: ERROR(12591) [put.cc:191] [execute] - Not connected to cluster to put record
Jul 27 2015 04:31:01 UTC: ERROR(12591) [put.cc:191] [execute] - Not connected to cluster to put record
Jul 27 2015 04:31:01 UTC: ERROR(12591) [put.cc:191] [execute] - Not connected to cluster to put record
Jul 27 2015 04:31:01 UTC: ERROR(12591) [put.cc:191] [execute] - Not connected to cluster to put record
Jul 27 2015 04:31:01 UTC: ERROR(12591) [put.cc:191] [execute] - Not connected to cluster to put record
Jul 27 2015 04:31:01 UTC: ERROR(12591) [put.cc:191] [execute] - Not connected to cluster to put record
Jul 27 2015 04:31:01 UTC: ERROR(12591) [put.cc:191] [execute] - Not connected to cluster to put record
Jul 27 2015 04:31:01 UTC: ERROR(12591) [put.cc:191] [execute] - Not connected to cluster to put record
Jul 27 2015 04:31:01 UTC: ERROR(12591) [put.cc:191] [execute] - Not connected to cluster to put record
Jul 27 2015 04:31:01 UTC: ERROR(12591) [put.cc:191] [execute] - Not connected to cluster to put record
Jul 27 2015 04:31:01 UTC: ERROR(12591) [put.cc:191] [execute] - Not connected to cluster to put record
Jul 27 2015 04:31:01 UTC: ERROR(12591) [put.cc:191] [execute] - Not connected to cluster to put record
Jul 27 2015 04:31:01 UTC: ERROR(12591) [put.cc:191] [execute] - Not connected to cluster to put record
Jul 27 2015 04:31:01 UTC: ERROR(12591) [put.cc:191] [execute] - Not connected to cluster to put record
Jul 27 2015 04:31:01 UTC: ERROR(12591) [put.cc:191] [execute] - Not connected to cluster to put record
Jul 27 2015 04:31:01 UTC: ERROR(12591) [put.cc:191] [execute] - Not connected to cluster to put record
Jul 27 2015 04:31:01 UTC: ERROR(12591) [put.cc:191] [execute] - Not connected to cluster to put record
Jul 27 2015 04:31:01 UTC: ERROR(12591) [put.cc:191] [execute] - Not connected to cluster to put record
Jul 27 2015 04:31:01 UTC: ERROR(12591) [put.cc:191] [execute] - Not connected to cluster to put record
Jul 27 2015 04:31:01 UTC: ERROR(12591) [put.cc:191] [execute] - Not connected to cluster to put record
Jul 27 2015 04:31:01 UTC: ERROR(12591) [put.cc:191] [execute] - Not connected to cluster to put record
Jul 27 2015 04:31:01 UTC: ERROR(12591) [put.cc:191] [execute] - Not connected to cluster to put record
Jul 27 2015 04:31:01 UTC: ERROR(12591) [put.cc:191] [execute] - Not connected to cluster to put record
Jul 27 2015 04:31:01 UTC: ERROR(12591) [put.cc:191] [execute] - Not connected to cluster to put record
Jul 27 2015 04:31:01 UTC: ERROR(12591) [put.cc:191] [execute] - Not connected to cluster to put record
Jul 27 2015 04:31:01 UTC: ERROR(12591) [put.cc:191] [execute] - Not connected to cluster to put record
Jul 27 2015 04:31:01 UTC: ERROR(12591) [put.cc:191] [execute] - Not connected to cluster to put record
Jul 27 2015 04:31:01 UTC: ERROR(12591) [put.cc:191] [execute] - Not connected to cluster to put record
Jul 27 2015 04:31:01 UTC: ERROR(12591) [put.cc:191] [execute] - Not connected to cluster to put record
Jul 27 2015 04:31:01 UTC: ERROR(12591) [put.cc:191] [execute] - Not connected to cluster to put record
Jul 27 2015 04:31:01 UTC: ERROR(12591) [put.cc:191] [execute] - Not connected to cluster to put record
Jul 27 2015 04:31:01 UTC: ERROR(12591) [put.cc:191] [execute] - Not connected to cluster to put record
Jul 27 2015 04:31:01 UTC: ERROR(12591) [put.cc:191] [execute] - Not connected to cluster to put record
Jul 27 2015 04:31:01 UTC: ERROR(12591) [put.cc:191] [execute] - Not connected to cluster to put record
Jul 27 2015 04:31:01 UTC: ERROR(12591) [put.cc:191] [execute] - Not connected to cluster to put record
Jul 27 2015 04:31:01 UTC: ERROR(12591) [put.cc:191] [execute] - Not connected to cluster to put record
Jul 27 2015 04:31:01 UTC: ERROR(12591) [put.cc:191] [execute] - Not connected to cluster to put record
Jul 27 2015 04:31:01 UTC: ERROR(12591) [put.cc:191] [execute] - Not connected to cluster to put record
Jul 27 2015 04:31:01 UTC: ERROR(12591) [put.cc:191] [execute] - Not connected to cluster to put record
Jul 27 2015 04:31:01 UTC: ERROR(12591) [put.cc:191] [execute] - Not connected to cluster to put record
Jul 27 2015 04:31:01 UTC: ERROR(12591) [put.cc:191] [execute] - Not connected to cluster to put record
Jul 27 2015 04:31:01 UTC: ERROR(12591) [put.cc:191] [execute] - Not connected to cluster to put record
Jul 27 2015 04:31:01 UTC: ERROR(12591) [put.cc:191] [execute] - Not connected to cluster to put record
Jul 27 2015 04:31:01 UTC: ERROR(12591) [put.cc:191] [execute] - Not connected to cluster to put record
Jul 27 2015 04:31:01 UTC: ERROR(12591) [put.cc:191] [execute] - Not connected to cluster to put record
Jul 27 2015 04:31:01 UTC: ERROR(12591) [put.cc:191] [execute] - Not connected to cluster to put record
Jul 27 2015 04:31:01 UTC: ERROR(12591) [put.cc:191] [execute] - Not connected to cluster to put record
Jul 27 2015 04:31:01 UTC: ERROR(12591) [put.cc:191] [execute] - Not connected to cluster to put record
Jul 27 2015 04:31:01 UTC: ERROR(12591) [put.cc:191] [execute] - Not connected to cluster to put record
Jul 27 2015 04:31:01 UTC: ERROR(12591) [put.cc:191] [execute] - Not connected to cluster to put record
Jul 27 2015 04:31:01 UTC: ERROR(12591) [put.cc:191] [execute] - Not connected to cluster to put record
Jul 27 2015 04:31:01 UTC: ERROR(12591) [put.cc:191] [execute] - Not connected to cluster to put record
Jul 27 2015 04:31:01 UTC: ERROR(12591) [put.cc:191] [execute] - Not connected to cluster to put record
Jul 27 2015 04:31:01 UTC: ERROR(12591) [put.cc:191] [execute] - Not connected to cluster to put record
Jul 27 2015 04:31:01 UTC: ERROR(12591) [put.cc:191] [execute] - Not connected to cluster to put record
Jul 27 2015 04:31:01 UTC: ERROR(12591) [put.cc:191] [execute] - Not connected to cluster to put record
Jul 27 2015 04:31:01 UTC: ERROR(12591) [put.cc:191] [execute] - Not connected to cluster to put record
Jul 27 2015 04:31:01 UTC: ERROR(12591) [put.cc:191] [execute] - Not connected to cluster to put record
Jul 27 2015 04:31:01 UTC: ERROR(12591) [put.cc:191] [execute] - Not connected to cluster to put record
Jul 27 2015 04:31:01 UTC: ERROR(12591) [put.cc:191] [execute] - Not connected to cluster to put record
Jul 27 2015 04:31:01 UTC: ERROR(12591) [put.cc:191] [execute] - Not connected to cluster to put record
Jul 27 2015 04:31:01 UTC: ERROR(12591) [put.cc:191] [execute] - Not connected to cluster to put record
Jul 27 2015 04:31:01 UTC: ERROR(12591) [put.cc:191] [execute] - Not connected to cluster to put record
Jul 27 2015 04:31:01 UTC: ERROR(12591) [put.cc:191] [execute] - Not connected to cluster to put record
Jul 27 2015 04:31:01 UTC: ERROR(12591) [put.cc:191] [execute] - Not connected to cluster to put record
Jul 27 2015 04:31:01 UTC: ERROR(12591) [put.cc:191] [execute] - Not connected to cluster to put record
Jul 27 2015 04:31:01 UTC: ERROR(12591) [put.cc:191] [execute] - Not connected to cluster to put record
Jul 27 2015 04:31:01 UTC: ERROR(12591) [put.cc:191] [execute] - Not connected to cluster to put record
Jul 27 2015 04:31:01 UTC: ERROR(12591) [put.cc:191] [execute] - Not connected to cluster to put record
Jul 27 2015 04:31:01 UTC: ERROR(12591) [put.cc:191] [execute] - Not connected to cluster to put record
Jul 27 2015 04:31:01 UTC: ERROR(12591) [put.cc:191] [execute] - Not connected to cluster to put record
Jul 27 2015 04:31:01 UTC: ERROR(12591) [put.cc:191] [execute] - Not connected to cluster to put record
Jul 27 2015 04:31:01 UTC: ERROR(12591) [put.cc:191] [execute] - Not connected to cluster to put record
Jul 27 2015 04:31:01 UTC: ERROR(12591) [put.cc:191] [execute] - Not connected to cluster to put record
Jul 27 2015 04:31:01 UTC: ERROR(12591) [put.cc:191] [execute] - Not connected to cluster to put record
Jul 27 2015 04:31:01 UTC: ERROR(12591) [put.cc:191] [execute] - Not connected to cluster to put record
Jul 27 2015 04:31:01 UTC: ERROR(12591) [put.cc:191] [execute] - Not connected to cluster to put record
Jul 27 2015 04:31:01 UTC: ERROR(12591) [put.cc:191] [execute] - Not connected to cluster to put record
Jul 27 2015 04:31:01 UTC: ERROR(12591) [put.cc:191] [execute] - Not connected to cluster to put record
Jul 27 2015 04:31:01 UTC: ERROR(12591) [put.cc:191] [execute] - Not connected to cluster to put record
Jul 27 2015 04:31:01 UTC: ERROR(12591) [put.cc:191] [execute] - Not connected to cluster to put record
Jul 27 2015 04:31:01 UTC: ERROR(12591) [put.cc:191] [execute] - Not connected to cluster to put record
Jul 27 2015 04:31:01 UTC: ERROR(12591) [put.cc:191] [execute] - Not connected to cluster to put record
Jul 27 2015 04:31:01 UTC: ERROR(12591) [put.cc:191] [execute] - Not connected to cluster to put record
Jul 27 2015 04:31:01 UTC: ERROR(12591) [put.cc:191] [execute] - Not connected to cluster to put record
Jul 27 2015 04:31:01 UTC: ERROR(12591) [put.cc:191] [execute] - Not connected to cluster to put record
Jul 27 2015 04:31:01 UTC: ERROR(12591) [put.cc:191] [execute] - Not connected to cluster to put record
Jul 27 2015 04:31:01 UTC: ERROR(12591) [put.cc:191] [execute] - Not connected to cluster to put record
Jul 27 2015 04:31:01 UTC: ERROR(12591) [put.cc:191] [execute] - Not connected to cluster to put record
Jul 27 2015 04:31:01 UTC: ERROR(12591) [put.cc:191] [execute] - Not connected to cluster to put record
Jul 27 2015 04:31:01 UTC: ERROR(12591) [put.cc:191] [execute] - Not connected to cluster to put record
Jul 27 2015 04:31:01 UTC: ERROR(12591) [put.cc:191] [execute] - Not connected to cluster to put record
Jul 27 2015 04:31:01 UTC: ERROR(12591) [put.cc:191] [execute] - Not connected to cluster to put record
Jul 27 2015 04:31:01 UTC: ERROR(12591) [put.cc:191] [execute] - Not connected to cluster to put record
Jul 27 2015 04:31:01 UTC: ERROR(12591) [put.cc:191] [execute] - Not connected to cluster to put record
Jul 27 2015 04:31:01 UTC: ERROR(12591) [put.cc:191] [execute] - Not connected to cluster to put record
Jul 27 2015 04:31:01 UTC: ERROR(12591) [put.cc:191] [execute] - Not connected to cluster to put record
Jul 27 2015 04:31:01 UTC: ERROR(12591) [put.cc:191] [execute] - Not connected to cluster to put record
Jul 27 2015 04:31:01 UTC: ERROR(12591) [put.cc:191] [execute] - Not connected to cluster to put record
Jul 27 2015 04:31:01 UTC: ERROR(12591) [put.cc:191] [execute] - Not connected to cluster to put record
Jul 27 2015 04:31:01 UTC: ERROR(12591) [put.cc:191] [execute] - Not connected to cluster to put record
Jul 27 2015 04:31:01 UTC: ERROR(12591) [put.cc:191] [execute] - Not connected to cluster to put record
Jul 27 2015 04:31:01 UTC: ERROR(12591) [put.cc:191] [execute] - Not connected to cluster to put record
Jul 27 2015 04:31:01 UTC: ERROR(12591) [put.cc:191] [execute] - Not connected to cluster to put record
Jul 27 2015 04:31:01 UTC: ERROR(12591) [put.cc:191] [execute] - Not connected to cluster to put record
Jul 27 2015 04:31:01 UTC: ERROR(12591) [put.cc:191] [execute] - Not connected to cluster to put record
Jul 27 2015 04:31:01 UTC: ERROR(12591) [put.cc:191] [execute] - Not connected to cluster to put record
Jul 27 2015 04:31:01 UTC: ERROR(12591) [put.cc:191] [execute] - Not connected to cluster to put record
Jul 27 2015 04:31:01 UTC: ERROR(12591) [put.cc:191] [execute] - Not connected to cluster to put record
Jul 27 2015 04:31:01 UTC: ERROR(12591) [put.cc:191] [execute] - Not connected to cluster to put record
Jul 27 2015 04:31:01 UTC: ERROR(12591) [put.cc:191] [execute] - Not connected to cluster to put record
Jul 27 2015 04:31:01 UTC: ERROR(12591) [put.cc:191] [execute] - Not connected to cluster to put record
Jul 27 2015 04:31:01 UTC: ERROR(12591) [put.cc:191] [execute] - Not connected to cluster to put record
Jul 27 2015 04:31:01 UTC: ERROR(12591) [put.cc:191] [execute] - Not connected to cluster to put record
Jul 27 2015 04:31:01 UTC: ERROR(12591) [put.cc:191] [execute] - Not connected to cluster to put record
Jul 27 2015 04:31:01 UTC: ERROR(12591) [put.cc:191] [execute] - Not connected to cluster to put record
Jul 27 2015 04:31:01 UTC: ERROR(12591) [put.cc:191] [execute] - Not connected to cluster to put record
Jul 27 2015 04:31:01 UTC: ERROR(12591) [put.cc:191] [execute] - Not connected to cluster to put record
Jul 27 2015 04:31:01 UTC: ERROR(12591) [put.cc:191] [execute] - Not connected to cluster to put record
Jul 27 2015 04:31:01 UTC: ERROR(12591) [put.cc:191] [execute] - Not connected to cluster to put record
Jul 27 2015 04:31:01 UTC: ERROR(12591) [put.cc:191] [execute] - Not connected to cluster to put record
Jul 27 2015 04:31:01 UTC: ERROR(12591) [put.cc:191] [execute] - Not connected to cluster to put record
Jul 27 2015 04:31:01 UTC: ERROR(12591) [put.cc:191] [execute] - Not connected to cluster to put record
Jul 27 2015 04:31:01 UTC: ERROR(12591) [put.cc:191] [execute] - Not connected to cluster to put record
Jul 27 2015 04:31:01 UTC: ERROR(12591) [put.cc:191] [execute] - Not connected to cluster to put record
Jul 27 2015 04:31:01 UTC: ERROR(12591) [put.cc:191] [execute] - Not connected to cluster to put record
Jul 27 2015 04:31:01 UTC: ERROR(12591) [put.cc:191] [execute] - Not connected to cluster to put record
Jul 27 2015 04:31:01 UTC: ERROR(12591) [put.cc:191] [execute] - Not connected to cluster to put record
Jul 27 2015 04:31:01 UTC: ERROR(12591) [put.cc:191] [execute] - Not connected to cluster to put record
Jul 27 2015 04:31:01 UTC: ERROR(12591) [put.cc:191] [execute] - Not connected to cluster to put record
Jul 27 2015 04:31:01 UTC: ERROR(12591) [put.cc:191] [execute] - Not connected to cluster to put record
Jul 27 2015 04:31:01 UTC: ERROR(12591) [put.cc:191] [execute] - Not connected to cluster to put record
Jul 27 2015 04:31:01 UTC: ERROR(12591) [put.cc:191] [execute] - Not connected to cluster to put record
Jul 27 2015 04:31:01 UTC: ERROR(12591) [put.cc:191] [execute] - Not connected to cluster to put record
Jul 27 2015 04:31:01 UTC: ERROR(12591) [put.cc:191] [execute] - Not connected to cluster to put record
Jul 27 2015 04:31:01 UTC: ERROR(12591) [put.cc:191] [execute] - Not connected to cluster to put record
Jul 27 2015 04:31:01 UTC: ERROR(12591) [put.cc:191] [execute] - Not connected to cluster to put record
Jul 27 2015 04:31:01 UTC: ERROR(12591) [put.cc:191] [execute] - Not connected to cluster to put record
Jul 27 2015 04:31:01 UTC: ERROR(12591) [put.cc:191] [execute] - Not connected to cluster to put record
Jul 27 2015 04:31:01 UTC: ERROR(12591) [put.cc:191] [execute] - Not connected to cluster to put record
Jul 27 2015 04:31:01 UTC: ERROR(12591) [put.cc:191] [execute] - Not connected to cluster to put record
Jul 27 2015 04:31:01 UTC: ERROR(12591) [put.cc:191] [execute] - Not connected to cluster to put record
Jul 27 2015 04:31:01 UTC: ERROR(12591) [put.cc:191] [execute] - Not connected to cluster to put record
Jul 27 2015 04:31:01 UTC: ERROR(12591) [put.cc:191] [execute] - Not connected to cluster to put record
Jul 27 2015 04:31:01 UTC: ERROR(12591) [put.cc:191] [execute] - Not connected to cluster to put record
Jul 27 2015 04:31:01 UTC: ERROR(12591) [put.cc:191] [execute] - Not connected to cluster to put record
Jul 27 2015 04:31:01 UTC: ERROR(12591) [put.cc:191] [execute] - Not connected to cluster to put record
Jul 27 2015 04:31:01 UTC: ERROR(12591) [put.cc:191] [execute] - Not connected to cluster to put record
Jul 27 2015 04:31:01 UTC: ERROR(12591) [put.cc:191] [execute] - Not connected to cluster to put record
Jul 27 2015 04:31:01 UTC: ERROR(12591) [put.cc:191] [execute] - Not connected to cluster to put record
Jul 27 2015 04:31:01 UTC: ERROR(12591) [put.cc:191] [execute] - Not connected to cluster to put record
Jul 27 2015 04:31:01 UTC: ERROR(12591) [put.cc:191] [execute] - Not connected to cluster to put record
Jul 27 2015 04:31:01 UTC: ERROR(12591) [put.cc:191] [execute] - Not connected to cluster to put record
Jul 27 2015 04:31:01 UTC: ERROR(12591) [put.cc:191] [execute] - Not connected to cluster to put record
Jul 27 2015 04:31:01 UTC: ERROR(12591) [put.cc:191] [execute] - Not connected to cluster to put record
Jul 27 2015 04:31:01 UTC: ERROR(12591) [put.cc:191] [execute] - Not connected to cluster to put record
Jul 27 2015 04:31:01 UTC: ERROR(12591) [put.cc:191] [execute] - Not connected to cluster to put record
Jul 27 2015 04:31:01 UTC: ERROR(12591) [put.cc:191] [execute] - Not connected to cluster to put record
Jul 27 2015 04:31:01 UTC: ERROR(12591) [put.cc:191] [execute] - Not connected to cluster to put record
Jul 27 2015 04:31:01 UTC: ERROR(12591) [put.cc:191] [execute] - Not connected to cluster to put record
Jul 27 2015 04:31:01 UTC: ERROR(12591) [put.cc:191] [execute] - Not connected to cluster to put record
Jul 27 2015 04:31:01 UTC: ERROR(12591) [put.cc:191] [execute] - Not connected to cluster to put record
Jul 27 2015 04:31:01 UTC: ERROR(12591) [put.cc:191] [execute] - Not connected to cluster to put record
Jul 27 2015 04:31:01 UTC: ERROR(12591) [put.cc:191] [execute] - Not connected to cluster to put record
Jul 27 2015 04:31:01 UTC: ERROR(12591) [put.cc:191] [execute] - Not connected to cluster to put record
Jul 27 2015 04:31:01 UTC: ERROR(12591) [put.cc:191] [execute] - Not connected to cluster to put record
Jul 27 2015 04:31:01 UTC: ERROR(12591) [put.cc:191] [execute] - Not connected to cluster to put record
Jul 27 2015 04:31:01 UTC: ERROR(12591) [put.cc:191] [execute] - Not connected to cluster to put record
Jul 27 2015 04:31:01 UTC: ERROR(12591) [put.cc:191] [execute] - Not connected to cluster to put record
Jul 27 2015 04:31:01 UTC: ERROR(12591) [put.cc:191] [execute] - Not connected to cluster to put record
Jul 27 2015 04:31:01 UTC: ERROR(12591) [put.cc:191] [execute] - Not connected to cluster to put record
Jul 27 2015 04:31:01 UTC: ERROR(12591) [put.cc:191] [execute] - Not connected to cluster to put record
Jul 27 2015 04:31:01 UTC: ERROR(12591) [put.cc:191] [execute] - Not connected to cluster to put record
Jul 27 2015 04:31:01 UTC: ERROR(12591) [put.cc:191] [execute] - Not connected to cluster to put record
Jul 27 2015 04:31:01 UTC: ERROR(12591) [put.cc:191] [execute] - Not connected to cluster to put record
Jul 27 2015 04:31:01 UTC: ERROR(12591) [put.cc:191] [execute] - Not connected to cluster to put record
Jul 27 2015 04:31:01 UTC: ERROR(12591) [put.cc:191] [execute] - Not connected to cluster to put record
Jul 27 2015 04:31:01 UTC: ERROR(12591) [put.cc:191] [execute] - Not connected to cluster to put record
Jul 27 2015 04:31:01 UTC: ERROR(12591) [put.cc:191] [execute] - Not connected to cluster to put record
Jul 27 2015 04:31:01 UTC: ERROR(12591) [put.cc:191] [execute] - Not connected to cluster to put record
Jul 27 2015 04:31:01 UTC: ERROR(12591) [put.cc:191] [execute] - Not connected to cluster to put record
Jul 27 2015 04:31:01 UTC: ERROR(12591) [put.cc:191] [execute] - Not connected to cluster to put record
Jul 27 2015 04:31:01 UTC: ERROR(12591) [put.cc:191] [execute] - Not connected to cluster to put record
Jul 27 2015 04:31:01 UTC: ERROR(12591) [put.cc:191] [execute] - Not connected to cluster to put record
Jul 27 2015 04:31:01 UTC: ERROR(12591) [put.cc:191] [execute] - Not connected to cluster to put record
Jul 27 2015 04:31:01 UTC: ERROR(12591) [put.cc:191] [execute] - Not connected to cluster to put record
Jul 27 2015 04:31:01 UTC: ERROR(12591) [put.cc:191] [execute] - Not connected to cluster to put record
Jul 27 2015 04:31:01 UTC: ERROR(12591) [put.cc:191] [execute] - Not connected to cluster to put record
Jul 27 2015 04:31:01 UTC: ERROR(12591) [put.cc:191] [execute] - Not connected to cluster to put record
Jul 27 2015 04:31:01 UTC: ERROR(12591) [put.cc:191] [execute] - Not connected to cluster to put record
Jul 27 2015 04:31:01 UTC: ERROR(12591) [put.cc:191] [execute] - Not connected to cluster to put record
Jul 27 2015 04:31:01 UTC: ERROR(12591) [put.cc:191] [execute] - Not connected to cluster to put record
Jul 27 2015 04:31:01 UTC: ERROR(12591) [put.cc:191] [execute] - Not connected to cluster to put record
Jul 27 2015 04:31:01 UTC: ERROR(12591) [put.cc:191] [execute] - Not connected to cluster to put record
Jul 27 2015 04:31:01 UTC: ERROR(12591) [put.cc:191] [execute] - Not connected to cluster to put record
Jul 27 2015 04:31:01 UTC: ERROR(12591) [put.cc:191] [execute] - Not connected to cluster to put record
Jul 27 2015 04:31:01 UTC: ERROR(12591) [put.cc:191] [execute] - Not connected to cluster to put record
Jul 27 2015 04:31:01 UTC: ERROR(12591) [put.cc:191] [execute] - Not connected to cluster to put record
Jul 27 2015 04:31:01 UTC: ERROR(12591) [put.cc:191] [execute] - Not connected to cluster to put record
Jul 27 2015 04:31:01 UTC: ERROR(12591) [put.cc:191] [execute] - Not connected to cluster to put record
Jul 27 2015 04:31:01 UTC: ERROR(12591) [put.cc:191] [execute] - Not connected to cluster to put record
Jul 27 2015 04:31:01 UTC: ERROR(12591) [put.cc:191] [execute] - Not connected to cluster to put record
Jul 27 2015 04:31:01 UTC: ERROR(12591) [put.cc:191] [execute] - Not connected to cluster to put record
Jul 27 2015 04:31:01 UTC: ERROR(12591) [put.cc:191] [execute] - Not connected to cluster to put record
Jul 27 2015 04:31:01 UTC: ERROR(12591) [put.cc:191] [execute] - Not connected to cluster to put record
Jul 27 2015 04:31:01 UTC: ERROR(12591) [put.cc:191] [execute] - Not connected to cluster to put record
Jul 27 2015 04:31:01 UTC: ERROR(12591) [put.cc:191] [execute] - Not connected to cluster to put record
Jul 27 2015 04:31:01 UTC: ERROR(12591) [put.cc:191] [execute] - Not connected to cluster to put record
Jul 27 2015 04:31:01 UTC: ERROR(12591) [put.cc:191] [execute] - Not connected to cluster to put record
Jul 27 2015 04:31:01 UTC: ERROR(12591) [put.cc:191] [execute] - Not connected to cluster to put record
Jul 27 2015 04:31:01 UTC: ERROR(12591) [put.cc:191] [execute] - Not connected to cluster to put record
Jul 27 2015 04:31:01 UTC: ERROR(12591) [put.cc:191] [execute] - Not connected to cluster to put record
Jul 27 2015 04:31:01 UTC: ERROR(12591) [put.cc:191] [execute] - Not connected to cluster to put record
Jul 27 2015 04:31:01 UTC: ERROR(12591) [put.cc:191] [execute] - Not connected to cluster to put record
Jul 27 2015 04:31:01 UTC: ERROR(12591) [put.cc:191] [execute] - Not connected to cluster to put record
Jul 27 2015 04:31:01 UTC: ERROR(12591) [put.cc:191] [execute] - Not connected to cluster to put record
Jul 27 2015 04:31:01 UTC: ERROR(12591) [put.cc:191] [execute] - Not connected to cluster to put record
Jul 27 2015 04:31:01 UTC: ERROR(12591) [put.cc:191] [execute] - Not connected to cluster to put record
Jul 27 2015 04:31:01 UTC: ERROR(12591) [put.cc:191] [execute] - Not connected to cluster to put record
Jul 27 2015 04:31:01 UTC: ERROR(12591) [put.cc:191] [execute] - Not connected to cluster to put record
Jul 27 2015 04:31:01 UTC: ERROR(12591) [put.cc:191] [execute] - Not connected to cluster to put record
Jul 27 2015 04:31:01 UTC: ERROR(12591) [put.cc:191] [execute] - Not connected to cluster to put record
Jul 27 2015 04:31:01 UTC: ERROR(12591) [put.cc:191] [execute] - Not connected to cluster to put record
Jul 27 2015 04:31:01 UTC: ERROR(12591) [put.cc:191] [execute] - Not connected to cluster to put record
Jul 27 2015 04:31:01 UTC: ERROR(12591) [put.cc:191] [execute] - Not connected to cluster to put record
Jul 27 2015 04:31:01 UTC: ERROR(12591) [put.cc:191] [execute] - Not connected to cluster to put record
Jul 27 2015 04:31:01 UTC: ERROR(12591) [put.cc:191] [execute] - Not connected to cluster to put record
Jul 27 2015 04:31:01 UTC: ERROR(12591) [put.cc:191] [execute] - Not connected to cluster to put record
Jul 27 2015 04:31:01 UTC: ERROR(12591) [put.cc:191] [execute] - Not connected to cluster to put record
Jul 27 2015 04:31:01 UTC: ERROR(12591) [put.cc:191] [execute] - Not connected to cluster to put record
Jul 27 2015 04:31:01 UTC: ERROR(12591) [put.cc:191] [execute] - Not connected to cluster to put record
Jul 27 2015 04:31:01 UTC: ERROR(12591) [put.cc:191] [execute] - Not connected to cluster to put record
Jul 27 2015 04:31:01 UTC: ERROR(12591) [put.cc:191] [execute] - Not connected to cluster to put record
Jul 27 2015 04:31:01 UTC: ERROR(12591) [put.cc:191] [execute] - Not connected to cluster to put record
Jul 27 2015 04:31:01 UTC: ERROR(12591) [put.cc:191] [execute] - Not connected to cluster to put record
Jul 27 2015 04:31:01 UTC: ERROR(12591) [put.cc:191] [execute] - Not connected to cluster to put record
Jul 27 2015 04:31:01 UTC: ERROR(12591) [put.cc:191] [execute] - Not connected to cluster to put record
Jul 27 2015 04:31:01 UTC: ERROR(12591) [put.cc:191] [execute] - Not connected to cluster to put record
Jul 27 2015 04:31:01 UTC: ERROR(12591) [put.cc:191] [execute] - Not connected to cluster to put record
Jul 27 2015 04:31:01 UTC: ERROR(12591) [put.cc:191] [execute] - Not connected to cluster to put record
Jul 27 2015 04:31:01 UTC: ERROR(12591) [put.cc:191] [execute] - Not connected to cluster to put record
Jul 27 2015 04:31:01 UTC: ERROR(12591) [put.cc:191] [execute] - Not connected to cluster to put record
Jul 27 2015 04:31:01 UTC: ERROR(12591) [put.cc:191] [execute] - Not connected to cluster to put record
Jul 27 2015 04:31:01 UTC: ERROR(12591) [put.cc:191] [execute] - Not connected to cluster to put record
Jul 27 2015 04:31:01 UTC: ERROR(12591) [put.cc:191] [execute] - Not connected to cluster to put record
Jul 27 2015 04:31:01 UTC: ERROR(12591) [put.cc:191] [execute] - Not connected to cluster to put record
Jul 27 2015 04:31:01 UTC: ERROR(12591) [put.cc:191] [execute] - Not connected to cluster to put record
Jul 27 2015 04:31:01 UTC: ERROR(12591) [put.cc:191] [execute] - Not connected to cluster to put record
Jul 27 2015 04:31:01 UTC: ERROR(12591) [put.cc:191] [execute] - Not connected to cluster to put record
Jul 27 2015 04:31:01 UTC: ERROR(12591) [put.cc:191] [execute] - Not connected to cluster to put record
Jul 27 2015 04:31:01 UTC: ERROR(12591) [put.cc:191] [execute] - Not connected to cluster to put record
Jul 27 2015 04:31:01 UTC: ERROR(12591) [put.cc:191] [execute] - Not connected to cluster to put record
Jul 27 2015 04:31:01 UTC: ERROR(12591) [put.cc:191] [execute] - Not connected to cluster to put record
Jul 27 2015 04:31:01 UTC: ERROR(12591) [put.cc:191] [execute] - Not connected to cluster to put record
Jul 27 2015 04:31:01 UTC: ERROR(12591) [put.cc:191] [execute] - Not connected to cluster to put record
Jul 27 2015 04:31:01 UTC: ERROR(12591) [put.cc:191] [execute] - Not connected to cluster to put record
Jul 27 2015 04:31:01 UTC: ERROR(12591) [put.cc:191] [execute] - Not connected to cluster to put record
Jul 27 2015 04:31:01 UTC: ERROR(12591) [put.cc:191] [execute] - Not connected to cluster to put record
Jul 27 2015 04:31:01 UTC: ERROR(12591) [put.cc:191] [execute] - Not connected to cluster to put record
Jul 27 2015 04:31:01 UTC: ERROR(12591) [put.cc:191] [execute] - Not connected to cluster to put record
Jul 27 2015 04:31:01 UTC: ERROR(12591) [put.cc:191] [execute] - Not connected to cluster to put record
Jul 27 2015 04:31:01 UTC: ERROR(12591) [put.cc:191] [execute] - Not connected to cluster to put record
Jul 27 2015 04:31:01 UTC: ERROR(12591) [put.cc:191] [execute] - Not connected to cluster to put record
Jul 27 2015 04:31:01 UTC: ERROR(12591) [put.cc:191] [execute] - Not connected to cluster to put record
Jul 27 2015 04:31:01 UTC: ERROR(12591) [put.cc:191] [execute] - Not connected to cluster to put record
Jul 27 2015 04:31:01 UTC: ERROR(12591) [put.cc:191] [execute] - Not connected to cluster to put record
Jul 27 2015 04:31:01 UTC: ERROR(12591) [put.cc:191] [execute] - Not connected to cluster to put record
Jul 27 2015 04:31:01 UTC: ERROR(12591) [put.cc:191] [execute] - Not connected to cluster to put record
Jul 27 2015 04:31:01 UTC: ERROR(12591) [put.cc:191] [execute] - Not connected to cluster to put record
Jul 27 2015 04:31:01 UTC: ERROR(12591) [put.cc:191] [execute] - Not connected to cluster to put record
Jul 27 2015 04:31:01 UTC: ERROR(12591) [put.cc:191] [execute] - Not connected to cluster to put record
Jul 27 2015 04:31:01 UTC: ERROR(12591) [put.cc:191] [execute] - Not connected to cluster to put record
Jul 27 2015 04:31:01 UTC: ERROR(12591) [put.cc:191] [execute] - Not connected to cluster to put record
Jul 27 2015 04:31:01 UTC: ERROR(12591) [put.cc:191] [execute] - Not connected to cluster to put record
Jul 27 2015 04:31:01 UTC: ERROR(12591) [put.cc:191] [execute] - Not connected to cluster to put record
Jul 27 2015 04:31:01 UTC: ERROR(12591) [put.cc:191] [execute] - Not connected to cluster to put record
Jul 27 2015 04:31:01 UTC: ERROR(12591) [put.cc:191] [execute] - Not connected to cluster to put record
Jul 27 2015 04:31:01 UTC: ERROR(12591) [put.cc:191] [execute] - Not connected to cluster to put record
Jul 27 2015 04:31:01 UTC: ERROR(12591) [put.cc:191] [execute] - Not connected to cluster to put record
Jul 27 2015 04:31:01 UTC: ERROR(12591) [put.cc:191] [execute] - Not connected to cluster to put record
Jul 27 2015 04:31:01 UTC: ERROR(12591) [put.cc:191] [execute] - Not connected to cluster to put record
Jul 27 2015 04:31:01 UTC: ERROR(12591) [put.cc:191] [execute] - Not connected to cluster to put record
Jul 27 2015 04:31:01 UTC: ERROR(12591) [put.cc:191] [execute] - Not connected to cluster to put record
Jul 27 2015 04:31:01 UTC: ERROR(12591) [put.cc:191] [execute] - Not connected to cluster to put record
Jul 27 2015 04:31:01 UTC: ERROR(12591) [put.cc:191] [execute] - Not connected to cluster to put record
Jul 27 2015 04:31:01 UTC: ERROR(12591) [put.cc:191] [execute] - Not connected to cluster to put record
Jul 27 2015 04:31:01 UTC: ERROR(12591) [put.cc:191] [execute] - Not connected to cluster to put record
Jul 27 2015 04:31:01 UTC: ERROR(12591) [put.cc:191] [execute] - Not connected to cluster to put record
Jul 27 2015 04:31:01 UTC: ERROR(12591) [put.cc:191] [execute] - Not connected to cluster to put record
Jul 27 2015 04:31:01 UTC: ERROR(12591) [put.cc:191] [execute] - Not connected to cluster to put record
Jul 27 2015 04:31:01 UTC: ERROR(12591) [put.cc:191] [execute] - Not connected to cluster to put record
Jul 27 2015 04:31:01 UTC: ERROR(12591) [put.cc:191] [execute] - Not connected to cluster to put record
Jul 27 2015 04:31:01 UTC: ERROR(12591) [put.cc:191] [execute] - Not connected to cluster to put record
Jul 27 2015 04:31:01 UTC: ERROR(12591) [put.cc:191] [execute] - Not connected to cluster to put record
Jul 27 2015 04:31:01 UTC: ERROR(12591) [put.cc:191] [execute] - Not connected to cluster to put record
Jul 27 2015 04:31:01 UTC: ERROR(12591) [put.cc:191] [execute] - Not connected to cluster to put record
Jul 27 2015 04:31:01 UTC: ERROR(12591) [put.cc:191] [execute] - Not connected to cluster to put record
Jul 27 2015 04:31:01 UTC: ERROR(12591) [put.cc:191] [execute] - Not connected to cluster to put record
Jul 27 2015 04:31:01 UTC: ERROR(12591) [put.cc:191] [execute] - Not connected to cluster to put record
Jul 27 2015 04:31:01 UTC: ERROR(12591) [put.cc:191] [execute] - Not connected to cluster to put record
Jul 27 2015 04:31:01 UTC: ERROR(12591) [put.cc:191] [execute] - Not connected to cluster to put record
Jul 27 2015 04:31:01 UTC: ERROR(12591) [put.cc:191] [execute] - Not connected to cluster to put record
Jul 27 2015 04:31:01 UTC: ERROR(12591) [put.cc:191] [execute] - Not connected to cluster to put record
Jul 27 2015 04:31:01 UTC: ERROR(12591) [put.cc:191] [execute] - Not connected to cluster to put record
Jul 27 2015 04:31:01 UTC: ERROR(12591) [put.cc:191] [execute] - Not connected to cluster to put record
Jul 27 2015 04:31:01 UTC: ERROR(12591) [put.cc:191] [execute] - Not connected to cluster to put record
Jul 27 2015 04:31:01 UTC: ERROR(12591) [put.cc:191] [execute] - Not connected to cluster to put record
Jul 27 2015 04:31:01 UTC: ERROR(12591) [put.cc:191] [execute] - Not connected to cluster to put record
Jul 27 2015 04:31:01 UTC: ERROR(12591) [put.cc:191] [execute] - Not connected to cluster to put record
Jul 27 2015 04:31:01 UTC: ERROR(12591) [put.cc:191] [execute] - Not connected to cluster to put record
Jul 27 2015 04:31:01 UTC: ERROR(12591) [put.cc:191] [execute] - Not connected to cluster to put record
Jul 27 2015 04:31:01 UTC: ERROR(12591) [put.cc:191] [execute] - Not connected to cluster to put record
Jul 27 2015 04:31:01 UTC: ERROR(12591) [put.cc:191] [execute] - Not connected to cluster to put record
Jul 27 2015 04:31:01 UTC: ERROR(12591) [put.cc:191] [execute] - Not connected to cluster to put record
Jul 27 2015 04:31:01 UTC: ERROR(12591) [put.cc:191] [execute] - Not connected to cluster to put record
Jul 27 2015 04:31:01 UTC: ERROR(12591) [put.cc:191] [execute] - Not connected to cluster to put record
Jul 27 2015 04:31:01 UTC: ERROR(12591) [put.cc:191] [execute] - Not connected to cluster to put record
Jul 27 2015 04:31:01 UTC: ERROR(12591) [put.cc:191] [execute] - Not connected to cluster to put record
Jul 27 2015 04:31:01 UTC: ERROR(12591) [put.cc:191] [execute] - Not connected to cluster to put record
Jul 27 2015 04:31:01 UTC: ERROR(12591) [put.cc:191] [execute] - Not connected to cluster to put record
Jul 27 2015 04:31:01 UTC: ERROR(12591) [put.cc:191] [execute] - Not connected to cluster to put record
Jul 27 2015 04:31:01 UTC: ERROR(12591) [put.cc:191] [execute] - Not connected to cluster to put record
Jul 27 2015 04:31:01 UTC: ERROR(12591) [put.cc:191] [execute] - Not connected to cluster to put record
Jul 27 2015 04:31:01 UTC: ERROR(12591) [put.cc:191] [execute] - Not connected to cluster to put record
Jul 27 2015 04:31:01 UTC: ERROR(12591) [put.cc:191] [execute] - Not connected to cluster to put record
Jul 27 2015 04:31:01 UTC: ERROR(12591) [put.cc:191] [execute] - Not connected to cluster to put record
Jul 27 2015 04:31:01 UTC: ERROR(12591) [put.cc:191] [execute] - Not connected to cluster to put record
Jul 27 2015 04:31:01 UTC: ERROR(12591) [put.cc:191] [execute] - Not connected to cluster to put record
Jul 27 2015 04:31:01 UTC: ERROR(12591) [put.cc:191] [execute] - Not connected to cluster to put record
Jul 27 2015 04:31:01 UTC: ERROR(12591) [put.cc:191] [execute] - Not connected to cluster to put record
Jul 27 2015 04:31:01 UTC: ERROR(12591) [put.cc:191] [execute] - Not connected to cluster to put record
Jul 27 2015 04:31:01 UTC: ERROR(12591) [put.cc:191] [execute] - Not connected to cluster to put record
Jul 27 2015 04:31:01 UTC: ERROR(12591) [put.cc:191] [execute] - Not connected to cluster to put record
Jul 27 2015 04:31:01 UTC: ERROR(12591) [put.cc:191] [execute] - Not connected to cluster to put record
Jul 27 2015 04:31:01 UTC: ERROR(12591) [put.cc:191] [execute] - Not connected to cluster to put record
Jul 27 2015 04:31:01 UTC: ERROR(12591) [put.cc:191] [execute] - Not connected to cluster to put record
Jul 27 2015 04:31:01 UTC: ERROR(12591) [put.cc:191] [execute] - Not connected to cluster to put record
Jul 27 2015 04:31:01 UTC: ERROR(12591) [put.cc:191] [execute] - Not connected to cluster to put record
Jul 27 2015 04:31:01 UTC: ERROR(12591) [put.cc:191] [execute] - Not connected to cluster to put record
Jul 27 2015 04:31:01 UTC: ERROR(12591) [put.cc:191] [execute] - Not connected to cluster to put record
Jul 27 2015 04:31:01 UTC: ERROR(12591) [put.cc:191] [execute] - Not connected to cluster to put record
Jul 27 2015 04:31:01 UTC: ERROR(12591) [put.cc:191] [execute] - Not connected to cluster to put record
Jul 27 2015 04:31:01 UTC: ERROR(12591) [put.cc:191] [execute] - Not connected to cluster to put record
Jul 27 2015 04:31:01 UTC: ERROR(12591) [put.cc:191] [execute] - Not connected to cluster to put record
Jul 27 2015 04:31:01 UTC: ERROR(12591) [put.cc:191] [execute] - Not connected to cluster to put record
Jul 27 2015 04:31:01 UTC: ERROR(12591) [put.cc:191] [execute] - Not connected to cluster to put record
Jul 27 2015 04:31:01 UTC: ERROR(12591) [put.cc:191] [execute] - Not connected to cluster to put record
Jul 27 2015 04:31:01 UTC: ERROR(12591) [put.cc:191] [execute] - Not connected to cluster to put record
Jul 27 2015 04:31:01 UTC: ERROR(12591) [put.cc:191] [execute] - Not connected to cluster to put record
Jul 27 2015 04:31:01 UTC: ERROR(12591) [put.cc:191] [execute] - Not connected to cluster to put record
Jul 27 2015 04:31:01 UTC: ERROR(12591) [put.cc:191] [execute] - Not connected to cluster to put record
Jul 27 2015 04:31:01 UTC: ERROR(12591) [put.cc:191] [execute] - Not connected to cluster to put record
Jul 27 2015 04:31:01 UTC: ERROR(12591) [put.cc:191] [execute] - Not connected to cluster to put record
Jul 27 2015 04:31:01 UTC: ERROR(12591) [put.cc:191] [execute] - Not connected to cluster to put record
Jul 27 2015 04:31:01 UTC: ERROR(12591) [put.cc:191] [execute] - Not connected to cluster to put record
Jul 27 2015 04:31:01 UTC: ERROR(12591) [put.cc:191] [execute] - Not connected to cluster to put record
Jul 27 2015 04:31:01 UTC: ERROR(12591) [put.cc:191] [execute] - Not connected to cluster to put record
Jul 27 2015 04:31:01 UTC: ERROR(12591) [put.cc:191] [execute] - Not connected to cluster to put record
Jul 27 2015 04:31:01 UTC: ERROR(12591) [put.cc:191] [execute] - Not connected to cluster to put record
Jul 27 2015 04:31:01 UTC: ERROR(12591) [put.cc:191] [execute] - Not connected to cluster to put record
Jul 27 2015 04:31:01 UTC: ERROR(12591) [put.cc:191] [execute] - Not connected to cluster to put record
Jul 27 2015 04:31:01 UTC: ERROR(12591) [put.cc:191] [execute] - Not connected to cluster to put record
Jul 27 2015 04:31:01 UTC: ERROR(12591) [put.cc:191] [execute] - Not connected to cluster to put record
Jul 27 2015 04:31:01 UTC: ERROR(12591) [put.cc:191] [execute] - Not connected to cluster to put record
Jul 27 2015 04:31:01 UTC: ERROR(12591) [put.cc:191] [execute] - Not connected to cluster to put record
Jul 27 2015 04:31:01 UTC: ERROR(12591) [put.cc:191] [execute] - Not connected to cluster to put record
Jul 27 2015 04:31:01 UTC: ERROR(12591) [put.cc:191] [execute] - Not connected to cluster to put record
Jul 27 2015 04:31:01 UTC: ERROR(12591) [put.cc:191] [execute] - Not connected to cluster to put record
Jul 27 2015 04:31:01 UTC: ERROR(12591) [put.cc:191] [execute] - Not connected to cluster to put record
Jul 27 2015 04:31:01 UTC: ERROR(12591) [put.cc:191] [execute] - Not connected to cluster to put record
Jul 27 2015 04:31:01 UTC: ERROR(12591) [put.cc:191] [execute] - Not connected to cluster to put record
Jul 27 2015 04:31:01 UTC: ERROR(12591) [put.cc:191] [execute] - Not connected to cluster to put record
Jul 27 2015 04:31:01 UTC: ERROR(12591) [put.cc:191] [execute] - Not connected to cluster to put record
Jul 27 2015 04:31:01 UTC: ERROR(12591) [put.cc:191] [execute] - Not connected to cluster to put record
Jul 27 2015 04:31:01 UTC: ERROR(12591) [put.cc:191] [execute] - Not connected to cluster to put record
Jul 27 2015 04:31:01 UTC: ERROR(12591) [put.cc:191] [execute] - Not connected to cluster to put record
Jul 27 2015 04:31:01 UTC: ERROR(12591) [put.cc:191] [execute] - Not connected to cluster to put record
Jul 27 2015 04:31:01 UTC: ERROR(12591) [put.cc:191] [execute] - Not connected to cluster to put record
Jul 27 2015 04:31:01 UTC: ERROR(12591) [put.cc:191] [execute] - Not connected to cluster to put record
Jul 27 2015 04:31:01 UTC: ERROR(12591) [put.cc:191] [execute] - Not connected to cluster to put record
Jul 27 2015 04:31:01 UTC: ERROR(12591) [put.cc:191] [execute] - Not connected to cluster to put record
Jul 27 2015 04:31:01 UTC: ERROR(12591) [put.cc:191] [execute] - Not connected to cluster to put record
Jul 27 2015 04:31:01 UTC: ERROR(12591) [put.cc:191] [execute] - Not connected to cluster to put record
Jul 27 2015 04:31:01 UTC: ERROR(12591) [put.cc:191] [execute] - Not connected to cluster to put record
Jul 27 2015 04:31:01 UTC: ERROR(12591) [put.cc:191] [execute] - Not connected to cluster to put record
Jul 27 2015 04:31:01 UTC: ERROR(12591) [put.cc:191] [execute] - Not connected to cluster to put record
Jul 27 2015 04:31:01 UTC: ERROR(12591) [put.cc:191] [execute] - Not connected to cluster to put record
Jul 27 2015 04:31:01 UTC: ERROR(12591) [put.cc:191] [execute] - Not connected to cluster to put record
Jul 27 2015 04:31:01 UTC: ERROR(12591) [put.cc:191] [execute] - Not connected to cluster to put record
Jul 27 2015 04:31:01 UTC: ERROR(12591) [put.cc:191] [execute] - Not connected to cluster to put record
Jul 27 2015 04:31:01 UTC: ERROR(12591) [put.cc:191] [execute] - Not connected to cluster to put record
Jul 27 2015 04:31:01 UTC: ERROR(12591) [put.cc:191] [execute] - Not connected to cluster to put record
Jul 27 2015 04:31:01 UTC: ERROR(12591) [put.cc:191] [execute] - Not connected to cluster to put record
Jul 27 2015 04:31:01 UTC: ERROR(12591) [put.cc:191] [execute] - Not connected to cluster to put record
Jul 27 2015 04:31:01 UTC: ERROR(12591) [put.cc:191] [execute] - Not connected to cluster to put record
Jul 27 2015 04:31:01 UTC: ERROR(12591) [put.cc:191] [execute] - Not connected to cluster to put record
Jul 27 2015 04:31:01 UTC: ERROR(12591) [put.cc:191] [execute] - Not connected to cluster to put record
Jul 27 2015 04:31:01 UTC: ERROR(12591) [put.cc:191] [execute] - Not connected to cluster to put record
Jul 27 2015 04:31:01 UTC: ERROR(12591) [put.cc:191] [execute] - Not connected to cluster to put record
Jul 27 2015 04:31:01 UTC: ERROR(12591) [put.cc:191] [execute] - Not connected to cluster to put record
Jul 27 2015 04:31:01 UTC: ERROR(12591) [put.cc:191] [execute] - Not connected to cluster to put record
Jul 27 2015 04:31:01 UTC: ERROR(12591) [put.cc:191] [execute] - Not connected to cluster to put record
Jul 27 2015 04:31:01 UTC: ERROR(12591) [put.cc:191] [execute] - Not connected to cluster to put record
Jul 27 2015 04:31:01 UTC: ERROR(12591) [put.cc:191] [execute] - Not connected to cluster to put record
Jul 27 2015 04:31:01 UTC: ERROR(12591) [put.cc:191] [execute] - Not connected to cluster to put record
Jul 27 2015 04:31:01 UTC: ERROR(12591) [put.cc:191] [execute] - Not connected to cluster to put record
Jul 27 2015 04:31:01 UTC: ERROR(12591) [put.cc:191] [execute] - Not connected to cluster to put record
Jul 27 2015 04:31:01 UTC: ERROR(12591) [put.cc:191] [execute] - Not connected to cluster to put record
Jul 27 2015 04:31:01 UTC: ERROR(12591) [put.cc:191] [execute] - Not connected to cluster to put record
Jul 27 2015 04:31:01 UTC: ERROR(12591) [put.cc:191] [execute] - Not connected to cluster to put record
Jul 27 2015 04:31:01 UTC: ERROR(12591) [put.cc:191] [execute] - Not connected to cluster to put record
Jul 27 2015 04:31:01 UTC: ERROR(12591) [put.cc:191] [execute] - Not connected to cluster to put record
Jul 27 2015 04:31:01 UTC: ERROR(12591) [put.cc:191] [execute] - Not connected to cluster to put record
Jul 27 2015 04:31:01 UTC: ERROR(12591) [put.cc:191] [execute] - Not connected to cluster to put record
Jul 27 2015 04:31:01 UTC: ERROR(12591) [put.cc:191] [execute] - Not connected to cluster to put record
Jul 27 2015 04:31:01 UTC: ERROR(12591) [put.cc:191] [execute] - Not connected to cluster to put record
Jul 27 2015 04:31:01 UTC: ERROR(12591) [put.cc:191] [execute] - Not connected to cluster to put record
Jul 27 2015 04:31:01 UTC: ERROR(12591) [put.cc:191] [execute] - Not connected to cluster to put record
Jul 27 2015 04:31:01 UTC: ERROR(12591) [put.cc:191] [execute] - Not connected to cluster to put record
Jul 27 2015 04:31:01 UTC: ERROR(12591) [put.cc:191] [execute] - Not connected to cluster to put record
Jul 27 2015 04:31:01 UTC: ERROR(12591) [put.cc:191] [execute] - Not connected to cluster to put record
Jul 27 2015 04:31:01 UTC: ERROR(12591) [put.cc:191] [execute] - Not connected to cluster to put record
Jul 27 2015 04:31:01 UTC: ERROR(12591) [put.cc:191] [execute] - Not connected to cluster to put record
Jul 27 2015 04:31:01 UTC: ERROR(12591) [put.cc:191] [execute] - Not connected to cluster to put record
Jul 27 2015 04:31:01 UTC: ERROR(12591) [put.cc:191] [execute] - Not connected to cluster to put record
Jul 27 2015 04:31:01 UTC: ERROR(12591) [put.cc:191] [execute] - Not connected to cluster to put record
Jul 27 2015 04:31:01 UTC: ERROR(12591) [put.cc:191] [execute] - Not connected to cluster to put record
Jul 27 2015 04:31:01 UTC: ERROR(12591) [put.cc:191] [execute] - Not connected to cluster to put record
Jul 27 2015 04:31:01 UTC: ERROR(12591) [put.cc:191] [execute] - Not connected to cluster to put record
Jul 27 2015 04:31:01 UTC: ERROR(12591) [put.cc:191] [execute] - Not connected to cluster to put record
Jul 27 2015 04:31:01 UTC: ERROR(12591) [put.cc:191] [execute] - Not connected to cluster to put record
Jul 27 2015 04:31:01 UTC: ERROR(12591) [put.cc:191] [execute] - Not connected to cluster to put record
Jul 27 2015 04:31:01 UTC: ERROR(12591) [put.cc:191] [execute] - Not connected to cluster to put record
Jul 27 2015 04:31:01 UTC: ERROR(12591) [put.cc:191] [execute] - Not connected to cluster to put record
Jul 27 2015 04:31:01 UTC: ERROR(12591) [put.cc:191] [execute] - Not connected to cluster to put record
Jul 27 2015 04:31:01 UTC: ERROR(12591) [put.cc:191] [execute] - Not connected to cluster to put record
Jul 27 2015 04:31:01 UTC: ERROR(12591) [put.cc:191] [execute] - Not connected to cluster to put record
Jul 27 2015 04:31:01 UTC: ERROR(12591) [put.cc:191] [execute] - Not connected to cluster to put record
Jul 27 2015 04:31:01 UTC: ERROR(12591) [put.cc:191] [execute] - Not connected to cluster to put record
Jul 27 2015 04:31:01 UTC: ERROR(12591) [put.cc:191] [execute] - Not connected to cluster to put record
Jul 27 2015 04:31:01 UTC: ERROR(12591) [put.cc:191] [execute] - Not connected to cluster to put record
Jul 27 2015 04:31:01 UTC: ERROR(12591) [put.cc:191] [execute] - Not connected to cluster to put record
Jul 27 2015 04:31:01 UTC: ERROR(12591) [put.cc:191] [execute] - Not connected to cluster to put record
Jul 27 2015 04:31:01 UTC: ERROR(12591) [put.cc:191] [execute] - Not connected to cluster to put record
Jul 27 2015 04:31:01 UTC: ERROR(12591) [put.cc:191] [execute] - Not connected to cluster to put record
Jul 27 2015 04:31:01 UTC: ERROR(12591) [put.cc:191] [execute] - Not connected to cluster to put record
Jul 27 2015 04:31:01 UTC: ERROR(12591) [put.cc:191] [execute] - Not connected to cluster to put record
Jul 27 2015 04:31:01 UTC: ERROR(12591) [put.cc:191] [execute] - Not connected to cluster to put record
Jul 27 2015 04:31:01 UTC: ERROR(12591) [put.cc:191] [execute] - Not connected to cluster to put record
Jul 27 2015 04:31:01 UTC: ERROR(12591) [put.cc:191] [execute] - Not connected to cluster to put record
Jul 27 2015 04:31:01 UTC: ERROR(12591) [put.cc:191] [execute] - Not connected to cluster to put record
Jul 27 2015 04:31:01 UTC: ERROR(12591) [put.cc:191] [execute] - Not connected to cluster to put record
Jul 27 2015 04:31:01 UTC: ERROR(12591) [put.cc:191] [execute] - Not connected to cluster to put record
Jul 27 2015 04:31:01 UTC: ERROR(12591) [put.cc:191] [execute] - Not connected to cluster to put record
Jul 27 2015 04:31:01 UTC: ERROR(12591) [put.cc:191] [execute] - Not connected to cluster to put record
Jul 27 2015 04:31:01 UTC: ERROR(12591) [put.cc:191] [execute] - Not connected to cluster to put record
Jul 27 2015 04:31:01 UTC: ERROR(12591) [put.cc:191] [execute] - Not connected to cluster to put record
Jul 27 2015 04:31:01 UTC: ERROR(12591) [put.cc:191] [execute] - Not connected to cluster to put record
Jul 27 2015 04:31:01 UTC: ERROR(12591) [put.cc:191] [execute] - Not connected to cluster to put record
Jul 27 2015 04:31:01 UTC: ERROR(12591) [put.cc:191] [execute] - Not connected to cluster to put record
Jul 27 2015 04:31:01 UTC: ERROR(12591) [put.cc:191] [execute] - Not connected to cluster to put record
Jul 27 2015 04:31:01 UTC: ERROR(12591) [put.cc:191] [execute] - Not connected to cluster to put record
Jul 27 2015 04:31:01 UTC: ERROR(12591) [put.cc:191] [execute] - Not connected to cluster to put record
Jul 27 2015 04:31:01 UTC: ERROR(12591) [put.cc:191] [execute] - Not connected to cluster to put record
Jul 27 2015 04:31:01 UTC: ERROR(12591) [put.cc:191] [execute] - Not connected to cluster to put record
Jul 27 2015 04:31:01 UTC: ERROR(12591) [put.cc:191] [execute] - Not connected to cluster to put record
Jul 27 2015 04:31:01 UTC: ERROR(12591) [put.cc:191] [execute] - Not connected to cluster to put record
Jul 27 2015 04:31:01 UTC: ERROR(12591) [put.cc:191] [execute] - Not connected to cluster to put record
Jul 27 2015 04:31:01 UTC: ERROR(12591) [put.cc:191] [execute] - Not connected to cluster to put record
Jul 27 2015 04:31:01 UTC: ERROR(12591) [put.cc:191] [execute] - Not connected to cluster to put record
Jul 27 2015 04:31:01 UTC: ERROR(12591) [put.cc:191] [execute] - Not connected to cluster to put record
Jul 27 2015 04:31:01 UTC: ERROR(12591) [put.cc:191] [execute] - Not connected to cluster to put record
Jul 27 2015 04:31:01 UTC: ERROR(12591) [put.cc:191] [execute] - Not connected to cluster to put record
Jul 27 2015 04:31:01 UTC: ERROR(12591) [put.cc:191] [execute] - Not connected to cluster to put record
Jul 27 2015 04:31:01 UTC: ERROR(12591) [put.cc:191] [execute] - Not connected to cluster to put record
Jul 27 2015 04:31:01 UTC: ERROR(12591) [put.cc:191] [execute] - Not connected to cluster to put record
Jul 27 2015 04:31:01 UTC: ERROR(12591) [put.cc:191] [execute] - Not connected to cluster to put record
Jul 27 2015 04:31:01 UTC: ERROR(12591) [put.cc:191] [execute] - Not connected to cluster to put record
Jul 27 2015 04:31:01 UTC: ERROR(12591) [put.cc:191] [execute] - Not connected to cluster to put record
Jul 27 2015 04:31:01 UTC: ERROR(12591) [put.cc:191] [execute] - Not connected to cluster to put record
Jul 27 2015 04:31:01 UTC: ERROR(12591) [put.cc:191] [execute] - Not connected to cluster to put record
Jul 27 2015 04:31:01 UTC: ERROR(12591) [put.cc:191] [execute] - Not connected to cluster to put record
Jul 27 2015 04:31:01 UTC: ERROR(12591) [put.cc:191] [execute] - Not connected to cluster to put record
Jul 27 2015 04:31:01 UTC: ERROR(12591) [put.cc:191] [execute] - Not connected to cluster to put record
Jul 27 2015 04:31:01 UTC: ERROR(12591) [put.cc:191] [execute] - Not connected to cluster to put record
Jul 27 2015 04:31:01 UTC: ERROR(12591) [put.cc:191] [execute] - Not connected to cluster to put record
Jul 27 2015 04:31:01 UTC: ERROR(12591) [put.cc:191] [execute] - Not connected to cluster to put record
Jul 27 2015 04:31:01 UTC: ERROR(12591) [put.cc:191] [execute] - Not connected to cluster to put record
Jul 27 2015 04:31:01 UTC: ERROR(12591) [put.cc:191] [execute] - Not connected to cluster to put record
Jul 27 2015 04:31:01 UTC: ERROR(12591) [put.cc:191] [execute] - Not connected to cluster to put record
Jul 27 2015 04:31:01 UTC: ERROR(12591) [put.cc:191] [execute] - Not connected to cluster to put record
Jul 27 2015 04:31:01 UTC: ERROR(12591) [put.cc:191] [execute] - Not connected to cluster to put record
Jul 27 2015 04:31:01 UTC: ERROR(12591) [put.cc:191] [execute] - Not connected to cluster to put record
Jul 27 2015 04:31:01 UTC: ERROR(12591) [put.cc:191] [execute] - Not connected to cluster to put record
Jul 27 2015 04:31:01 UTC: ERROR(12591) [put.cc:191] [execute] - Not connected to cluster to put record
Jul 27 2015 04:31:01 UTC: ERROR(12591) [put.cc:191] [execute] - Not connected to cluster to put record
Jul 27 2015 04:31:01 UTC: ERROR(12591) [put.cc:191] [execute] - Not connected to cluster to put record
Jul 27 2015 04:31:01 UTC: ERROR(12591) [put.cc:191] [execute] - Not connected to cluster to put record
Jul 27 2015 04:31:01 UTC: ERROR(12591) [put.cc:191] [execute] - Not connected to cluster to put record
Jul 27 2015 04:31:01 UTC: ERROR(12591) [put.cc:191] [execute] - Not connected to cluster to put record
Jul 27 2015 04:31:01 UTC: ERROR(12591) [put.cc:191] [execute] - Not connected to cluster to put record
Jul 27 2015 04:31:01 UTC: ERROR(12591) [put.cc:191] [execute] - Not connected to cluster to put record
Jul 27 2015 04:31:01 UTC: ERROR(12591) [put.cc:191] [execute] - Not connected to cluster to put record
Jul 27 2015 04:31:01 UTC: ERROR(12591) [put.cc:191] [execute] - Not connected to cluster to put record
Jul 27 2015 04:31:01 UTC: ERROR(12591) [put.cc:191] [execute] - Not connected to cluster to put record
Jul 27 2015 04:31:01 UTC: ERROR(12591) [put.cc:191] [execute] - Not connected to cluster to put record
Jul 27 2015 04:31:01 UTC: ERROR(12591) [put.cc:191] [execute] - Not connected to cluster to put record
Jul 27 2015 04:31:01 UTC: ERROR(12591) [put.cc:191] [execute] - Not connected to cluster to put record
Jul 27 2015 04:31:01 UTC: ERROR(12591) [put.cc:191] [execute] - Not connected to cluster to put record
Jul 27 2015 04:31:01 UTC: ERROR(12591) [put.cc:191] [execute] - Not connected to cluster to put record
Jul 27 2015 04:31:01 UTC: ERROR(12591) [put.cc:191] [execute] - Not connected to cluster to put record
Jul 27 2015 04:31:01 UTC: ERROR(12591) [put.cc:191] [execute] - Not connected to cluster to put record
Jul 27 2015 04:31:01 UTC: ERROR(12591) [put.cc:191] [execute] - Not connected to cluster to put record
Jul 27 2015 04:31:01 UTC: ERROR(12591) [put.cc:191] [execute] - Not connected to cluster to put record
Jul 27 2015 04:31:01 UTC: ERROR(12591) [put.cc:191] [execute] - Not connected to cluster to put record
Jul 27 2015 04:31:01 UTC: ERROR(12591) [put.cc:191] [execute] - Not connected to cluster to put record
Jul 27 2015 04:31:01 UTC: ERROR(12591) [put.cc:191] [execute] - Not connected to cluster to put record
Jul 27 2015 04:31:01 UTC: ERROR(12591) [put.cc:191] [execute] - Not connected to cluster to put record
Jul 27 2015 04:31:01 UTC: ERROR(12591) [put.cc:191] [execute] - Not connected to cluster to put record
Jul 27 2015 04:31:01 UTC: ERROR(12591) [put.cc:191] [execute] - Not connected to cluster to put record
Jul 27 2015 04:31:01 UTC: ERROR(12591) [put.cc:191] [execute] - Not connected to cluster to put record
Jul 27 2015 04:31:01 UTC: ERROR(12591) [put.cc:191] [execute] - Not connected to cluster to put record
Jul 27 2015 04:31:01 UTC: ERROR(12591) [put.cc:191] [execute] - Not connected to cluster to put record
Jul 27 2015 04:31:01 UTC: ERROR(12591) [put.cc:191] [execute] - Not connected to cluster to put record
Jul 27 2015 04:31:01 UTC: ERROR(12591) [put.cc:191] [execute] - Not connected to cluster to put record
Jul 27 2015 04:31:01 UTC: ERROR(12591) [put.cc:191] [execute] - Not connected to cluster to put record
Jul 27 2015 04:31:01 UTC: ERROR(12591) [put.cc:191] [execute] - Not connected to cluster to put record
Jul 27 2015 04:31:01 UTC: ERROR(12591) [put.cc:191] [execute] - Not connected to cluster to put record
Jul 27 2015 04:31:01 UTC: ERROR(12591) [put.cc:191] [execute] - Not connected to cluster to put record
Jul 27 2015 04:31:01 UTC: ERROR(12591) [put.cc:191] [execute] - Not connected to cluster to put record
Jul 27 2015 04:31:01 UTC: ERROR(12591) [put.cc:191] [execute] - Not connected to cluster to put record
Jul 27 2015 04:31:01 UTC: ERROR(12591) [put.cc:191] [execute] - Not connected to cluster to put record
Jul 27 2015 04:31:01 UTC: ERROR(12591) [put.cc:191] [execute] - Not connected to cluster to put record
Jul 27 2015 04:31:01 UTC: ERROR(12591) [put.cc:191] [execute] - Not connected to cluster to put record
Jul 27 2015 04:31:01 UTC: ERROR(12591) [put.cc:191] [execute] - Not connected to cluster to put record
Jul 27 2015 04:31:01 UTC: ERROR(12591) [put.cc:191] [execute] - Not connected to cluster to put record
Jul 27 2015 04:31:01 UTC: ERROR(12591) [put.cc:191] [execute] - Not connected to cluster to put record
Jul 27 2015 04:31:01 UTC: ERROR(12591) [put.cc:191] [execute] - Not connected to cluster to put record
Jul 27 2015 04:31:01 UTC: ERROR(12591) [put.cc:191] [execute] - Not connected to cluster to put record
Jul 27 2015 04:31:01 UTC: ERROR(12591) [put.cc:191] [execute] - Not connected to cluster to put record
Jul 27 2015 04:31:01 UTC: ERROR(12591) [put.cc:191] [execute] - Not connected to cluster to put record
Jul 27 2015 04:31:01 UTC: ERROR(12591) [put.cc:191] [execute] - Not connected to cluster to put record
Jul 27 2015 04:31:01 UTC: ERROR(12591) [put.cc:191] [execute] - Not connected to cluster to put record
Jul 27 2015 04:31:01 UTC: ERROR(12591) [put.cc:191] [execute] - Not connected to cluster to put record
Jul 27 2015 04:31:01 UTC: ERROR(12591) [put.cc:191] [execute] - Not connected to cluster to put record
Jul 27 2015 04:31:01 UTC: ERROR(12591) [put.cc:191] [execute] - Not connected to cluster to put record
Jul 27 2015 04:31:01 UTC: ERROR(12591) [put.cc:191] [execute] - Not connected to cluster to put record
Jul 27 2015 04:31:01 UTC: ERROR(12591) [put.cc:191] [execute] - Not connected to cluster to put record
Jul 27 2015 04:31:01 UTC: ERROR(12591) [put.cc:191] [execute] - Not connected to cluster to put record
Jul 27 2015 04:31:01 UTC: ERROR(12591) [put.cc:191] [execute] - Not connected to cluster to put record
Jul 27 2015 04:31:01 UTC: ERROR(12591) [put.cc:191] [execute] - Not connected to cluster to put record
Jul 27 2015 04:31:01 UTC: ERROR(12591) [put.cc:191] [execute] - Not connected to cluster to put record
Jul 27 2015 04:31:01 UTC: ERROR(12591) [put.cc:191] [execute] - Not connected to cluster to put record
Jul 27 2015 04:31:01 UTC: ERROR(12591) [put.cc:191] [execute] - Not connected to cluster to put record
Jul 27 2015 04:31:01 UTC: ERROR(12591) [put.cc:191] [execute] - Not connected to cluster to put record
Jul 27 2015 04:31:01 UTC: ERROR(12591) [put.cc:191] [execute] - Not connected to cluster to put record
Jul 27 2015 04:31:01 UTC: ERROR(12591) [put.cc:191] [execute] - Not connected to cluster to put record
Jul 27 2015 04:31:01 UTC: ERROR(12591) [put.cc:191] [execute] - Not connected to cluster to put record
Jul 27 2015 04:31:01 UTC: ERROR(12591) [put.cc:191] [execute] - Not connected to cluster to put record
Jul 27 2015 04:31:01 UTC: ERROR(12591) [put.cc:191] [execute] - Not connected to cluster to put record
Jul 27 2015 04:31:01 UTC: ERROR(12591) [put.cc:191] [execute] - Not connected to cluster to put record
Jul 27 2015 04:31:01 UTC: ERROR(12591) [put.cc:191] [execute] - Not connected to cluster to put record
Jul 27 2015 04:31:01 UTC: ERROR(12591) [put.cc:191] [execute] - Not connected to cluster to put record
Jul 27 2015 04:31:01 UTC: ERROR(12591) [put.cc:191] [execute] - Not connected to cluster to put record
Jul 27 2015 04:31:01 UTC: ERROR(12591) [put.cc:191] [execute] - Not connected to cluster to put record
Jul 27 2015 04:31:01 UTC: ERROR(12591) [put.cc:191] [execute] - Not connected to cluster to put record
Jul 27 2015 04:31:01 UTC: ERROR(12591) [put.cc:191] [execute] - Not connected to cluster to put record
Jul 27 2015 04:31:01 UTC: ERROR(12591) [put.cc:191] [execute] - Not connected to cluster to put record
Jul 27 2015 04:31:01 UTC: ERROR(12591) [put.cc:191] [execute] - Not connected to cluster to put record
Jul 27 2015 04:31:01 UTC: ERROR(12591) [put.cc:191] [execute] - Not connected to cluster to put record
Jul 27 2015 04:31:01 UTC: ERROR(12591) [put.cc:191] [execute] - Not connected to cluster to put record
Jul 27 2015 04:31:01 UTC: ERROR(12591) [put.cc:191] [execute] - Not connected to cluster to put record
Jul 27 2015 04:31:01 UTC: ERROR(12591) [put.cc:191] [execute] - Not connected to cluster to put record
Jul 27 2015 04:31:01 UTC: ERROR(12591) [put.cc:191] [execute] - Not connected to cluster to put record
Jul 27 2015 04:31:01 UTC: ERROR(12591) [put.cc:191] [execute] - Not connected to cluster to put record
Jul 27 2015 04:31:01 UTC: ERROR(12591) [put.cc:191] [execute] - Not connected to cluster to put record
Jul 27 2015 04:31:01 UTC: ERROR(12591) [put.cc:191] [execute] - Not connected to cluster to put record
Jul 27 2015 04:31:01 UTC: ERROR(12591) [put.cc:191] [execute] - Not connected to cluster to put record
Jul 27 2015 04:31:01 UTC: ERROR(12591) [put.cc:191] [execute] - Not connected to cluster to put record
Jul 27 2015 04:31:01 UTC: ERROR(12591) [put.cc:191] [execute] - Not connected to cluster to put record
Jul 27 2015 04:31:01 UTC: ERROR(12591) [put.cc:191] [execute] - Not connected to cluster to put record
Jul 27 2015 04:31:01 UTC: ERROR(12591) [put.cc:191] [execute] - Not connected to cluster to put record
Jul 27 2015 04:31:01 UTC: ERROR(12591) [put.cc:191] [execute] - Not connected to cluster to put record
Jul 27 2015 04:31:01 UTC: ERROR(12591) [put.cc:191] [execute] - Not connected to cluster to put record
Jul 27 2015 04:31:01 UTC: ERROR(12591) [put.cc:191] [execute] - Not connected to cluster to put record
Jul 27 2015 04:31:01 UTC: ERROR(12591) [put.cc:191] [execute] - Not connected to cluster to put record
Jul 27 2015 04:31:01 UTC: ERROR(12591) [put.cc:191] [execute] - Not connected to cluster to put record
Jul 27 2015 04:31:01 UTC: ERROR(12591) [put.cc:191] [execute] - Not connected to cluster to put record
Jul 27 2015 04:31:01 UTC: ERROR(12591) [put.cc:191] [execute] - Not connected to cluster to put record
Jul 27 2015 04:31:01 UTC: ERROR(12591) [put.cc:191] [execute] - Not connected to cluster to put record
Jul 27 2015 04:31:01 UTC: ERROR(12591) [put.cc:191] [execute] - Not connected to cluster to put record
Jul 27 2015 04:31:01 UTC: ERROR(12591) [put.cc:191] [execute] - Not connected to cluster to put record
Jul 27 2015 04:31:01 UTC: ERROR(12591) [put.cc:191] [execute] - Not connected to cluster to put record
Jul 27 2015 04:31:01 UTC: ERROR(12591) [put.cc:191] [execute] - Not connected to cluster to put record
Jul 27 2015 04:31:01 UTC: ERROR(12591) [put.cc:191] [execute] - Not connected to cluster to put record
Jul 27 2015 04:31:01 UTC: ERROR(12591) [put.cc:191] [execute] - Not connected to cluster to put record
Jul 27 2015 04:31:01 UTC: ERROR(12591) [put.cc:191] [execute] - Not connected to cluster to put record
Jul 27 2015 04:31:01 UTC: ERROR(12591) [put.cc:191] [execute] - Not connected to cluster to put record
Jul 27 2015 04:31:01 UTC: ERROR(12591) [put.cc:191] [execute] - Not connected to cluster to put record
Jul 27 2015 04:31:01 UTC: ERROR(12591) [put.cc:191] [execute] - Not connected to cluster to put record
Jul 27 2015 04:31:01 UTC: ERROR(12591) [put.cc:191] [execute] - Not connected to cluster to put record
Jul 27 2015 04:31:01 UTC: ERROR(12591) [put.cc:191] [execute] - Not connected to cluster to put record
Jul 27 2015 04:31:01 UTC: ERROR(12591) [put.cc:191] [execute] - Not connected to cluster to put record
Jul 27 2015 04:31:01 UTC: ERROR(12591) [put.cc:191] [execute] - Not connected to cluster to put record
Jul 27 2015 04:31:01 UTC: ERROR(12591) [put.cc:191] [execute] - Not connected to cluster to put record
Jul 27 2015 04:31:01 UTC: ERROR(12591) [put.cc:191] [execute] - Not connected to cluster to put record
Jul 27 2015 04:31:01 UTC: ERROR(12591) [put.cc:191] [execute] - Not connected to cluster to put record
Jul 27 2015 04:31:01 UTC: ERROR(12591) [put.cc:191] [execute] - Not connected to cluster to put record
Jul 27 2015 04:31:01 UTC: ERROR(12591) [put.cc:191] [execute] - Not connected to cluster to put record
Jul 27 2015 04:31:01 UTC: ERROR(12591) [put.cc:191] [execute] - Not connected to cluster to put record
Jul 27 2015 04:31:01 UTC: ERROR(12591) [put.cc:191] [execute] - Not connected to cluster to put record
Jul 27 2015 04:31:01 UTC: ERROR(12591) [put.cc:191] [execute] - Not connected to cluster to put record
Jul 27 2015 04:31:01 UTC: ERROR(12591) [put.cc:191] [execute] - Not connected to cluster to put record
Jul 27 2015 04:31:01 UTC: ERROR(12591) [put.cc:191] [execute] - Not connected to cluster to put record
Jul 27 2015 04:31:01 UTC: ERROR(12591) [put.cc:191] [execute] - Not connected to cluster to put record
Jul 27 2015 04:31:01 UTC: ERROR(12591) [put.cc:191] [execute] - Not connected to cluster to put record
Jul 27 2015 04:31:01 UTC: ERROR(12591) [put.cc:191] [execute] - Not connected to cluster to put record
Jul 27 2015 04:31:01 UTC: ERROR(12591) [put.cc:191] [execute] - Not connected to cluster to put record
Jul 27 2015 04:31:01 UTC: ERROR(12591) [put.cc:191] [execute] - Not connected to cluster to put record
Jul 27 2015 04:31:01 UTC: ERROR(12591) [put.cc:191] [execute] - Not connected to cluster to put record
Jul 27 2015 04:31:01 UTC: ERROR(12591) [put.cc:191] [execute] - Not connected to cluster to put record
Jul 27 2015 04:31:01 UTC: ERROR(12591) [connect.cc:69] [Connect] - Connecting to Cluster Failed
Jul 27 2015 04:31:01 UTC: ERROR(12591) [put.cc:191] [execute] - Not connected to cluster to put record
Jul 27 2015 04:31:01 UTC: ERROR(12591) [put.cc:191] [execute] - Not connected to cluster to put record
Jul 27 2015 04:31:01 UTC: ERROR(12591) [put.cc:191] [execute] - Not connected to cluster to put record
Jul 27 2015 04:31:01 UTC: ERROR(12591) [put.cc:191] [execute] - Not connected to cluster to put record
Jul 27 2015 04:31:01 UTC: ERROR(12591) [put.cc:191] [execute] - Not connected to cluster to put record
Jul 27 2015 04:31:01 UTC: ERROR(12591) [put.cc:191] [execute] - Not connected to cluster to put record
Jul 27 2015 04:31:01 UTC: ERROR(12591) [put.cc:191] [execute] - Not connected to cluster to put record
Jul 27 2015 04:31:01 UTC: ERROR(12591) [put.cc:191] [execute] - Not connected to cluster to put record
Jul 27 2015 04:31:01 UTC: ERROR(12591) [put.cc:191] [execute] - Not connected to cluster to put record
Jul 27 2015 04:31:01 UTC: ERROR(12591) [put.cc:191] [execute] - Not connected to cluster to put record
Jul 27 2015 04:31:01 UTC: ERROR(12591) [batch_select.cc:226] [execute] - Cluster Object is NULL, can't perform the operation
Jul 27 2015 04:31:01 UTC: ERROR(12591) [put.cc:191] [execute] - Not connected to cluster to put record
Jul 27 2015 04:31:01 UTC: ERROR(12591) [put.cc:191] [execute] - Not connected to cluster to put record
Jul 27 2015 04:31:01 UTC: ERROR(12591) [put.cc:191] [execute] - Not connected to cluster to put record
Jul 27 2015 04:31:01 UTC: ERROR(12591) [put.cc:191] [execute] - Not connected to cluster to put record
Jul 27 2015 04:31:01 UTC: ERROR(12591) [put.cc:191] [execute] - Not connected to cluster to put record
Jul 27 2015 04:31:01 UTC: ERROR(12591) [put.cc:191] [execute] - Not connected to cluster to put record
Jul 27 2015 04:31:01 UTC: ERROR(12591) [put.cc:191] [execute] - Not connected to cluster to put record
Jul 27 2015 04:31:01 UTC: ERROR(12591) [put.cc:191] [execute] - Not connected to cluster to put record
Jul 27 2015 04:31:01 UTC: ERROR(12591) [put.cc:191] [execute] - Not connected to cluster to put record
Jul 27 2015 04:31:01 UTC: ERROR(12591) [put.cc:191] [execute] - Not connected to cluster to put record
Jul 27 2015 04:31:01 UTC: ERROR(12591) [put.cc:191] [execute] - Not connected to cluster to put record
Jul 27 2015 04:31:01 UTC: ERROR(12591) [put.cc:191] [execute] - Not connected to cluster to put record
Jul 27 2015 04:31:01 UTC: ERROR(12591) [put.cc:191] [execute] - Not connected to cluster to put record
Jul 27 2015 04:31:01 UTC: ERROR(12591) [put.cc:191] [execute] - Not connected to cluster to put record
Jul 27 2015 04:31:01 UTC: ERROR(12591) [put.cc:191] [execute] - Not connected to cluster to put record
Jul 27 2015 04:31:01 UTC: ERROR(12591) [put.cc:191] [execute] - Not connected to cluster to put record
Jul 27 2015 04:31:01 UTC: ERROR(12591) [put.cc:191] [execute] - Not connected to cluster to put record
Jul 27 2015 04:31:01 UTC: ERROR(12591) [put.cc:191] [execute] - Not connected to cluster to put record
Jul 27 2015 04:31:01 UTC: ERROR(12591) [put.cc:191] [execute] - Not connected to cluster to put record
Jul 27 2015 04:31:01 UTC: ERROR(12591) [put.cc:191] [execute] - Not connected to cluster to put record
Jul 27 2015 04:31:01 UTC: ERROR(12591) [put.cc:191] [execute] - Not connected to cluster to put record
Jul 27 2015 04:31:01 UTC: ERROR(12591) [put.cc:191] [execute] - Not connected to cluster to put record
Jul 27 2015 04:31:01 UTC: ERROR(12591) [put.cc:191] [execute] - Not connected to cluster to put record
Jul 27 2015 04:31:01 UTC: ERROR(12591) [put.cc:191] [execute] - Not connected to cluster to put record
Jul 27 2015 04:31:01 UTC: ERROR(12591) [put.cc:191] [execute] - Not connected to cluster to put record
Jul 27 2015 04:31:01 UTC: ERROR(12591) [put.cc:191] [execute] - Not connected to cluster to put record
Jul 27 2015 04:31:01 UTC: ERROR(12591) [put.cc:191] [execute] - Not connected to cluster to put record
Jul 27 2015 04:31:01 UTC: ERROR(12591) [put.cc:191] [execute] - Not connected to cluster to put record
Jul 27 2015 04:31:01 UTC: ERROR(12591) [put.cc:191] [execute] - Not connected to cluster to put record
Jul 27 2015 04:31:01 UTC: ERROR(12591) [put.cc:191] [execute] - Not connected to cluster to put record
Jul 27 2015 04:31:01 UTC: ERROR(12591) [put.cc:191] [execute] - Not connected to cluster to put record
Jul 27 2015 04:31:01 UTC: ERROR(12591) [put.cc:191] [execute] - Not connected to cluster to put record
Jul 27 2015 04:31:01 UTC: ERROR(12591) [put.cc:191] [execute] - Not connected to cluster to put record
Jul 27 2015 04:31:01 UTC: ERROR(12591) [put.cc:191] [execute] - Not connected to cluster to put record
Jul 27 2015 04:31:01 UTC: ERROR(12591) [put.cc:191] [execute] - Not connected to cluster to put record
Jul 27 2015 04:31:01 UTC: ERROR(12591) [put.cc:191] [execute] - Not connected to cluster to put record
Jul 27 2015 04:31:01 UTC: ERROR(12591) [put.cc:191] [execute] - Not connected to cluster to put record
Jul 27 2015 04:31:01 UTC: ERROR(12591) [put.cc:191] [execute] - Not connected to cluster to put record
Jul 27 2015 04:31:01 UTC: ERROR(12591) [put.cc:191] [execute] - Not connected to cluster to put record
Jul 27 2015 04:31:01 UTC: ERROR(12591) [put.cc:191] [execute] - Not connected to cluster to put record
Jul 27 2015 04:31:01 UTC: ERROR(12591) [put.cc:191] [execute] - Not connected to cluster to put record
Jul 27 2015 04:31:01 UTC: ERROR(12591) [put.cc:191] [execute] - Not connected to cluster to put record
Jul 27 2015 04:31:01 UTC: ERROR(12591) [put.cc:191] [execute] - Not connected to cluster to put record
Jul 27 2015 04:31:01 UTC: ERROR(12591) [put.cc:191] [execute] - Not connected to cluster to put record
Jul 27 2015 04:31:01 UTC: ERROR(12591) [put.cc:191] [execute] - Not connected to cluster to put record
Jul 27 2015 04:31:01 UTC: ERROR(12591) [put.cc:191] [execute] - Not connected to cluster to put record
Jul 27 2015 04:31:01 UTC: ERROR(12591) [put.cc:191] [execute] - Not connected to cluster to put record
Jul 27 2015 04:31:01 UTC: ERROR(12591) [put.cc:191] [execute] - Not connected to cluster to put record
Jul 27 2015 04:31:01 UTC: ERROR(12591) [put.cc:191] [execute] - Not connected to cluster to put record
Jul 27 2015 04:31:01 UTC: ERROR(12591) [put.cc:191] [execute] - Not connected to cluster to put record
Jul 27 2015 04:31:01 UTC: ERROR(12591) [put.cc:191] [execute] - Not connected to cluster to put record
Jul 27 2015 04:31:01 UTC: ERROR(12591) [put.cc:191] [execute] - Not connected to cluster to put record
Jul 27 2015 04:31:01 UTC: ERROR(12591) [put.cc:191] [execute] - Not connected to cluster to put record
Jul 27 2015 04:31:01 UTC: ERROR(12591) [put.cc:191] [execute] - Not connected to cluster to put record
Jul 27 2015 04:31:01 UTC: ERROR(12591) [put.cc:191] [execute] - Not connected to cluster to put record
Jul 27 2015 04:31:01 UTC: ERROR(12591) [put.cc:191] [execute] - Not connected to cluster to put record
Jul 27 2015 04:31:01 UTC: ERROR(12591) [put.cc:191] [execute] - Not connected to cluster to put record
Jul 27 2015 04:31:01 UTC: ERROR(12591) [put.cc:191] [execute] - Not connected to cluster to put record
Jul 27 2015 04:31:01 UTC: ERROR(12591) [put.cc:191] [execute] - Not connected to cluster to put record
Jul 27 2015 04:31:01 UTC: ERROR(12591) [put.cc:191] [execute] - Not connected to cluster to put record
Jul 27 2015 04:31:01 UTC: ERROR(12591) [put.cc:191] [execute] - Not connected to cluster to put record
Jul 27 2015 04:31:01 UTC: ERROR(12591) [put.cc:191] [execute] - Not connected to cluster to put record
Jul 27 2015 04:31:01 UTC: ERROR(12591) [put.cc:191] [execute] - Not connected to cluster to put record
Jul 27 2015 04:31:01 UTC: ERROR(12591) [put.cc:191] [execute] - Not connected to cluster to put record
Jul 27 2015 04:31:01 UTC: ERROR(12591) [put.cc:191] [execute] - Not connected to cluster to put record
Jul 27 2015 04:31:01 UTC: ERROR(12591) [put.cc:191] [execute] - Not connected to cluster to put record
Jul 27 2015 04:31:01 UTC: ERROR(12591) [put.cc:191] [execute] - Not connected to cluster to put record
Jul 27 2015 04:31:01 UTC: ERROR(12591) [put.cc:191] [execute] - Not connected to cluster to put record
Jul 27 2015 04:31:01 UTC: ERROR(12591) [put.cc:191] [execute] - Not connected to cluster to put record
Jul 27 2015 04:31:01 UTC: ERROR(12591) [put.cc:191] [execute] - Not connected to cluster to put record
Jul 27 2015 04:31:01 UTC: ERROR(12591) [put.cc:191] [execute] - Not connected to cluster to put record
Jul 27 2015 04:31:01 UTC: ERROR(12591) [put.cc:191] [execute] - Not connected to cluster to put record
Jul 27 2015 04:31:01 UTC: ERROR(12591) [put.cc:191] [execute] - Not connected to cluster to put record
Jul 27 2015 04:31:01 UTC: ERROR(12591) [put.cc:191] [execute] - Not connected to cluster to put record
Jul 27 2015 04:31:01 UTC: ERROR(12591) [put.cc:191] [execute] - Not connected to cluster to put record
Jul 27 2015 04:31:01 UTC: ERROR(12591) [put.cc:191] [execute] - Not connected to cluster to put record
Jul 27 2015 04:31:01 UTC: ERROR(12591) [put.cc:191] [execute] - Not connected to cluster to put record
Jul 27 2015 04:31:01 UTC: ERROR(12591) [put.cc:191] [execute] - Not connected to cluster to put record
Jul 27 2015 04:31:01 UTC: ERROR(12591) [put.cc:191] [execute] - Not connected to cluster to put record
Jul 27 2015 04:31:01 UTC: ERROR(12591) [put.cc:191] [execute] - Not connected to cluster to put record
Jul 27 2015 04:31:01 UTC: ERROR(12591) [put.cc:191] [execute] - Not connected to cluster to put record
Jul 27 2015 04:31:01 UTC: ERROR(12591) [put.cc:191] [execute] - Not connected to cluster to put record
Jul 27 2015 04:31:01 UTC: ERROR(12591) [put.cc:191] [execute] - Not connected to cluster to put record
Jul 27 2015 04:31:01 UTC: ERROR(12591) [put.cc:191] [execute] - Not connected to cluster to put record
Jul 27 2015 04:31:01 UTC: ERROR(12591) [put.cc:191] [execute] - Not connected to cluster to put record
Jul 27 2015 04:31:01 UTC: ERROR(12591) [put.cc:191] [execute] - Not connected to cluster to put record
Jul 27 2015 04:31:01 UTC: ERROR(12591) [put.cc:191] [execute] - Not connected to cluster to put record
Jul 27 2015 04:31:01 UTC: ERROR(12591) [put.cc:191] [execute] - Not connected to cluster to put record
Jul 27 2015 04:31:01 UTC: ERROR(12591) [put.cc:191] [execute] - Not connected to cluster to put record
Jul 27 2015 04:31:01 UTC: ERROR(12591) [put.cc:191] [execute] - Not connected to cluster to put record
Jul 27 2015 04:31:01 UTC: ERROR(12591) [put.cc:191] [execute] - Not connected to cluster to put record
Jul 27 2015 04:31:01 UTC: ERROR(12591) [put.cc:191] [execute] - Not connected to cluster to put record
Jul 27 2015 04:31:01 UTC: ERROR(12591) [put.cc:191] [execute] - Not connected to cluster to put record
Jul 27 2015 04:31:01 UTC: ERROR(12591) [put.cc:191] [execute] - Not connected to cluster to put record
Jul 27 2015 04:31:01 UTC: ERROR(12591) [put.cc:191] [execute] - Not connected to cluster to put record
Jul 27 2015 04:31:01 UTC: ERROR(12591) [put.cc:191] [execute] - Not connected to cluster to put record
Jul 27 2015 04:31:01 UTC: ERROR(12591) [put.cc:191] [execute] - Not connected to cluster to put record
Jul 27 2015 04:31:01 UTC: ERROR(12591) [put.cc:191] [execute] - Not connected to cluster to put record
Jul 27 2015 04:31:01 UTC: ERROR(12591) [put.cc:191] [execute] - Not connected to cluster to put record
Jul 27 2015 04:31:01 UTC: ERROR(12591) [put.cc:191] [execute] - Not connected to cluster to put record
Jul 27 2015 04:31:01 UTC: ERROR(12591) [put.cc:191] [execute] - Not connected to cluster to put record
Jul 27 2015 04:31:01 UTC: ERROR(12591) [put.cc:191] [execute] - Not connected to cluster to put record
Jul 27 2015 04:31:01 UTC: ERROR(12591) [put.cc:191] [execute] - Not connected to cluster to put record
Jul 27 2015 04:31:01 UTC: ERROR(12591) [put.cc:191] [execute] - Not connected to cluster to put record
Jul 27 2015 04:31:01 UTC: ERROR(12591) [put.cc:191] [execute] - Not connected to cluster to put record
Jul 27 2015 04:31:01 UTC: ERROR(12591) [put.cc:191] [execute] - Not connected to cluster to put record
Jul 27 2015 04:31:01 UTC: ERROR(12591) [put.cc:191] [execute] - Not connected to cluster to put record
Jul 27 2015 04:31:01 UTC: ERROR(12591) [put.cc:191] [execute] - Not connected to cluster to put record
Jul 27 2015 04:31:01 UTC: ERROR(12591) [put.cc:191] [execute] - Not connected to cluster to put record
Jul 27 2015 04:31:01 UTC: ERROR(12591) [put.cc:191] [execute] - Not connected to cluster to put record
Jul 27 2015 04:31:01 UTC: ERROR(12591) [put.cc:191] [execute] - Not connected to cluster to put record
Jul 27 2015 04:31:01 UTC: ERROR(12591) [put.cc:191] [execute] - Not connected to cluster to put record
Jul 27 2015 04:31:01 UTC: ERROR(12591) [put.cc:191] [execute] - Not connected to cluster to put record
Jul 27 2015 04:31:01 UTC: ERROR(12591) [put.cc:191] [execute] - Not connected to cluster to put record
Jul 27 2015 04:31:01 UTC: ERROR(12591) [put.cc:191] [execute] - Not connected to cluster to put record
Jul 27 2015 04:31:01 UTC: ERROR(12591) [put.cc:191] [execute] - Not connected to cluster to put record
Jul 27 2015 04:31:01 UTC: ERROR(12591) [put.cc:191] [execute] - Not connected to cluster to put record
Jul 27 2015 04:31:01 UTC: ERROR(12591) [put.cc:191] [execute] - Not connected to cluster to put record
Jul 27 2015 04:31:01 UTC: ERROR(12591) [put.cc:191] [execute] - Not connected to cluster to put record
Jul 27 2015 04:31:01 UTC: ERROR(12591) [put.cc:191] [execute] - Not connected to cluster to put record
Jul 27 2015 04:31:01 UTC: ERROR(12591) [put.cc:191] [execute] - Not connected to cluster to put record
Jul 27 2015 04:31:01 UTC: ERROR(12591) [put.cc:191] [execute] - Not connected to cluster to put record
Jul 27 2015 04:31:01 UTC: ERROR(12591) [put.cc:191] [execute] - Not connected to cluster to put record
Jul 27 2015 04:31:01 UTC: ERROR(12591) [put.cc:191] [execute] - Not connected to cluster to put record
Jul 27 2015 04:31:01 UTC: ERROR(12591) [put.cc:191] [execute] - Not connected to cluster to put record
Jul 27 2015 04:31:01 UTC: ERROR(12591) [put.cc:191] [execute] - Not connected to cluster to put record
Jul 27 2015 04:31:01 UTC: ERROR(12591) [put.cc:191] [execute] - Not connected to cluster to put record
Jul 27 2015 04:31:01 UTC: ERROR(12591) [put.cc:191] [execute] - Not connected to cluster to put record
Jul 27 2015 04:31:01 UTC: ERROR(12591) [put.cc:191] [execute] - Not connected to cluster to put record
Jul 27 2015 04:31:01 UTC: ERROR(12591) [put.cc:191] [execute] - Not connected to cluster to put record
Jul 27 2015 04:31:01 UTC: ERROR(12591) [put.cc:191] [execute] - Not connected to cluster to put record
Jul 27 2015 04:31:01 UTC: ERROR(12591) [put.cc:191] [execute] - Not connected to cluster to put record
Jul 27 2015 04:31:01 UTC: ERROR(12591) [put.cc:191] [execute] - Not connected to cluster to put record
Jul 27 2015 04:31:01 UTC: ERROR(12591) [put.cc:191] [execute] - Not connected to cluster to put record
Jul 27 2015 04:31:01 UTC: ERROR(12591) [put.cc:191] [execute] - Not connected to cluster to put record
Jul 27 2015 04:31:01 UTC: ERROR(12591) [put.cc:191] [execute] - Not connected to cluster to put record
Jul 27 2015 04:31:01 UTC: ERROR(12591) [put.cc:191] [execute] - Not connected to cluster to put record
Jul 27 2015 04:31:01 UTC: ERROR(12591) [put.cc:191] [execute] - Not connected to cluster to put record
Jul 27 2015 04:31:01 UTC: ERROR(12591) [put.cc:191] [execute] - Not connected to cluster to put record
Jul 27 2015 04:31:01 UTC: ERROR(12591) [put.cc:191] [execute] - Not connected to cluster to put record
Jul 27 2015 04:31:01 UTC: ERROR(12591) [put.cc:191] [execute] - Not connected to cluster to put record
Jul 27 2015 04:31:01 UTC: ERROR(12591) [put.cc:191] [execute] - Not connected to cluster to put record
Jul 27 2015 04:31:01 UTC: ERROR(12591) [put.cc:191] [execute] - Not connected to cluster to put record
Jul 27 2015 04:31:01 UTC: ERROR(12591) [put.cc:191] [execute] - Not connected to cluster to put record
Jul 27 2015 04:31:01 UTC: ERROR(12591) [put.cc:191] [execute] - Not connected to cluster to put record
Jul 27 2015 04:31:01 UTC: ERROR(12591) [put.cc:191] [execute] - Not connected to cluster to put record
Jul 27 2015 04:31:01 UTC: ERROR(12591) [put.cc:191] [execute] - Not connected to cluster to put record
Jul 27 2015 04:31:01 UTC: ERROR(12591) [put.cc:191] [execute] - Not connected to cluster to put record
Jul 27 2015 04:31:01 UTC: ERROR(12591) [put.cc:191] [execute] - Not connected to cluster to put record
Jul 27 2015 04:31:01 UTC: ERROR(12591) [put.cc:191] [execute] - Not connected to cluster to put record
Jul 27 2015 04:31:01 UTC: ERROR(12591) [put.cc:191] [execute] - Not connected to cluster to put record
Jul 27 2015 04:31:01 UTC: ERROR(12591) [put.cc:191] [execute] - Not connected to cluster to put record
Jul 27 2015 04:31:01 UTC: ERROR(12591) [put.cc:191] [execute] - Not connected to cluster to put record
Jul 27 2015 04:31:01 UTC: ERROR(12591) [put.cc:191] [execute] - Not connected to cluster to put record
Jul 27 2015 04:31:01 UTC: ERROR(12591) [put.cc:191] [execute] - Not connected to cluster to put record
Jul 27 2015 04:31:01 UTC: ERROR(12591) [put.cc:191] [execute] - Not connected to cluster to put record
Jul 27 2015 04:31:01 UTC: ERROR(12591) [put.cc:191] [execute] - Not connected to cluster to put record
Jul 27 2015 04:31:01 UTC: ERROR(12591) [put.cc:191] [execute] - Not connected to cluster to put record
Jul 27 2015 04:31:01 UTC: ERROR(12591) [put.cc:191] [execute] - Not connected to cluster to put record
Jul 27 2015 04:31:01 UTC: ERROR(12591) [put.cc:191] [execute] - Not connected to cluster to put record
Jul 27 2015 04:31:01 UTC: ERROR(12591) [put.cc:191] [execute] - Not connected to cluster to put record
Jul 27 2015 04:31:01 UTC: ERROR(12591) [put.cc:191] [execute] - Not connected to cluster to put record
Jul 27 2015 04:31:01 UTC: ERROR(12591) [put.cc:191] [execute] - Not connected to cluster to put record
Jul 27 2015 04:31:01 UTC: ERROR(12591) [put.cc:191] [execute] - Not connected to cluster to put record
Jul 27 2015 04:31:01 UTC: ERROR(12591) [put.cc:191] [execute] - Not connected to cluster to put record
Jul 27 2015 04:31:01 UTC: ERROR(12591) [put.cc:191] [execute] - Not connected to cluster to put record
Jul 27 2015 04:31:01 UTC: ERROR(12591) [put.cc:191] [execute] - Not connected to cluster to put record
Jul 27 2015 04:31:01 UTC: ERROR(12591) [put.cc:191] [execute] - Not connected to cluster to put record
Jul 27 2015 04:31:01 UTC: ERROR(12591) [put.cc:191] [execute] - Not connected to cluster to put record
Jul 27 2015 04:31:01 UTC: ERROR(12591) [put.cc:191] [execute] - Not connected to cluster to put record
Jul 27 2015 04:31:01 UTC: ERROR(12591) [put.cc:191] [execute] - Not connected to cluster to put record
Jul 27 2015 04:31:01 UTC: ERROR(12591) [put.cc:191] [execute] - Not connected to cluster to put record
Jul 27 2015 04:31:01 UTC: ERROR(12591) [put.cc:191] [execute] - Not connected to cluster to put record
Jul 27 2015 04:31:01 UTC: ERROR(12591) [put.cc:191] [execute] - Not connected to cluster to put record
Jul 27 2015 04:31:01 UTC: ERROR(12591) [put.cc:191] [execute] - Not connected to cluster to put record
Jul 27 2015 04:31:01 UTC: ERROR(12591) [put.cc:191] [execute] - Not connected to cluster to put record
Jul 27 2015 04:31:01 UTC: ERROR(12591) [put.cc:191] [execute] - Not connected to cluster to put record
Jul 27 2015 04:31:01 UTC: ERROR(12591) [put.cc:191] [execute] - Not connected to cluster to put record
Jul 27 2015 04:31:01 UTC: ERROR(12591) [put.cc:191] [execute] - Not connected to cluster to put record
Jul 27 2015 04:31:01 UTC: ERROR(12591) [put.cc:191] [execute] - Not connected to cluster to put record
Jul 27 2015 04:31:01 UTC: ERROR(12591) [put.cc:191] [execute] - Not connected to cluster to put record
Jul 27 2015 04:31:01 UTC: ERROR(12591) [put.cc:191] [execute] - Not connected to cluster to put record
Jul 27 2015 04:31:01 UTC: ERROR(12591) [put.cc:191] [execute] - Not connected to cluster to put record
Jul 27 2015 04:31:01 UTC: ERROR(12591) [put.cc:191] [execute] - Not connected to cluster to put record
Jul 27 2015 04:31:01 UTC: ERROR(12591) [put.cc:191] [execute] - Not connected to cluster to put record
Jul 27 2015 04:31:01 UTC: ERROR(12591) [put.cc:191] [execute] - Not connected to cluster to put record
Jul 27 2015 04:31:01 UTC: ERROR(12591) [put.cc:191] [execute] - Not connected to cluster to put record
Jul 27 2015 04:31:01 UTC: ERROR(12591) [put.cc:191] [execute] - Not connected to cluster to put record
Jul 27 2015 04:31:01 UTC: ERROR(12591) [put.cc:191] [execute] - Not connected to cluster to put record
Jul 27 2015 04:31:01 UTC: ERROR(12591) [put.cc:191] [execute] - Not connected to cluster to put record
Jul 27 2015 04:31:01 UTC: ERROR(12591) [put.cc:191] [execute] - Not connected to cluster to put record
Jul 27 2015 04:31:01 UTC: ERROR(12591) [put.cc:191] [execute] - Not connected to cluster to put record
Jul 27 2015 04:31:01 UTC: ERROR(12591) [put.cc:191] [execute] - Not connected to cluster to put record
Jul 27 2015 04:31:01 UTC: ERROR(12591) [put.cc:191] [execute] - Not connected to cluster to put record
Jul 27 2015 04:31:01 UTC: ERROR(12591) [put.cc:191] [execute] - Not connected to cluster to put record
Jul 27 2015 04:31:01 UTC: ERROR(12591) [put.cc:191] [execute] - Not connected to cluster to put record
Jul 27 2015 04:31:01 UTC: ERROR(12591) [put.cc:191] [execute] - Not connected to cluster to put record
Jul 27 2015 04:31:01 UTC: ERROR(12591) [put.cc:191] [execute] - Not connected to cluster to put record
Jul 27 2015 04:31:01 UTC: ERROR(12591) [put.cc:191] [execute] - Not connected to cluster to put record
Jul 27 2015 04:31:01 UTC: ERROR(12591) [put.cc:191] [execute] - Not connected to cluster to put record
Jul 27 2015 04:31:01 UTC: ERROR(12591) [put.cc:191] [execute] - Not connected to cluster to put record
Jul 27 2015 04:31:01 UTC: ERROR(12591) [put.cc:191] [execute] - Not connected to cluster to put record
Jul 27 2015 04:31:01 UTC: ERROR(12591) [put.cc:191] [execute] - Not connected to cluster to put record
Jul 27 2015 04:31:01 UTC: ERROR(12591) [put.cc:191] [execute] - Not connected to cluster to put record
Jul 27 2015 04:31:01 UTC: ERROR(12591) [put.cc:191] [execute] - Not connected to cluster to put record
Jul 27 2015 04:31:01 UTC: ERROR(12591) [put.cc:191] [execute] - Not connected to cluster to put record
Jul 27 2015 04:31:01 UTC: ERROR(12591) [put.cc:191] [execute] - Not connected to cluster to put record
Jul 27 2015 04:31:01 UTC: ERROR(12591) [put.cc:191] [execute] - Not connected to cluster to put record
Jul 27 2015 04:31:01 UTC: ERROR(12591) [put.cc:191] [execute] - Not connected to cluster to put record
Jul 27 2015 04:31:01 UTC: ERROR(12591) [put.cc:191] [execute] - Not connected to cluster to put record
Jul 27 2015 04:31:01 UTC: ERROR(12591) [put.cc:191] [execute] - Not connected to cluster to put record
Jul 27 2015 04:31:01 UTC: ERROR(12591) [put.cc:191] [execute] - Not connected to cluster to put record
Jul 27 2015 04:31:01 UTC: ERROR(12591) [put.cc:191] [execute] - Not connected to cluster to put record
Jul 27 2015 04:31:01 UTC: ERROR(12591) [put.cc:191] [execute] - Not connected to cluster to put record
Jul 27 2015 04:31:01 UTC: ERROR(12591) [put.cc:191] [execute] - Not connected to cluster to put record
Jul 27 2015 04:31:01 UTC: ERROR(12591) [put.cc:191] [execute] - Not connected to cluster to put record
Jul 27 2015 04:31:01 UTC: ERROR(12591) [put.cc:191] [execute] - Not connected to cluster to put record
Jul 27 2015 04:31:01 UTC: ERROR(12591) [put.cc:191] [execute] - Not connected to cluster to put record
Jul 27 2015 04:31:01 UTC: ERROR(12591) [put.cc:191] [execute] - Not connected to cluster to put record
Jul 27 2015 04:31:01 UTC: ERROR(12591) [put.cc:191] [execute] - Not connected to cluster to put record
Jul 27 2015 04:31:01 UTC: ERROR(12591) [put.cc:191] [execute] - Not connected to cluster to put record
Jul 27 2015 04:31:01 UTC: ERROR(12591) [put.cc:191] [execute] - Not connected to cluster to put record
Jul 27 2015 04:31:01 UTC: ERROR(12591) [put.cc:191] [execute] - Not connected to cluster to put record
Jul 27 2015 04:31:01 UTC: ERROR(12591) [put.cc:191] [execute] - Not connected to cluster to put record
Jul 27 2015 04:31:01 UTC: ERROR(12591) [put.cc:191] [execute] - Not connected to cluster to put record
Jul 27 2015 04:31:01 UTC: ERROR(12591) [put.cc:191] [execute] - Not connected to cluster to put record
Jul 27 2015 04:31:01 UTC: ERROR(12591) [put.cc:191] [execute] - Not connected to cluster to put record
Jul 27 2015 04:31:01 UTC: ERROR(12591) [put.cc:191] [execute] - Not connected to cluster to put record
Jul 27 2015 04:31:01 UTC: ERROR(12591) [put.cc:191] [execute] - Not connected to cluster to put record
Jul 27 2015 04:31:01 UTC: ERROR(12591) [put.cc:191] [execute] - Not connected to cluster to put record
Jul 27 2015 04:31:01 UTC: ERROR(12591) [put.cc:191] [execute] - Not connected to cluster to put record
Jul 27 2015 04:31:01 UTC: ERROR(12591) [put.cc:191] [execute] - Not connected to cluster to put record
Jul 27 2015 04:31:01 UTC: ERROR(12591) [put.cc:191] [execute] - Not connected to cluster to put record
Jul 27 2015 04:31:01 UTC: ERROR(12591) [put.cc:191] [execute] - Not connected to cluster to put record
Jul 27 2015 04:31:01 UTC: ERROR(12591) [put.cc:191] [execute] - Not connected to cluster to put record
Jul 27 2015 04:31:01 UTC: ERROR(12591) [put.cc:191] [execute] - Not connected to cluster to put record
Jul 27 2015 04:31:01 UTC: ERROR(12591) [put.cc:191] [execute] - Not connected to cluster to put record
Jul 27 2015 04:31:01 UTC: ERROR(12591) [put.cc:191] [execute] - Not connected to cluster to put record
Jul 27 2015 04:31:01 UTC: ERROR(12591) [put.cc:191] [execute] - Not connected to cluster to put record
Jul 27 2015 04:31:01 UTC: ERROR(12591) [put.cc:191] [execute] - Not connected to cluster to put record
Jul 27 2015 04:31:01 UTC: ERROR(12591) [put.cc:191] [execute] - Not connected to cluster to put record
Jul 27 2015 04:31:01 UTC: ERROR(12591) [put.cc:191] [execute] - Not connected to cluster to put record
Jul 27 2015 04:31:01 UTC: ERROR(12591) [put.cc:191] [execute] - Not connected to cluster to put record
Jul 27 2015 04:31:01 UTC: ERROR(12591) [put.cc:191] [execute] - Not connected to cluster to put record
Jul 27 2015 04:31:01 UTC: ERROR(12591) [put.cc:191] [execute] - Not connected to cluster to put record
Jul 27 2015 04:31:01 UTC: ERROR(12591) [put.cc:191] [execute] - Not connected to cluster to put record
Jul 27 2015 04:31:01 UTC: ERROR(12591) [put.cc:191] [execute] - Not connected to cluster to put record
Jul 27 2015 04:31:01 UTC: ERROR(12591) [put.cc:191] [execute] - Not connected to cluster to put record
Jul 27 2015 04:31:01 UTC: ERROR(12591) [put.cc:191] [execute] - Not connected to cluster to put record
Jul 27 2015 04:31:01 UTC: ERROR(12591) [put.cc:191] [execute] - Not connected to cluster to put record
Jul 27 2015 04:31:01 UTC: ERROR(12591) [put.cc:191] [execute] - Not connected to cluster to put record
Jul 27 2015 04:31:01 UTC: ERROR(12591) [put.cc:191] [execute] - Not connected to cluster to put record
Jul 27 2015 04:31:01 UTC: ERROR(12591) [put.cc:191] [execute] - Not connected to cluster to put record
Jul 27 2015 04:31:01 UTC: ERROR(12591) [put.cc:191] [execute] - Not connected to cluster to put record
Jul 27 2015 04:31:01 UTC: ERROR(12591) [put.cc:191] [execute] - Not connected to cluster to put record
Jul 27 2015 04:31:01 UTC: ERROR(12591) [put.cc:191] [execute] - Not connected to cluster to put record
Jul 27 2015 04:31:01 UTC: ERROR(12591) [put.cc:191] [execute] - Not connected to cluster to put record
Jul 27 2015 04:31:01 UTC: ERROR(12591) [put.cc:191] [execute] - Not connected to cluster to put record
Jul 27 2015 04:31:01 UTC: ERROR(12591) [put.cc:191] [execute] - Not connected to cluster to put record
Jul 27 2015 04:31:01 UTC: ERROR(12591) [put.cc:191] [execute] - Not connected to cluster to put record
Jul 27 2015 04:31:01 UTC: ERROR(12591) [put.cc:191] [execute] - Not connected to cluster to put record
Jul 27 2015 04:31:01 UTC: ERROR(12591) [put.cc:191] [execute] - Not connected to cluster to put record
Jul 27 2015 04:31:01 UTC: ERROR(12591) [put.cc:191] [execute] - Not connected to cluster to put record
Jul 27 2015 04:31:01 UTC: ERROR(12591) [put.cc:191] [execute] - Not connected to cluster to put record
Jul 27 2015 04:31:01 UTC: ERROR(12591) [put.cc:191] [execute] - Not connected to cluster to put record
Jul 27 2015 04:31:01 UTC: ERROR(12591) [put.cc:191] [execute] - Not connected to cluster to put record
Jul 27 2015 04:31:01 UTC: ERROR(12591) [put.cc:191] [execute] - Not connected to cluster to put record
Jul 27 2015 04:31:01 UTC: ERROR(12591) [put.cc:191] [execute] - Not connected to cluster to put record
Jul 27 2015 04:31:01 UTC: ERROR(12591) [put.cc:191] [execute] - Not connected to cluster to put record
Jul 27 2015 04:31:01 UTC: ERROR(12591) [put.cc:191] [execute] - Not connected to cluster to put record
Jul 27 2015 04:31:01 UTC: ERROR(12591) [put.cc:191] [execute] - Not connected to cluster to put record
Jul 27 2015 04:31:01 UTC: ERROR(12591) [put.cc:191] [execute] - Not connected to cluster to put record
Jul 27 2015 04:31:01 UTC: ERROR(12591) [put.cc:191] [execute] - Not connected to cluster to put record
Jul 27 2015 04:31:01 UTC: ERROR(12591) [put.cc:191] [execute] - Not connected to cluster to put record
Jul 27 2015 04:31:01 UTC: ERROR(12591) [put.cc:191] [execute] - Not connected to cluster to put record
Jul 27 2015 04:31:01 UTC: ERROR(12591) [put.cc:191] [execute] - Not connected to cluster to put record
Jul 27 2015 04:31:01 UTC: ERROR(12591) [put.cc:191] [execute] - Not connected to cluster to put record
Jul 27 2015 04:31:01 UTC: ERROR(12591) [put.cc:191] [execute] - Not connected to cluster to put record
Jul 27 2015 04:31:01 UTC: ERROR(12591) [put.cc:191] [execute] - Not connected to cluster to put record
Jul 27 2015 04:31:01 UTC: ERROR(12591) [put.cc:191] [execute] - Not connected to cluster to put record
Jul 27 2015 04:31:01 UTC: ERROR(12591) [put.cc:191] [execute] - Not connected to cluster to put record
Jul 27 2015 04:31:01 UTC: ERROR(12591) [put.cc:191] [execute] - Not connected to cluster to put record
Jul 27 2015 04:31:01 UTC: ERROR(12591) [put.cc:191] [execute] - Not connected to cluster to put record
Jul 27 2015 04:31:01 UTC: ERROR(12591) [put.cc:191] [execute] - Not connected to cluster to put record
Jul 27 2015 04:31:01 UTC: ERROR(12591) [put.cc:191] [execute] - Not connected to cluster to put record
Jul 27 2015 04:31:01 UTC: ERROR(12591) [put.cc:191] [execute] - Not connected to cluster to put record
Jul 27 2015 04:31:01 UTC: ERROR(12591) [put.cc:191] [execute] - Not connected to cluster to put record
Jul 27 2015 04:31:01 UTC: ERROR(12591) [put.cc:191] [execute] - Not connected to cluster to put record
Jul 27 2015 04:31:01 UTC: ERROR(12591) [put.cc:191] [execute] - Not connected to cluster to put record
Jul 27 2015 04:31:01 UTC: ERROR(12591) [put.cc:191] [execute] - Not connected to cluster to put record
Jul 27 2015 04:31:01 UTC: ERROR(12591) [put.cc:191] [execute] - Not connected to cluster to put record
Jul 27 2015 04:31:01 UTC: ERROR(12591) [put.cc:191] [execute] - Not connected to cluster to put record
Jul 27 2015 04:31:01 UTC: ERROR(12591) [put.cc:191] [execute] - Not connected to cluster to put record
Jul 27 2015 04:31:01 UTC: ERROR(12591) [put.cc:191] [execute] - Not connected to cluster to put record
Jul 27 2015 04:31:01 UTC: ERROR(12591) [put.cc:191] [execute] - Not connected to cluster to put record
Jul 27 2015 04:31:01 UTC: ERROR(12591) [put.cc:191] [execute] - Not connected to cluster to put record
Jul 27 2015 04:31:01 UTC: ERROR(12591) [put.cc:191] [execute] - Not connected to cluster to put record
Jul 27 2015 04:31:01 UTC: ERROR(12591) [put.cc:191] [execute] - Not connected to cluster to put record
Jul 27 2015 04:31:01 UTC: ERROR(12591) [put.cc:191] [execute] - Not connected to cluster to put record
Jul 27 2015 04:31:01 UTC: ERROR(12591) [put.cc:191] [execute] - Not connected to cluster to put record
Jul 27 2015 04:31:01 UTC: ERROR(12591) [put.cc:191] [execute] - Not connected to cluster to put record
Jul 27 2015 04:31:01 UTC: ERROR(12591) [put.cc:191] [execute] - Not connected to cluster to put record
Jul 27 2015 04:31:01 UTC: ERROR(12591) [put.cc:191] [execute] - Not connected to cluster to put record
Jul 27 2015 04:31:01 UTC: ERROR(12591) [put.cc:191] [execute] - Not connected to cluster to put record
Jul 27 2015 04:31:01 UTC: ERROR(12591) [put.cc:191] [execute] - Not connected to cluster to put record
Jul 27 2015 04:31:01 UTC: ERROR(12591) [put.cc:191] [execute] - Not connected to cluster to put record
Jul 27 2015 04:31:01 UTC: ERROR(12591) [put.cc:191] [execute] - Not connected to cluster to put record
Jul 27 2015 04:31:01 UTC: ERROR(12591) [put.cc:191] [execute] - Not connected to cluster to put record
Jul 27 2015 04:31:01 UTC: ERROR(12591) [put.cc:191] [execute] - Not connected to cluster to put record
Jul 27 2015 04:31:01 UTC: ERROR(12591) [put.cc:191] [execute] - Not connected to cluster to put record
Jul 27 2015 04:31:01 UTC: ERROR(12591) [put.cc:191] [execute] - Not connected to cluster to put record
Jul 27 2015 04:31:01 UTC: ERROR(12591) [put.cc:191] [execute] - Not connected to cluster to put record
Jul 27 2015 04:31:01 UTC: ERROR(12591) [put.cc:191] [execute] - Not connected to cluster to put record
Jul 27 2015 04:31:01 UTC: ERROR(12591) [put.cc:191] [execute] - Not connected to cluster to put record
Jul 27 2015 04:31:01 UTC: ERROR(12591) [put.cc:191] [execute] - Not connected to cluster to put record
Jul 27 2015 04:31:01 UTC: ERROR(12591) [put.cc:191] [execute] - Not connected to cluster to put record
Jul 27 2015 04:31:01 UTC: ERROR(12591) [put.cc:191] [execute] - Not connected to cluster to put record
Jul 27 2015 04:31:01 UTC: ERROR(12591) [put.cc:191] [execute] - Not connected to cluster to put record
Jul 27 2015 04:31:01 UTC: ERROR(12591) [put.cc:191] [execute] - Not connected to cluster to put record
Jul 27 2015 04:31:01 UTC: ERROR(12591) [put.cc:191] [execute] - Not connected to cluster to put record
Jul 27 2015 04:31:01 UTC: ERROR(12591) [put.cc:191] [execute] - Not connected to cluster to put record
Jul 27 2015 04:31:01 UTC: ERROR(12591) [put.cc:191] [execute] - Not connected to cluster to put record
Jul 27 2015 04:31:01 UTC: ERROR(12591) [put.cc:191] [execute] - Not connected to cluster to put record
Jul 27 2015 04:31:01 UTC: ERROR(12591) [put.cc:191] [execute] - Not connected to cluster to put record
Jul 27 2015 04:31:01 UTC: ERROR(12591) [put.cc:191] [execute] - Not connected to cluster to put record
Jul 27 2015 04:31:01 UTC: ERROR(12591) [put.cc:191] [execute] - Not connected to cluster to put record
Jul 27 2015 04:31:01 UTC: ERROR(12591) [put.cc:191] [execute] - Not connected to cluster to put record
Jul 27 2015 04:31:01 UTC: ERROR(12591) [put.cc:191] [execute] - Not connected to cluster to put record
Jul 27 2015 04:31:01 UTC: ERROR(12591) [put.cc:191] [execute] - Not connected to cluster to put record
Jul 27 2015 04:31:01 UTC: ERROR(12591) [put.cc:191] [execute] - Not connected to cluster to put record
Jul 27 2015 04:31:01 UTC: ERROR(12591) [put.cc:191] [execute] - Not connected to cluster to put record
Jul 27 2015 04:31:01 UTC: ERROR(12591) [put.cc:191] [execute] - Not connected to cluster to put record
Jul 27 2015 04:31:01 UTC: ERROR(12591) [put.cc:191] [execute] - Not connected to cluster to put record
Jul 27 2015 04:31:01 UTC: ERROR(12591) [put.cc:191] [execute] - Not connected to cluster to put record
Jul 27 2015 04:31:01 UTC: ERROR(12591) [put.cc:191] [execute] - Not connected to cluster to put record
Jul 27 2015 04:31:01 UTC: ERROR(12591) [put.cc:191] [execute] - Not connected to cluster to put record
Jul 27 2015 04:31:01 UTC: ERROR(12591) [put.cc:191] [execute] - Not connected to cluster to put record
Jul 27 2015 04:31:01 UTC: ERROR(12591) [put.cc:191] [execute] - Not connected to cluster to put record
Jul 27 2015 04:31:01 UTC: ERROR(12591) [put.cc:191] [execute] - Not connected to cluster to put record
Jul 27 2015 04:31:01 UTC: ERROR(12591) [put.cc:191] [execute] - Not connected to cluster to put record
Jul 27 2015 04:31:01 UTC: ERROR(12591) [put.cc:191] [execute] - Not connected to cluster to put record
Jul 27 2015 04:31:01 UTC: ERROR(12591) [put.cc:191] [execute] - Not connected to cluster to put record
Jul 27 2015 04:31:01 UTC: ERROR(12591) [put.cc:191] [execute] - Not connected to cluster to put record
Jul 27 2015 04:31:01 UTC: ERROR(12591) [put.cc:191] [execute] - Not connected to cluster to put record
Jul 27 2015 04:31:01 UTC: ERROR(12591) [put.cc:191] [execute] - Not connected to cluster to put record
Jul 27 2015 04:31:01 UTC: ERROR(12591) [put.cc:191] [execute] - Not connected to cluster to put record
Jul 27 2015 04:31:01 UTC: ERROR(12591) [put.cc:191] [execute] - Not connected to cluster to put record
Jul 27 2015 04:31:01 UTC: ERROR(12591) [put.cc:191] [execute] - Not connected to cluster to put record
Jul 27 2015 04:31:01 UTC: ERROR(12591) [put.cc:191] [execute] - Not connected to cluster to put record
Jul 27 2015 04:31:01 UTC: ERROR(12591) [put.cc:191] [execute] - Not connected to cluster to put record
Jul 27 2015 04:31:01 UTC: ERROR(12591) [put.cc:191] [execute] - Not connected to cluster to put record
Jul 27 2015 04:31:01 UTC: ERROR(12591) [put.cc:191] [execute] - Not connected to cluster to put record
Jul 27 2015 04:31:01 UTC: ERROR(12591) [put.cc:191] [execute] - Not connected to cluster to put record
Jul 27 2015 04:31:01 UTC: ERROR(12591) [put.cc:191] [execute] - Not connected to cluster to put record
Jul 27 2015 04:31:01 UTC: ERROR(12591) [put.cc:191] [execute] - Not connected to cluster to put record
Jul 27 2015 04:31:01 UTC: ERROR(12591) [put.cc:191] [execute] - Not connected to cluster to put record
Jul 27 2015 04:31:01 UTC: ERROR(12591) [put.cc:191] [execute] - Not connected to cluster to put record
Jul 27 2015 04:31:01 UTC: ERROR(12591) [put.cc:191] [execute] - Not connected to cluster to put record
Jul 27 2015 04:31:01 UTC: ERROR(12591) [put.cc:191] [execute] - Not connected to cluster to put record
Jul 27 2015 04:31:01 UTC: ERROR(12591) [put.cc:191] [execute] - Not connected to cluster to put record
Jul 27 2015 04:31:01 UTC: ERROR(12591) [put.cc:191] [execute] - Not connected to cluster to put record
Jul 27 2015 04:31:01 UTC: ERROR(12591) [put.cc:191] [execute] - Not connected to cluster to put record
Jul 27 2015 04:31:01 UTC: ERROR(12591) [put.cc:191] [execute] - Not connected to cluster to put record
Jul 27 2015 04:31:01 UTC: ERROR(12591) [put.cc:191] [execute] - Not connected to cluster to put record
Jul 27 2015 04:31:01 UTC: ERROR(12591) [put.cc:191] [execute] - Not connected to cluster to put record
Jul 27 2015 04:31:01 UTC: ERROR(12591) [put.cc:191] [execute] - Not connected to cluster to put record
Jul 27 2015 04:31:01 UTC: ERROR(12591) [put.cc:191] [execute] - Not connected to cluster to put record
Jul 27 2015 04:31:01 UTC: ERROR(12591) [put.cc:191] [execute] - Not connected to cluster to put record
Jul 27 2015 04:31:01 UTC: ERROR(12591) [put.cc:191] [execute] - Not connected to cluster to put record
Jul 27 2015 04:31:01 UTC: ERROR(12591) [put.cc:191] [execute] - Not connected to cluster to put record
Jul 27 2015 04:31:01 UTC: ERROR(12591) [put.cc:191] [execute] - Not connected to cluster to put record
Jul 27 2015 04:31:01 UTC: ERROR(12591) [put.cc:191] [execute] - Not connected to cluster to put record
Jul 27 2015 04:31:01 UTC: ERROR(12591) [put.cc:191] [execute] - Not connected to cluster to put record
Jul 27 2015 04:31:01 UTC: ERROR(12591) [put.cc:191] [execute] - Not connected to cluster to put record
Jul 27 2015 04:31:01 UTC: ERROR(12591) [put.cc:191] [execute] - Not connected to cluster to put record
Jul 27 2015 04:31:01 UTC: ERROR(12591) [put.cc:191] [execute] - Not connected to cluster to put record
Jul 27 2015 04:31:01 UTC: ERROR(12591) [put.cc:191] [execute] - Not connected to cluster to put record
Jul 27 2015 04:31:01 UTC: ERROR(12591) [put.cc:191] [execute] - Not connected to cluster to put record
Jul 27 2015 04:31:01 UTC: ERROR(12591) [put.cc:191] [execute] - Not connected to cluster to put record
Jul 27 2015 04:31:01 UTC: ERROR(12591) [put.cc:191] [execute] - Not connected to cluster to put record
Jul 27 2015 04:31:01 UTC: ERROR(12591) [put.cc:191] [execute] - Not connected to cluster to put record
Jul 27 2015 04:31:01 UTC: ERROR(12591) [put.cc:191] [execute] - Not connected to cluster to put record
Jul 27 2015 04:31:01 UTC: ERROR(12591) [put.cc:191] [execute] - Not connected to cluster to put record
Jul 27 2015 04:31:01 UTC: ERROR(12591) [put.cc:191] [execute] - Not connected to cluster to put record
Jul 27 2015 04:31:01 UTC: ERROR(12591) [put.cc:191] [execute] - Not connected to cluster to put record
Jul 27 2015 04:31:01 UTC: ERROR(12591) [put.cc:191] [execute] - Not connected to cluster to put record
Jul 27 2015 04:31:01 UTC: ERROR(12591) [put.cc:191] [execute] - Not connected to cluster to put record
Jul 27 2015 04:31:01 UTC: ERROR(12591) [put.cc:191] [execute] - Not connected to cluster to put record
Jul 27 2015 04:31:01 UTC: ERROR(12591) [put.cc:191] [execute] - Not connected to cluster to put record
Jul 27 2015 04:31:01 UTC: ERROR(12591) [put.cc:191] [execute] - Not connected to cluster to put record
Jul 27 2015 04:31:01 UTC: ERROR(12591) [put.cc:191] [execute] - Not connected to cluster to put record
Jul 27 2015 04:31:01 UTC: ERROR(12591) [put.cc:191] [execute] - Not connected to cluster to put record
Jul 27 2015 04:31:01 UTC: ERROR(12591) [put.cc:191] [execute] - Not connected to cluster to put record
Jul 27 2015 04:31:01 UTC: ERROR(12591) [put.cc:191] [execute] - Not connected to cluster to put record
Jul 27 2015 04:31:01 UTC: ERROR(12591) [put.cc:191] [execute] - Not connected to cluster to put record
Jul 27 2015 04:31:01 UTC: ERROR(12591) [put.cc:191] [execute] - Not connected to cluster to put record
Jul 27 2015 04:31:01 UTC: ERROR(12591) [put.cc:191] [execute] - Not connected to cluster to put record
Jul 27 2015 04:31:01 UTC: ERROR(12591) [put.cc:191] [execute] - Not connected to cluster to put record
Jul 27 2015 04:31:01 UTC: ERROR(12591) [put.cc:191] [execute] - Not connected to cluster to put record
Jul 27 2015 04:31:01 UTC: ERROR(12591) [put.cc:191] [execute] - Not connected to cluster to put record
Jul 27 2015 04:31:01 UTC: ERROR(12591) [put.cc:191] [execute] - Not connected to cluster to put record
Jul 27 2015 04:31:01 UTC: ERROR(12591) [put.cc:191] [execute] - Not connected to cluster to put record
Jul 27 2015 04:31:01 UTC: ERROR(12591) [put.cc:191] [execute] - Not connected to cluster to put record
Jul 27 2015 04:31:01 UTC: ERROR(12591) [put.cc:191] [execute] - Not connected to cluster to put record
Jul 27 2015 04:31:01 UTC: ERROR(12591) [put.cc:191] [execute] - Not connected to cluster to put record
Jul 27 2015 04:31:01 UTC: ERROR(12591) [put.cc:191] [execute] - Not connected to cluster to put record
Jul 27 2015 04:31:01 UTC: ERROR(12591) [put.cc:191] [execute] - Not connected to cluster to put record
Jul 27 2015 04:31:01 UTC: ERROR(12591) [put.cc:191] [execute] - Not connected to cluster to put record
Jul 27 2015 04:31:01 UTC: ERROR(12591) [put.cc:191] [execute] - Not connected to cluster to put record
Jul 27 2015 04:31:01 UTC: ERROR(12591) [put.cc:191] [execute] - Not connected to cluster to put record
Jul 27 2015 04:31:01 UTC: ERROR(12591) [put.cc:191] [execute] - Not connected to cluster to put record
Jul 27 2015 04:31:01 UTC: ERROR(12591) [put.cc:191] [execute] - Not connected to cluster to put record
Jul 27 2015 04:31:01 UTC: ERROR(12591) [put.cc:191] [execute] - Not connected to cluster to put record
Jul 27 2015 04:31:01 UTC: ERROR(12591) [put.cc:191] [execute] - Not connected to cluster to put record
Jul 27 2015 04:31:01 UTC: ERROR(12591) [put.cc:191] [execute] - Not connected to cluster to put record
Jul 27 2015 04:31:01 UTC: ERROR(12591) [put.cc:191] [execute] - Not connected to cluster to put record
Jul 27 2015 04:31:01 UTC: ERROR(12591) [put.cc:191] [execute] - Not connected to cluster to put record
Jul 27 2015 04:31:01 UTC: ERROR(12591) [put.cc:191] [execute] - Not connected to cluster to put record
Jul 27 2015 04:31:01 UTC: ERROR(12591) [put.cc:191] [execute] - Not connected to cluster to put record
Jul 27 2015 04:31:01 UTC: ERROR(12591) [put.cc:191] [execute] - Not connected to cluster to put record
Jul 27 2015 04:31:01 UTC: ERROR(12591) [put.cc:191] [execute] - Not connected to cluster to put record
Jul 27 2015 04:31:01 UTC: ERROR(12591) [put.cc:191] [execute] - Not connected to cluster to put record
Jul 27 2015 04:31:01 UTC: ERROR(12591) [put.cc:191] [execute] - Not connected to cluster to put record
Jul 27 2015 04:31:01 UTC: ERROR(12591) [put.cc:191] [execute] - Not connected to cluster to put record
Jul 27 2015 04:31:01 UTC: ERROR(12591) [put.cc:191] [execute] - Not connected to cluster to put record
Jul 27 2015 04:31:01 UTC: ERROR(12591) [put.cc:191] [execute] - Not connected to cluster to put record
Jul 27 2015 04:31:01 UTC: ERROR(12591) [put.cc:191] [execute] - Not connected to cluster to put record
Jul 27 2015 04:31:01 UTC: ERROR(12591) [put.cc:191] [execute] - Not connected to cluster to put record
Jul 27 2015 04:31:01 UTC: ERROR(12591) [put.cc:191] [execute] - Not connected to cluster to put record
Jul 27 2015 04:31:01 UTC: ERROR(12591) [put.cc:191] [execute] - Not connected to cluster to put record
Jul 27 2015 04:31:01 UTC: ERROR(12591) [put.cc:191] [execute] - Not connected to cluster to put record
Jul 27 2015 04:31:01 UTC: ERROR(12591) [put.cc:191] [execute] - Not connected to cluster to put record
Jul 27 2015 04:31:01 UTC: ERROR(12591) [put.cc:191] [execute] - Not connected to cluster to put record
Jul 27 2015 04:31:01 UTC: ERROR(12591) [put.cc:191] [execute] - Not connected to cluster to put record
Jul 27 2015 04:31:01 UTC: ERROR(12591) [put.cc:191] [execute] - Not connected to cluster to put record
Jul 27 2015 04:31:01 UTC: ERROR(12591) [put.cc:191] [execute] - Not connected to cluster to put record
Jul 27 2015 04:31:01 UTC: ERROR(12591) [put.cc:191] [execute] - Not connected to cluster to put record
Jul 27 2015 04:31:01 UTC: ERROR(12591) [put.cc:191] [execute] - Not connected to cluster to put record
Jul 27 2015 04:31:01 UTC: ERROR(12591) [put.cc:191] [execute] - Not connected to cluster to put record
Jul 27 2015 04:31:01 UTC: ERROR(12591) [put.cc:191] [execute] - Not connected to cluster to put record
Jul 27 2015 04:31:01 UTC: ERROR(12591) [put.cc:191] [execute] - Not connected to cluster to put record
Jul 27 2015 04:31:01 UTC: ERROR(12591) [put.cc:191] [execute] - Not connected to cluster to put record
Jul 27 2015 04:31:01 UTC: ERROR(12591) [put.cc:191] [execute] - Not connected to cluster to put record
Jul 27 2015 04:31:01 UTC: ERROR(12591) [put.cc:191] [execute] - Not connected to cluster to put record
Jul 27 2015 04:31:01 UTC: ERROR(12591) [put.cc:191] [execute] - Not connected to cluster to put record
Jul 27 2015 04:31:01 UTC: ERROR(12591) [put.cc:191] [execute] - Not connected to cluster to put record
Jul 27 2015 04:31:01 UTC: ERROR(12591) [put.cc:191] [execute] - Not connected to cluster to put record
Jul 27 2015 04:31:01 UTC: ERROR(12591) [put.cc:191] [execute] - Not connected to cluster to put record
Jul 27 2015 04:31:01 UTC: ERROR(12591) [put.cc:191] [execute] - Not connected to cluster to put record
Jul 27 2015 04:31:01 UTC: ERROR(12591) [put.cc:191] [execute] - Not connected to cluster to put record
Jul 27 2015 04:31:01 UTC: ERROR(12591) [put.cc:191] [execute] - Not connected to cluster to put record
Jul 27 2015 04:31:01 UTC: ERROR(12591) [put.cc:191] [execute] - Not connected to cluster to put record
Jul 27 2015 04:31:01 UTC: ERROR(12591) [put.cc:191] [execute] - Not connected to cluster to put record
Jul 27 2015 04:31:01 UTC: ERROR(12591) [put.cc:191] [execute] - Not connected to cluster to put record
Jul 27 2015 04:31:01 UTC: ERROR(12591) [put.cc:191] [execute] - Not connected to cluster to put record
Jul 27 2015 04:31:01 UTC: ERROR(12591) [put.cc:191] [execute] - Not connected to cluster to put record
Jul 27 2015 04:31:01 UTC: ERROR(12591) [put.cc:191] [execute] - Not connected to cluster to put record
Jul 27 2015 04:31:01 UTC: ERROR(12591) [put.cc:191] [execute] - Not connected to cluster to put record
Jul 27 2015 04:31:01 UTC: ERROR(12591) [put.cc:191] [execute] - Not connected to cluster to put record
Jul 27 2015 04:31:01 UTC: ERROR(12591) [put.cc:191] [execute] - Not connected to cluster to put record
Jul 27 2015 04:31:01 UTC: ERROR(12591) [put.cc:191] [execute] - Not connected to cluster to put record
Jul 27 2015 04:31:01 UTC: ERROR(12591) [put.cc:191] [execute] - Not connected to cluster to put record
Jul 27 2015 04:31:01 UTC: ERROR(12591) [put.cc:191] [execute] - Not connected to cluster to put record
Jul 27 2015 04:31:01 UTC: ERROR(12591) [put.cc:191] [execute] - Not connected to cluster to put record
Jul 27 2015 04:31:01 UTC: ERROR(12591) [put.cc:191] [execute] - Not connected to cluster to put record
Jul 27 2015 04:31:01 UTC: ERROR(12591) [put.cc:191] [execute] - Not connected to cluster to put record
Jul 27 2015 04:31:01 UTC: ERROR(12591) [put.cc:191] [execute] - Not connected to cluster to put record
Jul 27 2015 04:31:01 UTC: ERROR(12591) [put.cc:191] [execute] - Not connected to cluster to put record
Jul 27 2015 04:31:01 UTC: ERROR(12591) [put.cc:191] [execute] - Not connected to cluster to put record
Jul 27 2015 04:31:01 UTC: ERROR(12591) [put.cc:191] [execute] - Not connected to cluster to put record
Jul 27 2015 04:31:01 UTC: ERROR(12591) [put.cc:191] [execute] - Not connected to cluster to put record
Jul 27 2015 04:31:01 UTC: ERROR(12591) [put.cc:191] [execute] - Not connected to cluster to put record
Jul 27 2015 04:31:01 UTC: ERROR(12591) [put.cc:191] [execute] - Not connected to cluster to put record
Jul 27 2015 04:31:01 UTC: ERROR(12591) [put.cc:191] [execute] - Not connected to cluster to put record
Jul 27 2015 04:31:01 UTC: ERROR(12591) [put.cc:191] [execute] - Not connected to cluster to put record
Jul 27 2015 04:31:01 UTC: ERROR(12591) [put.cc:191] [execute] - Not connected to cluster to put record
Jul 27 2015 04:31:01 UTC: ERROR(12591) [put.cc:191] [execute] - Not connected to cluster to put record
Jul 27 2015 04:31:01 UTC: ERROR(12591) [put.cc:191] [execute] - Not connected to cluster to put record
Jul 27 2015 04:31:01 UTC: ERROR(12591) [put.cc:191] [execute] - Not connected to cluster to put record
Jul 27 2015 04:31:01 UTC: ERROR(12591) [put.cc:191] [execute] - Not connected to cluster to put record
Jul 27 2015 04:31:01 UTC: ERROR(12591) [put.cc:191] [execute] - Not connected to cluster to put record
Jul 27 2015 04:31:01 UTC: ERROR(12591) [put.cc:191] [execute] - Not connected to cluster to put record
Jul 27 2015 04:31:01 UTC: ERROR(12591) [put.cc:191] [execute] - Not connected to cluster to put record
Jul 27 2015 04:31:01 UTC: ERROR(12591) [put.cc:191] [execute] - Not connected to cluster to put record
Jul 27 2015 04:31:01 UTC: ERROR(12591) [put.cc:191] [execute] - Not connected to cluster to put record
Jul 27 2015 04:31:01 UTC: ERROR(12591) [put.cc:191] [execute] - Not connected to cluster to put record
Jul 27 2015 04:31:01 UTC: ERROR(12591) [put.cc:191] [execute] - Not connected to cluster to put record
Jul 27 2015 04:31:01 UTC: ERROR(12591) [put.cc:191] [execute] - Not connected to cluster to put record
Jul 27 2015 04:31:01 UTC: ERROR(12591) [put.cc:191] [execute] - Not connected to cluster to put record
Jul 27 2015 04:31:01 UTC: ERROR(12591) [put.cc:191] [execute] - Not connected to cluster to put record
Jul 27 2015 04:31:01 UTC: ERROR(12591) [put.cc:191] [execute] - Not connected to cluster to put record
Jul 27 2015 04:31:01 UTC: ERROR(12591) [put.cc:191] [execute] - Not connected to cluster to put record
Jul 27 2015 04:31:01 UTC: ERROR(12591) [put.cc:191] [execute] - Not connected to cluster to put record
Jul 27 2015 04:31:01 UTC: ERROR(12591) [put.cc:191] [execute] - Not connected to cluster to put record
Jul 27 2015 04:31:01 UTC: ERROR(12591) [put.cc:191] [execute] - Not connected to cluster to put record
Jul 27 2015 04:31:01 UTC: ERROR(12591) [put.cc:191] [execute] - Not connected to cluster to put record
Jul 27 2015 04:31:01 UTC: ERROR(12591) [put.cc:191] [execute] - Not connected to cluster to put record
Jul 27 2015 04:31:01 UTC: ERROR(12591) [put.cc:191] [execute] - Not connected to cluster to put record
Jul 27 2015 04:31:01 UTC: ERROR(12591) [put.cc:191] [execute] - Not connected to cluster to put record
Jul 27 2015 04:31:01 UTC: ERROR(12591) [put.cc:191] [execute] - Not connected to cluster to put record
Jul 27 2015 04:31:01 UTC: ERROR(12591) [put.cc:191] [execute] - Not connected to cluster to put record
Jul 27 2015 04:31:01 UTC: ERROR(12591) [put.cc:191] [execute] - Not connected to cluster to put record
Jul 27 2015 04:31:01 UTC: ERROR(12591) [put.cc:191] [execute] - Not connected to cluster to put record
Jul 27 2015 04:31:01 UTC: ERROR(12591) [put.cc:191] [execute] - Not connected to cluster to put record
Jul 27 2015 04:31:01 UTC: ERROR(12591) [put.cc:191] [execute] - Not connected to cluster to put record
Jul 27 2015 04:31:01 UTC: ERROR(12591) [put.cc:191] [execute] - Not connected to cluster to put record
Jul 27 2015 04:31:01 UTC: ERROR(12591) [put.cc:191] [execute] - Not connected to cluster to put record
Jul 27 2015 04:31:01 UTC: ERROR(12591) [put.cc:191] [execute] - Not connected to cluster to put record
Jul 27 2015 04:31:01 UTC: ERROR(12591) [put.cc:191] [execute] - Not connected to cluster to put record
Jul 27 2015 04:31:01 UTC: ERROR(12591) [put.cc:191] [execute] - Not connected to cluster to put record
Jul 27 2015 04:31:01 UTC: ERROR(12591) [put.cc:191] [execute] - Not connected to cluster to put record
Jul 27 2015 04:31:01 UTC: ERROR(12591) [put.cc:191] [execute] - Not connected to cluster to put record
Jul 27 2015 04:31:01 UTC: ERROR(12591) [put.cc:191] [execute] - Not connected to cluster to put record
Jul 27 2015 04:31:01 UTC: ERROR(12591) [put.cc:191] [execute] - Not connected to cluster to put record
Jul 27 2015 04:31:01 UTC: ERROR(12591) [put.cc:191] [execute] - Not connected to cluster to put record
Jul 27 2015 04:31:01 UTC: ERROR(12591) [put.cc:191] [execute] - Not connected to cluster to put record
Jul 27 2015 04:31:01 UTC: ERROR(12591) [put.cc:191] [execute] - Not connected to cluster to put record
Jul 27 2015 04:31:01 UTC: ERROR(12591) [put.cc:191] [execute] - Not connected to cluster to put record
Jul 27 2015 04:31:01 UTC: ERROR(12591) [put.cc:191] [execute] - Not connected to cluster to put record
Jul 27 2015 04:31:01 UTC: ERROR(12591) [put.cc:191] [execute] - Not connected to cluster to put record
Jul 27 2015 04:31:01 UTC: ERROR(12591) [put.cc:191] [execute] - Not connected to cluster to put record
Jul 27 2015 04:31:01 UTC: ERROR(12591) [put.cc:191] [execute] - Not connected to cluster to put record
Jul 27 2015 04:31:01 UTC: ERROR(12591) [put.cc:191] [execute] - Not connected to cluster to put record
Jul 27 2015 04:31:01 UTC: ERROR(12591) [put.cc:191] [execute] - Not connected to cluster to put record
Jul 27 2015 04:31:01 UTC: ERROR(12591) [put.cc:191] [execute] - Not connected to cluster to put record
Jul 27 2015 04:31:01 UTC: ERROR(12591) [put.cc:191] [execute] - Not connected to cluster to put record
Jul 27 2015 04:31:01 UTC: ERROR(12591) [put.cc:191] [execute] - Not connected to cluster to put record
Jul 27 2015 04:31:01 UTC: ERROR(12591) [put.cc:191] [execute] - Not connected to cluster to put record
Jul 27 2015 04:31:01 UTC: ERROR(12591) [put.cc:191] [execute] - Not connected to cluster to put record
Jul 27 2015 04:31:01 UTC: ERROR(12591) [put.cc:191] [execute] - Not connected to cluster to put record
Jul 27 2015 04:31:01 UTC: ERROR(12591) [put.cc:191] [execute] - Not connected to cluster to put record
Jul 27 2015 04:31:01 UTC: ERROR(12591) [put.cc:191] [execute] - Not connected to cluster to put record
Jul 27 2015 04:31:01 UTC: ERROR(12591) [put.cc:191] [execute] - Not connected to cluster to put record
Jul 27 2015 04:31:01 UTC: ERROR(12591) [put.cc:191] [execute] - Not connected to cluster to put record
Jul 27 2015 04:31:01 UTC: ERROR(12591) [put.cc:191] [execute] - Not connected to cluster to put record
Jul 27 2015 04:31:01 UTC: ERROR(12591) [put.cc:191] [execute] - Not connected to cluster to put record
Jul 27 2015 04:31:01 UTC: ERROR(12591) [put.cc:191] [execute] - Not connected to cluster to put record
Jul 27 2015 04:31:01 UTC: ERROR(12591) [put.cc:191] [execute] - Not connected to cluster to put record
Jul 27 2015 04:31:01 UTC: ERROR(12591) [put.cc:191] [execute] - Not connected to cluster to put record
Jul 27 2015 04:31:01 UTC: ERROR(12591) [put.cc:191] [execute] - Not connected to cluster to put record
Jul 27 2015 04:31:01 UTC: ERROR(12591) [put.cc:191] [execute] - Not connected to cluster to put record
Jul 27 2015 04:31:01 UTC: ERROR(12591) [put.cc:191] [execute] - Not connected to cluster to put record
Jul 27 2015 04:31:01 UTC: ERROR(12591) [put.cc:191] [execute] - Not connected to cluster to put record
Jul 27 2015 04:31:01 UTC: ERROR(12591) [put.cc:191] [execute] - Not connected to cluster to put record
Jul 27 2015 04:31:01 UTC: ERROR(12591) [put.cc:191] [execute] - Not connected to cluster to put record
Jul 27 2015 04:31:01 UTC: ERROR(12591) [put.cc:191] [execute] - Not connected to cluster to put record
Jul 27 2015 04:31:01 UTC: ERROR(12591) [put.cc:191] [execute] - Not connected to cluster to put record
Jul 27 2015 04:31:01 UTC: ERROR(12591) [put.cc:191] [execute] - Not connected to cluster to put record
Jul 27 2015 04:31:01 UTC: ERROR(12591) [put.cc:191] [execute] - Not connected to cluster to put record
Jul 27 2015 04:31:01 UTC: ERROR(12591) [put.cc:191] [execute] - Not connected to cluster to put record
Jul 27 2015 04:31:01 UTC: ERROR(12591) [put.cc:191] [execute] - Not connected to cluster to put record
Jul 27 2015 04:31:01 UTC: ERROR(12591) [put.cc:191] [execute] - Not connected to cluster to put record
Jul 27 2015 04:31:01 UTC: ERROR(12591) [put.cc:191] [execute] - Not connected to cluster to put record
Jul 27 2015 04:31:01 UTC: ERROR(12591) [put.cc:191] [execute] - Not connected to cluster to put record
Jul 27 2015 04:31:01 UTC: ERROR(12591) [put.cc:191] [execute] - Not connected to cluster to put record
Jul 27 2015 04:31:01 UTC: ERROR(12591) [put.cc:191] [execute] - Not connected to cluster to put record
Jul 27 2015 04:31:01 UTC: ERROR(12591) [put.cc:191] [execute] - Not connected to cluster to put record
Jul 27 2015 04:31:01 UTC: ERROR(12591) [put.cc:191] [execute] - Not connected to cluster to put record
Jul 27 2015 04:31:01 UTC: ERROR(12591) [put.cc:191] [execute] - Not connected to cluster to put record
Jul 27 2015 04:31:01 UTC: ERROR(12591) [put.cc:191] [execute] - Not connected to cluster to put record
Jul 27 2015 04:31:01 UTC: ERROR(12591) [put.cc:191] [execute] - Not connected to cluster to put record
Jul 27 2015 04:31:01 UTC: ERROR(12591) [put.cc:191] [execute] - Not connected to cluster to put record
Jul 27 2015 04:31:01 UTC: ERROR(12591) [put.cc:191] [execute] - Not connected to cluster to put record
Jul 27 2015 04:31:01 UTC: ERROR(12591) [put.cc:191] [execute] - Not connected to cluster to put record
Jul 27 2015 04:31:01 UTC: ERROR(12591) [put.cc:191] [execute] - Not connected to cluster to put record
Jul 27 2015 04:31:01 UTC: ERROR(12591) [put.cc:191] [execute] - Not connected to cluster to put record
Jul 27 2015 04:31:01 UTC: ERROR(12591) [put.cc:191] [execute] - Not connected to cluster to put record
Jul 27 2015 04:31:01 UTC: ERROR(12591) [put.cc:191] [execute] - Not connected to cluster to put record
Jul 27 2015 04:31:01 UTC: ERROR(12591) [put.cc:191] [execute] - Not connected to cluster to put record
Jul 27 2015 04:31:01 UTC: ERROR(12591) [put.cc:191] [execute] - Not connected to cluster to put record
Jul 27 2015 04:31:01 UTC: ERROR(12591) [put.cc:191] [execute] - Not connected to cluster to put record
Jul 27 2015 04:31:01 UTC: ERROR(12591) [put.cc:191] [execute] - Not connected to cluster to put record
Jul 27 2015 04:31:01 UTC: ERROR(12591) [put.cc:191] [execute] - Not connected to cluster to put record
Jul 27 2015 04:31:01 UTC: ERROR(12591) [put.cc:191] [execute] - Not connected to cluster to put record
Jul 27 2015 04:31:01 UTC: ERROR(12591) [put.cc:191] [execute] - Not connected to cluster to put record
Jul 27 2015 04:31:01 UTC: ERROR(12591) [put.cc:191] [execute] - Not connected to cluster to put record
Jul 27 2015 04:31:01 UTC: ERROR(12591) [put.cc:191] [execute] - Not connected to cluster to put record
Jul 27 2015 04:31:01 UTC: ERROR(12591) [put.cc:191] [execute] - Not connected to cluster to put record
Jul 27 2015 04:31:01 UTC: ERROR(12591) [put.cc:191] [execute] - Not connected to cluster to put record
Jul 27 2015 04:31:01 UTC: ERROR(12591) [put.cc:191] [execute] - Not connected to cluster to put record
Jul 27 2015 04:31:01 UTC: ERROR(12591) [put.cc:191] [execute] - Not connected to cluster to put record
Jul 27 2015 04:31:01 UTC: ERROR(12591) [put.cc:191] [execute] - Not connected to cluster to put record
Jul 27 2015 04:31:01 UTC: ERROR(12591) [put.cc:191] [execute] - Not connected to cluster to put record
Jul 27 2015 04:31:01 UTC: ERROR(12591) [put.cc:191] [execute] - Not connected to cluster to put record
Jul 27 2015 04:31:01 UTC: ERROR(12591) [put.cc:191] [execute] - Not connected to cluster to put record
Jul 27 2015 04:31:01 UTC: ERROR(12591) [put.cc:191] [execute] - Not connected to cluster to put record
Jul 27 2015 04:31:01 UTC: ERROR(12591) [put.cc:191] [execute] - Not connected to cluster to put record
Jul 27 2015 04:31:01 UTC: ERROR(12591) [put.cc:191] [execute] - Not connected to cluster to put record
Jul 27 2015 04:31:01 UTC: ERROR(12591) [put.cc:191] [execute] - Not connected to cluster to put record
Jul 27 2015 04:31:01 UTC: ERROR(12591) [put.cc:191] [execute] - Not connected to cluster to put record
Jul 27 2015 04:31:01 UTC: ERROR(12591) [put.cc:191] [execute] - Not connected to cluster to put record
Jul 27 2015 04:31:01 UTC: ERROR(12591) [put.cc:191] [execute] - Not connected to cluster to put record
Jul 27 2015 04:31:01 UTC: ERROR(12591) [put.cc:191] [execute] - Not connected to cluster to put record
Jul 27 2015 04:31:01 UTC: ERROR(12591) [put.cc:191] [execute] - Not connected to cluster to put record
Jul 27 2015 04:31:01 UTC: ERROR(12591) [put.cc:191] [execute] - Not connected to cluster to put record
Jul 27 2015 04:31:01 UTC: ERROR(12591) [put.cc:191] [execute] - Not connected to cluster to put record
Jul 27 2015 04:31:01 UTC: ERROR(12591) [put.cc:191] [execute] - Not connected to cluster to put record
Jul 27 2015 04:31:01 UTC: ERROR(12591) [put.cc:191] [execute] - Not connected to cluster to put record
Jul 27 2015 04:31:01 UTC: ERROR(12591) [put.cc:191] [execute] - Not connected to cluster to put record
Jul 27 2015 04:31:01 UTC: ERROR(12591) [put.cc:191] [execute] - Not connected to cluster to put record
Jul 27 2015 04:31:01 UTC: ERROR(12591) [put.cc:191] [execute] - Not connected to cluster to put record
Jul 27 2015 04:31:01 UTC: ERROR(12591) [put.cc:191] [execute] - Not connected to cluster to put record
Jul 27 2015 04:31:01 UTC: ERROR(12591) [put.cc:191] [execute] - Not connected to cluster to put record
Jul 27 2015 04:31:01 UTC: ERROR(12591) [put.cc:191] [execute] - Not connected to cluster to put record
Jul 27 2015 04:31:01 UTC: ERROR(12591) [put.cc:191] [execute] - Not connected to cluster to put record
Jul 27 2015 04:31:01 UTC: ERROR(12591) [put.cc:191] [execute] - Not connected to cluster to put record
Jul 27 2015 04:31:01 UTC: ERROR(12591) [put.cc:191] [execute] - Not connected to cluster to put record
Jul 27 2015 04:31:01 UTC: ERROR(12591) [put.cc:191] [execute] - Not connected to cluster to put record
Jul 27 2015 04:31:01 UTC: ERROR(12591) [put.cc:191] [execute] - Not connected to cluster to put record
Jul 27 2015 04:31:01 UTC: ERROR(12591) [put.cc:191] [execute] - Not connected to cluster to put record
Jul 27 2015 04:31:01 UTC: ERROR(12591) [put.cc:191] [execute] - Not connected to cluster to put record
Jul 27 2015 04:31:01 UTC: ERROR(12591) [put.cc:191] [execute] - Not connected to cluster to put record
Jul 27 2015 04:31:01 UTC: ERROR(12591) [put.cc:191] [execute] - Not connected to cluster to put record
Jul 27 2015 04:31:01 UTC: ERROR(12591) [put.cc:191] [execute] - Not connected to cluster to put record
Jul 27 2015 04:31:01 UTC: ERROR(12591) [put.cc:191] [execute] - Not connected to cluster to put record
Jul 27 2015 04:31:01 UTC: ERROR(12591) [put.cc:191] [execute] - Not connected to cluster to put record
Jul 27 2015 04:31:01 UTC: ERROR(12591) [put.cc:191] [execute] - Not connected to cluster to put record
Jul 27 2015 04:31:01 UTC: ERROR(12591) [put.cc:191] [execute] - Not connected to cluster to put record
Jul 27 2015 04:31:01 UTC: ERROR(12591) [put.cc:191] [execute] - Not connected to cluster to put record
Jul 27 2015 04:31:01 UTC: ERROR(12591) [put.cc:191] [execute] - Not connected to cluster to put record
Jul 27 2015 04:31:01 UTC: ERROR(12591) [put.cc:191] [execute] - Not connected to cluster to put record
Jul 27 2015 04:31:01 UTC: ERROR(12591) [put.cc:191] [execute] - Not connected to cluster to put record
Jul 27 2015 04:31:01 UTC: ERROR(12591) [put.cc:191] [execute] - Not connected to cluster to put record
Jul 27 2015 04:31:01 UTC: ERROR(12591) [put.cc:191] [execute] - Not connected to cluster to put record
Jul 27 2015 04:31:01 UTC: ERROR(12591) [put.cc:191] [execute] - Not connected to cluster to put record
Jul 27 2015 04:31:01 UTC: ERROR(12591) [put.cc:191] [execute] - Not connected to cluster to put record
Jul 27 2015 04:31:01 UTC: ERROR(12591) [put.cc:191] [execute] - Not connected to cluster to put record
Jul 27 2015 04:31:01 UTC: ERROR(12591) [put.cc:191] [execute] - Not connected to cluster to put record
Jul 27 2015 04:31:01 UTC: ERROR(12591) [put.cc:191] [execute] - Not connected to cluster to put record
Jul 27 2015 04:31:01 UTC: ERROR(12591) [put.cc:191] [execute] - Not connected to cluster to put record
Jul 27 2015 04:31:01 UTC: ERROR(12591) [put.cc:191] [execute] - Not connected to cluster to put record
Jul 27 2015 04:31:01 UTC: ERROR(12591) [put.cc:191] [execute] - Not connected to cluster to put record
Jul 27 2015 04:31:01 UTC: ERROR(12591) [put.cc:191] [execute] - Not connected to cluster to put record
Jul 27 2015 04:31:01 UTC: ERROR(12591) [put.cc:191] [execute] - Not connected to cluster to put record
Jul 27 2015 04:31:01 UTC: ERROR(12591) [put.cc:191] [execute] - Not connected to cluster to put record
Jul 27 2015 04:31:01 UTC: ERROR(12591) [put.cc:191] [execute] - Not connected to cluster to put record
Jul 27 2015 04:31:01 UTC: ERROR(12591) [put.cc:191] [execute] - Not connected to cluster to put record
Jul 27 2015 04:31:01 UTC: ERROR(12591) [put.cc:191] [execute] - Not connected to cluster to put record
Jul 27 2015 04:31:01 UTC: ERROR(12591) [put.cc:191] [execute] - Not connected to cluster to put record
Jul 27 2015 04:31:01 UTC: ERROR(12591) [put.cc:191] [execute] - Not connected to cluster to put record
Jul 27 2015 04:31:01 UTC: ERROR(12591) [put.cc:191] [execute] - Not connected to cluster to put record
Jul 27 2015 04:31:01 UTC: ERROR(12591) [put.cc:191] [execute] - Not connected to cluster to put record
Jul 27 2015 04:31:01 UTC: ERROR(12591) [put.cc:191] [execute] - Not connected to cluster to put record
Jul 27 2015 04:31:01 UTC: ERROR(12591) [put.cc:191] [execute] - Not connected to cluster to put record
Jul 27 2015 04:31:01 UTC: ERROR(12591) [put.cc:191] [execute] - Not connected to cluster to put record
Jul 27 2015 04:31:01 UTC: ERROR(12591) [put.cc:191] [execute] - Not connected to cluster to put record
Jul 27 2015 04:31:01 UTC: ERROR(12591) [put.cc:191] [execute] - Not connected to cluster to put record
Jul 27 2015 04:31:01 UTC: ERROR(12591) [put.cc:191] [execute] - Not connected to cluster to put record
Jul 27 2015 04:31:01 UTC: ERROR(12591) [put.cc:191] [execute] - Not connected to cluster to put record
Jul 27 2015 04:31:01 UTC: ERROR(12591) [put.cc:191] [execute] - Not connected to cluster to put record
Jul 27 2015 04:31:01 UTC: ERROR(12591) [put.cc:191] [execute] - Not connected to cluster to put record
Jul 27 2015 04:31:01 UTC: ERROR(12591) [put.cc:191] [execute] - Not connected to cluster to put record
Jul 27 2015 04:31:01 UTC: ERROR(12591) [put.cc:191] [execute] - Not connected to cluster to put record
Jul 27 2015 04:31:01 UTC: ERROR(12591) [put.cc:191] [execute] - Not connected to cluster to put record
Jul 27 2015 04:31:01 UTC: ERROR(12591) [put.cc:191] [execute] - Not connected to cluster to put record
Jul 27 2015 04:31:01 UTC: ERROR(12591) [put.cc:191] [execute] - Not connected to cluster to put record
Jul 27 2015 04:31:01 UTC: ERROR(12591) [put.cc:191] [execute] - Not connected to cluster to put record
Jul 27 2015 04:31:01 UTC: ERROR(12591) [put.cc:191] [execute] - Not connected to cluster to put record
Jul 27 2015 04:31:01 UTC: ERROR(12591) [put.cc:191] [execute] - Not connected to cluster to put record
Jul 27 2015 04:31:01 UTC: ERROR(12591) [put.cc:191] [execute] - Not connected to cluster to put record
Jul 27 2015 04:31:01 UTC: ERROR(12591) [put.cc:191] [execute] - Not connected to cluster to put record
Jul 27 2015 04:31:01 UTC: ERROR(12591) [put.cc:191] [execute] - Not connected to cluster to put record
Jul 27 2015 04:31:01 UTC: ERROR(12591) [put.cc:191] [execute] - Not connected to cluster to put record
Jul 27 2015 04:31:01 UTC: ERROR(12591) [put.cc:191] [execute] - Not connected to cluster to put record
Jul 27 2015 04:31:01 UTC: ERROR(12591) [put.cc:191] [execute] - Not connected to cluster to put record
Jul 27 2015 04:31:01 UTC: ERROR(12591) [put.cc:191] [execute] - Not connected to cluster to put record
Jul 27 2015 04:31:01 UTC: ERROR(12591) [put.cc:191] [execute] - Not connected to cluster to put record
Jul 27 2015 04:31:01 UTC: ERROR(12591) [put.cc:191] [execute] - Not connected to cluster to put record
Jul 27 2015 04:31:01 UTC: ERROR(12591) [put.cc:191] [execute] - Not connected to cluster to put record
Jul 27 2015 04:31:01 UTC: ERROR(12591) [put.cc:191] [execute] - Not connected to cluster to put record
Jul 27 2015 04:31:01 UTC: ERROR(12591) [put.cc:191] [execute] - Not connected to cluster to put record
Jul 27 2015 04:31:01 UTC: ERROR(12591) [put.cc:191] [execute] - Not connected to cluster to put record
Jul 27 2015 04:31:01 UTC: ERROR(12591) [put.cc:191] [execute] - Not connected to cluster to put record
Jul 27 2015 04:31:01 UTC: ERROR(12591) [put.cc:191] [execute] - Not connected to cluster to put record
Jul 27 2015 04:31:01 UTC: ERROR(12591) [put.cc:191] [execute] - Not connected to cluster to put record
Jul 27 2015 04:31:01 UTC: ERROR(12591) [put.cc:191] [execute] - Not connected to cluster to put record
Jul 27 2015 04:31:01 UTC: ERROR(12591) [put.cc:191] [execute] - Not connected to cluster to put record
Jul 27 2015 04:31:01 UTC: ERROR(12591) [put.cc:191] [execute] - Not connected to cluster to put record
Jul 27 2015 04:31:01 UTC: ERROR(12591) [put.cc:191] [execute] - Not connected to cluster to put record
Jul 27 2015 04:31:01 UTC: ERROR(12591) [put.cc:191] [execute] - Not connected to cluster to put record
Jul 27 2015 04:31:01 UTC: ERROR(12591) [put.cc:191] [execute] - Not connected to cluster to put record
Jul 27 2015 04:31:01 UTC: ERROR(12591) [put.cc:191] [execute] - Not connected to cluster to put record
Jul 27 2015 04:31:01 UTC: ERROR(12591) [put.cc:191] [execute] - Not connected to cluster to put record
Jul 27 2015 04:31:01 UTC: ERROR(12591) [put.cc:191] [execute] - Not connected to cluster to put record
Jul 27 2015 04:31:01 UTC: ERROR(12591) [put.cc:191] [execute] - Not connected to cluster to put record
Jul 27 2015 04:31:01 UTC: ERROR(12591) [put.cc:191] [execute] - Not connected to cluster to put record
Jul 27 2015 04:31:01 UTC: ERROR(12591) [put.cc:191] [execute] - Not connected to cluster to put record
Jul 27 2015 04:31:01 UTC: ERROR(12591) [put.cc:191] [execute] - Not connected to cluster to put record
Jul 27 2015 04:31:01 UTC: ERROR(12591) [put.cc:191] [execute] - Not connected to cluster to put record
Jul 27 2015 04:31:01 UTC: ERROR(12591) [put.cc:191] [execute] - Not connected to cluster to put record
Jul 27 2015 04:31:01 UTC: ERROR(12591) [put.cc:191] [execute] - Not connected to cluster to put record
Jul 27 2015 04:31:01 UTC: ERROR(12591) [put.cc:191] [execute] - Not connected to cluster to put record
Jul 27 2015 04:31:01 UTC: ERROR(12591) [put.cc:191] [execute] - Not connected to cluster to put record
Jul 27 2015 04:31:01 UTC: ERROR(12591) [put.cc:191] [execute] - Not connected to cluster to put record
Jul 27 2015 04:31:01 UTC: ERROR(12591) [put.cc:191] [execute] - Not connected to cluster to put record
Jul 27 2015 04:31:01 UTC: ERROR(12591) [put.cc:191] [execute] - Not connected to cluster to put record
Jul 27 2015 04:31:01 UTC: ERROR(12591) [put.cc:191] [execute] - Not connected to cluster to put record
Jul 27 2015 04:31:01 UTC: ERROR(12591) [put.cc:191] [execute] - Not connected to cluster to put record
Jul 27 2015 04:31:01 UTC: ERROR(12591) [put.cc:191] [execute] - Not connected to cluster to put record
Jul 27 2015 04:31:01 UTC: ERROR(12591) [put.cc:191] [execute] - Not connected to cluster to put record
Jul 27 2015 04:31:01 UTC: ERROR(12591) [put.cc:191] [execute] - Not connected to cluster to put record
Jul 27 2015 04:31:01 UTC: ERROR(12591) [put.cc:191] [execute] - Not connected to cluster to put record
Jul 27 2015 04:31:01 UTC: ERROR(12591) [put.cc:191] [execute] - Not connected to cluster to put record
Jul 27 2015 04:31:01 UTC: ERROR(12591) [put.cc:191] [execute] - Not connected to cluster to put record
Jul 27 2015 04:31:01 UTC: ERROR(12591) [put.cc:191] [execute] - Not connected to cluster to put record
Jul 27 2015 04:31:01 UTC: ERROR(12591) [put.cc:191] [execute] - Not connected to cluster to put record
Jul 27 2015 04:31:01 UTC: ERROR(12591) [put.cc:191] [execute] - Not connected to cluster to put record
Jul 27 2015 04:31:01 UTC: ERROR(12591) [put.cc:191] [execute] - Not connected to cluster to put record
Jul 27 2015 04:31:01 UTC: ERROR(12591) [put.cc:191] [execute] - Not connected to cluster to put record
Jul 27 2015 04:31:01 UTC: ERROR(12591) [put.cc:191] [execute] - Not connected to cluster to put record
Jul 27 2015 04:31:01 UTC: ERROR(12591) [put.cc:191] [execute] - Not connected to cluster to put record
Jul 27 2015 04:31:01 UTC: ERROR(12591) [put.cc:191] [execute] - Not connected to cluster to put record
Jul 27 2015 04:31:01 UTC: ERROR(12591) [put.cc:191] [execute] - Not connected to cluster to put record
Jul 27 2015 04:31:01 UTC: ERROR(12591) [put.cc:191] [execute] - Not connected to cluster to put record
Jul 27 2015 04:31:01 UTC: ERROR(12591) [put.cc:191] [execute] - Not connected to cluster to put record
Jul 27 2015 04:31:01 UTC: ERROR(12591) [put.cc:191] [execute] - Not connected to cluster to put record
Jul 27 2015 04:31:01 UTC: ERROR(12591) [put.cc:191] [execute] - Not connected to cluster to put record
Jul 27 2015 04:31:01 UTC: ERROR(12591) [put.cc:191] [execute] - Not connected to cluster to put record
Jul 27 2015 04:31:01 UTC: ERROR(12591) [put.cc:191] [execute] - Not connected to cluster to put record
Jul 27 2015 04:31:01 UTC: ERROR(12591) [put.cc:191] [execute] - Not connected to cluster to put record
Jul 27 2015 04:31:01 UTC: ERROR(12591) [put.cc:191] [execute] - Not connected to cluster to put record
Jul 27 2015 04:31:01 UTC: ERROR(12591) [put.cc:191] [execute] - Not connected to cluster to put record
Jul 27 2015 04:31:01 UTC: ERROR(12591) [put.cc:191] [execute] - Not connected to cluster to put record
Jul 27 2015 04:31:01 UTC: ERROR(12591) [put.cc:191] [execute] - Not connected to cluster to put record
Jul 27 2015 04:31:01 UTC: ERROR(12591) [put.cc:191] [execute] - Not connected to cluster to put record
Jul 27 2015 04:31:01 UTC: ERROR(12591) [put.cc:191] [execute] - Not connected to cluster to put record
Jul 27 2015 04:31:01 UTC: ERROR(12591) [put.cc:191] [execute] - Not connected to cluster to put record
Jul 27 2015 04:31:01 UTC: ERROR(12591) [put.cc:191] [execute] - Not connected to cluster to put record
Jul 27 2015 04:31:01 UTC: ERROR(12591) [put.cc:191] [execute] - Not connected to cluster to put record
Jul 27 2015 04:31:01 UTC: ERROR(12591) [put.cc:191] [execute] - Not connected to cluster to put record
Jul 27 2015 04:31:01 UTC: ERROR(12591) [put.cc:191] [execute] - Not connected to cluster to put record
Jul 27 2015 04:31:01 UTC: ERROR(12591) [put.cc:191] [execute] - Not connected to cluster to put record
Jul 27 2015 04:31:01 UTC: ERROR(12591) [put.cc:191] [execute] - Not connected to cluster to put record
Jul 27 2015 04:31:01 UTC: ERROR(12591) [put.cc:191] [execute] - Not connected to cluster to put record
Jul 27 2015 04:31:01 UTC: ERROR(12591) [put.cc:191] [execute] - Not connected to cluster to put record
Jul 27 2015 04:31:01 UTC: ERROR(12591) [put.cc:191] [execute] - Not connected to cluster to put record
Jul 27 2015 04:31:01 UTC: ERROR(12591) [put.cc:191] [execute] - Not connected to cluster to put record
Jul 27 2015 04:31:01 UTC: ERROR(12591) [put.cc:191] [execute] - Not connected to cluster to put record
Jul 27 2015 04:31:01 UTC: ERROR(12591) [put.cc:191] [execute] - Not connected to cluster to put record
Jul 27 2015 04:31:01 UTC: ERROR(12591) [put.cc:191] [execute] - Not connected to cluster to put record
Jul 27 2015 04:31:01 UTC: ERROR(12591) [put.cc:191] [execute] - Not connected to cluster to put record
Jul 27 2015 04:31:01 UTC: ERROR(12591) [put.cc:191] [execute] - Not connected to cluster to put record
Jul 27 2015 04:31:01 UTC: ERROR(12591) [put.cc:191] [execute] - Not connected to cluster to put record
Jul 27 2015 04:31:01 UTC: ERROR(12591) [put.cc:191] [execute] - Not connected to cluster to put record
Jul 27 2015 04:31:01 UTC: ERROR(12591) [put.cc:191] [execute] - Not connected to cluster to put record
Jul 27 2015 04:31:01 UTC: ERROR(12591) [put.cc:191] [execute] - Not connected to cluster to put record
Jul 27 2015 04:31:01 UTC: ERROR(12591) [put.cc:191] [execute] - Not connected to cluster to put record
Jul 27 2015 04:31:01 UTC: ERROR(12591) [put.cc:191] [execute] - Not connected to cluster to put record
Jul 27 2015 04:31:01 UTC: ERROR(12591) [put.cc:191] [execute] - Not connected to cluster to put record
Jul 27 2015 04:31:01 UTC: ERROR(12591) [put.cc:191] [execute] - Not connected to cluster to put record
Jul 27 2015 04:31:01 UTC: ERROR(12591) [put.cc:191] [execute] - Not connected to cluster to put record
Jul 27 2015 04:31:01 UTC: ERROR(12591) [put.cc:191] [execute] - Not connected to cluster to put record
Jul 27 2015 04:31:01 UTC: ERROR(12591) [put.cc:191] [execute] - Not connected to cluster to put record
Jul 27 2015 04:31:01 UTC: ERROR(12591) [put.cc:191] [execute] - Not connected to cluster to put record
Jul 27 2015 04:31:01 UTC: ERROR(12591) [put.cc:191] [execute] - Not connected to cluster to put record
Jul 27 2015 04:31:01 UTC: ERROR(12591) [put.cc:191] [execute] - Not connected to cluster to put record
Jul 27 2015 04:31:01 UTC: ERROR(12591) [put.cc:191] [execute] - Not connected to cluster to put record
Jul 27 2015 04:31:01 UTC: ERROR(12591) [put.cc:191] [execute] - Not connected to cluster to put record
Jul 27 2015 04:31:01 UTC: ERROR(12591) [put.cc:191] [execute] - Not connected to cluster to put record
Jul 27 2015 04:31:01 UTC: ERROR(12591) [put.cc:191] [execute] - Not connected to cluster to put record
Jul 27 2015 04:31:01 UTC: ERROR(12591) [put.cc:191] [execute] - Not connected to cluster to put record
Jul 27 2015 04:31:01 UTC: ERROR(12591) [put.cc:191] [execute] - Not connected to cluster to put record
Jul 27 2015 04:31:01 UTC: ERROR(12591) [put.cc:191] [execute] - Not connected to cluster to put record
Jul 27 2015 04:31:01 UTC: ERROR(12591) [put.cc:191] [execute] - Not connected to cluster to put record
Jul 27 2015 04:31:01 UTC: ERROR(12591) [put.cc:191] [execute] - Not connected to cluster to put record
Jul 27 2015 04:31:01 UTC: ERROR(12591) [put.cc:191] [execute] - Not connected to cluster to put record
Jul 27 2015 04:31:01 UTC: ERROR(12591) [put.cc:191] [execute] - Not connected to cluster to put record
Jul 27 2015 04:31:01 UTC: ERROR(12591) [put.cc:191] [execute] - Not connected to cluster to put record
Jul 27 2015 04:31:01 UTC: ERROR(12591) [put.cc:191] [execute] - Not connected to cluster to put record
Jul 27 2015 04:31:01 UTC: ERROR(12591) [put.cc:191] [execute] - Not connected to cluster to put record
Jul 27 2015 04:31:01 UTC: ERROR(12591) [put.cc:191] [execute] - Not connected to cluster to put record
Jul 27 2015 04:31:01 UTC: ERROR(12591) [put.cc:191] [execute] - Not connected to cluster to put record
Jul 27 2015 04:31:01 UTC: ERROR(12591) [put.cc:191] [execute] - Not connected to cluster to put record
Jul 27 2015 04:31:01 UTC: ERROR(12591) [put.cc:191] [execute] - Not connected to cluster to put record
Jul 27 2015 04:31:01 UTC: ERROR(12591) [put.cc:191] [execute] - Not connected to cluster to put record
Jul 27 2015 04:31:01 UTC: ERROR(12591) [put.cc:191] [execute] - Not connected to cluster to put record
Jul 27 2015 04:31:01 UTC: ERROR(12591) [put.cc:191] [execute] - Not connected to cluster to put record
Jul 27 2015 04:31:01 UTC: ERROR(12591) [put.cc:191] [execute] - Not connected to cluster to put record
Jul 27 2015 04:31:01 UTC: ERROR(12591) [put.cc:191] [execute] - Not connected to cluster to put record
Jul 27 2015 04:31:01 UTC: ERROR(12591) [put.cc:191] [execute] - Not connected to cluster to put record
Jul 27 2015 04:31:01 UTC: ERROR(12591) [put.cc:191] [execute] - Not connected to cluster to put record
Jul 27 2015 04:31:01 UTC: ERROR(12591) [put.cc:191] [execute] - Not connected to cluster to put record
Jul 27 2015 04:31:01 UTC: ERROR(12591) [put.cc:191] [execute] - Not connected to cluster to put record
Jul 27 2015 04:31:01 UTC: ERROR(12591) [put.cc:191] [execute] - Not connected to cluster to put record
Jul 27 2015 04:31:01 UTC: ERROR(12591) [put.cc:191] [execute] - Not connected to cluster to put record
Jul 27 2015 04:31:01 UTC: ERROR(12591) [put.cc:191] [execute] - Not connected to cluster to put record
Jul 27 2015 04:31:01 UTC: ERROR(12591) [put.cc:191] [execute] - Not connected to cluster to put record
Jul 27 2015 04:31:01 UTC: ERROR(12591) [put.cc:191] [execute] - Not connected to cluster to put record
Jul 27 2015 04:31:01 UTC: ERROR(12591) [put.cc:191] [execute] - Not connected to cluster to put record
Jul 27 2015 04:31:01 UTC: ERROR(12591) [put.cc:191] [execute] - Not connected to cluster to put record
Jul 27 2015 04:31:01 UTC: ERROR(12591) [put.cc:191] [execute] - Not connected to cluster to put record
Jul 27 2015 04:31:01 UTC: ERROR(12591) [put.cc:191] [execute] - Not connected to cluster to put record
Jul 27 2015 04:31:01 UTC: ERROR(12591) [put.cc:191] [execute] - Not connected to cluster to put record
Jul 27 2015 04:31:01 UTC: ERROR(12591) [put.cc:191] [execute] - Not connected to cluster to put record
Jul 27 2015 04:31:01 UTC: ERROR(12591) [put.cc:191] [execute] - Not connected to cluster to put record
Jul 27 2015 04:31:01 UTC: ERROR(12591) [put.cc:191] [execute] - Not connected to cluster to put record
Jul 27 2015 04:31:01 UTC: ERROR(12591) [put.cc:191] [execute] - Not connected to cluster to put record
Jul 27 2015 04:31:01 UTC: ERROR(12591) [put.cc:191] [execute] - Not connected to cluster to put record
Jul 27 2015 04:31:01 UTC: ERROR(12591) [put.cc:191] [execute] - Not connected to cluster to put record
Jul 27 2015 04:31:01 UTC: ERROR(12591) [put.cc:191] [execute] - Not connected to cluster to put record
Jul 27 2015 04:31:01 UTC: ERROR(12591) [put.cc:191] [execute] - Not connected to cluster to put record
Jul 27 2015 04:31:01 UTC: ERROR(12591) [put.cc:191] [execute] - Not connected to cluster to put record
Jul 27 2015 04:31:01 UTC: ERROR(12591) [put.cc:191] [execute] - Not connected to cluster to put record
Jul 27 2015 04:31:01 UTC: ERROR(12591) [put.cc:191] [execute] - Not connected to cluster to put record
Jul 27 2015 04:31:01 UTC: ERROR(12591) [put.cc:191] [execute] - Not connected to cluster to put record
Jul 27 2015 04:31:01 UTC: ERROR(12591) [put.cc:191] [execute] - Not connected to cluster to put record
Jul 27 2015 04:31:01 UTC: ERROR(12591) [put.cc:191] [execute] - Not connected to cluster to put record
Jul 27 2015 04:31:01 UTC: ERROR(12591) [put.cc:191] [execute] - Not connected to cluster to put record
Jul 27 2015 04:31:01 UTC: ERROR(12591) [put.cc:191] [execute] - Not connected to cluster to put record
Jul 27 2015 04:31:01 UTC: ERROR(12591) [put.cc:191] [execute] - Not connected to cluster to put record
Jul 27 2015 04:31:01 UTC: ERROR(12591) [put.cc:191] [execute] - Not connected to cluster to put record
Jul 27 2015 04:31:01 UTC: ERROR(12591) [put.cc:191] [execute] - Not connected to cluster to put record
Jul 27 2015 04:31:01 UTC: ERROR(12591) [put.cc:191] [execute] - Not connected to cluster to put record
Jul 27 2015 04:31:01 UTC: ERROR(12591) [put.cc:191] [execute] - Not connected to cluster to put record
Jul 27 2015 04:31:01 UTC: ERROR(12591) [put.cc:191] [execute] - Not connected to cluster to put record
Jul 27 2015 04:31:01 UTC: ERROR(12591) [put.cc:191] [execute] - Not connected to cluster to put record
Jul 27 2015 04:31:01 UTC: ERROR(12591) [put.cc:191] [execute] - Not connected to cluster to put record
Jul 27 2015 04:31:01 UTC: ERROR(12591) [put.cc:191] [execute] - Not connected to cluster to put record
Jul 27 2015 04:31:01 UTC: ERROR(12591) [put.cc:191] [execute] - Not connected to cluster to put record
Jul 27 2015 04:31:01 UTC: ERROR(12591) [put.cc:191] [execute] - Not connected to cluster to put record
Jul 27 2015 04:31:01 UTC: ERROR(12591) [put.cc:191] [execute] - Not connected to cluster to put record
Jul 27 2015 04:31:01 UTC: ERROR(12591) [put.cc:191] [execute] - Not connected to cluster to put record
Jul 27 2015 04:31:01 UTC: ERROR(12591) [put.cc:191] [execute] - Not connected to cluster to put record
Jul 27 2015 04:31:01 UTC: ERROR(12591) [put.cc:191] [execute] - Not connected to cluster to put record
Jul 27 2015 04:31:01 UTC: ERROR(12591) [put.cc:191] [execute] - Not connected to cluster to put record
Jul 27 2015 04:31:01 UTC: ERROR(12591) [put.cc:191] [execute] - Not connected to cluster to put record
Jul 27 2015 04:31:01 UTC: ERROR(12591) [put.cc:191] [execute] - Not connected to cluster to put record
Jul 27 2015 04:31:01 UTC: ERROR(12591) [put.cc:191] [execute] - Not connected to cluster to put record
Jul 27 2015 04:31:01 UTC: ERROR(12591) [put.cc:191] [execute] - Not connected to cluster to put record
Jul 27 2015 04:31:01 UTC: ERROR(12591) [put.cc:191] [execute] - Not connected to cluster to put record
Jul 27 2015 04:31:01 UTC: ERROR(12591) [put.cc:191] [execute] - Not connected to cluster to put record
Jul 27 2015 04:31:01 UTC: ERROR(12591) [put.cc:191] [execute] - Not connected to cluster to put record
Jul 27 2015 04:31:01 UTC: ERROR(12591) [put.cc:191] [execute] - Not connected to cluster to put record
Jul 27 2015 04:31:01 UTC: ERROR(12591) [put.cc:191] [execute] - Not connected to cluster to put record
Jul 27 2015 04:31:01 UTC: ERROR(12591) [put.cc:191] [execute] - Not connected to cluster to put record
Jul 27 2015 04:31:01 UTC: ERROR(12591) [put.cc:191] [execute] - Not connected to cluster to put record
Jul 27 2015 04:31:01 UTC: ERROR(12591) [put.cc:191] [execute] - Not connected to cluster to put record
Jul 27 2015 04:31:01 UTC: ERROR(12591) [put.cc:191] [execute] - Not connected to cluster to put record
Jul 27 2015 04:31:01 UTC: ERROR(12591) [put.cc:191] [execute] - Not connected to cluster to put record
Jul 27 2015 04:31:01 UTC: ERROR(12591) [put.cc:191] [execute] - Not connected to cluster to put record
Jul 27 2015 04:31:01 UTC: ERROR(12591) [put.cc:191] [execute] - Not connected to cluster to put record
Jul 27 2015 04:31:01 UTC: ERROR(12591) [put.cc:191] [execute] - Not connected to cluster to put record
Jul 27 2015 04:31:01 UTC: ERROR(12591) [put.cc:191] [execute] - Not connected to cluster to put record
Jul 27 2015 04:31:01 UTC: ERROR(12591) [put.cc:191] [execute] - Not connected to cluster to put record
Jul 27 2015 04:31:01 UTC: ERROR(12591) [put.cc:191] [execute] - Not connected to cluster to put record
Jul 27 2015 04:31:01 UTC: ERROR(12591) [put.cc:191] [execute] - Not connected to cluster to put record
Jul 27 2015 04:31:01 UTC: ERROR(12591) [put.cc:191] [execute] - Not connected to cluster to put record
Jul 27 2015 04:31:01 UTC: ERROR(12591) [put.cc:191] [execute] - Not connected to cluster to put record
Jul 27 2015 04:31:01 UTC: ERROR(12591) [put.cc:191] [execute] - Not connected to cluster to put record
Jul 27 2015 04:31:01 UTC: ERROR(12591) [put.cc:191] [execute] - Not connected to cluster to put record
Jul 27 2015 04:31:01 UTC: ERROR(12591) [put.cc:191] [execute] - Not connected to cluster to put record
Jul 27 2015 04:31:01 UTC: ERROR(12591) [put.cc:191] [execute] - Not connected to cluster to put record
Jul 27 2015 04:31:01 UTC: ERROR(12591) [put.cc:191] [execute] - Not connected to cluster to put record
Jul 27 2015 04:31:01 UTC: ERROR(12591) [put.cc:191] [execute] - Not connected to cluster to put record
Jul 27 2015 04:31:01 UTC: ERROR(12591) [put.cc:191] [execute] - Not connected to cluster to put record
Jul 27 2015 04:31:01 UTC: ERROR(12591) [put.cc:191] [execute] - Not connected to cluster to put record
Jul 27 2015 04:31:01 UTC: ERROR(12591) [put.cc:191] [execute] - Not connected to cluster to put record
Jul 27 2015 04:31:01 UTC: ERROR(12591) [put.cc:191] [execute] - Not connected to cluster to put record
Jul 27 2015 04:31:01 UTC: ERROR(12591) [put.cc:191] [execute] - Not connected to cluster to put record
Jul 27 2015 04:31:01 UTC: ERROR(12591) [put.cc:191] [execute] - Not connected to cluster to put record
Jul 27 2015 04:31:01 UTC: ERROR(12591) [put.cc:191] [execute] - Not connected to cluster to put record
Jul 27 2015 04:31:01 UTC: ERROR(12591) [put.cc:191] [execute] - Not connected to cluster to put record
Jul 27 2015 04:31:01 UTC: ERROR(12591) [put.cc:191] [execute] - Not connected to cluster to put record
Jul 27 2015 04:31:01 UTC: ERROR(12591) [put.cc:191] [execute] - Not connected to cluster to put record
Jul 27 2015 04:31:01 UTC: ERROR(12591) [put.cc:191] [execute] - Not connected to cluster to put record
Jul 27 2015 04:31:01 UTC: ERROR(12591) [put.cc:191] [execute] - Not connected to cluster to put record
Jul 27 2015 04:31:01 UTC: ERROR(12591) [put.cc:191] [execute] - Not connected to cluster to put record
Jul 27 2015 04:31:01 UTC: ERROR(12591) [put.cc:191] [execute] - Not connected to cluster to put record
Jul 27 2015 04:31:01 UTC: ERROR(12591) [put.cc:191] [execute] - Not connected to cluster to put record
Jul 27 2015 04:31:01 UTC: ERROR(12591) [put.cc:191] [execute] - Not connected to cluster to put record
Jul 27 2015 04:31:01 UTC: ERROR(12591) [put.cc:191] [execute] - Not connected to cluster to put record
Jul 27 2015 04:31:01 UTC: ERROR(12591) [put.cc:191] [execute] - Not connected to cluster to put record
Jul 27 2015 04:31:01 UTC: ERROR(12591) [put.cc:191] [execute] - Not connected to cluster to put record
Jul 27 2015 04:31:01 UTC: ERROR(12591) [put.cc:191] [execute] - Not connected to cluster to put record
Jul 27 2015 04:31:01 UTC: ERROR(12591) [put.cc:191] [execute] - Not connected to cluster to put record
Jul 27 2015 04:31:01 UTC: ERROR(12591) [put.cc:191] [execute] - Not connected to cluster to put record
Jul 27 2015 04:31:01 UTC: ERROR(12591) [put.cc:191] [execute] - Not connected to cluster to put record
Jul 27 2015 04:31:01 UTC: ERROR(12591) [put.cc:191] [execute] - Not connected to cluster to put record
Jul 27 2015 04:31:01 UTC: ERROR(12591) [put.cc:191] [execute] - Not connected to cluster to put record
Jul 27 2015 04:31:01 UTC: ERROR(12591) [put.cc:191] [execute] - Not connected to cluster to put record
Jul 27 2015 04:31:01 UTC: ERROR(12591) [put.cc:191] [execute] - Not connected to cluster to put record
Jul 27 2015 04:31:01 UTC: ERROR(12591) [put.cc:191] [execute] - Not connected to cluster to put record
Jul 27 2015 04:31:01 UTC: ERROR(12591) [put.cc:191] [execute] - Not connected to cluster to put record
Jul 27 2015 04:31:01 UTC: ERROR(12591) [put.cc:191] [execute] - Not connected to cluster to put record
Jul 27 2015 04:31:01 UTC: ERROR(12591) [put.cc:191] [execute] - Not connected to cluster to put record
Jul 27 2015 04:31:01 UTC: ERROR(12591) [put.cc:191] [execute] - Not connected to cluster to put record
Jul 27 2015 04:31:01 UTC: ERROR(12591) [put.cc:191] [execute] - Not connected to cluster to put record
Jul 27 2015 04:31:01 UTC: ERROR(12591) [put.cc:191] [execute] - Not connected to cluster to put record
Jul 27 2015 04:31:01 UTC: ERROR(12591) [put.cc:191] [execute] - Not connected to cluster to put record
Jul 27 2015 04:31:01 UTC: ERROR(12591) [put.cc:191] [execute] - Not connected to cluster to put record
Jul 27 2015 04:31:01 UTC: ERROR(12591) [put.cc:191] [execute] - Not connected to cluster to put record
Jul 27 2015 04:31:01 UTC: ERROR(12591) [put.cc:191] [execute] - Not connected to cluster to put record
Jul 27 2015 04:31:01 UTC: ERROR(12591) [put.cc:191] [execute] - Not connected to cluster to put record
Jul 27 2015 04:31:01 UTC: ERROR(12591) [put.cc:191] [execute] - Not connected to cluster to put record
Jul 27 2015 04:31:01 UTC: ERROR(12591) [put.cc:191] [execute] - Not connected to cluster to put record
Jul 27 2015 04:31:01 UTC: ERROR(12591) [put.cc:191] [execute] - Not connected to cluster to put record
Jul 27 2015 04:31:01 UTC: ERROR(12591) [put.cc:191] [execute] - Not connected to cluster to put record
Jul 27 2015 04:31:01 UTC: ERROR(12591) [put.cc:191] [execute] - Not connected to cluster to put record
Jul 27 2015 04:31:01 UTC: ERROR(12591) [put.cc:191] [execute] - Not connected to cluster to put record
Jul 27 2015 04:31:01 UTC: ERROR(12591) [put.cc:191] [execute] - Not connected to cluster to put record
Jul 27 2015 04:31:01 UTC: ERROR(12591) [put.cc:191] [execute] - Not connected to cluster to put record
Jul 27 2015 04:31:01 UTC: ERROR(12591) [put.cc:191] [execute] - Not connected to cluster to put record
Jul 27 2015 04:31:01 UTC: ERROR(12591) [put.cc:191] [execute] - Not connected to cluster to put record
Jul 27 2015 04:31:01 UTC: ERROR(12591) [put.cc:191] [execute] - Not connected to cluster to put record
Jul 27 2015 04:31:01 UTC: ERROR(12591) [put.cc:191] [execute] - Not connected to cluster to put record
Jul 27 2015 04:31:01 UTC: ERROR(12591) [put.cc:191] [execute] - Not connected to cluster to put record
Jul 27 2015 04:31:01 UTC: ERROR(12591) [put.cc:191] [execute] - Not connected to cluster to put record
Jul 27 2015 04:31:01 UTC: ERROR(12591) [put.cc:191] [execute] - Not connected to cluster to put record
Jul 27 2015 04:31:01 UTC: ERROR(12591) [put.cc:191] [execute] - Not connected to cluster to put record
Jul 27 2015 04:31:01 UTC: ERROR(12591) [put.cc:191] [execute] - Not connected to cluster to put record
Jul 27 2015 04:31:01 UTC: ERROR(12591) [put.cc:191] [execute] - Not connected to cluster to put record
Jul 27 2015 04:31:01 UTC: ERROR(12591) [put.cc:191] [execute] - Not connected to cluster to put record
Jul 27 2015 04:31:01 UTC: ERROR(12591) [put.cc:191] [execute] - Not connected to cluster to put record
Jul 27 2015 04:31:01 UTC: ERROR(12591) [put.cc:191] [execute] - Not connected to cluster to put record
Jul 27 2015 04:31:01 UTC: ERROR(12591) [put.cc:191] [execute] - Not connected to cluster to put record
Jul 27 2015 04:31:01 UTC: ERROR(12591) [put.cc:191] [execute] - Not connected to cluster to put record
Jul 27 2015 04:31:01 UTC: ERROR(12591) [put.cc:191] [execute] - Not connected to cluster to put record
Jul 27 2015 04:31:01 UTC: ERROR(12591) [put.cc:191] [execute] - Not connected to cluster to put record
Jul 27 2015 04:31:01 UTC: ERROR(12591) [put.cc:191] [execute] - Not connected to cluster to put record
Jul 27 2015 04:31:01 UTC: ERROR(12591) [put.cc:191] [execute] - Not connected to cluster to put record
Jul 27 2015 04:31:01 UTC: ERROR(12591) [put.cc:191] [execute] - Not connected to cluster to put record
Jul 27 2015 04:31:01 UTC: ERROR(12591) [put.cc:191] [execute] - Not connected to cluster to put record
Jul 27 2015 04:31:01 UTC: ERROR(12591) [put.cc:191] [execute] - Not connected to cluster to put record
Jul 27 2015 04:31:01 UTC: ERROR(12591) [put.cc:191] [execute] - Not connected to cluster to put record
Jul 27 2015 04:31:01 UTC: ERROR(12591) [put.cc:191] [execute] - Not connected to cluster to put record
Jul 27 2015 04:31:01 UTC: ERROR(12591) [put.cc:191] [execute] - Not connected to cluster to put record
Jul 27 2015 04:31:01 UTC: ERROR(12591) [put.cc:191] [execute] - Not connected to cluster to put record
Jul 27 2015 04:31:01 UTC: ERROR(12591) [put.cc:191] [execute] - Not connected to cluster to put record
Jul 27 2015 04:31:01 UTC: ERROR(12591) [put.cc:191] [execute] - Not connected to cluster to put record
Jul 27 2015 04:31:01 UTC: ERROR(12591) [put.cc:191] [execute] - Not connected to cluster to put record
Jul 27 2015 04:31:01 UTC: ERROR(12591) [put.cc:191] [execute] - Not connected to cluster to put record
Jul 27 2015 04:31:01 UTC: ERROR(12591) [put.cc:191] [execute] - Not connected to cluster to put record
Jul 27 2015 04:31:01 UTC: ERROR(12591) [put.cc:191] [execute] - Not connected to cluster to put record
Jul 27 2015 04:31:01 UTC: ERROR(12591) [put.cc:191] [execute] - Not connected to cluster to put record
Jul 27 2015 04:31:01 UTC: ERROR(12591) [put.cc:191] [execute] - Not connected to cluster to put record
Jul 27 2015 04:31:01 UTC: ERROR(12591) [put.cc:191] [execute] - Not connected to cluster to put record
Jul 27 2015 04:31:01 UTC: ERROR(12591) [put.cc:191] [execute] - Not connected to cluster to put record
Jul 27 2015 04:31:01 UTC: ERROR(12591) [put.cc:191] [execute] - Not connected to cluster to put record
Jul 27 2015 04:31:01 UTC: ERROR(12591) [put.cc:191] [execute] - Not connected to cluster to put record
Jul 27 2015 04:31:01 UTC: ERROR(12591) [put.cc:191] [execute] - Not connected to cluster to put record
Jul 27 2015 04:31:01 UTC: ERROR(12591) [put.cc:191] [execute] - Not connected to cluster to put record
Jul 27 2015 04:31:01 UTC: ERROR(12591) [put.cc:191] [execute] - Not connected to cluster to put record
Jul 27 2015 04:31:01 UTC: ERROR(12591) [put.cc:191] [execute] - Not connected to cluster to put record
Jul 27 2015 04:31:01 UTC: ERROR(12591) [put.cc:191] [execute] - Not connected to cluster to put record
Jul 27 2015 04:31:01 UTC: ERROR(12591) [put.cc:191] [execute] - Not connected to cluster to put record
Jul 27 2015 04:31:01 UTC: ERROR(12591) [put.cc:191] [execute] - Not connected to cluster to put record
Jul 27 2015 04:31:01 UTC: ERROR(12591) [put.cc:191] [execute] - Not connected to cluster to put record
Jul 27 2015 04:31:01 UTC: ERROR(12591) [put.cc:191] [execute] - Not connected to cluster to put record
Jul 27 2015 04:31:01 UTC: ERROR(12591) [put.cc:191] [execute] - Not connected to cluster to put record
Jul 27 2015 04:31:01 UTC: ERROR(12591) [put.cc:191] [execute] - Not connected to cluster to put record
Jul 27 2015 04:31:01 UTC: ERROR(12591) [put.cc:191] [execute] - Not connected to cluster to put record
Jul 27 2015 04:31:01 UTC: ERROR(12591) [put.cc:191] [execute] - Not connected to cluster to put record
Jul 27 2015 04:31:01 UTC: ERROR(12591) [put.cc:191] [execute] - Not connected to cluster to put record
Jul 27 2015 04:31:01 UTC: ERROR(12591) [put.cc:191] [execute] - Not connected to cluster to put record
Jul 27 2015 04:31:01 UTC: ERROR(12591) [put.cc:191] [execute] - Not connected to cluster to put record
Jul 27 2015 04:31:01 UTC: ERROR(12591) [put.cc:191] [execute] - Not connected to cluster to put record
Jul 27 2015 04:31:01 UTC: ERROR(12591) [put.cc:191] [execute] - Not connected to cluster to put record
Jul 27 2015 04:31:01 UTC: ERROR(12591) [put.cc:191] [execute] - Not connected to cluster to put record
Jul 27 2015 04:31:01 UTC: ERROR(12591) [put.cc:191] [execute] - Not connected to cluster to put record
Jul 27 2015 04:31:01 UTC: ERROR(12591) [put.cc:191] [execute] - Not connected to cluster to put record
Jul 27 2015 04:31:01 UTC: ERROR(12591) [put.cc:191] [execute] - Not connected to cluster to put record
Jul 27 2015 04:31:01 UTC: ERROR(12591) [put.cc:191] [execute] - Not connected to cluster to put record
Jul 27 2015 04:31:01 UTC: ERROR(12591) [put.cc:191] [execute] - Not connected to cluster to put record
Jul 27 2015 04:31:01 UTC: ERROR(12591) [put.cc:191] [execute] - Not connected to cluster to put record
Jul 27 2015 04:31:01 UTC: ERROR(12591) [put.cc:191] [execute] - Not connected to cluster to put record
Jul 27 2015 04:31:01 UTC: ERROR(12591) [put.cc:191] [execute] - Not connected to cluster to put record
Jul 27 2015 04:31:01 UTC: ERROR(12591) [put.cc:191] [execute] - Not connected to cluster to put record
Jul 27 2015 04:31:01 UTC: ERROR(12591) [put.cc:191] [execute] - Not connected to cluster to put record
Jul 27 2015 04:31:01 UTC: ERROR(12591) [put.cc:191] [execute] - Not connected to cluster to put record
Jul 27 2015 04:31:01 UTC: ERROR(12591) [put.cc:191] [execute] - Not connected to cluster to put record
Jul 27 2015 04:31:01 UTC: ERROR(12591) [put.cc:191] [execute] - Not connected to cluster to put record
Jul 27 2015 04:31:01 UTC: ERROR(12591) [put.cc:191] [execute] - Not connected to cluster to put record
Jul 27 2015 04:31:01 UTC: ERROR(12591) [put.cc:191] [execute] - Not connected to cluster to put record
Jul 27 2015 04:31:01 UTC: ERROR(12591) [put.cc:191] [execute] - Not connected to cluster to put record
Jul 27 2015 04:31:01 UTC: ERROR(12591) [put.cc:191] [execute] - Not connected to cluster to put record
Jul 27 2015 04:31:01 UTC: ERROR(12591) [put.cc:191] [execute] - Not connected to cluster to put record
Jul 27 2015 04:31:01 UTC: ERROR(12591) [put.cc:191] [execute] - Not connected to cluster to put record
Jul 27 2015 04:31:01 UTC: ERROR(12591) [put.cc:191] [execute] - Not connected to cluster to put record
Jul 27 2015 04:31:01 UTC: ERROR(12591) [put.cc:191] [execute] - Not connected to cluster to put record
Jul 27 2015 04:31:01 UTC: ERROR(12591) [put.cc:191] [execute] - Not connected to cluster to put record
Jul 27 2015 04:31:01 UTC: ERROR(12591) [put.cc:191] [execute] - Not connected to cluster to put record
Jul 27 2015 04:31:01 UTC: ERROR(12591) [put.cc:191] [execute] - Not connected to cluster to put record
Jul 27 2015 04:31:01 UTC: ERROR(12591) [put.cc:191] [execute] - Not connected to cluster to put record
Jul 27 2015 04:31:01 UTC: ERROR(12591) [put.cc:191] [execute] - Not connected to cluster to put record
Jul 27 2015 04:31:01 UTC: ERROR(12591) [put.cc:191] [execute] - Not connected to cluster to put record
Jul 27 2015 04:31:01 UTC: ERROR(12591) [put.cc:191] [execute] - Not connected to cluster to put record
Jul 27 2015 04:31:01 UTC: ERROR(12591) [put.cc:191] [execute] - Not connected to cluster to put record
Jul 27 2015 04:31:01 UTC: ERROR(12591) [put.cc:191] [execute] - Not connected to cluster to put record
Jul 27 2015 04:31:01 UTC: ERROR(12591) [put.cc:191] [execute] - Not connected to cluster to put record
Jul 27 2015 04:31:01 UTC: ERROR(12591) [put.cc:191] [execute] - Not connected to cluster to put record
Jul 27 2015 04:31:01 UTC: ERROR(12591) [put.cc:191] [execute] - Not connected to cluster to put record
Jul 27 2015 04:31:01 UTC: ERROR(12591) [put.cc:191] [execute] - Not connected to cluster to put record
Jul 27 2015 04:31:01 UTC: ERROR(12591) [put.cc:191] [execute] - Not connected to cluster to put record
Jul 27 2015 04:31:01 UTC: ERROR(12591) [put.cc:191] [execute] - Not connected to cluster to put record
Jul 27 2015 04:31:01 UTC: ERROR(12591) [put.cc:191] [execute] - Not connected to cluster to put record
Jul 27 2015 04:31:01 UTC: ERROR(12591) [put.cc:191] [execute] - Not connected to cluster to put record
Jul 27 2015 04:31:01 UTC: ERROR(12591) [put.cc:191] [execute] - Not connected to cluster to put record
Jul 27 2015 04:31:01 UTC: ERROR(12591) [put.cc:191] [execute] - Not connected to cluster to put record
Jul 27 2015 04:31:01 UTC: ERROR(12591) [put.cc:191] [execute] - Not connected to cluster to put record
Jul 27 2015 04:31:01 UTC: ERROR(12591) [put.cc:191] [execute] - Not connected to cluster to put record
Jul 27 2015 04:31:01 UTC: ERROR(12591) [connect.cc:69] [Connect] - Connecting to Cluster Failed
Jul 27 2015 04:31:01 UTC: ERROR(12591) [udf_register.cc:268] [execute] - Not connected to cluster to put record
Jul 27 2015 04:32:57 UTC: ERROR(12602) [conversions.cc:885] [recordbins_from_jsobject] - Bin value passed for bin bin_un is undefined
Jul 27 2015 04:32:57 UTC: ERROR(12602) [put.cc:120] [prepare] - Parsing as_record(C structure) from record object failed
Jul 27 2015 04:32:57 UTC: ERROR(12602) [conversions.cc:810] [asval_from_jsobject] - Boolean datatype is not supported
Jul 27 2015 04:32:57 UTC: ERROR(12602) [put.cc:120] [prepare] - Parsing as_record(C structure) from record object failed
Jul 27 2015 04:32:57 UTC: ERROR(12602) [conversions.cc:1417] [key_from_jsobject] - The key value cannot be undefined
Jul 27 2015 04:32:57 UTC: ERROR(12602) [put.cc:107] [prepare] - Parsing as_key(C structure) from key object failed
Jul 27 2015 04:32:59 UTC: ERROR(12602) [conversions.cc:1453] [key_from_jsobject] - The Key object must have a " key " entry 
Jul 27 2015 04:32:59 UTC: ERROR(12602) [select.cc:110] [prepare] - Parsing of key (C structure) from key object failed
Jul 27 2015 04:38:35 UTC: ERROR(12850) [conversions.cc:885] [recordbins_from_jsobject] - Bin value passed for bin bin_un is undefined
Jul 27 2015 04:38:35 UTC: ERROR(12850) [put.cc:120] [prepare] - Parsing as_record(C structure) from record object failed
Jul 27 2015 04:38:35 UTC: ERROR(12850) [conversions.cc:810] [asval_from_jsobject] - Boolean datatype is not supported
Jul 27 2015 04:38:35 UTC: ERROR(12850) [put.cc:120] [prepare] - Parsing as_record(C structure) from record object failed
Jul 27 2015 04:38:35 UTC: ERROR(12850) [conversions.cc:1417] [key_from_jsobject] - The key value cannot be undefined
Jul 27 2015 04:38:35 UTC: ERROR(12850) [put.cc:107] [prepare] - Parsing as_key(C structure) from key object failed
Jul 27 2015 04:38:37 UTC: ERROR(12850) [conversions.cc:1453] [key_from_jsobject] - The Key object must have a " key " entry 
Jul 27 2015 04:38:37 UTC: ERROR(12850) [select.cc:110] [prepare] - Parsing of key (C structure) from key object failed
